Log file opened on Fri Feb 25 09:42:21 2022
Host: Nicholass-MacBook-Pro.local  pid: 20025  rank ID: 0  number of ranks:  1
                      :-) GROMACS - gmx mdrun, 2018.8 (-:

                            GROMACS is written by:
     Emile Apol      Rossen Apostolov      Paul Bauer     Herman J.C. Berendsen
    Par Bjelkmar    Aldert van Buuren   Rudi van Drunen     Anton Feenstra  
  Gerrit Groenhof    Aleksei Iupinov   Christoph Junghans   Anca Hamuraru   
 Vincent Hindriksen Dimitrios Karkoulis    Peter Kasson        Jiri Kraus    
  Carsten Kutzner      Per Larsson      Justin A. Lemkul    Viveca Lindahl  
  Magnus Lundborg   Pieter Meulenhoff    Erik Marklund      Teemu Murtola   
    Szilard Pall       Sander Pronk      Roland Schulz     Alexey Shvetsov  
   Michael Shirts     Alfons Sijbers     Peter Tieleman    Teemu Virolainen 
 Christian Wennberg    Maarten Wolf   
                           and the project leaders:
        Mark Abraham, Berk Hess, Erik Lindahl, and David van der Spoel

Copyright (c) 1991-2000, University of Groningen, The Netherlands.
Copyright (c) 2001-2017, The GROMACS development team at
Uppsala University, Stockholm University and
the Royal Institute of Technology, Sweden.
check out http://www.gromacs.org for more information.

GROMACS is free software; you can redistribute it and/or modify it
under the terms of the GNU Lesser General Public License
as published by the Free Software Foundation; either version 2.1
of the License, or (at your option) any later version.

GROMACS:      gmx mdrun, version 2018.8
Executable:   /usr/local/gromacs/bin//gmx
Data prefix:  /usr/local/gromacs
Working dir:  /Users/nicholassiemons/Dropbox/OBT/0011
Command line:
  gmx mdrun -s test.tpr -deffnm test -v

GROMACS version:    2018.8
Precision:          single
Memory model:       64 bit
MPI library:        thread_mpi
OpenMP support:     disabled
GPU support:        disabled
SIMD instructions:  NONE
FFT library:        fftw-3.3.8
RDTSCP usage:       disabled
TNG support:        enabled
Hwloc support:      disabled
Tracing support:    disabled
Built on:           2021-08-10 12:27:59
Built by:           nicholassiemons@Nicholass-MacBook-Pro.local [CMAKE]
Build OS/arch:      Darwin 20.4.0 x86_64
Build CPU vendor:   Unknown
Build CPU brand:    Unknown
Build CPU family:   0   Model: 0   Stepping: 0
Build CPU features: Unknown
C compiler:         /Library/Developer/CommandLineTools/usr/bin/cc AppleClang 12.0.5.12050022
C compiler flags:       -Wno-unknown-pragmas  -O3 -DNDEBUG  
C++ compiler:       /Library/Developer/CommandLineTools/usr/bin/c++ AppleClang 12.0.5.12050022
C++ compiler flags:     -std=c++11  -Wno-unknown-pragmas  -O3 -DNDEBUG  


Running on 1 node with total 8 cores, 8 logical cores
Hardware detected:
  CPU info:
    Vendor: Intel
    Brand:  Intel(R) Core(TM) i7-1068NG7 CPU @ 2.30GHz
    Family: 6   Model: 126   Stepping: 5
    Features: aes apic avx avx2 avx512f avx512cd avx512bw avx512vl clfsh cmov cx8 cx16 f16c fma htt intel lahf mmx msr nonstop_tsc pcid pclmuldq pdcm pdpe1gb popcnt pse rdrnd rdtscp sha sse2 sse3 sse4.1 sse4.2 ssse3 tdt x2apic
    Number of AVX-512 FMA units: Cannot run AVX-512 detection - assuming 2
  Hardware topology: Only logical processor count

Highest SIMD level requested by all nodes in run: AVX_512
SIMD instructions selected at compile time:       None
This program was compiled for different hardware than you are running on,
which could influence performance.
The current CPU can measure timings more accurately than the code in
gmx mdrun was configured to use. This might affect your simulation
speed as accurate timings are needed for load-balancing.
Please consider rebuilding gmx mdrun with the GMX_USE_RDTSCP=ON CMake option.

++++ PLEASE READ AND CITE THE FOLLOWING REFERENCE ++++
M. J. Abraham, T. Murtola, R. Schulz, S. Páll, J. C. Smith, B. Hess, E.
Lindahl
GROMACS: High performance molecular simulations through multi-level
parallelism from laptops to supercomputers
SoftwareX 1 (2015) pp. 19-25
-------- -------- --- Thank You --- -------- --------


++++ PLEASE READ AND CITE THE FOLLOWING REFERENCE ++++
S. Páll, M. J. Abraham, C. Kutzner, B. Hess, E. Lindahl
Tackling Exascale Software Challenges in Molecular Dynamics Simulations with
GROMACS
In S. Markidis & E. Laure (Eds.), Solving Software Challenges for Exascale 8759 (2015) pp. 3-27
-------- -------- --- Thank You --- -------- --------


++++ PLEASE READ AND CITE THE FOLLOWING REFERENCE ++++
S. Pronk, S. Páll, R. Schulz, P. Larsson, P. Bjelkmar, R. Apostolov, M. R.
Shirts, J. C. Smith, P. M. Kasson, D. van der Spoel, B. Hess, and E. Lindahl
GROMACS 4.5: a high-throughput and highly parallel open source molecular
simulation toolkit
Bioinformatics 29 (2013) pp. 845-54
-------- -------- --- Thank You --- -------- --------


++++ PLEASE READ AND CITE THE FOLLOWING REFERENCE ++++
B. Hess and C. Kutzner and D. van der Spoel and E. Lindahl
GROMACS 4: Algorithms for highly efficient, load-balanced, and scalable
molecular simulation
J. Chem. Theory Comput. 4 (2008) pp. 435-447
-------- -------- --- Thank You --- -------- --------


++++ PLEASE READ AND CITE THE FOLLOWING REFERENCE ++++
D. van der Spoel, E. Lindahl, B. Hess, G. Groenhof, A. E. Mark and H. J. C.
Berendsen
GROMACS: Fast, Flexible and Free
J. Comp. Chem. 26 (2005) pp. 1701-1719
-------- -------- --- Thank You --- -------- --------


++++ PLEASE READ AND CITE THE FOLLOWING REFERENCE ++++
E. Lindahl and B. Hess and D. van der Spoel
GROMACS 3.0: A package for molecular simulation and trajectory analysis
J. Mol. Mod. 7 (2001) pp. 306-317
-------- -------- --- Thank You --- -------- --------


++++ PLEASE READ AND CITE THE FOLLOWING REFERENCE ++++
H. J. C. Berendsen, D. van der Spoel and R. van Drunen
GROMACS: A message-passing parallel molecular dynamics implementation
Comp. Phys. Comm. 91 (1995) pp. 43-56
-------- -------- --- Thank You --- -------- --------

Input Parameters:
   integrator                     = steep
   tinit                          = 0
   dt                             = 0.0001
   nsteps                         = -1
   init-step                      = 0
   simulation-part                = 1
   comm-mode                      = Linear
   nstcomm                        = 100
   bd-fric                        = 0
   ld-seed                        = 1276477944
   emtol                          = 10
   emstep                         = 0.01
   niter                          = 20
   fcstep                         = 0
   nstcgsteep                     = 1000
   nbfgscorr                      = 10
   rtpi                           = 0.05
   nstxout                        = 1
   nstvout                        = 1
   nstfout                        = 0
   nstlog                         = 10
   nstcalcenergy                  = 10
   nstenergy                      = 10
   nstxout-compressed             = 0
   compressed-x-precision         = 1000
   cutoff-scheme                  = Verlet
   nstlist                        = 20
   ns-type                        = Grid
   pbc                            = xyz
   periodic-molecules             = false
   verlet-buffer-tolerance        = 0.005
   rlist                          = 1.05
   coulombtype                    = Cut-off
   coulomb-modifier               = Potential-shift
   rcoulomb-switch                = 0
   rcoulomb                       = 1
   epsilon-r                      = 1
   epsilon-rf                     = inf
   vdw-type                       = Cut-off
   vdw-modifier                   = Potential-shift
   rvdw-switch                    = 0
   rvdw                           = 1
   DispCorr                       = No
   table-extension                = 1
   fourierspacing                 = 0.12
   fourier-nx                     = 0
   fourier-ny                     = 0
   fourier-nz                     = 0
   pme-order                      = 4
   ewald-rtol                     = 1e-05
   ewald-rtol-lj                  = 0.001
   lj-pme-comb-rule               = Geometric
   ewald-geometry                 = 0
   epsilon-surface                = 0
   implicit-solvent               = No
   gb-algorithm                   = Still
   nstgbradii                     = 1
   rgbradii                       = 1
   gb-epsilon-solvent             = 80
   gb-saltconc                    = 0
   gb-obc-alpha                   = 1
   gb-obc-beta                    = 0.8
   gb-obc-gamma                   = 4.85
   gb-dielectric-offset           = 0.009
   sa-algorithm                   = Ace-approximation
   sa-surface-tension             = 2.05016
   tcoupl                         = No
   nsttcouple                     = -1
   nh-chain-length                = 0
   print-nose-hoover-chain-variables = false
   pcoupl                         = No
   pcoupltype                     = Isotropic
   nstpcouple                     = -1
   tau-p                          = 1
   compressibility (3x3):
      compressibility[    0]={ 0.00000e+00,  0.00000e+00,  0.00000e+00}
      compressibility[    1]={ 0.00000e+00,  0.00000e+00,  0.00000e+00}
      compressibility[    2]={ 0.00000e+00,  0.00000e+00,  0.00000e+00}
   ref-p (3x3):
      ref-p[    0]={ 0.00000e+00,  0.00000e+00,  0.00000e+00}
      ref-p[    1]={ 0.00000e+00,  0.00000e+00,  0.00000e+00}
      ref-p[    2]={ 0.00000e+00,  0.00000e+00,  0.00000e+00}
   refcoord-scaling               = No
   posres-com (3):
      posres-com[0]= 0.00000e+00
      posres-com[1]= 0.00000e+00
      posres-com[2]= 0.00000e+00
   posres-comB (3):
      posres-comB[0]= 0.00000e+00
      posres-comB[1]= 0.00000e+00
      posres-comB[2]= 0.00000e+00
   QMMM                           = false
   QMconstraints                  = 0
   QMMMscheme                     = 0
   MMChargeScaleFactor            = 1
qm-opts:
   ngQM                           = 0
   constraint-algorithm           = Lincs
   continuation                   = false
   Shake-SOR                      = false
   shake-tol                      = 0.0001
   lincs-order                    = 4
   lincs-iter                     = 1
   lincs-warnangle                = 30
   nwall                          = 0
   wall-type                      = 9-3
   wall-r-linpot                  = -1
   wall-atomtype[0]               = -1
   wall-atomtype[1]               = -1
   wall-density[0]                = 0
   wall-density[1]                = 0
   wall-ewald-zfac                = 3
   pull                           = false
   awh                            = false
   rotation                       = false
   interactiveMD                  = false
   disre                          = No
   disre-weighting                = Conservative
   disre-mixed                    = false
   dr-fc                          = 1000
   dr-tau                         = 0
   nstdisreout                    = 100
   orire-fc                       = 0
   orire-tau                      = 0
   nstorireout                    = 100
   free-energy                    = no
   cos-acceleration               = 0
   deform (3x3):
      deform[    0]={ 0.00000e+00,  0.00000e+00,  0.00000e+00}
      deform[    1]={ 0.00000e+00,  0.00000e+00,  0.00000e+00}
      deform[    2]={ 0.00000e+00,  0.00000e+00,  0.00000e+00}
   simulated-tempering            = false
   swapcoords                     = no
   userint1                       = 0
   userint2                       = 0
   userint3                       = 0
   userint4                       = 0
   userreal1                      = 0
   userreal2                      = 0
   userreal3                      = 0
   userreal4                      = 0
   applied-forces:
     electric-field:
       x:
         E0                       = 0
         omega                    = 0
         t0                       = 0
         sigma                    = 0
       y:
         E0                       = 0
         omega                    = 0
         t0                       = 0
         sigma                    = 0
       z:
         E0                       = 0
         omega                    = 0
         t0                       = 0
         sigma                    = 0
grpopts:
   nrdf:        2343
   ref-t:           0
   tau-t:           0
annealing:          No
annealing-npoints:           0
   acc:	           0           0           0
   nfreeze:           N           N           N
   energygrp-flags[  0]: 0


Initializing Domain Decomposition on 8 ranks

NOTE: disabling dynamic load balancing as it is only supported with dynamics, not with integrator 'steep'.

Dynamic load balancing: off
Minimum cell size due to atom displacement: 0.050 nm
Initial maximum inter charge-group distances:
    two-body bonded interactions: 0.592 nm, LJ-14, atoms 83 126
  multi-body bonded interactions: 0.368 nm, Ryckaert-Bell., atoms 753 760
Minimum cell size due to bonded interactions: 0.405 nm
Optimizing the DD grid for 8 cells with a minimum initial size of 0.405 nm
The maximum allowed number of cells is: X 98 Y 49 Z 49
Domain decomposition grid 2 x 2 x 2, separate PME ranks 0
Domain decomposition rank 0, coordinates 0 0 0

The initial number of communication pulses is: X 1 Y 1 Z 1
The initial domain decomposition cell size is: X 20.00 nm Y 10.00 nm Z 10.00 nm

The maximum allowed distance for charge groups involved in interactions is:
                 non-bonded interactions           1.050 nm
            two-body bonded interactions  (-rdd)   1.050 nm
          multi-body bonded interactions  (-rdd)   1.050 nm


Using 8 MPI threads
System total charge: 0.000
Potential shift: LJ r^-12: -1.000e+00 r^-6: -1.000e+00, Coulomb -1e+00
Generated table with 1025 data points for 1-4 COUL.
Tabscale = 500 points/nm
Generated table with 1025 data points for 1-4 LJ6.
Tabscale = 500 points/nm
Generated table with 1025 data points for 1-4 LJ12.
Tabscale = 500 points/nm

Using plain C 4x4 nonbonded short-range kernels

WARNING: Using the slow plain C kernels. This should
not happen during routine usage on supported platforms.

Using a 4x4 pair-list setup:
  updated every 20 steps, buffer 0.050 nm, rlist 1.050 nm

Using geometric Lennard-Jones combination rule

Removing pbc first time

Linking all bonded interactions to atoms

Initiating Steepest Descents
Atom distribution over 8 domains: av 97 stddev 34 min 55 max 141
Started Steepest Descents on rank 0 Fri Feb 25 09:42:21 2022

Steepest Descents:
   Tolerance (Fmax)   =  1.00000e+01
   Number of steps    =           -1
           Step           Time
              0        0.00000

   Energies (kJ/mol)
           Bond          Angle Ryckaert-Bell.  Improper Dih.          LJ-14
    5.80699e+03    2.47492e+02   -6.52022e-01    3.21902e+00    4.77009e+02
     Coulomb-14        LJ (SR)   Coulomb (SR)      Potential Pressure (bar)
    5.08364e+02   -1.68946e+02   -1.34976e+03    5.52372e+03    0.00000e+00

DD  step 0 load imb.: force 17.5%

           Step           Time
              1        1.00000

   Energies (kJ/mol)
           Bond          Angle Ryckaert-Bell.  Improper Dih.          LJ-14
    1.90406e+03    3.43539e+02   -1.32110e+00    2.82261e+00    4.63432e+02
     Coulomb-14        LJ (SR)   Coulomb (SR)      Potential Pressure (bar)
    5.07966e+02   -1.69059e+02   -1.34717e+03    1.70427e+03    0.00000e+00

           Step           Time
              2        2.00000

   Energies (kJ/mol)
           Bond          Angle Ryckaert-Bell.  Improper Dih.          LJ-14
    4.10457e+02    5.05948e+02   -6.40334e-01    2.50421e+00    4.40888e+02
     Coulomb-14        LJ (SR)   Coulomb (SR)      Potential Pressure (bar)
    5.04485e+02   -1.77329e+02   -1.33769e+03    3.48626e+02    0.00000e+00

           Step           Time
              3        3.00000

           Step           Time
              4        4.00000

   Energies (kJ/mol)
           Bond          Angle Ryckaert-Bell.  Improper Dih.          LJ-14
    2.64406e+02    3.00442e+02   -1.37946e+00    2.18148e+00    4.48980e+02
     Coulomb-14        LJ (SR)   Coulomb (SR)      Potential Pressure (bar)
    5.04435e+02   -1.83304e+02   -1.33616e+03   -4.02882e-01    0.00000e+00

           Step           Time
              5        5.00000

           Step           Time
              6        6.00000

   Energies (kJ/mol)
           Bond          Angle Ryckaert-Bell.  Improper Dih.          LJ-14
    1.96735e+02    3.01280e+02   -1.27759e+00    2.08719e+00    4.24905e+02
     Coulomb-14        LJ (SR)   Coulomb (SR)      Potential Pressure (bar)
    5.00290e+02   -1.92626e+02   -1.33156e+03   -1.00171e+02    0.00000e+00

           Step           Time
              7        7.00000

           Step           Time
              8        8.00000

   Energies (kJ/mol)
           Bond          Angle Ryckaert-Bell.  Improper Dih.          LJ-14
    6.20527e+01    3.11329e+02   -1.37216e+00    1.99110e+00    4.37259e+02
     Coulomb-14        LJ (SR)   Coulomb (SR)      Potential Pressure (bar)
    5.02025e+02   -1.90728e+02   -1.33627e+03   -2.13711e+02    0.00000e+00

           Step           Time
              9        9.00000

           Step           Time
             10       10.00000

   Energies (kJ/mol)
           Bond          Angle Ryckaert-Bell.  Improper Dih.          LJ-14
    9.92625e+01    2.47888e+02   -1.38440e+00    1.92585e+00    4.26890e+02
     Coulomb-14        LJ (SR)   Coulomb (SR)      Potential Pressure (bar)
    4.99863e+02   -1.95684e+02   -1.33360e+03   -2.54841e+02    0.00000e+00

           Step           Time
             11       11.00000

           Step           Time
             12       12.00000

   Energies (kJ/mol)
           Bond          Angle Ryckaert-Bell.  Improper Dih.          LJ-14
    5.31624e+01    2.61039e+02   -1.38399e+00    1.86728e+00    4.29828e+02
     Coulomb-14        LJ (SR)   Coulomb (SR)      Potential Pressure (bar)
    5.00313e+02   -1.96044e+02   -1.33532e+03   -2.86537e+02    0.00000e+00

           Step           Time
             13       13.00000

   Energies (kJ/mol)
           Bond          Angle Ryckaert-Bell.  Improper Dih.          LJ-14
    8.21846e+01    2.26683e+02   -1.36225e+00    1.73973e+00    4.22399e+02
     Coulomb-14        LJ (SR)   Coulomb (SR)      Potential Pressure (bar)
    4.98512e+02   -2.01244e+02   -1.33432e+03   -3.05406e+02    0.00000e+00

           Step           Time
             14       14.00000

   Energies (kJ/mol)
           Bond          Angle Ryckaert-Bell.  Improper Dih.          LJ-14
    4.74726e+01    2.54813e+02   -1.33894e+00    1.65651e+00    4.26430e+02
     Coulomb-14        LJ (SR)   Coulomb (SR)      Potential Pressure (bar)
    4.99277e+02   -2.01822e+02   -1.33656e+03   -3.10070e+02    0.00000e+00

           Step           Time
             15       15.00000

   Energies (kJ/mol)
           Bond          Angle Ryckaert-Bell.  Improper Dih.          LJ-14
    9.97320e+01    2.12404e+02   -1.31428e+00    1.59411e+00    4.17555e+02
     Coulomb-14        LJ (SR)   Coulomb (SR)      Potential Pressure (bar)
    4.97330e+02   -2.05792e+02   -1.33411e+03   -3.12599e+02    0.00000e+00

           Step           Time
             16       16.00000

           Step           Time
             17       17.00000

   Energies (kJ/mol)
           Bond          Angle Ryckaert-Bell.  Improper Dih.          LJ-14
    4.77402e+01    2.27685e+02   -1.30150e+00    1.55713e+00    4.20814e+02
     Coulomb-14        LJ (SR)   Coulomb (SR)      Potential Pressure (bar)
    4.98051e+02   -2.05573e+02   -1.33557e+03   -3.46602e+02    0.00000e+00

           Step           Time
             18       18.00000

   Energies (kJ/mol)
           Bond          Angle Ryckaert-Bell.  Improper Dih.          LJ-14
    7.16266e+01    2.07527e+02   -1.20665e+00    1.36758e+00    4.13627e+02
     Coulomb-14        LJ (SR)   Coulomb (SR)      Potential Pressure (bar)
    4.96401e+02   -2.11550e+02   -1.33467e+03   -3.56880e+02    0.00000e+00

           Step           Time
             19       19.00000

           Step           Time
             20       20.00000

   Energies (kJ/mol)
           Bond          Angle Ryckaert-Bell.  Improper Dih.          LJ-14
    4.48751e+01    2.19218e+02   -1.19418e+00    1.33643e+00    4.15502e+02
     Coulomb-14        LJ (SR)   Coulomb (SR)      Potential Pressure (bar)
    4.96899e+02   -2.11629e+02   -1.33550e+03   -3.70496e+02    0.00000e+00

           Step           Time
             21       21.00000

           Step           Time
             22       22.00000

   Energies (kJ/mol)
           Bond          Angle Ryckaert-Bell.  Improper Dih.          LJ-14
    5.35689e+01    2.10998e+02   -1.16849e+00    1.27721e+00    4.12868e+02
     Coulomb-14        LJ (SR)   Coulomb (SR)      Potential Pressure (bar)
    4.96359e+02   -2.13423e+02   -1.33490e+03   -3.74417e+02    0.00000e+00

           Step           Time
             23       23.00000

   Energies (kJ/mol)
           Bond          Angle Ryckaert-Bell.  Improper Dih.          LJ-14
    4.22364e+01    2.20233e+02   -1.14804e+00    1.22595e+00    4.13410e+02
     Coulomb-14        LJ (SR)   Coulomb (SR)      Potential Pressure (bar)
    4.96590e+02   -2.14214e+02   -1.33533e+03   -3.76999e+02    0.00000e+00

           Step           Time
             24       24.00000

   Energies (kJ/mol)
           Bond          Angle Ryckaert-Bell.  Improper Dih.          LJ-14
    5.69715e+01    2.07583e+02   -1.13121e+00    1.18423e+00    4.10300e+02
     Coulomb-14        LJ (SR)   Coulomb (SR)      Potential Pressure (bar)
    4.95904e+02   -2.15751e+02   -1.33442e+03   -3.79357e+02    0.00000e+00

           Step           Time
             25       25.00000

   Energies (kJ/mol)
           Bond          Angle Ryckaert-Bell.  Improper Dih.          LJ-14
    4.12584e+01    2.21437e+02   -1.11499e+00    1.13990e+00    4.11693e+02
     Coulomb-14        LJ (SR)   Coulomb (SR)      Potential Pressure (bar)
    4.96346e+02   -2.16176e+02   -1.33510e+03   -3.80513e+02    0.00000e+00

           Step           Time
             26       26.00000

   Energies (kJ/mol)
           Bond          Angle Ryckaert-Bell.  Improper Dih.          LJ-14
    6.29990e+01    2.04443e+02   -1.10067e+00    1.10184e+00    4.07825e+02
     Coulomb-14        LJ (SR)   Coulomb (SR)      Potential Pressure (bar)
    4.95456e+02   -2.17804e+02   -1.33386e+03   -3.80939e+02    0.00000e+00

           Step           Time
             27       27.00000

           Step           Time
             28       28.00000

   Energies (kJ/mol)
           Bond          Angle Ryckaert-Bell.  Improper Dih.          LJ-14
    4.48480e+01    2.12721e+02   -1.09409e+00    1.08167e+00    4.09047e+02
     Coulomb-14        LJ (SR)   Coulomb (SR)      Potential Pressure (bar)
    4.95813e+02   -2.17835e+02   -1.33438e+03   -3.89797e+02    0.00000e+00

           Step           Time
             29       29.00000

   Energies (kJ/mol)
           Bond          Angle Ryckaert-Bell.  Improper Dih.          LJ-14
    4.92568e+01    2.08524e+02   -1.06993e+00    1.01102e+00    4.06645e+02
     Coulomb-14        LJ (SR)   Coulomb (SR)      Potential Pressure (bar)
    4.95362e+02   -2.19628e+02   -1.33377e+03   -3.93667e+02    0.00000e+00

DD  step 29 load imb.: force 36.7%

           Step           Time
             30       30.00000

DD  step 29 load imb.: force 45.8%

           Step           Time
             31       31.00000

   Energies (kJ/mol)
           Bond          Angle Ryckaert-Bell.  Improper Dih.          LJ-14
    4.16026e+01    2.15178e+02   -1.05882e+00    9.73032e-01    4.06823e+02
     Coulomb-14        LJ (SR)   Coulomb (SR)      Potential Pressure (bar)
    4.95501e+02   -2.20212e+02   -1.33395e+03   -3.95148e+02    0.00000e+00

           Step           Time
             32       32.00000

   Energies (kJ/mol)
           Bond          Angle Ryckaert-Bell.  Improper Dih.          LJ-14
    5.11822e+01    2.06887e+02   -1.05076e+00    9.44175e-01    4.04685e+02
     Coulomb-14        LJ (SR)   Coulomb (SR)      Potential Pressure (bar)
    4.95009e+02   -2.21196e+02   -1.33327e+03   -3.96806e+02    0.00000e+00

           Step           Time
             33       33.00000

   Energies (kJ/mol)
           Bond          Angle Ryckaert-Bell.  Improper Dih.          LJ-14
    4.05430e+01    2.16695e+02   -1.04219e+00    9.10737e-01    4.05438e+02
     Coulomb-14        LJ (SR)   Coulomb (SR)      Potential Pressure (bar)
    4.95289e+02   -2.21553e+02   -1.33365e+03   -3.97366e+02    0.00000e+00

           Step           Time
             34       34.00000

   Energies (kJ/mol)
           Bond          Angle Ryckaert-Bell.  Improper Dih.          LJ-14
    5.45906e+01    2.05104e+02   -1.03547e+00    8.83967e-01    4.02762e+02
     Coulomb-14        LJ (SR)   Coulomb (SR)      Potential Pressure (bar)
    4.94647e+02   -2.22619e+02   -1.33274e+03   -3.98410e+02    0.00000e+00

           Step           Time
             35       35.00000

           Step           Time
             36       36.00000

   Energies (kJ/mol)
           Bond          Angle Ryckaert-Bell.  Improper Dih.          LJ-14
    4.34096e+01    2.11292e+02   -1.03208e+00    8.68778e-01    4.03505e+02
     Coulomb-14        LJ (SR)   Coulomb (SR)      Potential Pressure (bar)
    4.94880e+02   -2.22680e+02   -1.33307e+03   -4.02821e+02    0.00000e+00

           Step           Time
             37       37.00000

   Energies (kJ/mol)
           Bond          Angle Ryckaert-Bell.  Improper Dih.          LJ-14
    4.72593e+01    2.08091e+02   -1.02234e+00    8.25449e-01    4.01767e+02
     Coulomb-14        LJ (SR)   Coulomb (SR)      Potential Pressure (bar)
    4.94522e+02   -2.23775e+02   -1.33255e+03   -4.04886e+02    0.00000e+00

           Step           Time
             38       38.00000

           Step           Time
             39       39.00000

   Energies (kJ/mol)
           Bond          Angle Ryckaert-Bell.  Improper Dih.          LJ-14
    4.14302e+01    2.12973e+02   -1.01751e+00    8.00503e-01    4.01867e+02
     Coulomb-14        LJ (SR)   Coulomb (SR)      Potential Pressure (bar)
    4.94607e+02   -2.24141e+02   -1.33266e+03   -4.06145e+02    0.00000e+00

DD  step 39 load imb.: force 42.1%

           Step           Time
             40       40.00000

   Energies (kJ/mol)
           Bond          Angle Ryckaert-Bell.  Improper Dih.          LJ-14
    4.84354e+01    2.07241e+02   -1.01293e+00    7.76065e-01    4.00190e+02
     Coulomb-14        LJ (SR)   Coulomb (SR)      Potential Pressure (bar)
    4.94214e+02   -2.24915e+02   -1.33211e+03   -4.07184e+02    0.00000e+00

           Step           Time
             41       41.00000

   Energies (kJ/mol)
           Bond          Angle Ryckaert-Bell.  Improper Dih.          LJ-14
    4.03032e+01    2.14351e+02   -1.00893e+00    7.52467e-01    4.00654e+02
     Coulomb-14        LJ (SR)   Coulomb (SR)      Potential Pressure (bar)
    4.94397e+02   -2.25169e+02   -1.33236e+03   -4.08078e+02    0.00000e+00

           Step           Time
             42       42.00000

   Energies (kJ/mol)
           Bond          Angle Ryckaert-Bell.  Improper Dih.          LJ-14
    5.05438e+01    2.06182e+02   -1.00537e+00    7.30492e-01    3.98612e+02
     Coulomb-14        LJ (SR)   Coulomb (SR)      Potential Pressure (bar)
    4.93893e+02   -2.25986e+02   -1.33166e+03   -4.08690e+02    0.00000e+00

           Step           Time
             43       43.00000

   Energies (kJ/mol)
           Bond          Angle Ryckaert-Bell.  Improper Dih.          LJ-14
    3.92965e+01    2.16459e+02   -1.00213e+00    7.08396e-01    3.99591e+02
     Coulomb-14        LJ (SR)   Coulomb (SR)      Potential Pressure (bar)
    4.94209e+02   -2.26096e+02   -1.33210e+03   -4.08932e+02    0.00000e+00

           Step           Time
             44       44.00000

           Step           Time
             45       45.00000

   Energies (kJ/mol)
           Bond          Angle Ryckaert-Bell.  Improper Dih.          LJ-14
    4.38278e+01    2.09876e+02   -1.00074e+00    6.98366e-01    3.98285e+02
     Coulomb-14        LJ (SR)   Coulomb (SR)      Potential Pressure (bar)
    4.93875e+02   -2.26554e+02   -1.33164e+03   -4.12632e+02    0.00000e+00

           Step           Time
             46       46.00000

   Energies (kJ/mol)
           Bond          Angle Ryckaert-Bell.  Improper Dih.          LJ-14
    4.15895e+01    2.11810e+02   -9.96361e-01    6.65994e-01    3.97551e+02
     Coulomb-14        LJ (SR)   Coulomb (SR)      Potential Pressure (bar)
    4.93748e+02   -2.27221e+02   -1.33147e+03   -4.14323e+02    0.00000e+00

           Step           Time
             47       47.00000

   Energies (kJ/mol)
           Bond          Angle Ryckaert-Bell.  Improper Dih.          LJ-14
    4.91535e+01    2.06867e+02   -9.92132e-01    6.29026e-01    3.95444e+02
     Coulomb-14        LJ (SR)   Coulomb (SR)      Potential Pressure (bar)
    4.93249e+02   -2.28281e+02   -1.33079e+03   -4.14724e+02    0.00000e+00

           Step           Time
             48       48.00000

           Step           Time
             49       49.00000

   Energies (kJ/mol)
           Bond          Angle Ryckaert-Bell.  Improper Dih.          LJ-14
    4.16290e+01    2.11634e+02   -9.91049e-01    6.19099e-01    3.95937e+02
     Coulomb-14        LJ (SR)   Coulomb (SR)      Potential Pressure (bar)
    4.93406e+02   -2.28317e+02   -1.33102e+03   -4.17103e+02    0.00000e+00

DD  step 49 load imb.: force 44.2%

           Step           Time
             50       50.00000

   Energies (kJ/mol)
           Bond          Angle Ryckaert-Bell.  Improper Dih.          LJ-14
    4.49493e+01    2.09098e+02   -9.88650e-01    5.93830e-01    3.94619e+02
     Coulomb-14        LJ (SR)   Coulomb (SR)      Potential Pressure (bar)
    4.93096e+02   -2.29011e+02   -1.33061e+03   -4.18252e+02    0.00000e+00

           Step           Time
             51       51.00000

           Step           Time
             52       52.00000

   Energies (kJ/mol)
           Bond          Angle Ryckaert-Bell.  Improper Dih.          LJ-14
    4.04789e+01    2.12824e+02   -9.87425e-01    5.79437e-01    3.94709e+02
     Coulomb-14        LJ (SR)   Coulomb (SR)      Potential Pressure (bar)
    4.93151e+02   -2.29210e+02   -1.33070e+03   -4.19155e+02    0.00000e+00

           Step           Time
             53       53.00000

   Energies (kJ/mol)
           Bond          Angle Ryckaert-Bell.  Improper Dih.          LJ-14
    4.54543e+01    2.08904e+02   -9.86118e-01    5.62177e-01    3.93421e+02
     Coulomb-14        LJ (SR)   Coulomb (SR)      Potential Pressure (bar)
    4.92828e+02   -2.29774e+02   -1.33027e+03   -4.19863e+02    0.00000e+00

           Step           Time
             54       54.00000

   Energies (kJ/mol)
           Bond          Angle Ryckaert-Bell.  Improper Dih.          LJ-14
    3.93338e+01    2.14319e+02   -9.85216e-01    5.46913e-01    3.93714e+02
     Coulomb-14        LJ (SR)   Coulomb (SR)      Potential Pressure (bar)
    4.92941e+02   -2.29941e+02   -1.33045e+03   -4.20519e+02    0.00000e+00

           Step           Time
             55       55.00000

   Energies (kJ/mol)
           Bond          Angle Ryckaert-Bell.  Improper Dih.          LJ-14
    4.68225e+01    2.08340e+02   -9.84220e-01    5.32337e-01    3.92173e+02
     Coulomb-14        LJ (SR)   Coulomb (SR)      Potential Pressure (bar)
    4.92538e+02   -2.30525e+02   -1.32991e+03   -4.21015e+02    0.00000e+00

           Step           Time
             56       56.00000

   Energies (kJ/mol)
           Bond          Angle Ryckaert-Bell.  Improper Dih.          LJ-14
    3.83365e+01    2.16115e+02   -9.83454e-01    5.17664e-01    3.92833e+02
     Coulomb-14        LJ (SR)   Coulomb (SR)      Potential Pressure (bar)
    4.92752e+02   -2.30600e+02   -1.33023e+03   -4.21263e+02    0.00000e+00

           Step           Time
             57       57.00000

   Energies (kJ/mol)
           Bond          Angle Ryckaert-Bell.  Improper Dih.          LJ-14
    4.92193e+01    2.07502e+02   -9.82858e-01    5.04527e-01    3.90889e+02
     Coulomb-14        LJ (SR)   Coulomb (SR)      Potential Pressure (bar)
    4.92233e+02   -2.31257e+02   -1.32953e+03   -4.21426e+02    0.00000e+00

           Step           Time
             58       58.00000

           Step           Time
             59       59.00000

   Energies (kJ/mol)
           Bond          Angle Ryckaert-Bell.  Improper Dih.          LJ-14
    4.08483e+01    2.12449e+02   -9.82569e-01    4.97526e-01    3.91477e+02
     Coulomb-14        LJ (SR)   Coulomb (SR)      Potential Pressure (bar)
    4.92414e+02   -2.31229e+02   -1.32980e+03   -4.24325e+02    0.00000e+00

DD  step 59 load imb.: force 39.2%

           Step           Time
             60       60.00000

   Energies (kJ/mol)
           Bond          Angle Ryckaert-Bell.  Improper Dih.          LJ-14
    4.35438e+01    2.10505e+02   -9.81686e-01    4.74685e-01    3.90202e+02
     Coulomb-14        LJ (SR)   Coulomb (SR)      Potential Pressure (bar)
    4.92102e+02   -2.31884e+02   -1.32941e+03   -4.25449e+02    0.00000e+00

           Step           Time
             61       61.00000

           Step           Time
             62       62.00000

   Energies (kJ/mol)
           Bond          Angle Ryckaert-Bell.  Improper Dih.          LJ-14
    3.90979e+01    2.14494e+02   -9.81365e-01    4.62001e-01    3.90290e+02
     Coulomb-14        LJ (SR)   Coulomb (SR)      Potential Pressure (bar)
    4.92153e+02   -2.32066e+02   -1.32951e+03   -4.26058e+02    0.00000e+00

           Step           Time
             63       63.00000

   Energies (kJ/mol)
           Bond          Angle Ryckaert-Bell.  Improper Dih.          LJ-14
    4.43954e+01    2.10196e+02   -9.81066e-01    4.50467e-01    3.89091e+02
     Coulomb-14        LJ (SR)   Coulomb (SR)      Potential Pressure (bar)
    4.91836e+02   -2.32528e+02   -1.32910e+03   -4.26638e+02    0.00000e+00

           Step           Time
             64       64.00000

   Energies (kJ/mol)
           Bond          Angle Ryckaert-Bell.  Improper Dih.          LJ-14
    3.81661e+01    2.15923e+02   -9.80879e-01    4.38387e-01    3.89452e+02
     Coulomb-14        LJ (SR)   Coulomb (SR)      Potential Pressure (bar)
    4.91964e+02   -2.32640e+02   -1.32930e+03   -4.26982e+02    0.00000e+00

           Step           Time
             65       65.00000

   Energies (kJ/mol)
           Bond          Angle Ryckaert-Bell.  Improper Dih.          LJ-14
    4.59461e+01    2.09626e+02   -9.80714e-01    4.27796e-01    3.87954e+02
     Coulomb-14        LJ (SR)   Coulomb (SR)      Potential Pressure (bar)
    4.91561e+02   -2.33159e+02   -1.32877e+03   -4.27396e+02    0.00000e+00

           Step           Time
             66       66.00000

           Step           Time
             67       67.00000

   Energies (kJ/mol)
           Bond          Angle Ryckaert-Bell.  Improper Dih.          LJ-14
    4.02096e+01    2.13388e+02   -9.80618e-01    4.22052e-01    3.88328e+02
     Coulomb-14        LJ (SR)   Coulomb (SR)      Potential Pressure (bar)
    4.91677e+02   -2.33166e+02   -1.32895e+03   -4.29073e+02    0.00000e+00

           Step           Time
             68       68.00000

   Energies (kJ/mol)
           Bond          Angle Ryckaert-Bell.  Improper Dih.          LJ-14
    4.19383e+01    2.12115e+02   -9.80632e-01    4.07053e-01    3.87412e+02
     Coulomb-14        LJ (SR)   Coulomb (SR)      Potential Pressure (bar)
    4.91450e+02   -2.33624e+02   -1.32867e+03   -4.29956e+02    0.00000e+00

           Step           Time
             69       69.00000

   Energies (kJ/mol)
           Bond          Angle Ryckaert-Bell.  Improper Dih.          LJ-14
    3.77654e+01    2.16558e+02   -9.80718e-01    3.89460e-01    3.87240e+02
     Coulomb-14        LJ (SR)   Coulomb (SR)      Potential Pressure (bar)
    4.91437e+02   -2.33956e+02   -1.32871e+03   -4.30258e+02    0.00000e+00

DD  step 69 load imb.: force 44.0%

           Step           Time
             70       70.00000

   Energies (kJ/mol)
           Bond          Angle Ryckaert-Bell.  Improper Dih.          LJ-14
    4.59405e+01    2.10217e+02   -9.80964e-01    3.79678e-01    3.85728e+02
     Coulomb-14        LJ (SR)   Coulomb (SR)      Potential Pressure (bar)
    4.91027e+02   -2.34470e+02   -1.32817e+03   -4.30325e+02    0.00000e+00

           Step           Time
             71       71.00000

   Energies (kJ/mol)
           Bond          Angle Ryckaert-Bell.  Improper Dih.          LJ-14
    3.68351e+01    2.18555e+02   -9.81194e-01    3.70325e-01    3.86559e+02
     Coulomb-14        LJ (SR)   Coulomb (SR)      Potential Pressure (bar)
    4.91285e+02   -2.34437e+02   -1.32856e+03   -4.30373e+02    0.00000e+00

           Step           Time
             72       72.00000

           Step           Time
             73       73.00000

   Energies (kJ/mol)
           Bond          Angle Ryckaert-Bell.  Improper Dih.          LJ-14
    4.07269e+01    2.13411e+02   -9.81388e-01    3.65896e-01    3.85577e+02
     Coulomb-14        LJ (SR)   Coulomb (SR)      Potential Pressure (bar)
    4.91013e+02   -2.34739e+02   -1.32820e+03   -4.32822e+02    0.00000e+00

           Step           Time
             74       74.00000

   Energies (kJ/mol)
           Bond          Angle Ryckaert-Bell.  Improper Dih.          LJ-14
    3.84501e+01    2.15715e+02   -9.81965e-01    3.49129e-01    3.85052e+02
     Coulomb-14        LJ (SR)   Coulomb (SR)      Potential Pressure (bar)
    4.90902e+02   -2.35149e+02   -1.32810e+03   -4.33761e+02    0.00000e+00

           Step           Time
             75       75.00000

           Step           Time
             76       76.00000

   Energies (kJ/mol)
           Bond          Angle Ryckaert-Bell.  Improper Dih.          LJ-14
    4.24707e+01    2.12539e+02   -9.82314e-01    3.40384e-01    3.84075e+02
     Coulomb-14        LJ (SR)   Coulomb (SR)      Potential Pressure (bar)
    4.90641e+02   -2.35528e+02   -1.32776e+03   -4.34207e+02    0.00000e+00

           Step           Time
             77       77.00000

   Energies (kJ/mol)
           Bond          Angle Ryckaert-Bell.  Improper Dih.          LJ-14
    3.76161e+01    2.16894e+02   -9.82621e-01    3.32289e-01    3.84313e+02
     Coulomb-14        LJ (SR)   Coulomb (SR)      Potential Pressure (bar)
    4.90727e+02   -2.35616e+02   -1.32792e+03   -4.34633e+02    0.00000e+00

           Step           Time
             78       78.00000

   Energies (kJ/mol)
           Bond          Angle Ryckaert-Bell.  Improper Dih.          LJ-14
    4.34628e+01    2.12222e+02   -9.82979e-01    3.24478e-01    3.83133e+02
     Coulomb-14        LJ (SR)   Coulomb (SR)      Potential Pressure (bar)
    4.90406e+02   -2.36028e+02   -1.32750e+03   -4.34959e+02    0.00000e+00

           Step           Time
             79       79.00000

   Energies (kJ/mol)
           Bond          Angle Ryckaert-Bell.  Improper Dih.          LJ-14
    3.67244e+01    2.18441e+02   -9.83368e-01    3.16514e-01    3.83648e+02
     Coulomb-14        LJ (SR)   Coulomb (SR)      Potential Pressure (bar)
    4.90573e+02   -2.36051e+02   -1.32776e+03   -4.35095e+02    0.00000e+00

DD  step 79 load imb.: force 51.7%

           Step           Time
             80       80.00000

   Energies (kJ/mol)
           Bond          Angle Ryckaert-Bell.  Improper Dih.          LJ-14
    4.52426e+01    2.11624e+02   -9.83810e-01    3.09429e-01    3.82149e+02
     Coulomb-14        LJ (SR)   Coulomb (SR)      Potential Pressure (bar)
    4.90159e+02   -2.36528e+02   -1.32721e+03   -4.35235e+02    0.00000e+00

           Step           Time
             81       81.00000

           Step           Time
             82       82.00000

   Energies (kJ/mol)
           Bond          Angle Ryckaert-Bell.  Improper Dih.          LJ-14
    3.88538e+01    2.15678e+02   -9.84112e-01    3.05580e-01    3.82610e+02
     Coulomb-14        LJ (SR)   Coulomb (SR)      Potential Pressure (bar)
    4.90303e+02   -2.36490e+02   -1.32743e+03   -4.37152e+02    0.00000e+00

           Step           Time
             83       83.00000

   Energies (kJ/mol)
           Bond          Angle Ryckaert-Bell.  Improper Dih.          LJ-14
    4.13818e+01    2.13926e+02   -9.85053e-01    2.92476e-01    3.81544e+02
     Coulomb-14        LJ (SR)   Coulomb (SR)      Potential Pressure (bar)
    4.90033e+02   -2.36978e+02   -1.32710e+03   -4.37880e+02    0.00000e+00

           Step           Time
             84       84.00000

           Step           Time
             85       85.00000

   Energies (kJ/mol)
           Bond          Angle Ryckaert-Bell.  Improper Dih.          LJ-14
    3.77098e+01    2.17085e+02   -9.85523e-01    2.86486e-01    3.81681e+02
     Coulomb-14        LJ (SR)   Coulomb (SR)      Potential Pressure (bar)
    4.90088e+02   -2.37057e+02   -1.32720e+03   -4.38388e+02    0.00000e+00

           Step           Time
             86       86.00000

   Energies (kJ/mol)
           Bond          Angle Ryckaert-Bell.  Improper Dih.          LJ-14
    4.20043e+01    2.13780e+02   -9.86121e-01    2.79044e-01    3.80696e+02
     Coulomb-14        LJ (SR)   Coulomb (SR)      Potential Pressure (bar)
    4.89823e+02   -2.37424e+02   -1.32685e+03   -4.38682e+02    0.00000e+00

           Step           Time
             87       87.00000

   Energies (kJ/mol)
           Bond          Angle Ryckaert-Bell.  Improper Dih.          LJ-14
    3.68659e+01    2.18303e+02   -9.86697e-01    2.72994e-01    3.81017e+02
     Coulomb-14        LJ (SR)   Coulomb (SR)      Potential Pressure (bar)
    4.89934e+02   -2.37465e+02   -1.32704e+03   -4.39096e+02    0.00000e+00

           Step           Time
             88       88.00000

   Energies (kJ/mol)
           Bond          Angle Ryckaert-Bell.  Improper Dih.          LJ-14
    4.31791e+01    2.13389e+02   -9.87247e-01    2.66511e-01    3.79823e+02
     Coulomb-14        LJ (SR)   Coulomb (SR)      Potential Pressure (bar)
    4.89606e+02   -2.37867e+02   -1.32660e+03   -4.39190e+02    0.00000e+00

           Step           Time
             89       89.00000

   Energies (kJ/mol)
           Bond          Angle Ryckaert-Bell.  Improper Dih.          LJ-14
    3.59839e+01    2.19890e+02   -9.87947e-01    2.60448e-01    3.80432e+02
     Coulomb-14        LJ (SR)   Coulomb (SR)      Potential Pressure (bar)
    4.89803e+02   -2.37842e+02   -1.32690e+03   -4.39364e+02    0.00000e+00

DD  step 89 load imb.: force 50.6%

           Step           Time
             90       90.00000

DD  step 89 load imb.: force 36.5%

           Step           Time
             91       91.00000

   Energies (kJ/mol)
           Bond          Angle Ryckaert-Bell.  Improper Dih.          LJ-14
    3.92858e+01    2.15961e+02   -9.88074e-01    2.57474e-01    3.79667e+02
     Coulomb-14        LJ (SR)   Coulomb (SR)      Potential Pressure (bar)
    4.89590e+02   -2.38077e+02   -1.32661e+03   -4.40917e+02    0.00000e+00

           Step           Time
             92       92.00000

   Energies (kJ/mol)
           Bond          Angle Ryckaert-Bell.  Improper Dih.          LJ-14
    3.74029e+01    2.17864e+02   -9.89272e-01    2.46927e-01    3.79253e+02
     Coulomb-14        LJ (SR)   Coulomb (SR)      Potential Pressure (bar)
    4.89503e+02   -2.38380e+02   -1.32654e+03   -4.41635e+02    0.00000e+00

           Step           Time
             93       93.00000

           Step           Time
             94       94.00000

   Energies (kJ/mol)
           Bond          Angle Ryckaert-Bell.  Improper Dih.          LJ-14
    4.04620e+01    2.15414e+02   -9.89910e-01    2.41308e-01    3.78491e+02
     Coulomb-14        LJ (SR)   Coulomb (SR)      Potential Pressure (bar)
    4.89298e+02   -2.38669e+02   -1.32627e+03   -4.42024e+02    0.00000e+00

           Step           Time
             95       95.00000

   Energies (kJ/mol)
           Bond          Angle Ryckaert-Bell.  Improper Dih.          LJ-14
    3.67580e+01    2.18759e+02   -9.90621e-01    2.35873e-01    3.78626e+02
     Coulomb-14        LJ (SR)   Coulomb (SR)      Potential Pressure (bar)
    4.89358e+02   -2.38746e+02   -1.32638e+03   -4.42379e+02    0.00000e+00

           Step           Time
             96       96.00000

   Energies (kJ/mol)
           Bond          Angle Ryckaert-Bell.  Improper Dih.          LJ-14
    4.12572e+01    2.15145e+02   -9.91419e-01    2.30715e-01    3.77694e+02
     Coulomb-14        LJ (SR)   Coulomb (SR)      Potential Pressure (bar)
    4.89101e+02   -2.39069e+02   -1.32604e+03   -4.42674e+02    0.00000e+00

           Step           Time
             97       97.00000

   Energies (kJ/mol)
           Bond          Angle Ryckaert-Bell.  Improper Dih.          LJ-14
    3.60001e+01    2.19941e+02   -9.92153e-01    2.25553e-01    3.78052e+02
     Coulomb-14        LJ (SR)   Coulomb (SR)      Potential Pressure (bar)
    4.89227e+02   -2.39094e+02   -1.32624e+03   -4.42883e+02    0.00000e+00

           Step           Time
             98       98.00000

   Energies (kJ/mol)
           Bond          Angle Ryckaert-Bell.  Improper Dih.          LJ-14
    4.25535e+01    2.14680e+02   -9.92863e-01    2.20651e-01    3.76878e+02
     Coulomb-14        LJ (SR)   Coulomb (SR)      Potential Pressure (bar)
    4.88899e+02   -2.39469e+02   -1.32580e+03   -4.43029e+02    0.00000e+00

           Step           Time
             99       99.00000

           Step           Time
            100      100.00000

   Energies (kJ/mol)
           Bond          Angle Ryckaert-Bell.  Improper Dih.          LJ-14
    3.78068e+01    2.17865e+02   -9.93121e-01    2.18106e-01    3.77213e+02
     Coulomb-14        LJ (SR)   Coulomb (SR)      Potential Pressure (bar)
    4.89008e+02   -2.39444e+02   -1.32596e+03   -4.44290e+02    0.00000e+00

           Step           Time
            101      101.00000

   Energies (kJ/mol)
           Bond          Angle Ryckaert-Bell.  Improper Dih.          LJ-14
    3.93785e+01    2.16769e+02   -9.94175e-01    2.09840e-01    3.76415e+02
     Coulomb-14        LJ (SR)   Coulomb (SR)      Potential Pressure (bar)
    4.88807e+02   -2.39806e+02   -1.32572e+03   -4.44938e+02    0.00000e+00

           Step           Time
            102      102.00000

           Step           Time
            103      103.00000

   Energies (kJ/mol)
           Bond          Angle Ryckaert-Bell.  Improper Dih.          LJ-14
    3.66664e+01    2.19238e+02   -9.95236e-01    2.05119e-01    3.76432e+02
     Coulomb-14        LJ (SR)   Coulomb (SR)      Potential Pressure (bar)
    4.88830e+02   -2.39903e+02   -1.32577e+03   -4.45300e+02    0.00000e+00

           Step           Time
            104      104.00000

   Energies (kJ/mol)
           Bond          Angle Ryckaert-Bell.  Improper Dih.          LJ-14
    3.99201e+01    2.16606e+02   -9.95970e-01    2.00809e-01    3.75682e+02
     Coulomb-14        LJ (SR)   Coulomb (SR)      Potential Pressure (bar)
    4.88628e+02   -2.40174e+02   -1.32551e+03   -4.45638e+02    0.00000e+00

           Step           Time
            105      105.00000

   Energies (kJ/mol)
           Bond          Angle Ryckaert-Bell.  Improper Dih.          LJ-14
    3.60172e+01    2.20153e+02   -9.96708e-01    1.96401e-01    3.75871e+02
     Coulomb-14        LJ (SR)   Coulomb (SR)      Potential Pressure (bar)
    4.88704e+02   -2.40227e+02   -1.32563e+03   -4.45915e+02    0.00000e+00

           Step           Time
            106      106.00000

   Energies (kJ/mol)
           Bond          Angle Ryckaert-Bell.  Improper Dih.          LJ-14
    4.08390e+01    2.16260e+02   -9.97490e-01    1.92309e-01    3.74935e+02
     Coulomb-14        LJ (SR)   Coulomb (SR)      Potential Pressure (bar)
    4.88446e+02   -2.40538e+02   -1.32528e+03   -4.46148e+02    0.00000e+00

           Step           Time
            107      107.00000

   Energies (kJ/mol)
           Bond          Angle Ryckaert-Bell.  Improper Dih.          LJ-14
    3.52822e+01    2.21346e+02   -9.98228e-01    1.88098e-01    3.75364e+02
     Coulomb-14        LJ (SR)   Coulomb (SR)      Potential Pressure (bar)
    4.88592e+02   -2.40531e+02   -1.32551e+03   -4.46271e+02    0.00000e+00

           Step           Time
            108      108.00000

   Energies (kJ/mol)
           Bond          Angle Ryckaert-Bell.  Improper Dih.          LJ-14
    4.23392e+01    2.15696e+02   -9.99035e-01    1.84230e-01    3.74164e+02
     Coulomb-14        LJ (SR)   Coulomb (SR)      Potential Pressure (bar)
    4.88255e+02   -2.40902e+02   -1.32505e+03   -4.46313e+02    0.00000e+00

           Step           Time
            109      109.00000

           Step           Time
            110      110.00000

   Energies (kJ/mol)
           Bond          Angle Ryckaert-Bell.  Improper Dih.          LJ-14
    3.72084e+01    2.19056e+02   -9.99477e-01    1.82226e-01    3.74544e+02
     Coulomb-14        LJ (SR)   Coulomb (SR)      Potential Pressure (bar)
    4.88378e+02   -2.40858e+02   -1.32524e+03   -4.47723e+02    0.00000e+00

           Step           Time
            111      111.00000

   Energies (kJ/mol)
           Bond          Angle Ryckaert-Bell.  Improper Dih.          LJ-14
    3.90472e+01    2.17790e+02   -1.00084e+00    1.74501e-01    3.73683e+02
     Coulomb-14        LJ (SR)   Coulomb (SR)      Potential Pressure (bar)
    4.88164e+02   -2.41239e+02   -1.32496e+03   -4.48344e+02    0.00000e+00

           Step           Time
            112      112.00000

           Step           Time
            113      113.00000

   Energies (kJ/mol)
           Bond          Angle Ryckaert-Bell.  Improper Dih.          LJ-14
    3.61011e+01    2.20389e+02   -1.00172e+00    1.71119e-01    3.73786e+02
     Coulomb-14        LJ (SR)   Coulomb (SR)      Potential Pressure (bar)
    4.88210e+02   -2.41296e+02   -1.32505e+03   -4.48686e+02    0.00000e+00

           Step           Time
            114      114.00000

   Energies (kJ/mol)
           Bond          Angle Ryckaert-Bell.  Improper Dih.          LJ-14
    3.96412e+01    2.17591e+02   -1.00261e+00    1.67271e-01    3.73012e+02
     Coulomb-14        LJ (SR)   Coulomb (SR)      Potential Pressure (bar)
    4.88002e+02   -2.41568e+02   -1.32476e+03   -4.48920e+02    0.00000e+00

           Step           Time
            115      115.00000

   Energies (kJ/mol)
           Bond          Angle Ryckaert-Bell.  Improper Dih.          LJ-14
    3.54180e+01    2.21344e+02   -1.00335e+00    1.63902e-01    3.73282e+02
     Coulomb-14        LJ (SR)   Coulomb (SR)      Potential Pressure (bar)
    4.88100e+02   -2.41586e+02   -1.32492e+03   -4.49202e+02    0.00000e+00

           Step           Time
            116      116.00000

   Energies (kJ/mol)
           Bond          Angle Ryckaert-Bell.  Improper Dih.          LJ-14
    4.05910e+01    2.17235e+02   -1.00437e+00    1.60412e-01    3.72328e+02
     Coulomb-14        LJ (SR)   Coulomb (SR)      Potential Pressure (bar)
    4.87836e+02   -2.41894e+02   -1.32456e+03   -4.49305e+02    0.00000e+00

           Step           Time
            117      117.00000

   Energies (kJ/mol)
           Bond          Angle Ryckaert-Bell.  Improper Dih.          LJ-14
    3.46587e+01    2.22595e+02   -1.00517e+00    1.57109e-01    3.72836e+02
     Coulomb-14        LJ (SR)   Coulomb (SR)      Potential Pressure (bar)
    4.88005e+02   -2.41857e+02   -1.32481e+03   -4.49424e+02    0.00000e+00

           Step           Time
            118      118.00000

           Step           Time
            119      119.00000

   Energies (kJ/mol)
           Bond          Angle Ryckaert-Bell.  Improper Dih.          LJ-14
    3.75153e+01    2.19353e+02   -1.00550e+00    1.55524e-01    3.72215e+02
     Coulomb-14        LJ (SR)   Coulomb (SR)      Potential Pressure (bar)
    4.87831e+02   -2.42041e+02   -1.32457e+03   -4.50549e+02    0.00000e+00

DD  step 119 load imb.: force 50.5%

           Step           Time
            120      120.00000

   Energies (kJ/mol)
           Bond          Angle Ryckaert-Bell.  Improper Dih.          LJ-14
    3.58202e+01    2.21058e+02   -1.00692e+00    1.49389e-01    3.71890e+02
     Coulomb-14        LJ (SR)   Coulomb (SR)      Potential Pressure (bar)
    4.87770e+02   -2.42273e+02   -1.32451e+03   -4.51105e+02    0.00000e+00

           Step           Time
            121      121.00000

           Step           Time
            122      122.00000

   Energies (kJ/mol)
           Bond          Angle Ryckaert-Bell.  Improper Dih.          LJ-14
    3.83555e+01    2.18953e+02   -1.00781e+00    1.46626e-01    3.71299e+02
     Coulomb-14        LJ (SR)   Coulomb (SR)      Potential Pressure (bar)
    4.87612e+02   -2.42482e+02   -1.32430e+03   -4.51421e+02    0.00000e+00

           Step           Time
            123      123.00000

   Energies (kJ/mol)
           Bond          Angle Ryckaert-Bell.  Improper Dih.          LJ-14
    3.52727e+01    2.21801e+02   -1.00878e+00    1.43380e-01    3.71404e+02
     Coulomb-14        LJ (SR)   Coulomb (SR)      Potential Pressure (bar)
    4.87666e+02   -2.42542e+02   -1.32439e+03   -4.51650e+02    0.00000e+00

           Step           Time
            124      124.00000

   Energies (kJ/mol)
           Bond          Angle Ryckaert-Bell.  Improper Dih.          LJ-14
    3.90071e+01    2.18692e+02   -1.00957e+00    1.40730e-01    3.70663e+02
     Coulomb-14        LJ (SR)   Coulomb (SR)      Potential Pressure (bar)
    4.87462e+02   -2.42787e+02   -1.32410e+03   -4.51934e+02    0.00000e+00

           Step           Time
            125      125.00000

   Energies (kJ/mol)
           Bond          Angle Ryckaert-Bell.  Improper Dih.          LJ-14
    3.46357e+01    2.22753e+02   -1.01052e+00    1.37695e-01    3.70963e+02
     Coulomb-14        LJ (SR)   Coulomb (SR)      Potential Pressure (bar)
    4.87572e+02   -2.42796e+02   -1.32428e+03   -4.52022e+02    0.00000e+00

           Step           Time
            126      126.00000

   Energies (kJ/mol)
           Bond          Angle Ryckaert-Bell.  Improper Dih.          LJ-14
    4.00773e+01    2.18246e+02   -1.01136e+00    1.35118e-01    3.70009e+02
     Coulomb-14        LJ (SR)   Coulomb (SR)      Potential Pressure (bar)
    4.87305e+02   -2.43090e+02   -1.32390e+03   -4.52229e+02    0.00000e+00

           Step           Time
            127      127.00000

           Step           Time
            128      128.00000

   Energies (kJ/mol)
           Bond          Angle Ryckaert-Bell.  Improper Dih.          LJ-14
    3.62201e+01    2.20962e+02   -1.01175e+00    1.33698e-01    3.70289e+02
     Coulomb-14        LJ (SR)   Coulomb (SR)      Potential Pressure (bar)
    4.87400e+02   -2.43062e+02   -1.32404e+03   -4.53113e+02    0.00000e+00

           Step           Time
            129      129.00000

   Energies (kJ/mol)
           Bond          Angle Ryckaert-Bell.  Improper Dih.          LJ-14
    3.80486e+01    2.19643e+02   -1.01333e+00    1.28830e-01    3.69569e+02
     Coulomb-14        LJ (SR)   Coulomb (SR)      Potential Pressure (bar)
    4.87221e+02   -2.43365e+02   -1.32380e+03   -4.53570e+02    0.00000e+00

DD  step 129 load imb.: force 51.6%

           Step           Time
            130      130.00000

DD  step 129 load imb.: force 49.1%

           Step           Time
            131      131.00000

   Energies (kJ/mol)
           Bond          Angle Ryckaert-Bell.  Improper Dih.          LJ-14
    3.56082e+01    2.21706e+02   -1.01390e+00    1.26863e-01    3.69668e+02
     Coulomb-14        LJ (SR)   Coulomb (SR)      Potential Pressure (bar)
    4.87266e+02   -2.43397e+02   -1.32387e+03   -4.53910e+02    0.00000e+00

           Step           Time
            132      132.00000

   Energies (kJ/mol)
           Bond          Angle Ryckaert-Bell.  Improper Dih.          LJ-14
    3.84101e+01    2.19555e+02   -1.01510e+00    1.23666e-01    3.68987e+02
     Coulomb-14        LJ (SR)   Coulomb (SR)      Potential Pressure (bar)
    4.87087e+02   -2.43647e+02   -1.32363e+03   -4.54124e+02    0.00000e+00

           Step           Time
            133      133.00000

   Energies (kJ/mol)
           Bond          Angle Ryckaert-Bell.  Improper Dih.          LJ-14
    3.49654e+01    2.22517e+02   -1.01583e+00    1.21552e-01    3.69201e+02
     Coulomb-14        LJ (SR)   Coulomb (SR)      Potential Pressure (bar)
    4.87169e+02   -2.43658e+02   -1.32375e+03   -4.54451e+02    0.00000e+00

           Step           Time
            134      134.00000

   Energies (kJ/mol)
           Bond          Angle Ryckaert-Bell.  Improper Dih.          LJ-14
    3.91207e+01    2.19274e+02   -1.01685e+00    1.18904e-01    3.68402e+02
     Coulomb-14        LJ (SR)   Coulomb (SR)      Potential Pressure (bar)
    4.86951e+02   -2.43921e+02   -1.32344e+03   -4.54516e+02    0.00000e+00

           Step           Time
            135      135.00000

   Energies (kJ/mol)
           Bond          Angle Ryckaert-Bell.  Improper Dih.          LJ-14
    3.42549e+01    2.23525e+02   -1.01767e+00    1.16764e-01    3.68797e+02
     Coulomb-14        LJ (SR)   Coulomb (SR)      Potential Pressure (bar)
    4.87088e+02   -2.43891e+02   -1.32365e+03   -4.54775e+02    0.00000e+00

           Step           Time
            136      136.00000

           Step           Time
            137      137.00000

   Energies (kJ/mol)
           Bond          Angle Ryckaert-Bell.  Improper Dih.          LJ-14
    3.66645e+01    2.21008e+02   -1.01819e+00    1.15595e-01    3.68295e+02
     Coulomb-14        LJ (SR)   Coulomb (SR)      Potential Pressure (bar)
    4.86949e+02   -2.44044e+02   -1.32345e+03   -4.55478e+02    0.00000e+00

           Step           Time
            138      138.00000

   Energies (kJ/mol)
           Bond          Angle Ryckaert-Bell.  Improper Dih.          LJ-14
    3.50370e+01    2.22605e+02   -1.01956e+00    1.11662e-01    3.68075e+02
     Coulomb-14        LJ (SR)   Coulomb (SR)      Potential Pressure (bar)
    4.86917e+02   -2.44211e+02   -1.32341e+03   -4.55900e+02    0.00000e+00

           Step           Time
            139      139.00000

           Step           Time
            140      140.00000

   Energies (kJ/mol)
           Bond          Angle Ryckaert-Bell.  Improper Dih.          LJ-14
    3.69757e+01    2.20918e+02   -1.02032e+00    1.10039e-01    3.67628e+02
     Coulomb-14        LJ (SR)   Coulomb (SR)      Potential Pressure (bar)
    4.86798e+02   -2.44365e+02   -1.32325e+03   -4.56202e+02    0.00000e+00

           Step           Time
            141      141.00000

   Energies (kJ/mol)
           Bond          Angle Ryckaert-Bell.  Improper Dih.          LJ-14
    3.46711e+01    2.23102e+02   -1.02152e+00    1.07363e-01    3.67622e+02
     Coulomb-14        LJ (SR)   Coulomb (SR)      Potential Pressure (bar)
    4.86822e+02   -2.44449e+02   -1.32329e+03   -4.56435e+02    0.00000e+00

           Step           Time
            142      142.00000

   Energies (kJ/mol)
           Bond          Angle Ryckaert-Bell.  Improper Dih.          LJ-14
    3.75467e+01    2.20650e+02   -1.02219e+00    1.05586e-01    3.67037e+02
     Coulomb-14        LJ (SR)   Coulomb (SR)      Potential Pressure (bar)
    4.86663e+02   -2.44642e+02   -1.32306e+03   -4.56723e+02    0.00000e+00

           Step           Time
            143      143.00000

   Energies (kJ/mol)
           Bond          Angle Ryckaert-Bell.  Improper Dih.          LJ-14
    3.41309e+01    2.23847e+02   -1.02332e+00    1.03347e-01    3.67226e+02
     Coulomb-14        LJ (SR)   Coulomb (SR)      Potential Pressure (bar)
    4.86742e+02   -2.44670e+02   -1.32318e+03   -4.56826e+02    0.00000e+00

           Step           Time
            144      144.00000

   Energies (kJ/mol)
           Bond          Angle Ryckaert-Bell.  Improper Dih.          LJ-14
    3.83241e+01    2.20288e+02   -1.02412e+00    1.01566e-01    3.66472e+02
     Coulomb-14        LJ (SR)   Coulomb (SR)      Potential Pressure (bar)
    4.86532e+02   -2.44902e+02   -1.32288e+03   -4.57089e+02    0.00000e+00

           Step           Time
            145      145.00000

           Step           Time
            146      146.00000

   Energies (kJ/mol)
           Bond          Angle Ryckaert-Bell.  Improper Dih.          LJ-14
    3.54187e+01    2.22453e+02   -1.02466e+00    1.00532e-01    3.66672e+02
     Coulomb-14        LJ (SR)   Coulomb (SR)      Potential Pressure (bar)
    4.86604e+02   -2.44889e+02   -1.32299e+03   -4.57652e+02    0.00000e+00

           Step           Time
            147      147.00000

   Energies (kJ/mol)
           Bond          Angle Ryckaert-Bell.  Improper Dih.          LJ-14
    3.70101e+01    2.21259e+02   -1.02602e+00    9.74200e-02    3.66087e+02
     Coulomb-14        LJ (SR)   Coulomb (SR)      Potential Pressure (bar)
    4.86459e+02   -2.45127e+02   -1.32278e+03   -4.58022e+02    0.00000e+00

           Step           Time
            148      148.00000

           Step           Time
            149      149.00000

   Energies (kJ/mol)
           Bond          Angle Ryckaert-Bell.  Improper Dih.          LJ-14
    3.51013e+01    2.22854e+02   -1.02659e+00    9.61327e-02    3.66158e+02
     Coulomb-14        LJ (SR)   Coulomb (SR)      Potential Pressure (bar)
    4.86495e+02   -2.45153e+02   -1.32284e+03   -4.58310e+02    0.00000e+00

DD  step 149 load imb.: force 42.6%

           Step           Time
            150      150.00000

   Energies (kJ/mol)
           Bond          Angle Ryckaert-Bell.  Improper Dih.          LJ-14
    3.68457e+01    2.21477e+02   -1.02789e+00    9.39764e-02    3.65659e+02
     Coulomb-14        LJ (SR)   Coulomb (SR)      Potential Pressure (bar)
    4.86370e+02   -2.45342e+02   -1.32265e+03   -4.58578e+02    0.00000e+00

           Step           Time
            151      151.00000

   Energies (kJ/mol)
           Bond          Angle Ryckaert-Bell.  Improper Dih.          LJ-14
    3.42739e+01    2.23822e+02   -1.02886e+00    9.21121e-02    3.65754e+02
     Coulomb-14        LJ (SR)   Coulomb (SR)      Potential Pressure (bar)
    4.86418e+02   -2.45383e+02   -1.32273e+03   -4.58780e+02    0.00000e+00

           Step           Time
            152      152.00000

   Energies (kJ/mol)
           Bond          Angle Ryckaert-Bell.  Improper Dih.          LJ-14
    3.73525e+01    2.21240e+02   -1.02972e+00    9.05429e-02    3.65152e+02
     Coulomb-14        LJ (SR)   Coulomb (SR)      Potential Pressure (bar)
    4.86255e+02   -2.45577e+02   -1.32249e+03   -4.59008e+02    0.00000e+00

           Step           Time
            153      153.00000

   Energies (kJ/mol)
           Bond          Angle Ryckaert-Bell.  Improper Dih.          LJ-14
    3.37292e+01    2.24563e+02   -1.03080e+00    8.87914e-02    3.65396e+02
     Coulomb-14        LJ (SR)   Coulomb (SR)      Potential Pressure (bar)
    4.86351e+02   -2.45580e+02   -1.32263e+03   -4.59114e+02    0.00000e+00

           Step           Time
            154      154.00000

   Energies (kJ/mol)
           Bond          Angle Ryckaert-Bell.  Improper Dih.          LJ-14
    3.82140e+01    2.20828e+02   -1.03157e+00    8.72662e-02    3.64621e+02
     Coulomb-14        LJ (SR)   Coulomb (SR)      Potential Pressure (bar)
    4.86135e+02   -2.45815e+02   -1.32232e+03   -4.59277e+02    0.00000e+00

           Step           Time
            155      155.00000

           Step           Time
            156      156.00000

   Energies (kJ/mol)
           Bond          Angle Ryckaert-Bell.  Improper Dih.          LJ-14
    3.51144e+01    2.23061e+02   -1.03207e+00    8.64546e-02    3.64849e+02
     Coulomb-14        LJ (SR)   Coulomb (SR)      Potential Pressure (bar)
    4.86216e+02   -2.45790e+02   -1.32243e+03   -4.59929e+02    0.00000e+00

           Step           Time
            157      157.00000

   Energies (kJ/mol)
           Bond          Angle Ryckaert-Bell.  Improper Dih.          LJ-14
    3.64692e+01    2.22057e+02   -1.03371e+00    8.35452e-02    3.64267e+02
     Coulomb-14        LJ (SR)   Coulomb (SR)      Potential Pressure (bar)
    4.86076e+02   -2.46032e+02   -1.32223e+03   -4.60344e+02    0.00000e+00

           Step           Time
            158      158.00000

           Step           Time
            159      159.00000

   Energies (kJ/mol)
           Bond          Angle Ryckaert-Bell.  Improper Dih.          LJ-14
    3.45250e+01    2.23727e+02   -1.03447e+00    8.22993e-02    3.64334e+02
     Coulomb-14        LJ (SR)   Coulomb (SR)      Potential Pressure (bar)
    4.86113e+02   -2.46060e+02   -1.32228e+03   -4.60597e+02    0.00000e+00

DD  step 159 load imb.: force 39.0%

           Step           Time
            160      160.00000

   Energies (kJ/mol)
           Bond          Angle Ryckaert-Bell.  Improper Dih.          LJ-14
    3.67819e+01    2.21933e+02   -1.03560e+00    8.05301e-02    3.63802e+02
     Coulomb-14        LJ (SR)   Coulomb (SR)      Potential Pressure (bar)
    4.85973e+02   -2.46249e+02   -1.32208e+03   -4.60796e+02    0.00000e+00

           Step           Time
            161      161.00000

   Energies (kJ/mol)
           Bond          Angle Ryckaert-Bell.  Improper Dih.          LJ-14
    3.40291e+01    2.24317e+02   -1.03637e+00    7.92771e-02    3.63961e+02
     Coulomb-14        LJ (SR)   Coulomb (SR)      Potential Pressure (bar)
    4.86041e+02   -2.46258e+02   -1.32218e+03   -4.61044e+02    0.00000e+00

           Step           Time
            162      162.00000

   Energies (kJ/mol)
           Bond          Angle Ryckaert-Bell.  Improper Dih.          LJ-14
    3.73467e+01    2.21666e+02   -1.03757e+00    7.77526e-02    3.63324e+02
     Coulomb-14        LJ (SR)   Coulomb (SR)      Potential Pressure (bar)
    4.85869e+02   -2.46465e+02   -1.32192e+03   -4.61144e+02    0.00000e+00

           Step           Time
            163      163.00000

   Energies (kJ/mol)
           Bond          Angle Ryckaert-Bell.  Improper Dih.          LJ-14
    3.34555e+01    2.25062e+02   -1.03831e+00    7.64746e-02    3.63628e+02
     Coulomb-14        LJ (SR)   Coulomb (SR)      Potential Pressure (bar)
    4.85981e+02   -2.46442e+02   -1.32208e+03   -4.61362e+02    0.00000e+00

           Step           Time
            164      164.00000

           Step           Time
            165      165.00000

   Energies (kJ/mol)
           Bond          Angle Ryckaert-Bell.  Improper Dih.          LJ-14
    3.54645e+01    2.23033e+02   -1.03881e+00    7.57668e-02    3.63225e+02
     Coulomb-14        LJ (SR)   Coulomb (SR)      Potential Pressure (bar)
    4.85869e+02   -2.46564e+02   -1.32192e+03   -4.61856e+02    0.00000e+00

           Step           Time
            166      166.00000

   Energies (kJ/mol)
           Bond          Angle Ryckaert-Bell.  Improper Dih.          LJ-14
    3.40207e+01    2.24425e+02   -1.04027e+00    7.34071e-02    3.63047e+02
     Coulomb-14        LJ (SR)   Coulomb (SR)      Potential Pressure (bar)
    4.85852e+02   -2.46697e+02   -1.32189e+03   -4.62208e+02    0.00000e+00

           Step           Time
            167      167.00000

           Step           Time
            168      168.00000

   Energies (kJ/mol)
           Bond          Angle Ryckaert-Bell.  Improper Dih.          LJ-14
    3.55766e+01    2.23034e+02   -1.04090e+00    7.25578e-02    3.62700e+02
     Coulomb-14        LJ (SR)   Coulomb (SR)      Potential Pressure (bar)
    4.85760e+02   -2.46812e+02   -1.32175e+03   -4.62462e+02    0.00000e+00

           Step           Time
            169      169.00000

   Energies (kJ/mol)
           Bond          Angle Ryckaert-Bell.  Improper Dih.          LJ-14
    3.39265e+01    2.24570e+02   -1.04219e+00    7.09085e-02    3.62654e+02
     Coulomb-14        LJ (SR)   Coulomb (SR)      Potential Pressure (bar)
    4.85772e+02   -2.46889e+02   -1.32177e+03   -4.62705e+02    0.00000e+00

DD  step 169 load imb.: force 42.9%

           Step           Time
            170      170.00000

   Energies (kJ/mol)
           Bond          Angle Ryckaert-Bell.  Improper Dih.          LJ-14
    3.62905e+01    2.22607e+02   -1.04304e+00    6.97362e-02    3.62159e+02
     Coulomb-14        LJ (SR)   Coulomb (SR)      Potential Pressure (bar)
    4.85640e+02   -2.47053e+02   -1.32157e+03   -4.62900e+02    0.00000e+00

           Step           Time
            171      171.00000

   Energies (kJ/mol)
           Bond          Angle Ryckaert-Bell.  Improper Dih.          LJ-14
    3.34588e+01    2.25145e+02   -1.04399e+00    6.85398e-02    3.62325e+02
     Coulomb-14        LJ (SR)   Coulomb (SR)      Potential Pressure (bar)
    4.85712e+02   -2.47063e+02   -1.32167e+03   -4.63069e+02    0.00000e+00

           Step           Time
            172      172.00000

   Energies (kJ/mol)
           Bond          Angle Ryckaert-Bell.  Improper Dih.          LJ-14
    3.69264e+01    2.22276e+02   -1.04490e+00    6.74114e-02    3.61700e+02
     Coulomb-14        LJ (SR)   Coulomb (SR)      Potential Pressure (bar)
    4.85539e+02   -2.47257e+02   -1.32142e+03   -4.63210e+02    0.00000e+00

           Step           Time
            173      173.00000

   Energies (kJ/mol)
           Bond          Angle Ryckaert-Bell.  Improper Dih.          LJ-14
    3.28692e+01    2.25952e+02   -1.04582e+00    6.62415e-02    3.62035e+02
     Coulomb-14        LJ (SR)   Coulomb (SR)      Potential Pressure (bar)
    4.85663e+02   -2.47226e+02   -1.32159e+03   -4.63277e+02    0.00000e+00

           Step           Time
            174      174.00000

   Energies (kJ/mol)
           Bond          Angle Ryckaert-Bell.  Improper Dih.          LJ-14
    3.79232e+01    2.21784e+02   -1.04672e+00    6.51634e-02    3.61224e+02
     Coulomb-14        LJ (SR)   Coulomb (SR)      Potential Pressure (bar)
    4.85432e+02   -2.47462e+02   -1.32125e+03   -4.63332e+02    0.00000e+00

           Step           Time
            175      175.00000

           Step           Time
            176      176.00000

   Energies (kJ/mol)
           Bond          Angle Ryckaert-Bell.  Improper Dih.          LJ-14
    3.43726e+01    2.24253e+02   -1.04722e+00    6.46134e-02    3.61503e+02
     Coulomb-14        LJ (SR)   Coulomb (SR)      Potential Pressure (bar)
    4.85531e+02   -2.47419e+02   -1.32139e+03   -4.64132e+02    0.00000e+00

           Step           Time
            177      177.00000

   Energies (kJ/mol)
           Bond          Angle Ryckaert-Bell.  Improper Dih.          LJ-14
    3.61937e+01    2.22920e+02   -1.04929e+00    6.20323e-02    3.60823e+02
     Coulomb-14        LJ (SR)   Coulomb (SR)      Potential Pressure (bar)
    4.85371e+02   -2.47692e+02   -1.32114e+03   -4.64516e+02    0.00000e+00

           Step           Time
            178      178.00000

           Step           Time
            179      179.00000

   Energies (kJ/mol)
           Bond          Angle Ryckaert-Bell.  Improper Dih.          LJ-14
    3.39076e+01    2.24768e+02   -1.04986e+00    6.13318e-02    3.60968e+02
     Coulomb-14        LJ (SR)   Coulomb (SR)      Potential Pressure (bar)
    4.85430e+02   -2.47688e+02   -1.32123e+03   -4.64829e+02    0.00000e+00

DD  step 179 load imb.: force 50.1%

           Step           Time
            180      180.00000

   Energies (kJ/mol)
           Bond          Angle Ryckaert-Bell.  Improper Dih.          LJ-14
    3.65874e+01    2.22745e+02   -1.05149e+00    5.96879e-02    3.60352e+02
     Coulomb-14        LJ (SR)   Coulomb (SR)      Potential Pressure (bar)
    4.85271e+02   -2.47907e+02   -1.32099e+03   -4.64929e+02    0.00000e+00

           Step           Time
            181      181.00000

   Energies (kJ/mol)
           Bond          Angle Ryckaert-Bell.  Improper Dih.          LJ-14
    3.33430e+01    2.25403e+02   -1.05215e+00    5.89474e-02    3.60602e+02
     Coulomb-14        LJ (SR)   Coulomb (SR)      Potential Pressure (bar)
    4.85364e+02   -2.47881e+02   -1.32111e+03   -4.65278e+02    0.00000e+00

           Step           Time
            182      182.00000

           Step           Time
            183      183.00000

   Energies (kJ/mol)
           Bond          Angle Ryckaert-Bell.  Improper Dih.          LJ-14
    3.50597e+01    2.23834e+02   -1.05274e+00    5.83261e-02    3.60250e+02
     Coulomb-14        LJ (SR)   Coulomb (SR)      Potential Pressure (bar)
    4.85270e+02   -2.47993e+02   -1.32097e+03   -4.65546e+02    0.00000e+00

           Step           Time
            184      184.00000

   Energies (kJ/mol)
           Bond          Angle Ryckaert-Bell.  Improper Dih.          LJ-14
    3.30755e+01    2.25741e+02   -1.05409e+00    5.68580e-02    3.60229e+02
     Coulomb-14        LJ (SR)   Coulomb (SR)      Potential Pressure (bar)
    4.85295e+02   -2.48066e+02   -1.32100e+03   -4.65721e+02    0.00000e+00

           Step           Time
            185      185.00000

   Energies (kJ/mol)
           Bond          Angle Ryckaert-Bell.  Improper Dih.          LJ-14
    3.56017e+01    2.23504e+02   -1.05487e+00    5.61362e-02    3.59758e+02
     Coulomb-14        LJ (SR)   Coulomb (SR)      Potential Pressure (bar)
    4.85165e+02   -2.48211e+02   -1.32080e+03   -4.65985e+02    0.00000e+00

           Step           Time
            186      186.00000

   Energies (kJ/mol)
           Bond          Angle Ryckaert-Bell.  Improper Dih.          LJ-14
    3.26181e+01    2.26335e+02   -1.05602e+00    5.50347e-02    3.59939e+02
     Coulomb-14        LJ (SR)   Coulomb (SR)      Potential Pressure (bar)
    4.85247e+02   -2.48221e+02   -1.32091e+03   -4.65997e+02    0.00000e+00

           Step           Time
            187      187.00000

   Energies (kJ/mol)
           Bond          Angle Ryckaert-Bell.  Improper Dih.          LJ-14
    3.63120e+01    2.23096e+02   -1.05678e+00    5.43004e-02    3.59314e+02
     Coulomb-14        LJ (SR)   Coulomb (SR)      Potential Pressure (bar)
    4.85070e+02   -2.48402e+02   -1.32065e+03   -4.66262e+02    0.00000e+00

           Step           Time
            188      188.00000

           Step           Time
            189      189.00000

   Energies (kJ/mol)
           Bond          Angle Ryckaert-Bell.  Improper Dih.          LJ-14
    3.37770e+01    2.25033e+02   -1.05727e+00    5.38042e-02    3.59500e+02
     Coulomb-14        LJ (SR)   Coulomb (SR)      Potential Pressure (bar)
    4.85140e+02   -2.48383e+02   -1.32075e+03   -4.66683e+02    0.00000e+00

DD  step 189 load imb.: force 51.5%

           Step           Time
            190      190.00000

   Energies (kJ/mol)
           Bond          Angle Ryckaert-Bell.  Improper Dih.          LJ-14
    3.61161e+01    2.23294e+02   -1.05907e+00    5.20865e-02    3.58875e+02
     Coulomb-14        LJ (SR)   Coulomb (SR)      Potential Pressure (bar)
    4.84986e+02   -2.48612e+02   -1.32051e+03   -4.66856e+02    0.00000e+00

           Step           Time
            191      191.00000

   Energies (kJ/mol)
           Bond          Angle Ryckaert-Bell.  Improper Dih.          LJ-14
    3.27549e+01    2.26168e+02   -1.05986e+00    5.13589e-02    3.59143e+02
     Coulomb-14        LJ (SR)   Coulomb (SR)      Potential Pressure (bar)
    4.85088e+02   -2.48584e+02   -1.32065e+03   -4.67085e+02    0.00000e+00

           Step           Time
            192      192.00000

           Step           Time
            193      193.00000

   Energies (kJ/mol)
           Bond          Angle Ryckaert-Bell.  Improper Dih.          LJ-14
    3.45193e+01    2.24445e+02   -1.06036e+00    5.08879e-02    3.58799e+02
     Coulomb-14        LJ (SR)   Coulomb (SR)      Potential Pressure (bar)
    4.84993e+02   -2.48687e+02   -1.32050e+03   -4.67442e+02    0.00000e+00

           Step           Time
            194      194.00000

   Energies (kJ/mol)
           Bond          Angle Ryckaert-Bell.  Improper Dih.          LJ-14
    3.30066e+01    2.25885e+02   -1.06189e+00    4.94849e-02    3.58693e+02
     Coulomb-14        LJ (SR)   Coulomb (SR)      Potential Pressure (bar)
    4.84997e+02   -2.48782e+02   -1.32049e+03   -4.67706e+02    0.00000e+00

           Step           Time
            195      195.00000

   Energies (kJ/mol)
           Bond          Angle Ryckaert-Bell.  Improper Dih.          LJ-14
    3.58414e+01    2.23566e+02   -1.06292e+00    4.86733e-02    3.58167e+02
     Coulomb-14        LJ (SR)   Coulomb (SR)      Potential Pressure (bar)
    4.84854e+02   -2.48948e+02   -1.32027e+03   -4.67807e+02    0.00000e+00

           Step           Time
            196      196.00000

   Energies (kJ/mol)
           Bond          Angle Ryckaert-Bell.  Improper Dih.          LJ-14
    3.25005e+01    2.26491e+02   -1.06369e+00    4.79766e-02    3.58433e+02
     Coulomb-14        LJ (SR)   Coulomb (SR)      Potential Pressure (bar)
    4.84956e+02   -2.48921e+02   -1.32041e+03   -4.67970e+02    0.00000e+00

           Step           Time
            197      197.00000

           Step           Time
            198      198.00000

   Energies (kJ/mol)
           Bond          Angle Ryckaert-Bell.  Improper Dih.          LJ-14
    3.42479e+01    2.24739e+02   -1.06414e+00    4.76182e-02    3.58095e+02
     Coulomb-14        LJ (SR)   Coulomb (SR)      Potential Pressure (bar)
    4.84863e+02   -2.49021e+02   -1.32027e+03   -4.68364e+02    0.00000e+00

           Step           Time
            199      199.00000

   Energies (kJ/mol)
           Bond          Angle Ryckaert-Bell.  Improper Dih.          LJ-14
    3.30524e+01    2.25860e+02   -1.06576e+00    4.62439e-02    3.57937e+02
     Coulomb-14        LJ (SR)   Coulomb (SR)      Potential Pressure (bar)
    4.84851e+02   -2.49131e+02   -1.32024e+03   -4.68687e+02    0.00000e+00

DD  step 199 load imb.: force 47.6%

           Step           Time
            200      200.00000

DD  step 199 load imb.: force 46.2%

           Step           Time
            201      201.00000

   Energies (kJ/mol)
           Bond          Angle Ryckaert-Bell.  Improper Dih.          LJ-14
    3.44084e+01    2.24651e+02   -1.06644e+00    4.57499e-02    3.57644e+02
     Coulomb-14        LJ (SR)   Coulomb (SR)      Potential Pressure (bar)
    4.84773e+02   -2.49226e+02   -1.32012e+03   -4.68887e+02    0.00000e+00

           Step           Time
            202      202.00000

   Energies (kJ/mol)
           Bond          Angle Ryckaert-Bell.  Improper Dih.          LJ-14
    3.28477e+01    2.26093e+02   -1.06772e+00    4.48198e-02    3.57620e+02
     Coulomb-14        LJ (SR)   Coulomb (SR)      Potential Pressure (bar)
    4.84794e+02   -2.49282e+02   -1.32013e+03   -4.69084e+02    0.00000e+00

           Step           Time
            203      203.00000

   Energies (kJ/mol)
           Bond          Angle Ryckaert-Bell.  Improper Dih.          LJ-14
    3.48647e+01    2.24349e+02   -1.06845e+00    4.42359e-02    3.57225e+02
     Coulomb-14        LJ (SR)   Coulomb (SR)      Potential Pressure (bar)
    4.84688e+02   -2.49407e+02   -1.31997e+03   -4.69275e+02    0.00000e+00

           Step           Time
            204      204.00000

   Energies (kJ/mol)
           Bond          Angle Ryckaert-Bell.  Improper Dih.          LJ-14
    3.24494e+01    2.26552e+02   -1.06952e+00    4.34954e-02    3.57360e+02
     Coulomb-14        LJ (SR)   Coulomb (SR)      Potential Pressure (bar)
    4.84752e+02   -2.49416e+02   -1.32005e+03   -4.69381e+02    0.00000e+00

           Step           Time
            205      205.00000

   Energies (kJ/mol)
           Bond          Angle Ryckaert-Bell.  Improper Dih.          LJ-14
    3.53563e+01    2.24045e+02   -1.07026e+00    4.29331e-02    3.56853e+02
     Coulomb-14        LJ (SR)   Coulomb (SR)      Potential Pressure (bar)
    4.84611e+02   -2.49568e+02   -1.31984e+03   -4.69566e+02    0.00000e+00

           Step           Time
            206      206.00000

           Step           Time
            207      207.00000

   Energies (kJ/mol)
           Bond          Angle Ryckaert-Bell.  Improper Dih.          LJ-14
    3.34021e+01    2.25558e+02   -1.07077e+00    4.25971e-02    3.56989e+02
     Coulomb-14        LJ (SR)   Coulomb (SR)      Potential Pressure (bar)
    4.84666e+02   -2.49555e+02   -1.31991e+03   -4.69879e+02    0.00000e+00

           Step           Time
            208      208.00000

   Energies (kJ/mol)
           Bond          Angle Ryckaert-Bell.  Improper Dih.          LJ-14
    3.46611e+01    2.24559e+02   -1.07231e+00    4.14843e-02    3.56555e+02
     Coulomb-14        LJ (SR)   Coulomb (SR)      Potential Pressure (bar)
    4.84567e+02   -2.49719e+02   -1.31975e+03   -4.70154e+02    0.00000e+00

           Step           Time
            209      209.00000

   Energies (kJ/mol)
           Bond          Angle Ryckaert-Bell.  Improper Dih.          LJ-14
    3.21893e+01    2.26864e+02   -1.07341e+00    4.07417e-02    3.56692e+02
     Coulomb-14        LJ (SR)   Coulomb (SR)      Potential Pressure (bar)
    4.84633e+02   -2.49730e+02   -1.31983e+03   -4.70214e+02    0.00000e+00

DD  step 209 load imb.: force 45.4%

           Step           Time
            210      210.00000

   Energies (kJ/mol)
           Bond          Angle Ryckaert-Bell.  Improper Dih.          LJ-14
    3.51979e+01    2.24218e+02   -1.07416e+00    4.02704e-02    3.56178e+02
     Coulomb-14        LJ (SR)   Coulomb (SR)      Potential Pressure (bar)
    4.84490e+02   -2.49880e+02   -1.31961e+03   -4.70440e+02    0.00000e+00

           Step           Time
            211      211.00000

           Step           Time
            212      212.00000

   Energies (kJ/mol)
           Bond          Angle Ryckaert-Bell.  Improper Dih.          LJ-14
    3.31723e+01    2.25802e+02   -1.07482e+00    3.99468e-02    3.56322e+02
     Coulomb-14        LJ (SR)   Coulomb (SR)      Potential Pressure (bar)
    4.84546e+02   -2.49866e+02   -1.31969e+03   -4.70746e+02    0.00000e+00

           Step           Time
            213      213.00000

   Energies (kJ/mol)
           Bond          Angle Ryckaert-Bell.  Improper Dih.          LJ-14
    3.49480e+01    2.24415e+02   -1.07636e+00    3.89065e-02    3.55826e+02
     Coulomb-14        LJ (SR)   Coulomb (SR)      Potential Pressure (bar)
    4.84430e+02   -2.50046e+02   -1.31949e+03   -4.70957e+02    0.00000e+00

           Step           Time
            214      214.00000

   Energies (kJ/mol)
           Bond          Angle Ryckaert-Bell.  Improper Dih.          LJ-14
    3.22796e+01    2.26740e+02   -1.07731e+00    3.84036e-02    3.56020e+02
     Coulomb-14        LJ (SR)   Coulomb (SR)      Potential Pressure (bar)
    4.84508e+02   -2.50030e+02   -1.31960e+03   -4.71120e+02    0.00000e+00

           Step           Time
            215      215.00000

   Energies (kJ/mol)
           Bond          Angle Ryckaert-Bell.  Improper Dih.          LJ-14
    3.55902e+01    2.24033e+02   -1.07817e+00    3.78340e-02    3.55463e+02
     Coulomb-14        LJ (SR)   Coulomb (SR)      Potential Pressure (bar)
    4.84355e+02   -2.50197e+02   -1.31936e+03   -4.71156e+02    0.00000e+00

           Step           Time
            216      216.00000

   Energies (kJ/mol)
           Bond          Angle Ryckaert-Bell.  Improper Dih.          LJ-14
    3.17607e+01    2.27382e+02   -1.07902e+00    3.73345e-02    3.55807e+02
     Coulomb-14        LJ (SR)   Coulomb (SR)      Potential Pressure (bar)
    4.84481e+02   -2.50146e+02   -1.31953e+03   -4.71291e+02    0.00000e+00

           Step           Time
            217      217.00000

           Step           Time
            218      218.00000

   Energies (kJ/mol)
           Bond          Angle Ryckaert-Bell.  Improper Dih.          LJ-14
    3.37582e+01    2.25320e+02   -1.07940e+00    3.70550e-02    3.55440e+02
     Coulomb-14        LJ (SR)   Coulomb (SR)      Potential Pressure (bar)
    4.84378e+02   -2.50249e+02   -1.31938e+03   -4.71771e+02    0.00000e+00

           Step           Time
            219      219.00000

   Energies (kJ/mol)
           Bond          Angle Ryckaert-Bell.  Improper Dih.          LJ-14
    3.20011e+01    2.27043e+02   -1.08133e+00    3.58509e-02    3.55323e+02
     Coulomb-14        LJ (SR)   Coulomb (SR)      Potential Pressure (bar)
    4.84389e+02   -2.50355e+02   -1.31936e+03   -4.72005e+02    0.00000e+00

DD  step 219 load imb.: force 56.2%

           Step           Time
            220      220.00000

   Energies (kJ/mol)
           Bond          Angle Ryckaert-Bell.  Improper Dih.          LJ-14
    3.52917e+01    2.24274e+02   -1.08232e+00    3.53750e-02    3.54780e+02
     Coulomb-14        LJ (SR)   Coulomb (SR)      Potential Pressure (bar)
    4.84238e+02   -2.50513e+02   -1.31913e+03   -4.72105e+02    0.00000e+00

           Step           Time
            221      221.00000

   Energies (kJ/mol)
           Bond          Angle Ryckaert-Bell.  Improper Dih.          LJ-14
    3.14821e+01    2.27718e+02   -1.08312e+00    3.48840e-02    3.55126e+02
     Coulomb-14        LJ (SR)   Coulomb (SR)      Potential Pressure (bar)
    4.84367e+02   -2.50462e+02   -1.31931e+03   -4.72123e+02    0.00000e+00

           Step           Time
            222      222.00000

   Energies (kJ/mol)
           Bond          Angle Ryckaert-Bell.  Improper Dih.          LJ-14
    3.62931e+01    2.23719e+02   -1.08398e+00    3.44404e-02    3.54404e+02
     Coulomb-14        LJ (SR)   Coulomb (SR)      Potential Pressure (bar)
    4.84158e+02   -2.50663e+02   -1.31899e+03   -4.72126e+02    0.00000e+00

           Step           Time
            223      223.00000

           Step           Time
            224      224.00000

   Energies (kJ/mol)
           Bond          Angle Ryckaert-Bell.  Improper Dih.          LJ-14
    3.29464e+01    2.26038e+02   -1.08439e+00    3.41964e-02    3.54683e+02
     Coulomb-14        LJ (SR)   Coulomb (SR)      Potential Pressure (bar)
    4.84258e+02   -2.50612e+02   -1.31913e+03   -4.72863e+02    0.00000e+00

           Step           Time
            225      225.00000

   Energies (kJ/mol)
           Bond          Angle Ryckaert-Bell.  Improper Dih.          LJ-14
    3.50549e+01    2.24473e+02   -1.08694e+00    3.27962e-02    3.54008e+02
     Coulomb-14        LJ (SR)   Coulomb (SR)      Potential Pressure (bar)
    4.84105e+02   -2.50864e+02   -1.31886e+03   -4.73141e+02    0.00000e+00

           Step           Time
            226      226.00000

           Step           Time
            227      227.00000

   Energies (kJ/mol)
           Bond          Angle Ryckaert-Bell.  Improper Dih.          LJ-14
    3.27841e+01    2.26188e+02   -1.08750e+00    3.25624e-02    3.54184e+02
     Coulomb-14        LJ (SR)   Coulomb (SR)      Potential Pressure (bar)
    4.84174e+02   -2.50838e+02   -1.31895e+03   -4.73517e+02    0.00000e+00

           Step           Time
            228      228.00000

   Energies (kJ/mol)
           Bond          Angle Ryckaert-Bell.  Improper Dih.          LJ-14
    3.46421e+01    2.24755e+02   -1.08939e+00    3.16248e-02    3.53656e+02
     Coulomb-14        LJ (SR)   Coulomb (SR)      Potential Pressure (bar)
    4.84051e+02   -2.51030e+02   -1.31874e+03   -4.73728e+02    0.00000e+00

           Step           Time
            229      229.00000

   Energies (kJ/mol)
           Bond          Angle Ryckaert-Bell.  Improper Dih.          LJ-14
    3.17188e+01    2.27307e+02   -1.09024e+00    3.12289e-02    3.53892e+02
     Coulomb-14        LJ (SR)   Coulomb (SR)      Potential Pressure (bar)
    4.84144e+02   -2.51001e+02   -1.31887e+03   -4.73869e+02    0.00000e+00

DD  step 229 load imb.: force 45.4%

           Step           Time
            230      230.00000

DD  step 229 load imb.: force 36.7%

           Step           Time
            231      231.00000

   Energies (kJ/mol)
           Bond          Angle Ryckaert-Bell.  Improper Dih.          LJ-14
    3.32880e+01    2.25751e+02   -1.09073e+00    3.10238e-02    3.53601e+02
     Coulomb-14        LJ (SR)   Coulomb (SR)      Potential Pressure (bar)
    4.84063e+02   -2.51084e+02   -1.31874e+03   -4.74185e+02    0.00000e+00

           Step           Time
            232      232.00000

   Energies (kJ/mol)
           Bond          Angle Ryckaert-Bell.  Improper Dih.          LJ-14
    3.21276e+01    2.26815e+02   -1.09223e+00    3.02554e-02    3.53483e+02
     Coulomb-14        LJ (SR)   Coulomb (SR)      Potential Pressure (bar)
    4.84065e+02   -2.51168e+02   -1.31872e+03   -4.74459e+02    0.00000e+00

           Step           Time
            233      233.00000

   Energies (kJ/mol)
           Bond          Angle Ryckaert-Bell.  Improper Dih.          LJ-14
    3.47408e+01    2.24714e+02   -1.09344e+00    2.97850e-02    3.53007e+02
     Coulomb-14        LJ (SR)   Coulomb (SR)      Potential Pressure (bar)
    4.83938e+02   -2.51315e+02   -1.31852e+03   -4.74495e+02    0.00000e+00

           Step           Time
            234      234.00000

   Energies (kJ/mol)
           Bond          Angle Ryckaert-Bell.  Improper Dih.          LJ-14
    3.16378e+01    2.27350e+02   -1.09417e+00    2.94587e-02    3.53275e+02
     Coulomb-14        LJ (SR)   Coulomb (SR)      Potential Pressure (bar)
    4.84041e+02   -2.51275e+02   -1.31866e+03   -4.74691e+02    0.00000e+00

           Step           Time
            235      235.00000

           Step           Time
            236      236.00000

   Energies (kJ/mol)
           Bond          Angle Ryckaert-Bell.  Improper Dih.          LJ-14
    3.32818e+01    2.25748e+02   -1.09466e+00    2.92618e-02    3.52975e+02
     Coulomb-14        LJ (SR)   Coulomb (SR)      Potential Pressure (bar)
    4.83958e+02   -2.51361e+02   -1.31852e+03   -4.74988e+02    0.00000e+00

           Step           Time
            237      237.00000

   Energies (kJ/mol)
           Bond          Angle Ryckaert-Bell.  Improper Dih.          LJ-14
    3.15957e+01    2.27367e+02   -1.09617e+00    2.85013e-02    3.52923e+02
     Coulomb-14        LJ (SR)   Coulomb (SR)      Potential Pressure (bar)
    4.83983e+02   -2.51429e+02   -1.31853e+03   -4.75161e+02    0.00000e+00

           Step           Time
            238      238.00000

   Energies (kJ/mol)
           Bond          Angle Ryckaert-Bell.  Improper Dih.          LJ-14
    3.41300e+01    2.25124e+02   -1.09704e+00    2.82041e-02    3.52493e+02
     Coulomb-14        LJ (SR)   Coulomb (SR)      Potential Pressure (bar)
    4.83863e+02   -2.51554e+02   -1.31834e+03   -4.75357e+02    0.00000e+00

           Step           Time
            239      239.00000

           Step           Time
            240      240.00000

   Energies (kJ/mol)
           Bond          Angle Ryckaert-Bell.  Improper Dih.          LJ-14
    3.24514e+01    2.26456e+02   -1.09762e+00    2.80117e-02    3.52612e+02
     Coulomb-14        LJ (SR)   Coulomb (SR)      Potential Pressure (bar)
    4.83912e+02   -2.51541e+02   -1.31841e+03   -4.75589e+02    0.00000e+00

           Step           Time
            241      241.00000

   Energies (kJ/mol)
           Bond          Angle Ryckaert-Bell.  Improper Dih.          LJ-14
    3.40039e+01    2.25213e+02   -1.09898e+00    2.73953e-02    3.52189e+02
     Coulomb-14        LJ (SR)   Coulomb (SR)      Potential Pressure (bar)
    4.83813e+02   -2.51690e+02   -1.31824e+03   -4.75783e+02    0.00000e+00

           Step           Time
            242      242.00000

   Energies (kJ/mol)
           Bond          Angle Ryckaert-Bell.  Improper Dih.          LJ-14
    3.17252e+01    2.27172e+02   -1.09981e+00    2.71027e-02    3.52359e+02
     Coulomb-14        LJ (SR)   Coulomb (SR)      Potential Pressure (bar)
    4.83884e+02   -2.51672e+02   -1.31833e+03   -4.75937e+02    0.00000e+00

           Step           Time
            243      243.00000

   Energies (kJ/mol)
           Bond          Angle Ryckaert-Bell.  Improper Dih.          LJ-14
    3.44715e+01    2.24901e+02   -1.10067e+00    2.67595e-02    3.51894e+02
     Coulomb-14        LJ (SR)   Coulomb (SR)      Potential Pressure (bar)
    4.83757e+02   -2.51811e+02   -1.31813e+03   -4.75991e+02    0.00000e+00

           Step           Time
            244      244.00000

   Energies (kJ/mol)
           Bond          Angle Ryckaert-Bell.  Improper Dih.          LJ-14
    3.12340e+01    2.27734e+02   -1.10143e+00    2.64551e-02    3.52181e+02
     Coulomb-14        LJ (SR)   Coulomb (SR)      Potential Pressure (bar)
    4.83866e+02   -2.51765e+02   -1.31828e+03   -4.76104e+02    0.00000e+00

           Step           Time
            245      245.00000

           Step           Time
            246      246.00000

   Energies (kJ/mol)
           Bond          Angle Ryckaert-Bell.  Improper Dih.          LJ-14
    3.29380e+01    2.26003e+02   -1.10198e+00    2.63198e-02    3.51874e+02
     Coulomb-14        LJ (SR)   Coulomb (SR)      Potential Pressure (bar)
    4.83778e+02   -2.51851e+02   -1.31814e+03   -4.76477e+02    0.00000e+00

           Step           Time
            247      247.00000

   Energies (kJ/mol)
           Bond          Angle Ryckaert-Bell.  Improper Dih.          LJ-14
    3.16100e+01    2.27242e+02   -1.10385e+00    2.55953e-02    3.51753e+02
     Coulomb-14        LJ (SR)   Coulomb (SR)      Potential Pressure (bar)
    4.83788e+02   -2.51938e+02   -1.31812e+03   -4.76746e+02    0.00000e+00

           Step           Time
            248      248.00000

   Energies (kJ/mol)
           Bond          Angle Ryckaert-Bell.  Improper Dih.          LJ-14
    3.44646e+01    2.24902e+02   -1.10481e+00    2.52844e-02    3.51276e+02
     Coulomb-14        LJ (SR)   Coulomb (SR)      Potential Pressure (bar)
    4.83658e+02   -2.52078e+02   -1.31791e+03   -4.76771e+02    0.00000e+00

           Step           Time
            249      249.00000

   Energies (kJ/mol)
           Bond          Angle Ryckaert-Bell.  Improper Dih.          LJ-14
    3.11143e+01    2.27808e+02   -1.10548e+00    2.50058e-02    3.51579e+02
     Coulomb-14        LJ (SR)   Coulomb (SR)      Potential Pressure (bar)
    4.83772e+02   -2.52028e+02   -1.31807e+03   -4.76906e+02    0.00000e+00

DD  step 249 load imb.: force 48.5%

           Step           Time
            250      250.00000

DD  step 249 load imb.: force 56.2%

           Step           Time
            251      251.00000

   Energies (kJ/mol)
           Bond          Angle Ryckaert-Bell.  Improper Dih.          LJ-14
    3.28723e+01    2.26030e+02   -1.10601e+00    2.48697e-02    3.51266e+02
     Coulomb-14        LJ (SR)   Coulomb (SR)      Potential Pressure (bar)
    4.83683e+02   -2.52115e+02   -1.31793e+03   -4.77277e+02    0.00000e+00

           Step           Time
            252      252.00000

   Energies (kJ/mol)
           Bond          Angle Ryckaert-Bell.  Improper Dih.          LJ-14
    3.12430e+01    2.27598e+02   -1.10786e+00    2.41443e-02    3.51182e+02
     Coulomb-14        LJ (SR)   Coulomb (SR)      Potential Pressure (bar)
    4.83705e+02   -2.52195e+02   -1.31793e+03   -4.77480e+02    0.00000e+00

           Step           Time
            253      253.00000

   Energies (kJ/mol)
           Bond          Angle Ryckaert-Bell.  Improper Dih.          LJ-14
    3.40583e+01    2.25150e+02   -1.10876e+00    2.39268e-02    3.50725e+02
     Coulomb-14        LJ (SR)   Coulomb (SR)      Potential Pressure (bar)
    4.83577e+02   -2.52324e+02   -1.31773e+03   -4.77624e+02    0.00000e+00

           Step           Time
            254      254.00000

           Step           Time
            255      255.00000

   Energies (kJ/mol)
           Bond          Angle Ryckaert-Bell.  Improper Dih.          LJ-14
    3.21751e+01    2.26596e+02   -1.10925e+00    2.37872e-02    3.50873e+02
     Coulomb-14        LJ (SR)   Coulomb (SR)      Potential Pressure (bar)
    4.83635e+02   -2.52301e+02   -1.31780e+03   -4.77911e+02    0.00000e+00

           Step           Time
            256      256.00000

   Energies (kJ/mol)
           Bond          Angle Ryckaert-Bell.  Improper Dih.          LJ-14
    3.36865e+01    2.25386e+02   -1.11077e+00    2.32272e-02    3.50433e+02
     Coulomb-14        LJ (SR)   Coulomb (SR)      Potential Pressure (bar)
    4.83537e+02   -2.52457e+02   -1.31763e+03   -4.78129e+02    0.00000e+00

           Step           Time
            257      257.00000

   Energies (kJ/mol)
           Bond          Angle Ryckaert-Bell.  Improper Dih.          LJ-14
    3.12065e+01    2.27565e+02   -1.11169e+00    2.29620e-02    3.50630e+02
     Coulomb-14        LJ (SR)   Coulomb (SR)      Potential Pressure (bar)
    4.83620e+02   -2.52431e+02   -1.31774e+03   -4.78235e+02    0.00000e+00

           Step           Time
            258      258.00000

   Energies (kJ/mol)
           Bond          Angle Ryckaert-Bell.  Improper Dih.          LJ-14
    3.42441e+01    2.25011e+02   -1.11248e+00    2.27214e-02    3.50147e+02
     Coulomb-14        LJ (SR)   Coulomb (SR)      Potential Pressure (bar)
    4.83485e+02   -2.52569e+02   -1.31752e+03   -4.78292e+02    0.00000e+00

           Step           Time
            259      259.00000

   Energies (kJ/mol)
           Bond          Angle Ryckaert-Bell.  Improper Dih.          LJ-14
    3.07121e+01    2.28168e+02   -1.11323e+00    2.24750e-02    3.50476e+02
     Coulomb-14        LJ (SR)   Coulomb (SR)      Potential Pressure (bar)
    4.83611e+02   -2.52512e+02   -1.31769e+03   -4.78328e+02    0.00000e+00

DD  step 259 load imb.: force 43.7%

           Step           Time
            260      260.00000

DD  step 259 load imb.: force 43.0%

           Step           Time
            261      261.00000

   Energies (kJ/mol)
           Bond          Angle Ryckaert-Bell.  Improper Dih.          LJ-14
    3.25340e+01    2.26228e+02   -1.11370e+00    2.23681e-02    3.50156e+02
     Coulomb-14        LJ (SR)   Coulomb (SR)      Potential Pressure (bar)
    4.83517e+02   -2.52598e+02   -1.31755e+03   -4.78802e+02    0.00000e+00

           Step           Time
            262      262.00000

   Energies (kJ/mol)
           Bond          Angle Ryckaert-Bell.  Improper Dih.          LJ-14
    3.13511e+01    2.27312e+02   -1.11595e+00    2.17040e-02    3.49986e+02
     Coulomb-14        LJ (SR)   Coulomb (SR)      Potential Pressure (bar)
    4.83516e+02   -2.52700e+02   -1.31750e+03   -4.79133e+02    0.00000e+00

           Step           Time
            263      263.00000

           Step           Time
            264      264.00000

   Energies (kJ/mol)
           Bond          Angle Ryckaert-Bell.  Improper Dih.          LJ-14
    3.27324e+01    2.26034e+02   -1.11656e+00    2.15599e-02    3.49732e+02
     Coulomb-14        LJ (SR)   Coulomb (SR)      Potential Pressure (bar)
    4.83447e+02   -2.52775e+02   -1.31739e+03   -4.79318e+02    0.00000e+00

           Step           Time
            265      265.00000

   Energies (kJ/mol)
           Bond          Angle Ryckaert-Bell.  Improper Dih.          LJ-14
    3.10671e+01    2.27597e+02   -1.11788e+00    2.11665e-02    3.49755e+02
     Coulomb-14        LJ (SR)   Coulomb (SR)      Potential Pressure (bar)
    4.83490e+02   -2.52805e+02   -1.31743e+03   -4.79422e+02    0.00000e+00

           Step           Time
            266      266.00000

   Energies (kJ/mol)
           Bond          Angle Ryckaert-Bell.  Improper Dih.          LJ-14
    3.30685e+01    2.25754e+02   -1.11854e+00    2.10119e-02    3.49416e+02
     Coulomb-14        LJ (SR)   Coulomb (SR)      Potential Pressure (bar)
    4.83395e+02   -2.52901e+02   -1.31728e+03   -4.79643e+02    0.00000e+00

           Step           Time
            267      267.00000

           Step           Time
            268      268.00000

   Energies (kJ/mol)
           Bond          Angle Ryckaert-Bell.  Improper Dih.          LJ-14
    3.17479e+01    2.26849e+02   -1.11917e+00    2.08578e-02    3.49493e+02
     Coulomb-14        LJ (SR)   Coulomb (SR)      Potential Pressure (bar)
    4.83434e+02   -2.52896e+02   -1.31732e+03   -4.79796e+02    0.00000e+00

           Step           Time
            269      269.00000

   Energies (kJ/mol)
           Bond          Angle Ryckaert-Bell.  Improper Dih.          LJ-14
    3.33364e+01    2.25544e+02   -1.12026e+00    2.05451e-02    3.49141e+02
     Coulomb-14        LJ (SR)   Coulomb (SR)      Potential Pressure (bar)
    4.83349e+02   -2.53011e+02   -1.31718e+03   -4.79918e+02    0.00000e+00

DD  step 269 load imb.: force 49.8%

           Step           Time
            270      270.00000

   Energies (kJ/mol)
           Bond          Angle Ryckaert-Bell.  Improper Dih.          LJ-14
    3.14088e+01    2.27154e+02   -1.12090e+00    2.03843e-02    3.49285e+02
     Coulomb-14        LJ (SR)   Coulomb (SR)      Potential Pressure (bar)
    4.83412e+02   -2.52993e+02   -1.31726e+03   -4.80090e+02    0.00000e+00

           Step           Time
            271      271.00000

   Energies (kJ/mol)
           Bond          Angle Ryckaert-Bell.  Improper Dih.          LJ-14
    3.37000e+01    2.25283e+02   -1.12194e+00    2.01434e-02    3.48879e+02
     Coulomb-14        LJ (SR)   Coulomb (SR)      Potential Pressure (bar)
    4.83305e+02   -2.53114e+02   -1.31708e+03   -4.80129e+02    0.00000e+00

           Step           Time
            272      272.00000

   Energies (kJ/mol)
           Bond          Angle Ryckaert-Bell.  Improper Dih.          LJ-14
    3.09704e+01    2.27603e+02   -1.12256e+00    1.99729e-02    3.49116e+02
     Coulomb-14        LJ (SR)   Coulomb (SR)      Potential Pressure (bar)
    4.83397e+02   -2.53075e+02   -1.31721e+03   -4.80296e+02    0.00000e+00

           Step           Time
            273      273.00000

           Step           Time
            274      274.00000

   Energies (kJ/mol)
           Bond          Angle Ryckaert-Bell.  Improper Dih.          LJ-14
    3.24314e+01    2.26183e+02   -1.12297e+00    1.98557e-02    3.48861e+02
     Coulomb-14        LJ (SR)   Coulomb (SR)      Potential Pressure (bar)
    4.83325e+02   -2.53147e+02   -1.31709e+03   -4.80540e+02    0.00000e+00

           Step           Time
            275      275.00000

   Energies (kJ/mol)
           Bond          Angle Ryckaert-Bell.  Improper Dih.          LJ-14
    3.08454e+01    2.27698e+02   -1.12470e+00    1.93957e-02    3.48821e+02
     Coulomb-14        LJ (SR)   Coulomb (SR)      Potential Pressure (bar)
    4.83357e+02   -2.53201e+02   -1.31710e+03   -4.80689e+02    0.00000e+00

           Step           Time
            276      276.00000

   Energies (kJ/mol)
           Bond          Angle Ryckaert-Bell.  Improper Dih.          LJ-14
    3.30414e+01    2.25689e+02   -1.12526e+00    1.92515e-02    3.48462e+02
     Coulomb-14        LJ (SR)   Coulomb (SR)      Potential Pressure (bar)
    4.83255e+02   -2.53302e+02   -1.31694e+03   -4.80902e+02    0.00000e+00

           Step           Time
            277      277.00000

           Step           Time
            278      278.00000

   Energies (kJ/mol)
           Bond          Angle Ryckaert-Bell.  Improper Dih.          LJ-14
    3.15849e+01    2.26881e+02   -1.12588e+00    1.91247e-02    3.48561e+02
     Coulomb-14        LJ (SR)   Coulomb (SR)      Potential Pressure (bar)
    4.83299e+02   -2.53291e+02   -1.31700e+03   -4.81071e+02    0.00000e+00

           Step           Time
            279      279.00000

   Energies (kJ/mol)
           Bond          Angle Ryckaert-Bell.  Improper Dih.          LJ-14
    3.33176e+01    2.25474e+02   -1.12703e+00    1.88379e-02    3.48186e+02
     Coulomb-14        LJ (SR)   Coulomb (SR)      Potential Pressure (bar)
    4.83211e+02   -2.53411e+02   -1.31684e+03   -4.81173e+02    0.00000e+00

DD  step 279 load imb.: force 41.5%

           Step           Time
            280      280.00000

   Energies (kJ/mol)
           Bond          Angle Ryckaert-Bell.  Improper Dih.          LJ-14
    3.12283e+01    2.27198e+02   -1.12763e+00    1.87055e-02    3.48353e+02
     Coulomb-14        LJ (SR)   Coulomb (SR)      Potential Pressure (bar)
    4.83280e+02   -2.53385e+02   -1.31693e+03   -4.81368e+02    0.00000e+00

           Step           Time
            281      281.00000

           Step           Time
            282      282.00000

   Energies (kJ/mol)
           Bond          Angle Ryckaert-Bell.  Improper Dih.          LJ-14
    3.23615e+01    2.26160e+02   -1.12827e+00    1.85958e-02    3.48138e+02
     Coulomb-14        LJ (SR)   Coulomb (SR)      Potential Pressure (bar)
    4.83222e+02   -2.53449e+02   -1.31684e+03   -4.81517e+02    0.00000e+00

           Step           Time
            283      283.00000

   Energies (kJ/mol)
           Bond          Angle Ryckaert-Bell.  Improper Dih.          LJ-14
    3.10013e+01    2.27402e+02   -1.12929e+00    1.83158e-02    3.48142e+02
     Coulomb-14        LJ (SR)   Coulomb (SR)      Potential Pressure (bar)
    4.83255e+02   -2.53478e+02   -1.31686e+03   -4.81652e+02    0.00000e+00

           Step           Time
            284      284.00000

   Energies (kJ/mol)
           Bond          Angle Ryckaert-Bell.  Improper Dih.          LJ-14
    3.26709e+01    2.25890e+02   -1.12994e+00    1.81894e-02    3.47853e+02
     Coulomb-14        LJ (SR)   Coulomb (SR)      Potential Pressure (bar)
    4.83176e+02   -2.53561e+02   -1.31673e+03   -4.81818e+02    0.00000e+00

           Step           Time
            285      285.00000

   Energies (kJ/mol)
           Bond          Angle Ryckaert-Bell.  Improper Dih.          LJ-14
    3.06754e+01    2.27739e+02   -1.13102e+00    1.79721e-02    3.47973e+02
     Coulomb-14        LJ (SR)   Coulomb (SR)      Potential Pressure (bar)
    4.83243e+02   -2.53556e+02   -1.31681e+03   -4.81850e+02    0.00000e+00

           Step           Time
            286      286.00000

   Energies (kJ/mol)
           Bond          Angle Ryckaert-Bell.  Improper Dih.          LJ-14
    3.30848e+01    2.25566e+02   -1.13160e+00    1.78398e-02    3.47589e+02
     Coulomb-14        LJ (SR)   Coulomb (SR)      Potential Pressure (bar)
    4.83132e+02   -2.53662e+02   -1.31664e+03   -4.82040e+02    0.00000e+00

           Step           Time
            287      287.00000

           Step           Time
            288      288.00000

   Energies (kJ/mol)
           Bond          Angle Ryckaert-Bell.  Improper Dih.          LJ-14
    3.14768e+01    2.26850e+02   -1.13211e+00    1.77352e-02    3.47710e+02
     Coulomb-14        LJ (SR)   Coulomb (SR)      Potential Pressure (bar)
    4.83184e+02   -2.53644e+02   -1.31670e+03   -4.82240e+02    0.00000e+00

           Step           Time
            289      289.00000

   Energies (kJ/mol)
           Bond          Angle Ryckaert-Bell.  Improper Dih.          LJ-14
    3.33611e+01    2.25354e+02   -1.13341e+00    1.74284e-02    3.47293e+02
     Coulomb-14        LJ (SR)   Coulomb (SR)      Potential Pressure (bar)
    4.83087e+02   -2.53778e+02   -1.31653e+03   -4.82330e+02    0.00000e+00

DD  step 289 load imb.: force 45.9%

           Step           Time
            290      290.00000

   Energies (kJ/mol)
           Bond          Angle Ryckaert-Bell.  Improper Dih.          LJ-14
    3.11009e+01    2.27178e+02   -1.13401e+00    1.73161e-02    3.47485e+02
     Coulomb-14        LJ (SR)   Coulomb (SR)      Potential Pressure (bar)
    4.83163e+02   -2.53745e+02   -1.31663e+03   -4.82566e+02    0.00000e+00

           Step           Time
            291      291.00000

           Step           Time
            292      292.00000

   Energies (kJ/mol)
           Bond          Angle Ryckaert-Bell.  Improper Dih.          LJ-14
    3.23451e+01    2.26056e+02   -1.13462e+00    1.72062e-02    3.47252e+02
     Coulomb-14        LJ (SR)   Coulomb (SR)      Potential Pressure (bar)
    4.83103e+02   -2.53813e+02   -1.31653e+03   -4.82704e+02    0.00000e+00

           Step           Time
            293      293.00000

   Energies (kJ/mol)
           Bond          Angle Ryckaert-Bell.  Improper Dih.          LJ-14
    3.08570e+01    2.27401e+02   -1.13559e+00    1.69978e-02    3.47307e+02
     Coulomb-14        LJ (SR)   Coulomb (SR)      Potential Pressure (bar)
    4.83146e+02   -2.53823e+02   -1.31657e+03   -4.82804e+02    0.00000e+00

           Step           Time
            294      294.00000

   Energies (kJ/mol)
           Bond          Angle Ryckaert-Bell.  Improper Dih.          LJ-14
    3.26725e+01    2.25781e+02   -1.13617e+00    1.68816e-02    3.47001e+02
     Coulomb-14        LJ (SR)   Coulomb (SR)      Potential Pressure (bar)
    4.83062e+02   -2.53911e+02   -1.31644e+03   -4.82950e+02    0.00000e+00

           Step           Time
            295      295.00000

   Energies (kJ/mol)
           Bond          Angle Ryckaert-Bell.  Improper Dih.          LJ-14
    3.05509e+01    2.27714e+02   -1.13708e+00    1.67148e-02    3.47154e+02
     Coulomb-14        LJ (SR)   Coulomb (SR)      Potential Pressure (bar)
    4.83135e+02   -2.53893e+02   -1.31653e+03   -4.82986e+02    0.00000e+00

           Step           Time
            296      296.00000

   Energies (kJ/mol)
           Bond          Angle Ryckaert-Bell.  Improper Dih.          LJ-14
    3.31788e+01    2.25403e+02   -1.13774e+00    1.65979e-02    3.46746e+02
     Coulomb-14        LJ (SR)   Coulomb (SR)      Potential Pressure (bar)
    4.83018e+02   -2.54006e+02   -1.31634e+03   -4.83122e+02    0.00000e+00

           Step           Time
            297      297.00000

           Step           Time
            298      298.00000

   Energies (kJ/mol)
           Bond          Angle Ryckaert-Bell.  Improper Dih.          LJ-14
    3.14487e+01    2.26739e+02   -1.13816e+00    1.65243e-02    3.46883e+02
     Coulomb-14        LJ (SR)   Coulomb (SR)      Potential Pressure (bar)
    4.83074e+02   -2.53982e+02   -1.31642e+03   -4.83374e+02    0.00000e+00

           Step           Time
            299      299.00000

   Energies (kJ/mol)
           Bond          Angle Ryckaert-Bell.  Improper Dih.          LJ-14
    3.30858e+01    2.25423e+02   -1.13994e+00    1.61853e-02    3.46456e+02
     Coulomb-14        LJ (SR)   Coulomb (SR)      Potential Pressure (bar)
    4.82981e+02   -2.54124e+02   -1.31624e+03   -4.83542e+02    0.00000e+00

DD  step 299 load imb.: force 50.8%

           Step           Time
            300      300.00000

   Energies (kJ/mol)
           Bond          Angle Ryckaert-Bell.  Improper Dih.          LJ-14
    3.07057e+01    2.27427e+02   -1.14054e+00    1.60748e-02    3.46659e+02
     Coulomb-14        LJ (SR)   Coulomb (SR)      Potential Pressure (bar)
    4.83064e+02   -2.54089e+02   -1.31635e+03   -4.83706e+02    0.00000e+00

           Step           Time
            301      301.00000

           Step           Time
            302      302.00000

   Energies (kJ/mol)
           Bond          Angle Ryckaert-Bell.  Improper Dih.          LJ-14
    3.19935e+01    2.26201e+02   -1.14103e+00    1.59985e-02    3.46434e+02
     Coulomb-14        LJ (SR)   Coulomb (SR)      Potential Pressure (bar)
    4.83001e+02   -2.54152e+02   -1.31625e+03   -4.83896e+02    0.00000e+00

           Step           Time
            303      303.00000

   Energies (kJ/mol)
           Bond          Angle Ryckaert-Bell.  Improper Dih.          LJ-14
    3.04892e+01    2.27613e+02   -1.14252e+00    1.57223e-02    3.46422e+02
     Coulomb-14        LJ (SR)   Coulomb (SR)      Potential Pressure (bar)
    4.83039e+02   -2.54189e+02   -1.31627e+03   -4.84020e+02    0.00000e+00

           Step           Time
            304      304.00000

   Energies (kJ/mol)
           Bond          Angle Ryckaert-Bell.  Improper Dih.          LJ-14
    3.23501e+01    2.25875e+02   -1.14314e+00    1.56256e-02    3.46115e+02
     Coulomb-14        LJ (SR)   Coulomb (SR)      Potential Pressure (bar)
    4.82954e+02   -2.54273e+02   -1.31613e+03   -4.84234e+02    0.00000e+00

           Step           Time
            305      305.00000

           Step           Time
            306      306.00000

   Energies (kJ/mol)
           Bond          Angle Ryckaert-Bell.  Improper Dih.          LJ-14
    3.11353e+01    2.26892e+02   -1.14367e+00    1.55357e-02    3.46188e+02
     Coulomb-14        LJ (SR)   Coulomb (SR)      Potential Pressure (bar)
    4.82991e+02   -2.54267e+02   -1.31617e+03   -4.84363e+02    0.00000e+00

           Step           Time
            307      307.00000

   Energies (kJ/mol)
           Bond          Angle Ryckaert-Bell.  Improper Dih.          LJ-14
    3.25442e+01    2.25699e+02   -1.14456e+00    1.53863e-02    3.45900e+02
     Coulomb-14        LJ (SR)   Coulomb (SR)      Potential Pressure (bar)
    4.82922e+02   -2.54356e+02   -1.31605e+03   -4.84469e+02    0.00000e+00

           Step           Time
            308      308.00000

   Energies (kJ/mol)
           Bond          Angle Ryckaert-Bell.  Improper Dih.          LJ-14
    3.08351e+01    2.27148e+02   -1.14517e+00    1.52793e-02    3.46026e+02
     Coulomb-14        LJ (SR)   Coulomb (SR)      Potential Pressure (bar)
    4.82978e+02   -2.54338e+02   -1.31612e+03   -4.84603e+02    0.00000e+00

           Step           Time
            309      309.00000

   Energies (kJ/mol)
           Bond          Angle Ryckaert-Bell.  Improper Dih.          LJ-14
    3.28732e+01    2.25440e+02   -1.14602e+00    1.51420e-02    3.45679e+02
     Coulomb-14        LJ (SR)   Coulomb (SR)      Potential Pressure (bar)
    4.82887e+02   -2.54439e+02   -1.31597e+03   -4.84658e+02    0.00000e+00

DD  step 309 load imb.: force 51.8%

           Step           Time
            310      310.00000

   Energies (kJ/mol)
           Bond          Angle Ryckaert-Bell.  Improper Dih.          LJ-14
    3.04592e+01    2.27515e+02   -1.14668e+00    1.50376e-02    3.45886e+02
     Coulomb-14        LJ (SR)   Coulomb (SR)      Potential Pressure (bar)
    4.82972e+02   -2.54402e+02   -1.31608e+03   -4.84780e+02    0.00000e+00

           Step           Time
            311      311.00000

           Step           Time
            312      312.00000

   Energies (kJ/mol)
           Bond          Angle Ryckaert-Bell.  Improper Dih.          LJ-14
    3.17752e+01    2.26230e+02   -1.14707e+00    1.49785e-02    3.45660e+02
     Coulomb-14        LJ (SR)   Coulomb (SR)      Potential Pressure (bar)
    4.82909e+02   -2.54464e+02   -1.31598e+03   -4.84998e+02    0.00000e+00

           Step           Time
            313      313.00000

   Energies (kJ/mol)
           Bond          Angle Ryckaert-Bell.  Improper Dih.          LJ-14
    3.04763e+01    2.27429e+02   -1.14872e+00    1.47014e-02    3.45608e+02
     Coulomb-14        LJ (SR)   Coulomb (SR)      Potential Pressure (bar)
    4.82938e+02   -2.54511e+02   -1.31598e+03   -4.85177e+02    0.00000e+00

           Step           Time
            314      314.00000

   Energies (kJ/mol)
           Bond          Angle Ryckaert-Bell.  Improper Dih.          LJ-14
    3.24869e+01    2.25631e+02   -1.14938e+00    1.46070e-02    3.45284e+02
     Coulomb-14        LJ (SR)   Coulomb (SR)      Potential Pressure (bar)
    4.82847e+02   -2.54601e+02   -1.31583e+03   -4.85322e+02    0.00000e+00

           Step           Time
            315      315.00000

           Step           Time
            316      316.00000

   Energies (kJ/mol)
           Bond          Angle Ryckaert-Bell.  Improper Dih.          LJ-14
    3.11767e+01    2.26678e+02   -1.14978e+00    1.45389e-02    3.45379e+02
     Coulomb-14        LJ (SR)   Coulomb (SR)      Potential Pressure (bar)
    4.82890e+02   -2.54586e+02   -1.31589e+03   -4.85487e+02    0.00000e+00

           Step           Time
            317      317.00000

   Energies (kJ/mol)
           Bond          Angle Ryckaert-Bell.  Improper Dih.          LJ-14
    3.25839e+01    2.25523e+02   -1.15117e+00    1.43172e-02    3.45022e+02
     Coulomb-14        LJ (SR)   Coulomb (SR)      Potential Pressure (bar)
    4.82813e+02   -2.54702e+02   -1.31574e+03   -4.85640e+02    0.00000e+00

           Step           Time
            318      318.00000

   Energies (kJ/mol)
           Bond          Angle Ryckaert-Bell.  Improper Dih.          LJ-14
    3.07734e+01    2.27017e+02   -1.15172e+00    1.42345e-02    3.45168e+02
     Coulomb-14        LJ (SR)   Coulomb (SR)      Potential Pressure (bar)
    4.82873e+02   -2.54677e+02   -1.31582e+03   -4.85807e+02    0.00000e+00

           Step           Time
            319      319.00000

           Step           Time
            320      320.00000

   Energies (kJ/mol)
           Bond          Angle Ryckaert-Bell.  Improper Dih.          LJ-14
    3.17886e+01    2.26089e+02   -1.15219e+00    1.41620e-02    3.44978e+02
     Coulomb-14        LJ (SR)   Coulomb (SR)      Potential Pressure (bar)
    4.82825e+02   -2.54732e+02   -1.31574e+03   -4.85931e+02    0.00000e+00

           Step           Time
            321      321.00000

   Energies (kJ/mol)
           Bond          Angle Ryckaert-Bell.  Improper Dih.          LJ-14
    3.05817e+01    2.27169e+02   -1.15315e+00    1.40097e-02    3.44995e+02
     Coulomb-14        LJ (SR)   Coulomb (SR)      Potential Pressure (bar)
    4.82859e+02   -2.54749e+02   -1.31577e+03   -4.86050e+02    0.00000e+00

           Step           Time
            322      322.00000

   Energies (kJ/mol)
           Bond          Angle Ryckaert-Bell.  Improper Dih.          LJ-14
    3.20323e+01    2.25859e+02   -1.15374e+00    1.39293e-02    3.44746e+02
     Coulomb-14        LJ (SR)   Coulomb (SR)      Potential Pressure (bar)
    4.82791e+02   -2.54819e+02   -1.31566e+03   -4.86187e+02    0.00000e+00

           Step           Time
            323      323.00000

   Energies (kJ/mol)
           Bond          Angle Ryckaert-Bell.  Improper Dih.          LJ-14
    3.03125e+01    2.27421e+02   -1.15461e+00    1.37998e-02    3.44849e+02
     Coulomb-14        LJ (SR)   Coulomb (SR)      Potential Pressure (bar)
    4.82849e+02   -2.54812e+02   -1.31572e+03   -4.86240e+02    0.00000e+00

           Step           Time
            324      324.00000

   Energies (kJ/mol)
           Bond          Angle Ryckaert-Bell.  Improper Dih.          LJ-14
    3.24154e+01    2.25541e+02   -1.15521e+00    1.37194e-02    3.44517e+02
     Coulomb-14        LJ (SR)   Coulomb (SR)      Potential Pressure (bar)
    4.82756e+02   -2.54903e+02   -1.31557e+03   -4.86384e+02    0.00000e+00

           Step           Time
            325      325.00000

           Step           Time
            326      326.00000

   Energies (kJ/mol)
           Bond          Angle Ryckaert-Bell.  Improper Dih.          LJ-14
    3.10315e+01    2.26642e+02   -1.15560e+00    1.36653e-02    3.44622e+02
     Coulomb-14        LJ (SR)   Coulomb (SR)      Potential Pressure (bar)
    4.82802e+02   -2.54885e+02   -1.31563e+03   -4.86557e+02    0.00000e+00

           Step           Time
            327      327.00000

   Energies (kJ/mol)
           Bond          Angle Ryckaert-Bell.  Improper Dih.          LJ-14
    3.27035e+01    2.25294e+02   -1.15714e+00    1.34478e-02    3.44229e+02
     Coulomb-14        LJ (SR)   Coulomb (SR)      Potential Pressure (bar)
    4.82717e+02   -2.55010e+02   -1.31546e+03   -4.86675e+02    0.00000e+00

           Step           Time
            328      328.00000

   Energies (kJ/mol)
           Bond          Angle Ryckaert-Bell.  Improper Dih.          LJ-14
    3.06823e+01    2.26916e+02   -1.15763e+00    1.33788e-02    3.44402e+02
     Coulomb-14        LJ (SR)   Coulomb (SR)      Potential Pressure (bar)
    4.82786e+02   -2.54977e+02   -1.31556e+03   -4.86890e+02    0.00000e+00

           Step           Time
            329      329.00000

           Step           Time
            330      330.00000

   Energies (kJ/mol)
           Bond          Angle Ryckaert-Bell.  Improper Dih.          LJ-14
    3.17916e+01    2.25919e+02   -1.15818e+00    1.33001e-02    3.44196e+02
     Coulomb-14        LJ (SR)   Coulomb (SR)      Potential Pressure (bar)
    4.82734e+02   -2.55036e+02   -1.31547e+03   -4.87007e+02    0.00000e+00

           Step           Time
            331      331.00000

   Energies (kJ/mol)
           Bond          Angle Ryckaert-Bell.  Improper Dih.          LJ-14
    3.04512e+01    2.27109e+02   -1.15912e+00    1.31917e-02    3.44258e+02
     Coulomb-14        LJ (SR)   Coulomb (SR)      Potential Pressure (bar)
    4.82775e+02   -2.55038e+02   -1.31551e+03   -4.87100e+02    0.00000e+00

           Step           Time
            332      332.00000

   Energies (kJ/mol)
           Bond          Angle Ryckaert-Bell.  Improper Dih.          LJ-14
    3.20597e+01    2.25675e+02   -1.15966e+00    1.31144e-02    3.43987e+02
     Coulomb-14        LJ (SR)   Coulomb (SR)      Potential Pressure (bar)
    4.82703e+02   -2.55114e+02   -1.31539e+03   -4.87222e+02    0.00000e+00

           Step           Time
            333      333.00000

   Energies (kJ/mol)
           Bond          Angle Ryckaert-Bell.  Improper Dih.          LJ-14
    3.01585e+01    2.27390e+02   -1.16050e+00    1.30215e-02    3.44127e+02
     Coulomb-14        LJ (SR)   Coulomb (SR)      Potential Pressure (bar)
    4.82770e+02   -2.55095e+02   -1.31547e+03   -4.87266e+02    0.00000e+00

           Step           Time
            334      334.00000

   Energies (kJ/mol)
           Bond          Angle Ryckaert-Bell.  Improper Dih.          LJ-14
    3.25101e+01    2.25321e+02   -1.16111e+00    1.29519e-02    3.43764e+02
     Coulomb-14        LJ (SR)   Coulomb (SR)      Potential Pressure (bar)
    4.82667e+02   -2.55193e+02   -1.31530e+03   -4.87381e+02    0.00000e+00

           Step           Time
            335      335.00000

           Step           Time
            336      336.00000

   Energies (kJ/mol)
           Bond          Angle Ryckaert-Bell.  Improper Dih.          LJ-14
    3.09571e+01    2.26528e+02   -1.16146e+00    1.28946e-02    3.43890e+02
     Coulomb-14        LJ (SR)   Coulomb (SR)      Potential Pressure (bar)
    4.82719e+02   -2.55169e+02   -1.31537e+03   -4.87594e+02    0.00000e+00

           Step           Time
            337      337.00000

   Energies (kJ/mol)
           Bond          Angle Ryckaert-Bell.  Improper Dih.          LJ-14
    3.25307e+01    2.25244e+02   -1.16334e+00    1.26914e-02    3.43501e+02
     Coulomb-14        LJ (SR)   Coulomb (SR)      Potential Pressure (bar)
    4.82636e+02   -2.55294e+02   -1.31521e+03   -4.87742e+02    0.00000e+00

           Step           Time
            338      338.00000

   Energies (kJ/mol)
           Bond          Angle Ryckaert-Bell.  Improper Dih.          LJ-14
    3.03794e+01    2.27022e+02   -1.16382e+00    1.26150e-02    3.43684e+02
     Coulomb-14        LJ (SR)   Coulomb (SR)      Potential Pressure (bar)
    4.82711e+02   -2.55260e+02   -1.31531e+03   -4.87923e+02    0.00000e+00

           Step           Time
            339      339.00000

           Step           Time
            340      340.00000

   Energies (kJ/mol)
           Bond          Angle Ryckaert-Bell.  Improper Dih.          LJ-14
    3.15605e+01    2.25920e+02   -1.16423e+00    1.25628e-02    3.43481e+02
     Coulomb-14        LJ (SR)   Coulomb (SR)      Potential Pressure (bar)
    4.82657e+02   -2.55316e+02   -1.31522e+03   -4.88064e+02    0.00000e+00

           Step           Time
            341      341.00000

   Energies (kJ/mol)
           Bond          Angle Ryckaert-Bell.  Improper Dih.          LJ-14
    3.01655e+01    2.27196e+02   -1.16521e+00    1.24263e-02    3.43521e+02
     Coulomb-14        LJ (SR)   Coulomb (SR)      Potential Pressure (bar)
    4.82700e+02   -2.55326e+02   -1.31525e+03   -4.88150e+02    0.00000e+00

           Step           Time
            342      342.00000

   Energies (kJ/mol)
           Bond          Angle Ryckaert-Bell.  Improper Dih.          LJ-14
    3.18714e+01    2.25626e+02   -1.16577e+00    1.23613e-02    3.43248e+02
     Coulomb-14        LJ (SR)   Coulomb (SR)      Potential Pressure (bar)
    4.82624e+02   -2.55401e+02   -1.31513e+03   -4.88312e+02    0.00000e+00

           Step           Time
            343      343.00000

           Step           Time
            344      344.00000

   Energies (kJ/mol)
           Bond          Angle Ryckaert-Bell.  Improper Dih.          LJ-14
    3.07643e+01    2.26539e+02   -1.16626e+00    1.23098e-02    3.43319e+02
     Coulomb-14        LJ (SR)   Coulomb (SR)      Potential Pressure (bar)
    4.82660e+02   -2.55391e+02   -1.31517e+03   -4.88434e+02    0.00000e+00

           Step           Time
            345      345.00000

   Energies (kJ/mol)
           Bond          Angle Ryckaert-Bell.  Improper Dih.          LJ-14
    3.20545e+01    2.25444e+02   -1.16718e+00    1.21859e-02    3.43044e+02
     Coulomb-14        LJ (SR)   Coulomb (SR)      Potential Pressure (bar)
    4.82597e+02   -2.55476e+02   -1.31505e+03   -4.88543e+02    0.00000e+00

           Step           Time
            346      346.00000

   Energies (kJ/mol)
           Bond          Angle Ryckaert-Bell.  Improper Dih.          LJ-14
    3.04998e+01    2.26739e+02   -1.16770e+00    1.21202e-02    3.43164e+02
     Coulomb-14        LJ (SR)   Coulomb (SR)      Potential Pressure (bar)
    4.82649e+02   -2.55455e+02   -1.31512e+03   -4.88679e+02    0.00000e+00

           Step           Time
            347      347.00000

   Energies (kJ/mol)
           Bond          Angle Ryckaert-Bell.  Improper Dih.          LJ-14
    3.23723e+01    2.25181e+02   -1.16860e+00    1.20332e-02    3.42842e+02
     Coulomb-14        LJ (SR)   Coulomb (SR)      Potential Pressure (bar)
    4.82568e+02   -2.55548e+02   -1.31498e+03   -4.88717e+02    0.00000e+00

           Step           Time
            348      348.00000

   Energies (kJ/mol)
           Bond          Angle Ryckaert-Bell.  Improper Dih.          LJ-14
    3.01638e+01    2.27044e+02   -1.16920e+00    1.19675e-02    3.43034e+02
     Coulomb-14        LJ (SR)   Coulomb (SR)      Potential Pressure (bar)
    4.82646e+02   -2.55510e+02   -1.31508e+03   -4.88862e+02    0.00000e+00

           Step           Time
            349      349.00000

           Step           Time
            350      350.00000

   Energies (kJ/mol)
           Bond          Angle Ryckaert-Bell.  Improper Dih.          LJ-14
    3.13744e+01    2.25888e+02   -1.16955e+00    1.19373e-02    3.42831e+02
     Coulomb-14        LJ (SR)   Coulomb (SR)      Potential Pressure (bar)
    4.82590e+02   -2.55566e+02   -1.31499e+03   -4.89029e+02    0.00000e+00

           Step           Time
            351      351.00000

   Energies (kJ/mol)
           Bond          Angle Ryckaert-Bell.  Improper Dih.          LJ-14
    2.99301e+01    2.27230e+02   -1.17102e+00    1.17690e-02    3.42844e+02
     Coulomb-14        LJ (SR)   Coulomb (SR)      Potential Pressure (bar)
    4.82635e+02   -2.55587e+02   -1.31502e+03   -4.89124e+02    0.00000e+00

           Step           Time
            352      352.00000

   Energies (kJ/mol)
           Bond          Angle Ryckaert-Bell.  Improper Dih.          LJ-14
    3.16843e+01    2.25578e+02   -1.17143e+00    1.17219e-02    3.42566e+02
     Coulomb-14        LJ (SR)   Coulomb (SR)      Potential Pressure (bar)
    4.82554e+02   -2.55662e+02   -1.31489e+03   -4.89327e+02    0.00000e+00

           Step           Time
            353      353.00000

           Step           Time
            354      354.00000

   Energies (kJ/mol)
           Bond          Angle Ryckaert-Bell.  Improper Dih.          LJ-14
    3.05564e+01    2.26524e+02   -1.17196e+00    1.16636e-02    3.42636e+02
     Coulomb-14        LJ (SR)   Coulomb (SR)      Potential Pressure (bar)
    4.82592e+02   -2.55653e+02   -1.31493e+03   -4.89437e+02    0.00000e+00

           Step           Time
            355      355.00000

   Energies (kJ/mol)
           Bond          Angle Ryckaert-Bell.  Improper Dih.          LJ-14
    3.19461e+01    2.25339e+02   -1.17276e+00    1.15700e-02    3.42372e+02
     Coulomb-14        LJ (SR)   Coulomb (SR)      Potential Pressure (bar)
    4.82529e+02   -2.55731e+02   -1.31482e+03   -4.89522e+02    0.00000e+00

           Step           Time
            356      356.00000

   Energies (kJ/mol)
           Bond          Angle Ryckaert-Bell.  Improper Dih.          LJ-14
    3.02850e+01    2.26742e+02   -1.17333e+00    1.15137e-02    3.42502e+02
     Coulomb-14        LJ (SR)   Coulomb (SR)      Potential Pressure (bar)
    4.82587e+02   -2.55708e+02   -1.31489e+03   -4.89643e+02    0.00000e+00

           Step           Time
            357      357.00000

   Energies (kJ/mol)
           Bond          Angle Ryckaert-Bell.  Improper Dih.          LJ-14
    3.22781e+01    2.25062e+02   -1.17410e+00    1.14377e-02    3.42183e+02
     Coulomb-14        LJ (SR)   Coulomb (SR)      Potential Pressure (bar)
    4.82503e+02   -2.55798e+02   -1.31474e+03   -4.89676e+02    0.00000e+00

           Step           Time
            358      358.00000

   Energies (kJ/mol)
           Bond          Angle Ryckaert-Bell.  Improper Dih.          LJ-14
    2.99345e+01    2.27070e+02   -1.17472e+00    1.13838e-02    3.42392e+02
     Coulomb-14        LJ (SR)   Coulomb (SR)      Potential Pressure (bar)
    4.82588e+02   -2.55755e+02   -1.31486e+03   -4.89790e+02    0.00000e+00

           Step           Time
            359      359.00000

           Step           Time
            360      360.00000

   Energies (kJ/mol)
           Bond          Angle Ryckaert-Bell.  Improper Dih.          LJ-14
    3.12061e+01    2.25823e+02   -1.17496e+00    1.13446e-02    3.42184e+02
     Coulomb-14        LJ (SR)   Coulomb (SR)      Potential Pressure (bar)
    4.82529e+02   -2.55812e+02   -1.31476e+03   -4.89993e+02    0.00000e+00

           Step           Time
            361      361.00000

   Energies (kJ/mol)
           Bond          Angle Ryckaert-Bell.  Improper Dih.          LJ-14
    2.97578e+01    2.27179e+02   -1.17685e+00    1.11736e-02    3.42164e+02
     Coulomb-14        LJ (SR)   Coulomb (SR)      Potential Pressure (bar)
    4.82571e+02   -2.55845e+02   -1.31478e+03   -4.90115e+02    0.00000e+00

           Step           Time
            362      362.00000

   Energies (kJ/mol)
           Bond          Angle Ryckaert-Bell.  Improper Dih.          LJ-14
    3.16345e+01    2.25406e+02   -1.17722e+00    1.11272e-02    3.41871e+02
     Coulomb-14        LJ (SR)   Coulomb (SR)      Potential Pressure (bar)
    4.82487e+02   -2.55923e+02   -1.31464e+03   -4.90330e+02    0.00000e+00

           Step           Time
            363      363.00000

           Step           Time
            364      364.00000

   Energies (kJ/mol)
           Bond          Angle Ryckaert-Bell.  Improper Dih.          LJ-14
    3.04134e+01    2.26428e+02   -1.17768e+00    1.10856e-02    3.41956e+02
     Coulomb-14        LJ (SR)   Coulomb (SR)      Potential Pressure (bar)
    4.82528e+02   -2.55910e+02   -1.31469e+03   -4.90442e+02    0.00000e+00

           Step           Time
            365      365.00000

   Energies (kJ/mol)
           Bond          Angle Ryckaert-Bell.  Improper Dih.          LJ-14
    3.18798e+01    2.25179e+02   -1.17846e+00    1.10037e-02    3.41688e+02
     Coulomb-14        LJ (SR)   Coulomb (SR)      Potential Pressure (bar)
    4.82463e+02   -2.55987e+02   -1.31457e+03   -4.90515e+02    0.00000e+00

           Step           Time
            366      366.00000

   Energies (kJ/mol)
           Bond          Angle Ryckaert-Bell.  Improper Dih.          LJ-14
    3.01302e+01    2.26659e+02   -1.17895e+00    1.09484e-02    3.41832e+02
     Coulomb-14        LJ (SR)   Coulomb (SR)      Potential Pressure (bar)
    4.82526e+02   -2.55960e+02   -1.31465e+03   -4.90633e+02    0.00000e+00

           Step           Time
            367      367.00000

   Energies (kJ/mol)
           Bond          Angle Ryckaert-Bell.  Improper Dih.          LJ-14
    3.22411e+01    2.24887e+02   -1.17973e+00    1.08754e-02    3.41500e+02
     Coulomb-14        LJ (SR)   Coulomb (SR)      Potential Pressure (bar)
    4.82437e+02   -2.56051e+02   -1.31450e+03   -4.90655e+02    0.00000e+00

           Step           Time
            368      368.00000

   Energies (kJ/mol)
           Bond          Angle Ryckaert-Bell.  Improper Dih.          LJ-14
    2.97701e+01    2.27005e+02   -1.18027e+00    1.08220e-02    3.41730e+02
     Coulomb-14        LJ (SR)   Coulomb (SR)      Potential Pressure (bar)
    4.82528e+02   -2.56003e+02   -1.31462e+03   -4.90763e+02    0.00000e+00

           Step           Time
            369      369.00000

           Step           Time
            370      370.00000

   Energies (kJ/mol)
           Bond          Angle Ryckaert-Bell.  Improper Dih.          LJ-14
    3.11163e+01    2.25676e+02   -1.18058e+00    1.07846e-02    3.41510e+02
     Coulomb-14        LJ (SR)   Coulomb (SR)      Potential Pressure (bar)
    4.82465e+02   -2.56062e+02   -1.31452e+03   -4.90983e+02    0.00000e+00

           Step           Time
            371      371.00000

   Energies (kJ/mol)
           Bond          Angle Ryckaert-Bell.  Improper Dih.          LJ-14
    2.95429e+01    2.27180e+02   -1.18235e+00    1.06233e-02    3.41508e+02
     Coulomb-14        LJ (SR)   Coulomb (SR)      Potential Pressure (bar)
    4.82516e+02   -2.56089e+02   -1.31455e+03   -4.91062e+02    0.00000e+00

           Step           Time
            372      372.00000

   Energies (kJ/mol)
           Bond          Angle Ryckaert-Bell.  Improper Dih.          LJ-14
    3.14813e+01    2.25304e+02   -1.18276e+00    1.05988e-02    3.41206e+02
     Coulomb-14        LJ (SR)   Coulomb (SR)      Potential Pressure (bar)
    4.82427e+02   -2.56169e+02   -1.31440e+03   -4.91327e+02    0.00000e+00

           Step           Time
            373      373.00000

           Step           Time
            374      374.00000

   Energies (kJ/mol)
           Bond          Angle Ryckaert-Bell.  Improper Dih.          LJ-14
    3.02103e+01    2.26382e+02   -1.18330e+00    1.05473e-02    3.41293e+02
     Coulomb-14        LJ (SR)   Coulomb (SR)      Potential Pressure (bar)
    4.82471e+02   -2.56155e+02   -1.31446e+03   -4.91428e+02    0.00000e+00

           Step           Time
            375      375.00000

   Energies (kJ/mol)
           Bond          Angle Ryckaert-Bell.  Improper Dih.          LJ-14
    3.17572e+01    2.25053e+02   -1.18405e+00    1.04855e-02    3.41030e+02
     Coulomb-14        LJ (SR)   Coulomb (SR)      Potential Pressure (bar)
    4.82403e+02   -2.56230e+02   -1.31434e+03   -4.91497e+02    0.00000e+00

           Step           Time
            376      376.00000

   Energies (kJ/mol)
           Bond          Angle Ryckaert-Bell.  Improper Dih.          LJ-14
    2.99222e+01    2.26629e+02   -1.18454e+00    1.04345e-02    3.41184e+02
     Coulomb-14        LJ (SR)   Coulomb (SR)      Potential Pressure (bar)
    4.82471e+02   -2.56200e+02   -1.31442e+03   -4.91592e+02    0.00000e+00

           Step           Time
            377      377.00000

   Energies (kJ/mol)
           Bond          Angle Ryckaert-Bell.  Improper Dih.          LJ-14
    3.21643e+01    2.24725e+02   -1.18527e+00    1.03837e-02    3.40846e+02
     Coulomb-14        LJ (SR)   Coulomb (SR)      Potential Pressure (bar)
    4.82377e+02   -2.56291e+02   -1.31427e+03   -4.91620e+02    0.00000e+00

           Step           Time
            378      378.00000

   Energies (kJ/mol)
           Bond          Angle Ryckaert-Bell.  Improper Dih.          LJ-14
    2.95378e+01    2.27019e+02   -1.18586e+00    1.03304e-02    3.41095e+02
     Coulomb-14        LJ (SR)   Coulomb (SR)      Potential Pressure (bar)
    4.82477e+02   -2.56239e+02   -1.31440e+03   -4.91686e+02    0.00000e+00

           Step           Time
            379      379.00000

           Step           Time
            380      380.00000

   Energies (kJ/mol)
           Bond          Angle Ryckaert-Bell.  Improper Dih.          LJ-14
    3.09483e+01    2.25584e+02   -1.18614e+00    1.03066e-02    3.40866e+02
     Coulomb-14        LJ (SR)   Coulomb (SR)      Potential Pressure (bar)
    4.82411e+02   -2.56298e+02   -1.31429e+03   -4.91957e+02    0.00000e+00

           Step           Time
            381      381.00000

   Energies (kJ/mol)
           Bond          Angle Ryckaert-Bell.  Improper Dih.          LJ-14
    2.95262e+01    2.26914e+02   -1.18830e+00    1.01418e-02    3.40816e+02
     Coulomb-14        LJ (SR)   Coulomb (SR)      Potential Pressure (bar)
    4.82452e+02   -2.56340e+02   -1.31430e+03   -4.92110e+02    0.00000e+00

           Step           Time
            382      382.00000

   Energies (kJ/mol)
           Bond          Angle Ryckaert-Bell.  Improper Dih.          LJ-14
    3.16926e+01    2.24911e+02   -1.18874e+00    1.00986e-02    3.40490e+02
     Coulomb-14        LJ (SR)   Coulomb (SR)      Potential Pressure (bar)
    4.82358e+02   -2.56425e+02   -1.31414e+03   -4.92297e+02    0.00000e+00

           Step           Time
            383      383.00000

           Step           Time
            384      384.00000

   Energies (kJ/mol)
           Bond          Angle Ryckaert-Bell.  Improper Dih.          LJ-14
    3.02672e+01    2.26067e+02   -1.18911e+00    1.00605e-02    3.40606e+02
     Coulomb-14        LJ (SR)   Coulomb (SR)      Potential Pressure (bar)
    4.82406e+02   -2.56403e+02   -1.31421e+03   -4.92447e+02    0.00000e+00

           Step           Time
            385      385.00000

   Energies (kJ/mol)
           Bond          Angle Ryckaert-Bell.  Improper Dih.          LJ-14
    3.19771e+01    2.24659e+02   -1.19012e+00    9.97490e-03    3.40293e+02
     Coulomb-14        LJ (SR)   Coulomb (SR)      Potential Pressure (bar)
    4.82332e+02   -2.56493e+02   -1.31407e+03   -4.92482e+02    0.00000e+00

           Step           Time
            386      386.00000

   Energies (kJ/mol)
           Bond          Angle Ryckaert-Bell.  Improper Dih.          LJ-14
    2.99485e+01    2.26321e+02   -1.19057e+00    9.94037e-03    3.40475e+02
     Coulomb-14        LJ (SR)   Coulomb (SR)      Potential Pressure (bar)
    4.82406e+02   -2.56454e+02   -1.31417e+03   -4.92654e+02    0.00000e+00

           Step           Time
            387      387.00000

           Step           Time
            388      388.00000

   Energies (kJ/mol)
           Bond          Angle Ryckaert-Bell.  Improper Dih.          LJ-14
    3.10493e+01    2.25297e+02   -1.19097e+00    9.91641e-03    3.40291e+02
     Coulomb-14        LJ (SR)   Coulomb (SR)      Potential Pressure (bar)
    4.82356e+02   -2.56504e+02   -1.31408e+03   -4.92777e+02    0.00000e+00

           Step           Time
            389      389.00000

   Energies (kJ/mol)
           Bond          Angle Ryckaert-Bell.  Improper Dih.          LJ-14
    2.97315e+01    2.26489e+02   -1.19187e+00    9.82722e-03    3.40346e+02
     Coulomb-14        LJ (SR)   Coulomb (SR)      Potential Pressure (bar)
    4.82402e+02   -2.56505e+02   -1.31413e+03   -4.92845e+02    0.00000e+00

DD  step 389 load imb.: force 44.1%

           Step           Time
            390      390.00000

   Energies (kJ/mol)
           Bond          Angle Ryckaert-Bell.  Improper Dih.          LJ-14
    3.13285e+01    2.25019e+02   -1.19235e+00    9.79264e-03    3.40093e+02
     Coulomb-14        LJ (SR)   Coulomb (SR)      Potential Pressure (bar)
    4.82333e+02   -2.56572e+02   -1.31401e+03   -4.92990e+02    0.00000e+00

           Step           Time
            391      391.00000

           Step           Time
            392      392.00000

   Energies (kJ/mol)
           Bond          Angle Ryckaert-Bell.  Improper Dih.          LJ-14
    3.02856e+01    2.25876e+02   -1.19276e+00    9.76394e-03    3.40166e+02
     Coulomb-14        LJ (SR)   Coulomb (SR)      Potential Pressure (bar)
    4.82369e+02   -2.56560e+02   -1.31405e+03   -4.93100e+02    0.00000e+00

           Step           Time
            393      393.00000

   Energies (kJ/mol)
           Bond          Angle Ryckaert-Bell.  Improper Dih.          LJ-14
    3.14936e+01    2.24841e+02   -1.19369e+00    9.69704e-03    3.39922e+02
     Coulomb-14        LJ (SR)   Coulomb (SR)      Potential Pressure (bar)
    4.82314e+02   -2.56632e+02   -1.31395e+03   -4.93191e+02    0.00000e+00

           Step           Time
            394      394.00000

   Energies (kJ/mol)
           Bond          Angle Ryckaert-Bell.  Improper Dih.          LJ-14
    3.00317e+01    2.26059e+02   -1.19411e+00    9.66149e-03    3.40040e+02
     Coulomb-14        LJ (SR)   Coulomb (SR)      Potential Pressure (bar)
    4.82367e+02   -2.56609e+02   -1.31401e+03   -4.93308e+02    0.00000e+00

           Step           Time
            395      395.00000

   Energies (kJ/mol)
           Bond          Angle Ryckaert-Bell.  Improper Dih.          LJ-14
    3.17704e+01    2.24592e+02   -1.19484e+00    9.60593e-03    3.39756e+02
     Coulomb-14        LJ (SR)   Coulomb (SR)      Potential Pressure (bar)
    4.82292e+02   -2.56689e+02   -1.31388e+03   -4.93344e+02    0.00000e+00

           Step           Time
            396      396.00000

   Energies (kJ/mol)
           Bond          Angle Ryckaert-Bell.  Improper Dih.          LJ-14
    2.96933e+01    2.26359e+02   -1.19534e+00    9.56816e-03    3.39940e+02
     Coulomb-14        LJ (SR)   Coulomb (SR)      Potential Pressure (bar)
    4.82369e+02   -2.56650e+02   -1.31398e+03   -4.93456e+02    0.00000e+00

           Step           Time
            397      397.00000

           Step           Time
            398      398.00000

   Energies (kJ/mol)
           Bond          Angle Ryckaert-Bell.  Improper Dih.          LJ-14
    3.08351e+01    2.25256e+02   -1.19567e+00    9.54560e-03    3.39754e+02
     Coulomb-14        LJ (SR)   Coulomb (SR)      Potential Pressure (bar)
    4.82317e+02   -2.56699e+02   -1.31390e+03   -4.93619e+02    0.00000e+00

           Step           Time
            399      399.00000

   Energies (kJ/mol)
           Bond          Angle Ryckaert-Bell.  Improper Dih.          LJ-14
    2.94795e+01    2.26503e+02   -1.19714e+00    9.42754e-03    3.39761e+02
     Coulomb-14        LJ (SR)   Coulomb (SR)      Potential Pressure (bar)
    4.82362e+02   -2.56718e+02   -1.31392e+03   -4.93722e+02    0.00000e+00

DD  step 399 load imb.: force 46.5%

           Step           Time
            400      400.00000

   Energies (kJ/mol)
           Bond          Angle Ryckaert-Bell.  Improper Dih.          LJ-14
    3.11375e+01    2.24928e+02   -1.19755e+00    9.40718e-03    3.39502e+02
     Coulomb-14        LJ (SR)   Coulomb (SR)      Potential Pressure (bar)
    4.82287e+02   -2.56786e+02   -1.31380e+03   -4.93920e+02    0.00000e+00

           Step           Time
            401      401.00000

           Step           Time
            402      402.00000

   Energies (kJ/mol)
           Bond          Angle Ryckaert-Bell.  Improper Dih.          LJ-14
    3.00644e+01    2.25831e+02   -1.19809e+00    9.37166e-03    3.39571e+02
     Coulomb-14        LJ (SR)   Coulomb (SR)      Potential Pressure (bar)
    4.82326e+02   -2.56775e+02   -1.31384e+03   -4.94015e+02    0.00000e+00

           Step           Time
            403      403.00000

   Energies (kJ/mol)
           Bond          Angle Ryckaert-Bell.  Improper Dih.          LJ-14
    3.13545e+01    2.24715e+02   -1.19875e+00    9.32472e-03    3.39342e+02
     Coulomb-14        LJ (SR)   Coulomb (SR)      Potential Pressure (bar)
    4.82268e+02   -2.56840e+02   -1.31374e+03   -4.94091e+02    0.00000e+00

           Step           Time
            404      404.00000

   Energies (kJ/mol)
           Bond          Angle Ryckaert-Bell.  Improper Dih.          LJ-14
    2.98033e+01    2.26039e+02   -1.19924e+00    9.28842e-03    3.39466e+02
     Coulomb-14        LJ (SR)   Coulomb (SR)      Potential Pressure (bar)
    4.82326e+02   -2.56816e+02   -1.31381e+03   -4.94183e+02    0.00000e+00

           Step           Time
            405      405.00000

   Energies (kJ/mol)
           Bond          Angle Ryckaert-Bell.  Improper Dih.          LJ-14
    3.16576e+01    2.24450e+02   -1.19990e+00    9.24466e-03    3.39179e+02
     Coulomb-14        LJ (SR)   Coulomb (SR)      Potential Pressure (bar)
    4.82250e+02   -2.56894e+02   -1.31368e+03   -4.94226e+02    0.00000e+00

           Step           Time
            406      406.00000

   Energies (kJ/mol)
           Bond          Angle Ryckaert-Bell.  Improper Dih.          LJ-14
    2.94872e+01    2.26333e+02   -1.20037e+00    9.20914e-03    3.39377e+02
     Coulomb-14        LJ (SR)   Coulomb (SR)      Potential Pressure (bar)
    4.82332e+02   -2.56852e+02   -1.31379e+03   -4.94301e+02    0.00000e+00

           Step           Time
            407      407.00000

           Step           Time
            408      408.00000

   Energies (kJ/mol)
           Bond          Angle Ryckaert-Bell.  Improper Dih.          LJ-14
    3.06707e+01    2.25156e+02   -1.20072e+00    9.19032e-03    3.39186e+02
     Coulomb-14        LJ (SR)   Coulomb (SR)      Potential Pressure (bar)
    4.82277e+02   -2.56902e+02   -1.31370e+03   -4.94501e+02    0.00000e+00

           Step           Time
            409      409.00000

   Energies (kJ/mol)
           Bond          Angle Ryckaert-Bell.  Improper Dih.          LJ-14
    2.95154e+01    2.26193e+02   -1.20255e+00    9.07045e-03    3.39129e+02
     Coulomb-14        LJ (SR)   Coulomb (SR)      Potential Pressure (bar)
    4.82313e+02   -2.56938e+02   -1.31370e+03   -4.94682e+02    0.00000e+00

DD  step 409 load imb.: force 65.3%

           Step           Time
            410      410.00000

   Energies (kJ/mol)
           Bond          Angle Ryckaert-Bell.  Improper Dih.          LJ-14
    3.13639e+01    2.24516e+02   -1.20300e+00    9.03557e-03    3.38850e+02
     Coulomb-14        LJ (SR)   Coulomb (SR)      Potential Pressure (bar)
    4.82232e+02   -2.57012e+02   -1.31357e+03   -4.94810e+02    0.00000e+00

           Step           Time
            411      411.00000

           Step           Time
            412      412.00000

   Energies (kJ/mol)
           Bond          Angle Ryckaert-Bell.  Improper Dih.          LJ-14
    3.01624e+01    2.25480e+02   -1.20335e+00    9.01406e-03    3.38946e+02
     Coulomb-14        LJ (SR)   Coulomb (SR)      Potential Pressure (bar)
    4.82275e+02   -2.56992e+02   -1.31362e+03   -4.94944e+02    0.00000e+00

           Step           Time
            413      413.00000

   Energies (kJ/mol)
           Bond          Angle Ryckaert-Bell.  Improper Dih.          LJ-14
    3.15708e+01    2.24302e+02   -1.20456e+00    8.93695e-03    3.38653e+02
     Coulomb-14        LJ (SR)   Coulomb (SR)      Potential Pressure (bar)
    4.82211e+02   -2.57078e+02   -1.31349e+03   -4.95030e+02    0.00000e+00

           Step           Time
            414      414.00000

   Energies (kJ/mol)
           Bond          Angle Ryckaert-Bell.  Improper Dih.          LJ-14
    2.98683e+01    2.25684e+02   -1.20498e+00    8.91283e-03    3.38804e+02
     Coulomb-14        LJ (SR)   Coulomb (SR)      Potential Pressure (bar)
    4.82274e+02   -2.57045e+02   -1.31358e+03   -4.95188e+02    0.00000e+00

           Step           Time
            415      415.00000

           Step           Time
            416      416.00000

   Energies (kJ/mol)
           Bond          Angle Ryckaert-Bell.  Improper Dih.          LJ-14
    3.08217e+01    2.24813e+02   -1.20535e+00    8.88520e-03    3.38636e+02
     Coulomb-14        LJ (SR)   Coulomb (SR)      Potential Pressure (bar)
    4.82231e+02   -2.57091e+02   -1.31350e+03   -4.95284e+02    0.00000e+00

           Step           Time
            417      417.00000

   Energies (kJ/mol)
           Bond          Angle Ryckaert-Bell.  Improper Dih.          LJ-14
    2.96819e+01    2.25813e+02   -1.20604e+00    8.83103e-03    3.38694e+02
     Coulomb-14        LJ (SR)   Coulomb (SR)      Potential Pressure (bar)
    4.82273e+02   -2.57086e+02   -1.31354e+03   -4.95362e+02    0.00000e+00

           Step           Time
            418      418.00000

   Energies (kJ/mol)
           Bond          Angle Ryckaert-Bell.  Improper Dih.          LJ-14
    3.10520e+01    2.24580e+02   -1.20656e+00    8.80546e-03    3.38471e+02
     Coulomb-14        LJ (SR)   Coulomb (SR)      Potential Pressure (bar)
    4.82213e+02   -2.57146e+02   -1.31344e+03   -4.95465e+02    0.00000e+00

           Step           Time
            419      419.00000

   Energies (kJ/mol)
           Bond          Angle Ryckaert-Bell.  Improper Dih.          LJ-14
    2.94374e+01    2.26021e+02   -1.20725e+00    8.76704e-03    3.38599e+02
     Coulomb-14        LJ (SR)   Coulomb (SR)      Potential Pressure (bar)
    4.82277e+02   -2.57122e+02   -1.31351e+03   -4.95499e+02    0.00000e+00

DD  step 419 load imb.: force 53.3%

           Step           Time
            420      420.00000

   Energies (kJ/mol)
           Bond          Angle Ryckaert-Bell.  Improper Dih.          LJ-14
    3.14242e+01    2.24254e+02   -1.20769e+00    8.73554e-03    3.38300e+02
     Coulomb-14        LJ (SR)   Coulomb (SR)      Potential Pressure (bar)
    4.82192e+02   -2.57201e+02   -1.31337e+03   -4.95601e+02    0.00000e+00

           Step           Time
            421      421.00000

           Step           Time
            422      422.00000

   Energies (kJ/mol)
           Bond          Angle Ryckaert-Bell.  Improper Dih.          LJ-14
    3.01329e+01    2.25270e+02   -1.20802e+00    8.71492e-03    3.38410e+02
     Coulomb-14        LJ (SR)   Coulomb (SR)      Potential Pressure (bar)
    4.82237e+02   -2.57178e+02   -1.31343e+03   -4.95760e+02    0.00000e+00

           Step           Time
            423      423.00000

   Energies (kJ/mol)
           Bond          Angle Ryckaert-Bell.  Improper Dih.          LJ-14
    3.16303e+01    2.24032e+02   -1.20954e+00    8.62372e-03    3.38077e+02
     Coulomb-14        LJ (SR)   Coulomb (SR)      Potential Pressure (bar)
    4.82172e+02   -2.57277e+02   -1.31329e+03   -4.95857e+02    0.00000e+00

           Step           Time
            424      424.00000

   Energies (kJ/mol)
           Bond          Angle Ryckaert-Bell.  Improper Dih.          LJ-14
    2.98041e+01    2.25493e+02   -1.20987e+00    8.59785e-03    3.38240e+02
     Coulomb-14        LJ (SR)   Coulomb (SR)      Potential Pressure (bar)
    4.82237e+02   -2.57241e+02   -1.31338e+03   -4.96048e+02    0.00000e+00

           Step           Time
            425      425.00000

           Step           Time
            426      426.00000

   Energies (kJ/mol)
           Bond          Angle Ryckaert-Bell.  Improper Dih.          LJ-14
    3.08125e+01    2.24580e+02   -1.21033e+00    8.56644e-03    3.38065e+02
     Coulomb-14        LJ (SR)   Coulomb (SR)      Potential Pressure (bar)
    4.82194e+02   -2.57288e+02   -1.31330e+03   -4.96138e+02    0.00000e+00

           Step           Time
            427      427.00000

   Energies (kJ/mol)
           Bond          Angle Ryckaert-Bell.  Improper Dih.          LJ-14
    2.96126e+01    2.25630e+02   -1.21095e+00    8.52447e-03    3.38139e+02
     Coulomb-14        LJ (SR)   Coulomb (SR)      Potential Pressure (bar)
    4.82237e+02   -2.57277e+02   -1.31335e+03   -4.96210e+02    0.00000e+00

           Step           Time
            428      428.00000

   Energies (kJ/mol)
           Bond          Angle Ryckaert-Bell.  Improper Dih.          LJ-14
    3.10764e+01    2.24326e+02   -1.21142e+00    8.49033e-03    3.37907e+02
     Coulomb-14        LJ (SR)   Coulomb (SR)      Potential Pressure (bar)
    4.82175e+02   -2.57339e+02   -1.31324e+03   -4.96299e+02    0.00000e+00

           Step           Time
            429      429.00000

   Energies (kJ/mol)
           Bond          Angle Ryckaert-Bell.  Improper Dih.          LJ-14
    2.93433e+01    2.25870e+02   -1.21208e+00    8.45260e-03    3.38051e+02
     Coulomb-14        LJ (SR)   Coulomb (SR)      Potential Pressure (bar)
    4.82243e+02   -2.57311e+02   -1.31333e+03   -4.96332e+02    0.00000e+00

DD  step 429 load imb.: force 55.6%

           Step           Time
            430      430.00000

   Energies (kJ/mol)
           Bond          Angle Ryckaert-Bell.  Improper Dih.          LJ-14
    3.14573e+01    2.24003e+02   -1.21257e+00    8.42199e-03    3.37742e+02
     Coulomb-14        LJ (SR)   Coulomb (SR)      Potential Pressure (bar)
    4.82155e+02   -2.57392e+02   -1.31318e+03   -4.96416e+02    0.00000e+00

           Step           Time
            431      431.00000

           Step           Time
            432      432.00000

   Energies (kJ/mol)
           Bond          Angle Ryckaert-Bell.  Improper Dih.          LJ-14
    3.00803e+01    2.25072e+02   -1.21285e+00    8.40628e-03    3.37860e+02
     Coulomb-14        LJ (SR)   Coulomb (SR)      Potential Pressure (bar)
    4.82203e+02   -2.57366e+02   -1.31324e+03   -4.96599e+02    0.00000e+00

           Step           Time
            433      433.00000

   Energies (kJ/mol)
           Bond          Angle Ryckaert-Bell.  Improper Dih.          LJ-14
    3.16865e+01    2.23756e+02   -1.21474e+00    8.30724e-03    3.37487e+02
     Coulomb-14        LJ (SR)   Coulomb (SR)      Potential Pressure (bar)
    4.82132e+02   -2.57475e+02   -1.31308e+03   -4.96705e+02    0.00000e+00

           Step           Time
            434      434.00000

   Energies (kJ/mol)
           Bond          Angle Ryckaert-Bell.  Improper Dih.          LJ-14
    2.97075e+01    2.25316e+02   -1.21504e+00    8.28015e-03    3.37671e+02
     Coulomb-14        LJ (SR)   Coulomb (SR)      Potential Pressure (bar)
    4.82206e+02   -2.57434e+02   -1.31318e+03   -4.96925e+02    0.00000e+00

           Step           Time
            435      435.00000

           Step           Time
            436      436.00000

   Energies (kJ/mol)
           Bond          Angle Ryckaert-Bell.  Improper Dih.          LJ-14
    3.08081e+01    2.24327e+02   -1.21552e+00    8.25527e-03    3.37485e+02
     Coulomb-14        LJ (SR)   Coulomb (SR)      Potential Pressure (bar)
    4.82157e+02   -2.57483e+02   -1.31310e+03   -4.97010e+02    0.00000e+00

           Step           Time
            437      437.00000

   Energies (kJ/mol)
           Bond          Angle Ryckaert-Bell.  Improper Dih.          LJ-14
    2.95139e+01    2.25458e+02   -1.21613e+00    8.21888e-03    3.37577e+02
     Coulomb-14        LJ (SR)   Coulomb (SR)      Potential Pressure (bar)
    4.82207e+02   -2.57467e+02   -1.31316e+03   -4.97075e+02    0.00000e+00

           Step           Time
            438      438.00000

   Energies (kJ/mol)
           Bond          Angle Ryckaert-Bell.  Improper Dih.          LJ-14
    3.11223e+01    2.24040e+02   -1.21667e+00    8.18180e-03    3.37328e+02
     Coulomb-14        LJ (SR)   Coulomb (SR)      Potential Pressure (bar)
    4.82137e+02   -2.57533e+02   -1.31304e+03   -4.97151e+02    0.00000e+00

           Step           Time
            439      439.00000

   Energies (kJ/mol)
           Bond          Angle Ryckaert-Bell.  Improper Dih.          LJ-14
    2.92380e+01    2.25708e+02   -1.21724e+00    8.14820e-03    3.37496e+02
     Coulomb-14        LJ (SR)   Coulomb (SR)      Potential Pressure (bar)
    4.82214e+02   -2.57498e+02   -1.31313e+03   -4.97185e+02    0.00000e+00

DD  step 439 load imb.: force 48.1%

           Step           Time
            440      440.00000

   Energies (kJ/mol)
           Bond          Angle Ryckaert-Bell.  Improper Dih.          LJ-14
    3.15863e+01    2.23672e+02   -1.21782e+00    8.11888e-03    3.37158e+02
     Coulomb-14        LJ (SR)   Coulomb (SR)      Potential Pressure (bar)
    4.82115e+02   -2.57585e+02   -1.31297e+03   -4.97235e+02    0.00000e+00

           Step           Time
            441      441.00000

           Step           Time
            442      442.00000

   Energies (kJ/mol)
           Bond          Angle Ryckaert-Bell.  Improper Dih.          LJ-14
    3.00412e+01    2.24841e+02   -1.21808e+00    8.10362e-03    3.37295e+02
     Coulomb-14        LJ (SR)   Coulomb (SR)      Potential Pressure (bar)
    4.82171e+02   -2.57555e+02   -1.31305e+03   -4.97464e+02    0.00000e+00

           Step           Time
            443      443.00000

   Energies (kJ/mol)
           Bond          Angle Ryckaert-Bell.  Improper Dih.          LJ-14
    3.14464e+01    2.23662e+02   -1.22011e+00    7.99789e-03    3.36919e+02
     Coulomb-14        LJ (SR)   Coulomb (SR)      Potential Pressure (bar)
    4.82105e+02   -2.57666e+02   -1.31289e+03   -4.97639e+02    0.00000e+00

           Step           Time
            444      444.00000

   Energies (kJ/mol)
           Bond          Angle Ryckaert-Bell.  Improper Dih.          LJ-14
    2.93521e+01    2.25402e+02   -1.22046e+00    7.96856e-03    3.37122e+02
     Coulomb-14        LJ (SR)   Coulomb (SR)      Potential Pressure (bar)
    4.82185e+02   -2.57621e+02   -1.31300e+03   -4.97774e+02    0.00000e+00

           Step           Time
            445      445.00000

           Step           Time
            446      446.00000

   Energies (kJ/mol)
           Bond          Angle Ryckaert-Bell.  Improper Dih.          LJ-14
    3.05006e+01    2.24308e+02   -1.22075e+00    7.95294e-03    3.36940e+02
     Coulomb-14        LJ (SR)   Coulomb (SR)      Potential Pressure (bar)
    4.82133e+02   -2.57669e+02   -1.31292e+03   -4.97914e+02    0.00000e+00

           Step           Time
            447      447.00000

   Energies (kJ/mol)
           Bond          Angle Ryckaert-Bell.  Improper Dih.          LJ-14
    2.91527e+01    2.25550e+02   -1.22189e+00    7.90637e-03    3.36997e+02
     Coulomb-14        LJ (SR)   Coulomb (SR)      Potential Pressure (bar)
    4.82185e+02   -2.57666e+02   -1.31296e+03   -4.97959e+02    0.00000e+00

           Step           Time
            448      448.00000

   Energies (kJ/mol)
           Bond          Angle Ryckaert-Bell.  Improper Dih.          LJ-14
    3.08056e+01    2.23998e+02   -1.22221e+00    7.88931e-03    3.36746e+02
     Coulomb-14        LJ (SR)   Coulomb (SR)      Potential Pressure (bar)
    4.82113e+02   -2.57730e+02   -1.31284e+03   -4.98124e+02    0.00000e+00

           Step           Time
            449      449.00000

           Step           Time
            450      450.00000

   Energies (kJ/mol)
           Bond          Angle Ryckaert-Bell.  Improper Dih.          LJ-14
    2.97469e+01    2.24873e+02   -1.22253e+00    7.86795e-03    3.36827e+02
     Coulomb-14        LJ (SR)   Coulomb (SR)      Potential Pressure (bar)
    4.82152e+02   -2.57714e+02   -1.31289e+03   -4.98220e+02    0.00000e+00

           Step           Time
            451      451.00000

   Energies (kJ/mol)
           Bond          Angle Ryckaert-Bell.  Improper Dih.          LJ-14
    3.09994e+01    2.23797e+02   -1.22323e+00    7.82669e-03    3.36604e+02
     Coulomb-14        LJ (SR)   Coulomb (SR)      Potential Pressure (bar)
    4.82098e+02   -2.57776e+02   -1.31279e+03   -4.98283e+02    0.00000e+00

           Step           Time
            452      452.00000

   Energies (kJ/mol)
           Bond          Angle Ryckaert-Bell.  Improper Dih.          LJ-14
    2.94747e+01    2.25080e+02   -1.22363e+00    7.79706e-03    3.36738e+02
     Coulomb-14        LJ (SR)   Coulomb (SR)      Potential Pressure (bar)
    4.82156e+02   -2.57748e+02   -1.31287e+03   -4.98380e+02    0.00000e+00

           Step           Time
            453      453.00000

   Energies (kJ/mol)
           Bond          Angle Ryckaert-Bell.  Improper Dih.          LJ-14
    3.13348e+01    2.23511e+02   -1.22427e+00    7.76636e-03    3.36454e+02
     Coulomb-14        LJ (SR)   Coulomb (SR)      Potential Pressure (bar)
    4.82079e+02   -2.57823e+02   -1.31273e+03   -4.98393e+02    0.00000e+00

           Step           Time
            454      454.00000

   Energies (kJ/mol)
           Bond          Angle Ryckaert-Bell.  Improper Dih.          LJ-14
    2.91387e+01    2.25390e+02   -1.22476e+00    7.74387e-03    3.36666e+02
     Coulomb-14        LJ (SR)   Coulomb (SR)      Potential Pressure (bar)
    4.82167e+02   -2.57775e+02   -1.31285e+03   -4.98481e+02    0.00000e+00

           Step           Time
            455      455.00000

           Step           Time
            456      456.00000

   Energies (kJ/mol)
           Bond          Angle Ryckaert-Bell.  Improper Dih.          LJ-14
    3.03280e+01    2.24217e+02   -1.22507e+00    7.73023e-03    3.36478e+02
     Coulomb-14        LJ (SR)   Coulomb (SR)      Potential Pressure (bar)
    4.82112e+02   -2.57824e+02   -1.31276e+03   -4.98666e+02    0.00000e+00

           Step           Time
            457      457.00000

   Energies (kJ/mol)
           Bond          Angle Ryckaert-Bell.  Improper Dih.          LJ-14
    2.89628e+01    2.25490e+02   -1.22662e+00    7.65057e-03    3.36490e+02
     Coulomb-14        LJ (SR)   Coulomb (SR)      Potential Pressure (bar)
    4.82164e+02   -2.57836e+02   -1.31279e+03   -4.98740e+02    0.00000e+00

           Step           Time
            458      458.00000

   Energies (kJ/mol)
           Bond          Angle Ryckaert-Bell.  Improper Dih.          LJ-14
    3.06837e+01    2.23831e+02   -1.22699e+00    7.63924e-03    3.36229e+02
     Coulomb-14        LJ (SR)   Coulomb (SR)      Potential Pressure (bar)
    4.82087e+02   -2.57902e+02   -1.31266e+03   -4.98956e+02    0.00000e+00

           Step           Time
            459      459.00000

           Step           Time
            460      460.00000

   Energies (kJ/mol)
           Bond          Angle Ryckaert-Bell.  Improper Dih.          LJ-14
    2.95506e+01    2.24784e+02   -1.22747e+00    7.61956e-03    3.36315e+02
     Coulomb-14        LJ (SR)   Coulomb (SR)      Potential Pressure (bar)
    4.82132e+02   -2.57884e+02   -1.31272e+03   -4.99038e+02    0.00000e+00

           Step           Time
            461      461.00000

   Energies (kJ/mol)
           Bond          Angle Ryckaert-Bell.  Improper Dih.          LJ-14
    3.09048e+01    2.23612e+02   -1.22807e+00    7.59110e-03    3.36091e+02
     Coulomb-14        LJ (SR)   Coulomb (SR)      Potential Pressure (bar)
    4.82074e+02   -2.57944e+02   -1.31261e+03   -4.99095e+02    0.00000e+00

           Step           Time
            462      462.00000

   Energies (kJ/mol)
           Bond          Angle Ryckaert-Bell.  Improper Dih.          LJ-14
    2.92932e+01    2.24994e+02   -1.22854e+00    7.56381e-03    3.36234e+02
     Coulomb-14        LJ (SR)   Coulomb (SR)      Potential Pressure (bar)
    4.82137e+02   -2.57914e+02   -1.31269e+03   -4.99170e+02    0.00000e+00

           Step           Time
            463      463.00000

   Energies (kJ/mol)
           Bond          Angle Ryckaert-Bell.  Improper Dih.          LJ-14
    3.12777e+01    2.23299e+02   -1.22912e+00    7.54010e-03    3.35942e+02
     Coulomb-14        LJ (SR)   Coulomb (SR)      Potential Pressure (bar)
    4.82054e+02   -2.57989e+02   -1.31255e+03   -4.99193e+02    0.00000e+00

           Step           Time
            464      464.00000

   Energies (kJ/mol)
           Bond          Angle Ryckaert-Bell.  Improper Dih.          LJ-14
    2.89860e+01    2.25286e+02   -1.22961e+00    7.51140e-03    3.36165e+02
     Coulomb-14        LJ (SR)   Coulomb (SR)      Potential Pressure (bar)
    4.82146e+02   -2.57940e+02   -1.31268e+03   -4.99256e+02    0.00000e+00

           Step           Time
            465      465.00000

           Step           Time
            466      466.00000

   Energies (kJ/mol)
           Bond          Angle Ryckaert-Bell.  Improper Dih.          LJ-14
    3.02339e+01    2.24035e+02   -1.22986e+00    7.50256e-03    3.35970e+02
     Coulomb-14        LJ (SR)   Coulomb (SR)      Potential Pressure (bar)
    4.82089e+02   -2.57990e+02   -1.31258e+03   -4.99469e+02    0.00000e+00

           Step           Time
            467      467.00000

   Energies (kJ/mol)
           Bond          Angle Ryckaert-Bell.  Improper Dih.          LJ-14
    2.87970e+01    2.25394e+02   -1.23177e+00    7.42855e-03    3.35966e+02
     Coulomb-14        LJ (SR)   Coulomb (SR)      Potential Pressure (bar)
    4.82146e+02   -2.58007e+02   -1.31261e+03   -4.99543e+02    0.00000e+00

           Step           Time
            468      468.00000

   Energies (kJ/mol)
           Bond          Angle Ryckaert-Bell.  Improper Dih.          LJ-14
    3.06044e+01    2.23620e+02   -1.23210e+00    7.41354e-03    3.35695e+02
     Coulomb-14        LJ (SR)   Coulomb (SR)      Potential Pressure (bar)
    4.82065e+02   -2.58076e+02   -1.31248e+03   -4.99797e+02    0.00000e+00

           Step           Time
            469      469.00000

           Step           Time
            470      470.00000

   Energies (kJ/mol)
           Bond          Angle Ryckaert-Bell.  Improper Dih.          LJ-14
    2.94086e+01    2.24641e+02   -1.23256e+00    7.38025e-03    3.35789e+02
     Coulomb-14        LJ (SR)   Coulomb (SR)      Potential Pressure (bar)
    4.82110e+02   -2.58057e+02   -1.31254e+03   -4.99872e+02    0.00000e+00

           Step           Time
            471      471.00000

   Energies (kJ/mol)
           Bond          Angle Ryckaert-Bell.  Improper Dih.          LJ-14
    3.08596e+01    2.23378e+02   -1.23316e+00    7.35297e-03    3.35559e+02
     Coulomb-14        LJ (SR)   Coulomb (SR)      Potential Pressure (bar)
    4.82049e+02   -2.58118e+02   -1.31243e+03   -4.99927e+02    0.00000e+00

           Step           Time
            472      472.00000

   Energies (kJ/mol)
           Bond          Angle Ryckaert-Bell.  Improper Dih.          LJ-14
    2.91564e+01    2.24849e+02   -1.23367e+00    7.32530e-03    3.35714e+02
     Coulomb-14        LJ (SR)   Coulomb (SR)      Potential Pressure (bar)
    4.82117e+02   -2.58084e+02   -1.31252e+03   -4.99991e+02    0.00000e+00

           Step           Time
            473      473.00000

   Energies (kJ/mol)
           Bond          Angle Ryckaert-Bell.  Improper Dih.          LJ-14
    3.12544e+01    2.23050e+02   -1.23423e+00    7.30968e-03    3.35412e+02
     Coulomb-14        LJ (SR)   Coulomb (SR)      Potential Pressure (bar)
    4.82031e+02   -2.58162e+02   -1.31237e+03   -5.00014e+02    0.00000e+00

           Step           Time
            474      474.00000

   Energies (kJ/mol)
           Bond          Angle Ryckaert-Bell.  Improper Dih.          LJ-14
    2.88195e+01    2.25183e+02   -1.23476e+00    7.28307e-03    3.35658e+02
     Coulomb-14        LJ (SR)   Coulomb (SR)      Potential Pressure (bar)
    4.82129e+02   -2.58105e+02   -1.31251e+03   -5.00049e+02    0.00000e+00

           Step           Time
            475      475.00000

           Step           Time
            476      476.00000

   Energies (kJ/mol)
           Bond          Angle Ryckaert-Bell.  Improper Dih.          LJ-14
    3.01310e+01    2.23839e+02   -1.23497e+00    7.27466e-03    3.35452e+02
     Coulomb-14        LJ (SR)   Coulomb (SR)      Potential Pressure (bar)
    4.82068e+02   -2.58158e+02   -1.31241e+03   -5.00301e+02    0.00000e+00

           Step           Time
            477      477.00000

   Energies (kJ/mol)
           Bond          Angle Ryckaert-Bell.  Improper Dih.          LJ-14
    2.87325e+01    2.25149e+02   -1.23721e+00    7.18984e-03    3.35416e+02
     Coulomb-14        LJ (SR)   Coulomb (SR)      Potential Pressure (bar)
    4.82122e+02   -2.58184e+02   -1.31243e+03   -5.00421e+02    0.00000e+00

           Step           Time
            478      478.00000

   Energies (kJ/mol)
           Bond          Angle Ryckaert-Bell.  Improper Dih.          LJ-14
    3.07838e+01    2.23200e+02   -1.23744e+00    7.16164e-03    3.35115e+02
     Coulomb-14        LJ (SR)   Coulomb (SR)      Potential Pressure (bar)
    4.82031e+02   -2.58261e+02   -1.31228e+03   -5.00637e+02    0.00000e+00

           Step           Time
            479      479.00000

           Step           Time
            480      480.00000

   Energies (kJ/mol)
           Bond          Angle Ryckaert-Bell.  Improper Dih.          LJ-14
    2.94372e+01    2.24309e+02   -1.23778e+00    7.14947e-03    3.35234e+02
     Coulomb-14        LJ (SR)   Coulomb (SR)      Potential Pressure (bar)
    4.82083e+02   -2.58234e+02   -1.31235e+03   -5.00747e+02    0.00000e+00

           Step           Time
            481      481.00000

   Energies (kJ/mol)
           Bond          Angle Ryckaert-Bell.  Improper Dih.          LJ-14
    3.10173e+01    2.22975e+02   -1.23847e+00    7.12008e-03    3.34982e+02
     Coulomb-14        LJ (SR)   Coulomb (SR)      Potential Pressure (bar)
    4.82019e+02   -2.58302e+02   -1.31223e+03   -5.00766e+02    0.00000e+00

           Step           Time
            482      482.00000

   Energies (kJ/mol)
           Bond          Angle Ryckaert-Bell.  Improper Dih.          LJ-14
    2.91444e+01    2.24547e+02   -1.23885e+00    7.09800e-03    3.35159e+02
     Coulomb-14        LJ (SR)   Coulomb (SR)      Potential Pressure (bar)
    4.82094e+02   -2.58260e+02   -1.31233e+03   -5.00875e+02    0.00000e+00

           Step           Time
            483      483.00000

           Step           Time
            484      484.00000

   Energies (kJ/mol)
           Bond          Angle Ryckaert-Bell.  Improper Dih.          LJ-14
    3.01893e+01    2.23551e+02   -1.23914e+00    7.08161e-03    3.34993e+02
     Coulomb-14        LJ (SR)   Coulomb (SR)      Potential Pressure (bar)
    4.82048e+02   -2.58304e+02   -1.31225e+03   -5.01002e+02    0.00000e+00

           Step           Time
            485      485.00000

   Energies (kJ/mol)
           Bond          Angle Ryckaert-Bell.  Improper Dih.          LJ-14
    2.89469e+01    2.24685e+02   -1.24022e+00    7.04991e-03    3.35044e+02
     Coulomb-14        LJ (SR)   Coulomb (SR)      Potential Pressure (bar)
    4.82097e+02   -2.58301e+02   -1.31229e+03   -5.01055e+02    0.00000e+00

           Step           Time
            486      486.00000

   Energies (kJ/mol)
           Bond          Angle Ryckaert-Bell.  Improper Dih.          LJ-14
    3.04654e+01    2.23253e+02   -1.24055e+00    7.03326e-03    3.34814e+02
     Coulomb-14        LJ (SR)   Coulomb (SR)      Potential Pressure (bar)
    4.82030e+02   -2.58360e+02   -1.31218e+03   -5.01210e+02    0.00000e+00

           Step           Time
            487      487.00000

           Step           Time
            488      488.00000

   Energies (kJ/mol)
           Bond          Angle Ryckaert-Bell.  Improper Dih.          LJ-14
    2.94949e+01    2.24061e+02   -1.24090e+00    7.01958e-03    3.34886e+02
     Coulomb-14        LJ (SR)   Coulomb (SR)      Potential Pressure (bar)
    4.82068e+02   -2.58345e+02   -1.31223e+03   -5.01294e+02    0.00000e+00

           Step           Time
            489      489.00000

   Energies (kJ/mol)
           Bond          Angle Ryckaert-Bell.  Improper Dih.          LJ-14
    3.06491e+01    2.23059e+02   -1.24157e+00    6.99605e-03    3.34686e+02
     Coulomb-14        LJ (SR)   Coulomb (SR)      Potential Pressure (bar)
    4.82018e+02   -2.58399e+02   -1.31213e+03   -5.01353e+02    0.00000e+00

DD  step 489 load imb.: force 42.9%

           Step           Time
            490      490.00000

   Energies (kJ/mol)
           Bond          Angle Ryckaert-Bell.  Improper Dih.          LJ-14
    2.92598e+01    2.24231e+02   -1.24190e+00    6.97980e-03    3.34809e+02
     Coulomb-14        LJ (SR)   Coulomb (SR)      Potential Pressure (bar)
    4.82073e+02   -2.58372e+02   -1.31220e+03   -5.01438e+02    0.00000e+00

           Step           Time
            491      491.00000

   Energies (kJ/mol)
           Bond          Angle Ryckaert-Bell.  Improper Dih.          LJ-14
    3.09815e+01    2.22770e+02   -1.24250e+00    6.95937e-03    3.34546e+02
     Coulomb-14        LJ (SR)   Coulomb (SR)      Potential Pressure (bar)
    4.82002e+02   -2.58441e+02   -1.31208e+03   -5.01453e+02    0.00000e+00

           Step           Time
            492      492.00000

   Energies (kJ/mol)
           Bond          Angle Ryckaert-Bell.  Improper Dih.          LJ-14
    2.89850e+01    2.24468e+02   -1.24288e+00    6.93085e-03    3.34742e+02
     Coulomb-14        LJ (SR)   Coulomb (SR)      Potential Pressure (bar)
    4.82082e+02   -2.58396e+02   -1.31219e+03   -5.01542e+02    0.00000e+00

           Step           Time
            493      493.00000

           Step           Time
            494      494.00000

   Energies (kJ/mol)
           Bond          Angle Ryckaert-Bell.  Improper Dih.          LJ-14
    3.00857e+01    2.23400e+02   -1.24312e+00    6.92287e-03    3.34567e+02
     Coulomb-14        LJ (SR)   Coulomb (SR)      Potential Pressure (bar)
    4.82031e+02   -2.58441e+02   -1.31210e+03   -5.01696e+02    0.00000e+00

           Step           Time
            495      495.00000

   Energies (kJ/mol)
           Bond          Angle Ryckaert-Bell.  Improper Dih.          LJ-14
    2.88253e+01    2.24550e+02   -1.24455e+00    6.87436e-03    3.34603e+02
     Coulomb-14        LJ (SR)   Coulomb (SR)      Potential Pressure (bar)
    4.82084e+02   -2.58442e+02   -1.31214e+03   -5.01759e+02    0.00000e+00

           Step           Time
            496      496.00000

   Energies (kJ/mol)
           Bond          Angle Ryckaert-Bell.  Improper Dih.          LJ-14
    3.04684e+01    2.23002e+02   -1.24485e+00    6.86156e-03    3.34354e+02
     Coulomb-14        LJ (SR)   Coulomb (SR)      Potential Pressure (bar)
    4.82011e+02   -2.58506e+02   -1.31202e+03   -5.01929e+02    0.00000e+00

           Step           Time
            497      497.00000

           Step           Time
            498      498.00000

   Energies (kJ/mol)
           Bond          Angle Ryckaert-Bell.  Improper Dih.          LJ-14
    2.94017e+01    2.23891e+02   -1.24520e+00    6.84796e-03    3.34439e+02
     Coulomb-14        LJ (SR)   Coulomb (SR)      Potential Pressure (bar)
    4.82053e+02   -2.58488e+02   -1.31207e+03   -5.02014e+02    0.00000e+00

           Step           Time
            499      499.00000

   Energies (kJ/mol)
           Bond          Angle Ryckaert-Bell.  Improper Dih.          LJ-14
    3.06577e+01    2.22805e+02   -1.24580e+00    6.82524e-03    3.34232e+02
     Coulomb-14        LJ (SR)   Coulomb (SR)      Potential Pressure (bar)
    4.81999e+02   -2.58543e+02   -1.31197e+03   -5.02064e+02    0.00000e+00

DD  step 499 load imb.: force 59.4%

           Step           Time
            500      500.00000

   Energies (kJ/mol)
           Bond          Angle Ryckaert-Bell.  Improper Dih.          LJ-14
    2.91816e+01    2.24048e+02   -1.24622e+00    6.81223e-03    3.34365e+02
     Coulomb-14        LJ (SR)   Coulomb (SR)      Potential Pressure (bar)
    4.82058e+02   -2.58513e+02   -1.31205e+03   -5.02152e+02    0.00000e+00

           Step           Time
            501      501.00000

   Energies (kJ/mol)
           Bond          Angle Ryckaert-Bell.  Improper Dih.          LJ-14
    3.10047e+01    2.22504e+02   -1.24679e+00    6.78866e-03    3.34096e+02
     Coulomb-14        LJ (SR)   Coulomb (SR)      Potential Pressure (bar)
    4.81982e+02   -2.58583e+02   -1.31192e+03   -5.02156e+02    0.00000e+00

           Step           Time
            502      502.00000

   Energies (kJ/mol)
           Bond          Angle Ryckaert-Bell.  Improper Dih.          LJ-14
    2.88701e+01    2.24327e+02   -1.24725e+00    6.76276e-03    3.34308e+02
     Coulomb-14        LJ (SR)   Coulomb (SR)      Potential Pressure (bar)
    4.82069e+02   -2.58534e+02   -1.31204e+03   -5.02241e+02    0.00000e+00

           Step           Time
            503      503.00000

           Step           Time
            504      504.00000

   Energies (kJ/mol)
           Bond          Angle Ryckaert-Bell.  Improper Dih.          LJ-14
    3.00358e+01    2.23182e+02   -1.24746e+00    6.75493e-03    3.34125e+02
     Coulomb-14        LJ (SR)   Coulomb (SR)      Potential Pressure (bar)
    4.82014e+02   -2.58581e+02   -1.31195e+03   -5.02414e+02    0.00000e+00

           Step           Time
            505      505.00000

   Energies (kJ/mol)
           Bond          Angle Ryckaert-Bell.  Improper Dih.          LJ-14
    2.87203e+01    2.24398e+02   -1.24881e+00    6.71336e-03    3.34172e+02
     Coulomb-14        LJ (SR)   Coulomb (SR)      Potential Pressure (bar)
    4.82069e+02   -2.58580e+02   -1.31199e+03   -5.02457e+02    0.00000e+00

           Step           Time
            506      506.00000

   Energies (kJ/mol)
           Bond          Angle Ryckaert-Bell.  Improper Dih.          LJ-14
    3.03735e+01    2.22809e+02   -1.24913e+00    6.70088e-03    3.33921e+02
     Coulomb-14        LJ (SR)   Coulomb (SR)      Potential Pressure (bar)
    4.81996e+02   -2.58643e+02   -1.31187e+03   -5.02656e+02    0.00000e+00

           Step           Time
            507      507.00000

           Step           Time
            508      508.00000

   Energies (kJ/mol)
           Bond          Angle Ryckaert-Bell.  Improper Dih.          LJ-14
    2.93017e+01    2.23709e+02   -1.24951e+00    6.67506e-03    3.34008e+02
     Coulomb-14        LJ (SR)   Coulomb (SR)      Potential Pressure (bar)
    4.82038e+02   -2.58625e+02   -1.31192e+03   -5.02734e+02    0.00000e+00

           Step           Time
            509      509.00000

   Energies (kJ/mol)
           Bond          Angle Ryckaert-Bell.  Improper Dih.          LJ-14
    3.06113e+01    2.22572e+02   -1.25007e+00    6.65450e-03    3.33799e+02
     Coulomb-14        LJ (SR)   Coulomb (SR)      Potential Pressure (bar)
    4.81983e+02   -2.58680e+02   -1.31182e+03   -5.02778e+02    0.00000e+00

DD  step 509 load imb.: force 47.6%

           Step           Time
            510      510.00000

   Energies (kJ/mol)
           Bond          Angle Ryckaert-Bell.  Improper Dih.          LJ-14
    2.90432e+01    2.23912e+02   -1.25051e+00    6.64173e-03    3.33943e+02
     Coulomb-14        LJ (SR)   Coulomb (SR)      Potential Pressure (bar)
    4.82047e+02   -2.58647e+02   -1.31190e+03   -5.02851e+02    0.00000e+00

           Step           Time
            511      511.00000

   Energies (kJ/mol)
           Bond          Angle Ryckaert-Bell.  Improper Dih.          LJ-14
    3.09490e+01    2.22284e+02   -1.25106e+00    6.61426e-03    3.33667e+02
     Coulomb-14        LJ (SR)   Coulomb (SR)      Potential Pressure (bar)
    4.81968e+02   -2.58719e+02   -1.31177e+03   -5.02865e+02    0.00000e+00

           Step           Time
            512      512.00000

   Energies (kJ/mol)
           Bond          Angle Ryckaert-Bell.  Improper Dih.          LJ-14
    2.87246e+01    2.24212e+02   -1.25146e+00    6.60306e-03    3.33893e+02
     Coulomb-14        LJ (SR)   Coulomb (SR)      Potential Pressure (bar)
    4.82059e+02   -2.58667e+02   -1.31190e+03   -5.02918e+02    0.00000e+00

           Step           Time
            513      513.00000

           Step           Time
            514      514.00000

   Energies (kJ/mol)
           Bond          Angle Ryckaert-Bell.  Improper Dih.          LJ-14
    2.99357e+01    2.22993e+02   -1.25168e+00    6.59535e-03    3.33704e+02
     Coulomb-14        LJ (SR)   Coulomb (SR)      Potential Pressure (bar)
    4.82003e+02   -2.58714e+02   -1.31180e+03   -5.03125e+02    0.00000e+00

           Step           Time
            515      515.00000

   Energies (kJ/mol)
           Bond          Angle Ryckaert-Bell.  Improper Dih.          LJ-14
    2.85763e+01    2.24263e+02   -1.25351e+00    6.52115e-03    3.33717e+02
     Coulomb-14        LJ (SR)   Coulomb (SR)      Potential Pressure (bar)
    4.82060e+02   -2.58723e+02   -1.31184e+03   -5.03192e+02    0.00000e+00

           Step           Time
            516      516.00000

   Energies (kJ/mol)
           Bond          Angle Ryckaert-Bell.  Improper Dih.          LJ-14
    3.03872e+01    2.22512e+02   -1.25377e+00    6.51419e-03    3.33448e+02
     Coulomb-14        LJ (SR)   Coulomb (SR)      Potential Pressure (bar)
    4.81980e+02   -2.58791e+02   -1.31170e+03   -5.03416e+02    0.00000e+00

           Step           Time
            517      517.00000

           Step           Time
            518      518.00000

   Energies (kJ/mol)
           Bond          Angle Ryckaert-Bell.  Improper Dih.          LJ-14
    2.92122e+01    2.23496e+02   -1.25414e+00    6.50390e-03    3.33550e+02
     Coulomb-14        LJ (SR)   Coulomb (SR)      Potential Pressure (bar)
    4.82026e+02   -2.58769e+02   -1.31176e+03   -5.03496e+02    0.00000e+00

           Step           Time
            519      519.00000

   Energies (kJ/mol)
           Bond          Angle Ryckaert-Bell.  Improper Dih.          LJ-14
    3.06290e+01    2.22279e+02   -1.25474e+00    6.48641e-03    3.33327e+02
     Coulomb-14        LJ (SR)   Coulomb (SR)      Potential Pressure (bar)
    4.81967e+02   -2.58827e+02   -1.31166e+03   -5.03531e+02    0.00000e+00

DD  step 519 load imb.: force 59.2%

           Step           Time
            520      520.00000

   Energies (kJ/mol)
           Bond          Angle Ryckaert-Bell.  Improper Dih.          LJ-14
    2.89595e+01    2.23696e+02   -1.25509e+00    6.47465e-03    3.33487e+02
     Coulomb-14        LJ (SR)   Coulomb (SR)      Potential Pressure (bar)
    4.82034e+02   -2.58790e+02   -1.31175e+03   -5.03610e+02    0.00000e+00

           Step           Time
            521      521.00000

           Step           Time
            522      522.00000

   Energies (kJ/mol)
           Bond          Angle Ryckaert-Bell.  Improper Dih.          LJ-14
    2.98932e+01    2.22801e+02   -1.25532e+00    6.46824e-03    3.33337e+02
     Coulomb-14        LJ (SR)   Coulomb (SR)      Potential Pressure (bar)
    4.81990e+02   -2.58829e+02   -1.31168e+03   -5.03731e+02    0.00000e+00

           Step           Time
            523      523.00000

   Energies (kJ/mol)
           Bond          Angle Ryckaert-Bell.  Improper Dih.          LJ-14
    2.88407e+01    2.23740e+02   -1.25656e+00    6.42634e-03    3.33345e+02
     Coulomb-14        LJ (SR)   Coulomb (SR)      Potential Pressure (bar)
    4.82035e+02   -2.58836e+02   -1.31170e+03   -5.03829e+02    0.00000e+00

           Step           Time
            524      524.00000

   Energies (kJ/mol)
           Bond          Angle Ryckaert-Bell.  Improper Dih.          LJ-14
    3.01603e+01    2.22487e+02   -1.25694e+00    6.41650e-03    3.33148e+02
     Coulomb-14        LJ (SR)   Coulomb (SR)      Potential Pressure (bar)
    4.81975e+02   -2.58885e+02   -1.31160e+03   -5.03969e+02    0.00000e+00

           Step           Time
            525      525.00000

           Step           Time
            526      526.00000

   Energies (kJ/mol)
           Bond          Angle Ryckaert-Bell.  Improper Dih.          LJ-14
    2.93065e+01    2.23198e+02   -1.25730e+00    6.40089e-03    3.33211e+02
     Coulomb-14        LJ (SR)   Coulomb (SR)      Potential Pressure (bar)
    4.82011e+02   -2.58872e+02   -1.31164e+03   -5.04040e+02    0.00000e+00

           Step           Time
            527      527.00000

   Energies (kJ/mol)
           Bond          Angle Ryckaert-Bell.  Improper Dih.          LJ-14
    3.03532e+01    2.22284e+02   -1.25794e+00    6.37951e-03    3.33029e+02
     Coulomb-14        LJ (SR)   Coulomb (SR)      Potential Pressure (bar)
    4.81966e+02   -2.58920e+02   -1.31156e+03   -5.04099e+02    0.00000e+00

           Step           Time
            528      528.00000

   Energies (kJ/mol)
           Bond          Angle Ryckaert-Bell.  Improper Dih.          LJ-14
    2.91104e+01    2.23330e+02   -1.25828e+00    6.36539e-03    3.33139e+02
     Coulomb-14        LJ (SR)   Coulomb (SR)      Potential Pressure (bar)
    4.82018e+02   -2.58895e+02   -1.31162e+03   -5.04173e+02    0.00000e+00

           Step           Time
            529      529.00000

   Energies (kJ/mol)
           Bond          Angle Ryckaert-Bell.  Improper Dih.          LJ-14
    3.06174e+01    2.22035e+02   -1.25885e+00    6.34201e-03    3.32909e+02
     Coulomb-14        LJ (SR)   Coulomb (SR)      Potential Pressure (bar)
    4.81956e+02   -2.58955e+02   -1.31151e+03   -5.04201e+02    0.00000e+00

DD  step 529 load imb.: force 48.2%

           Step           Time
            530      530.00000

   Energies (kJ/mol)
           Bond          Angle Ryckaert-Bell.  Improper Dih.          LJ-14
    2.88468e+01    2.23553e+02   -1.25923e+00    6.32785e-03    3.33079e+02
     Coulomb-14        LJ (SR)   Coulomb (SR)      Potential Pressure (bar)
    4.82029e+02   -2.58916e+02   -1.31161e+03   -5.04272e+02    0.00000e+00

           Step           Time
            531      531.00000

           Step           Time
            532      532.00000

   Energies (kJ/mol)
           Bond          Angle Ryckaert-Bell.  Improper Dih.          LJ-14
    2.98401e+01    2.22588e+02   -1.25944e+00    6.31978e-03    3.32922e+02
     Coulomb-14        LJ (SR)   Coulomb (SR)      Potential Pressure (bar)
    4.81983e+02   -2.58955e+02   -1.31153e+03   -5.04409e+02    0.00000e+00

           Step           Time
            533      533.00000

   Energies (kJ/mol)
           Bond          Angle Ryckaert-Bell.  Improper Dih.          LJ-14
    2.87389e+01    2.23567e+02   -1.26081e+00    6.27971e-03    3.32942e+02
     Coulomb-14        LJ (SR)   Coulomb (SR)      Potential Pressure (bar)
    4.82030e+02   -2.58960e+02   -1.31156e+03   -5.04499e+02    0.00000e+00

           Step           Time
            534      534.00000

   Energies (kJ/mol)
           Bond          Angle Ryckaert-Bell.  Improper Dih.          LJ-14
    3.02035e+01    2.22195e+02   -1.26111e+00    6.26721e-03    3.32719e+02
     Coulomb-14        LJ (SR)   Coulomb (SR)      Potential Pressure (bar)
    4.81965e+02   -2.59015e+02   -1.31146e+03   -5.04643e+02    0.00000e+00

           Step           Time
            535      535.00000

           Step           Time
            536      536.00000

   Energies (kJ/mol)
           Bond          Angle Ryckaert-Bell.  Improper Dih.          LJ-14
    2.92652e+01    2.22971e+02   -1.26145e+00    6.25547e-03    3.32797e+02
     Coulomb-14        LJ (SR)   Coulomb (SR)      Potential Pressure (bar)
    4.82002e+02   -2.58999e+02   -1.31150e+03   -5.04720e+02    0.00000e+00

           Step           Time
            537      537.00000

   Energies (kJ/mol)
           Bond          Angle Ryckaert-Bell.  Improper Dih.          LJ-14
    3.04030e+01    2.21990e+02   -1.26201e+00    6.23731e-03    3.32600e+02
     Coulomb-14        LJ (SR)   Coulomb (SR)      Potential Pressure (bar)
    4.81954e+02   -2.59050e+02   -1.31141e+03   -5.04770e+02    0.00000e+00

           Step           Time
            538      538.00000

   Energies (kJ/mol)
           Bond          Angle Ryckaert-Bell.  Improper Dih.          LJ-14
    2.90597e+01    2.23111e+02   -1.26242e+00    6.22887e-03    3.32724e+02
     Coulomb-14        LJ (SR)   Coulomb (SR)      Potential Pressure (bar)
    4.82009e+02   -2.59023e+02   -1.31148e+03   -5.04856e+02    0.00000e+00

           Step           Time
            539      539.00000

   Energies (kJ/mol)
           Bond          Angle Ryckaert-Bell.  Improper Dih.          LJ-14
    3.07333e+01    2.21704e+02   -1.26297e+00    6.20716e-03    3.32471e+02
     Coulomb-14        LJ (SR)   Coulomb (SR)      Potential Pressure (bar)
    4.81939e+02   -2.59088e+02   -1.31136e+03   -5.04857e+02    0.00000e+00

DD  step 539 load imb.: force 49.7%

           Step           Time
            540      540.00000

   Energies (kJ/mol)
           Bond          Angle Ryckaert-Bell.  Improper Dih.          LJ-14
    2.87835e+01    2.23349e+02   -1.26335e+00    6.19851e-03    3.32665e+02
     Coulomb-14        LJ (SR)   Coulomb (SR)      Potential Pressure (bar)
    4.82020e+02   -2.59043e+02   -1.31147e+03   -5.04952e+02    0.00000e+00

           Step           Time
            541      541.00000

           Step           Time
            542      542.00000

   Energies (kJ/mol)
           Bond          Angle Ryckaert-Bell.  Improper Dih.          LJ-14
    2.98663e+01    2.22306e+02   -1.26354e+00    6.19108e-03    3.32498e+02
     Coulomb-14        LJ (SR)   Coulomb (SR)      Potential Pressure (bar)
    4.81969e+02   -2.59086e+02   -1.31139e+03   -5.05091e+02    0.00000e+00

           Step           Time
            543      543.00000

   Energies (kJ/mol)
           Bond          Angle Ryckaert-Bell.  Improper Dih.          LJ-14
    2.86297e+01    2.23439e+02   -1.26470e+00    6.15093e-03    3.32558e+02
     Coulomb-14        LJ (SR)   Coulomb (SR)      Potential Pressure (bar)
    4.82022e+02   -2.59078e+02   -1.31144e+03   -5.05124e+02    0.00000e+00

           Step           Time
            544      544.00000

   Energies (kJ/mol)
           Bond          Angle Ryckaert-Bell.  Improper Dih.          LJ-14
    3.02099e+01    2.21951e+02   -1.26496e+00    6.14571e-03    3.32323e+02
     Coulomb-14        LJ (SR)   Coulomb (SR)      Potential Pressure (bar)
    4.81952e+02   -2.59137e+02   -1.31132e+03   -5.05279e+02    0.00000e+00

           Step           Time
            545      545.00000

           Step           Time
            546      546.00000

   Energies (kJ/mol)
           Bond          Angle Ryckaert-Bell.  Improper Dih.          LJ-14
    2.91902e+01    2.22796e+02   -1.26531e+00    6.13620e-03    3.32409e+02
     Coulomb-14        LJ (SR)   Coulomb (SR)      Potential Pressure (bar)
    4.81994e+02   -2.59118e+02   -1.31137e+03   -5.05359e+02    0.00000e+00

           Step           Time
            547      547.00000

   Energies (kJ/mol)
           Bond          Angle Ryckaert-Bell.  Improper Dih.          LJ-14
    3.04173e+01    2.21743e+02   -1.26589e+00    6.12487e-03    3.32206e+02
     Coulomb-14        LJ (SR)   Coulomb (SR)      Potential Pressure (bar)
    4.81941e+02   -2.59171e+02   -1.31128e+03   -5.05400e+02    0.00000e+00

           Step           Time
            548      548.00000

   Energies (kJ/mol)
           Bond          Angle Ryckaert-Bell.  Improper Dih.          LJ-14
    2.89659e+01    2.22959e+02   -1.26625e+00    6.11332e-03    3.32341e+02
     Coulomb-14        LJ (SR)   Coulomb (SR)      Potential Pressure (bar)
    4.82002e+02   -2.59140e+02   -1.31135e+03   -5.05486e+02    0.00000e+00

           Step           Time
            549      549.00000

           Step           Time
            550      550.00000

   Energies (kJ/mol)
           Bond          Angle Ryckaert-Bell.  Improper Dih.          LJ-14
    2.97871e+01    2.22187e+02   -1.26651e+00    6.10604e-03    3.32208e+02
     Coulomb-14        LJ (SR)   Coulomb (SR)      Potential Pressure (bar)
    4.81965e+02   -2.59175e+02   -1.31129e+03   -5.05578e+02    0.00000e+00

           Step           Time
            551      551.00000

   Energies (kJ/mol)
           Bond          Angle Ryckaert-Bell.  Improper Dih.          LJ-14
    2.88418e+01    2.23017e+02   -1.26747e+00    6.07586e-03    3.32238e+02
     Coulomb-14        LJ (SR)   Coulomb (SR)      Potential Pressure (bar)
    4.82003e+02   -2.59173e+02   -1.31132e+03   -5.05657e+02    0.00000e+00

           Step           Time
            552      552.00000

   Energies (kJ/mol)
           Bond          Angle Ryckaert-Bell.  Improper Dih.          LJ-14
    2.99889e+01    2.21951e+02   -1.26779e+00    6.06789e-03    3.32060e+02
     Coulomb-14        LJ (SR)   Coulomb (SR)      Potential Pressure (bar)
    4.81954e+02   -2.59219e+02   -1.31124e+03   -5.05763e+02    0.00000e+00

           Step           Time
            553      553.00000

   Energies (kJ/mol)
           Bond          Angle Ryckaert-Bell.  Improper Dih.          LJ-14
    2.86396e+01    2.23178e+02   -1.26843e+00    6.05315e-03    3.32169e+02
     Coulomb-14        LJ (SR)   Coulomb (SR)      Potential Pressure (bar)
    4.82013e+02   -2.59196e+02   -1.31130e+03   -5.05764e+02    0.00000e+00

           Step           Time
            554      554.00000

   Energies (kJ/mol)
           Bond          Angle Ryckaert-Bell.  Improper Dih.          LJ-14
    3.03129e+01    2.21643e+02   -1.26875e+00    6.04284e-03    3.31924e+02
     Coulomb-14        LJ (SR)   Coulomb (SR)      Potential Pressure (bar)
    4.81939e+02   -2.59258e+02   -1.31118e+03   -5.05885e+02    0.00000e+00

           Step           Time
            555      555.00000

           Step           Time
            556      556.00000

   Energies (kJ/mol)
           Bond          Angle Ryckaert-Bell.  Improper Dih.          LJ-14
    2.92342e+01    2.22514e+02   -1.26905e+00    6.03065e-03    3.32019e+02
     Coulomb-14        LJ (SR)   Coulomb (SR)      Potential Pressure (bar)
    4.81983e+02   -2.59235e+02   -1.31124e+03   -5.05988e+02    0.00000e+00

           Step           Time
            557      557.00000

   Energies (kJ/mol)
           Bond          Angle Ryckaert-Bell.  Improper Dih.          LJ-14
    3.05547e+01    2.21407e+02   -1.26992e+00    6.01027e-03    3.31788e+02
     Coulomb-14        LJ (SR)   Coulomb (SR)      Potential Pressure (bar)
    4.81928e+02   -2.59297e+02   -1.31113e+03   -5.06017e+02    0.00000e+00

           Step           Time
            558      558.00000

   Energies (kJ/mol)
           Bond          Angle Ryckaert-Bell.  Improper Dih.          LJ-14
    2.89570e+01    2.22717e+02   -1.27021e+00    5.99870e-03    3.31943e+02
     Coulomb-14        LJ (SR)   Coulomb (SR)      Potential Pressure (bar)
    4.81993e+02   -2.59261e+02   -1.31122e+03   -5.06137e+02    0.00000e+00

           Step           Time
            559      559.00000

           Step           Time
            560      560.00000

   Energies (kJ/mol)
           Bond          Angle Ryckaert-Bell.  Improper Dih.          LJ-14
    2.98585e+01    2.21885e+02   -1.27052e+00    5.99152e-03    3.31798e+02
     Coulomb-14        LJ (SR)   Coulomb (SR)      Potential Pressure (bar)
    4.81953e+02   -2.59298e+02   -1.31115e+03   -5.06222e+02    0.00000e+00

           Step           Time
            561      561.00000

   Energies (kJ/mol)
           Bond          Angle Ryckaert-Bell.  Improper Dih.          LJ-14
    2.88120e+01    2.22809e+02   -1.27118e+00    5.97539e-03    3.31865e+02
     Coulomb-14        LJ (SR)   Coulomb (SR)      Potential Pressure (bar)
    4.81996e+02   -2.59286e+02   -1.31120e+03   -5.06268e+02    0.00000e+00

           Step           Time
            562      562.00000

   Energies (kJ/mol)
           Bond          Angle Ryckaert-Bell.  Improper Dih.          LJ-14
    3.01002e+01    2.21634e+02   -1.27154e+00    5.96661e-03    3.31671e+02
     Coulomb-14        LJ (SR)   Coulomb (SR)      Potential Pressure (bar)
    4.81941e+02   -2.59335e+02   -1.31110e+03   -5.06358e+02    0.00000e+00

           Step           Time
            563      563.00000

           Step           Time
            564      564.00000

   Energies (kJ/mol)
           Bond          Angle Ryckaert-Bell.  Improper Dih.          LJ-14
    2.92859e+01    2.22293e+02   -1.27181e+00    5.95739e-03    3.31738e+02
     Coulomb-14        LJ (SR)   Coulomb (SR)      Potential Pressure (bar)
    4.81975e+02   -2.59320e+02   -1.31114e+03   -5.06439e+02    0.00000e+00

           Step           Time
            565      565.00000

   Energies (kJ/mol)
           Bond          Angle Ryckaert-Bell.  Improper Dih.          LJ-14
    3.02160e+01    2.21481e+02   -1.27266e+00    5.93772e-03    3.31552e+02
     Coulomb-14        LJ (SR)   Coulomb (SR)      Potential Pressure (bar)
    4.81935e+02   -2.59370e+02   -1.31106e+03   -5.06514e+02    0.00000e+00

           Step           Time
            566      566.00000

   Energies (kJ/mol)
           Bond          Angle Ryckaert-Bell.  Improper Dih.          LJ-14
    2.90713e+01    2.22429e+02   -1.27297e+00    5.93137e-03    3.31653e+02
     Coulomb-14        LJ (SR)   Coulomb (SR)      Potential Pressure (bar)
    4.81981e+02   -2.59346e+02   -1.31112e+03   -5.06601e+02    0.00000e+00

           Step           Time
            567      567.00000

   Energies (kJ/mol)
           Bond          Angle Ryckaert-Bell.  Improper Dih.          LJ-14
    3.04753e+01    2.21239e+02   -1.27359e+00    5.90542e-03    3.31434e+02
     Coulomb-14        LJ (SR)   Coulomb (SR)      Potential Pressure (bar)
    4.81923e+02   -2.59404e+02   -1.31102e+03   -5.06615e+02    0.00000e+00

           Step           Time
            568      568.00000

   Energies (kJ/mol)
           Bond          Angle Ryckaert-Bell.  Improper Dih.          LJ-14
    2.88099e+01    2.22636e+02   -1.27399e+00    5.89764e-03    3.31594e+02
     Coulomb-14        LJ (SR)   Coulomb (SR)      Potential Pressure (bar)
    4.81992e+02   -2.59366e+02   -1.31111e+03   -5.06711e+02    0.00000e+00

           Step           Time
            569      569.00000

           Step           Time
            570      570.00000

   Energies (kJ/mol)
           Bond          Angle Ryckaert-Bell.  Improper Dih.          LJ-14
    2.97394e+01    2.21755e+02   -1.27424e+00    5.89126e-03    3.31448e+02
     Coulomb-14        LJ (SR)   Coulomb (SR)      Potential Pressure (bar)
    4.81948e+02   -2.59404e+02   -1.31104e+03   -5.06818e+02    0.00000e+00

           Step           Time
            571      571.00000

   Energies (kJ/mol)
           Bond          Angle Ryckaert-Bell.  Improper Dih.          LJ-14
    2.86864e+01    2.22697e+02   -1.27514e+00    5.87055e-03    3.31500e+02
     Coulomb-14        LJ (SR)   Coulomb (SR)      Potential Pressure (bar)
    4.81993e+02   -2.59396e+02   -1.31108e+03   -5.06868e+02    0.00000e+00

           Step           Time
            572      572.00000

   Energies (kJ/mol)
           Bond          Angle Ryckaert-Bell.  Improper Dih.          LJ-14
    3.00088e+01    2.21464e+02   -1.27545e+00    5.86307e-03    3.31301e+02
     Coulomb-14        LJ (SR)   Coulomb (SR)      Potential Pressure (bar)
    4.81937e+02   -2.59447e+02   -1.31098e+03   -5.06984e+02    0.00000e+00

           Step           Time
            573      573.00000

           Step           Time
            574      574.00000

   Energies (kJ/mol)
           Bond          Angle Ryckaert-Bell.  Improper Dih.          LJ-14
    2.91616e+01    2.22164e+02   -1.27578e+00    5.85903e-03    3.31370e+02
     Coulomb-14        LJ (SR)   Coulomb (SR)      Potential Pressure (bar)
    4.81971e+02   -2.59431e+02   -1.31102e+03   -5.07057e+02    0.00000e+00

           Step           Time
            575      575.00000

   Energies (kJ/mol)
           Bond          Angle Ryckaert-Bell.  Improper Dih.          LJ-14
    3.01512e+01    2.21301e+02   -1.27631e+00    5.83487e-03    3.31197e+02
     Coulomb-14        LJ (SR)   Coulomb (SR)      Potential Pressure (bar)
    4.81930e+02   -2.59477e+02   -1.31094e+03   -5.07110e+02    0.00000e+00

           Step           Time
            576      576.00000

   Energies (kJ/mol)
           Bond          Angle Ryckaert-Bell.  Improper Dih.          LJ-14
    2.89688e+01    2.22289e+02   -1.27672e+00    5.82293e-03    3.31303e+02
     Coulomb-14        LJ (SR)   Coulomb (SR)      Potential Pressure (bar)
    4.81979e+02   -2.59452e+02   -1.31100e+03   -5.07187e+02    0.00000e+00

           Step           Time
            577      577.00000

   Energies (kJ/mol)
           Bond          Angle Ryckaert-Bell.  Improper Dih.          LJ-14
    3.04217e+01    2.21051e+02   -1.27726e+00    5.81292e-03    3.31082e+02
     Coulomb-14        LJ (SR)   Coulomb (SR)      Potential Pressure (bar)
    4.81920e+02   -2.59509e+02   -1.31090e+03   -5.07203e+02    0.00000e+00

           Step           Time
            578      578.00000

   Energies (kJ/mol)
           Bond          Angle Ryckaert-Bell.  Improper Dih.          LJ-14
    2.87216e+01    2.22493e+02   -1.27760e+00    5.80519e-03    3.31250e+02
     Coulomb-14        LJ (SR)   Coulomb (SR)      Potential Pressure (bar)
    4.81990e+02   -2.59470e+02   -1.31099e+03   -5.07281e+02    0.00000e+00

           Step           Time
            579      579.00000

           Step           Time
            580      580.00000

   Energies (kJ/mol)
           Bond          Angle Ryckaert-Bell.  Improper Dih.          LJ-14
    2.96637e+01    2.21584e+02   -1.27782e+00    5.79822e-03    3.31104e+02
     Coulomb-14        LJ (SR)   Coulomb (SR)      Potential Pressure (bar)
    4.81946e+02   -2.59507e+02   -1.31092e+03   -5.07402e+02    0.00000e+00

           Step           Time
            581      581.00000

   Energies (kJ/mol)
           Bond          Angle Ryckaert-Bell.  Improper Dih.          LJ-14
    2.85718e+01    2.22576e+02   -1.27897e+00    5.75296e-03    3.31137e+02
     Coulomb-14        LJ (SR)   Coulomb (SR)      Potential Pressure (bar)
    4.81992e+02   -2.59505e+02   -1.31096e+03   -5.07459e+02    0.00000e+00

           Step           Time
            582      582.00000

   Energies (kJ/mol)
           Bond          Angle Ryckaert-Bell.  Improper Dih.          LJ-14
    2.99801e+01    2.21248e+02   -1.27922e+00    5.74831e-03    3.30930e+02
     Coulomb-14        LJ (SR)   Coulomb (SR)      Potential Pressure (bar)
    4.81930e+02   -2.59558e+02   -1.31085e+03   -5.07597e+02    0.00000e+00

           Step           Time
            583      583.00000

           Step           Time
            584      584.00000

   Energies (kJ/mol)
           Bond          Angle Ryckaert-Bell.  Improper Dih.          LJ-14
    2.90795e+01    2.21998e+02   -1.27960e+00    5.73723e-03    3.31003e+02
     Coulomb-14        LJ (SR)   Coulomb (SR)      Potential Pressure (bar)
    4.81966e+02   -2.59541e+02   -1.31090e+03   -5.07669e+02    0.00000e+00

           Step           Time
            585      585.00000

   Energies (kJ/mol)
           Bond          Angle Ryckaert-Bell.  Improper Dih.          LJ-14
    3.01581e+01    2.21061e+02   -1.28011e+00    5.72682e-03    3.30824e+02
     Coulomb-14        LJ (SR)   Coulomb (SR)      Potential Pressure (bar)
    4.81921e+02   -2.59588e+02   -1.31082e+03   -5.07713e+02    0.00000e+00

           Step           Time
            586      586.00000

   Energies (kJ/mol)
           Bond          Angle Ryckaert-Bell.  Improper Dih.          LJ-14
    2.88785e+01    2.22141e+02   -1.28050e+00    5.71762e-03    3.30940e+02
     Coulomb-14        LJ (SR)   Coulomb (SR)      Potential Pressure (bar)
    4.81973e+02   -2.59562e+02   -1.31088e+03   -5.07788e+02    0.00000e+00

           Step           Time
            587      587.00000

   Energies (kJ/mol)
           Bond          Angle Ryckaert-Bell.  Improper Dih.          LJ-14
    3.04291e+01    2.20818e+02   -1.28103e+00    5.69932e-03    3.30712e+02
     Coulomb-14        LJ (SR)   Coulomb (SR)      Potential Pressure (bar)
    4.81910e+02   -2.59620e+02   -1.31077e+03   -5.07799e+02    0.00000e+00

           Step           Time
            588      588.00000

   Energies (kJ/mol)
           Bond          Angle Ryckaert-Bell.  Improper Dih.          LJ-14
    2.86130e+01    2.22371e+02   -1.28140e+00    5.69234e-03    3.30892e+02
     Coulomb-14        LJ (SR)   Coulomb (SR)      Potential Pressure (bar)
    4.81986e+02   -2.59577e+02   -1.31087e+03   -5.07866e+02    0.00000e+00

           Step           Time
            589      589.00000

           Step           Time
            590      590.00000

   Energies (kJ/mol)
           Bond          Angle Ryckaert-Bell.  Improper Dih.          LJ-14
    2.96200e+01    2.21383e+02   -1.28161e+00    5.68565e-03    3.30739e+02
     Coulomb-14        LJ (SR)   Coulomb (SR)      Potential Pressure (bar)
    4.81940e+02   -2.59616e+02   -1.31080e+03   -5.08008e+02    0.00000e+00

           Step           Time
            591      591.00000

   Energies (kJ/mol)
           Bond          Angle Ryckaert-Bell.  Improper Dih.          LJ-14
    2.84814e+01    2.22426e+02   -1.28288e+00    5.66322e-03    3.30772e+02
     Coulomb-14        LJ (SR)   Coulomb (SR)      Potential Pressure (bar)
    4.81993e+02   -2.59613e+02   -1.31084e+03   -5.08057e+02    0.00000e+00

           Step           Time
            592      592.00000

   Energies (kJ/mol)
           Bond          Angle Ryckaert-Bell.  Improper Dih.          LJ-14
    2.99733e+01    2.21009e+02   -1.28318e+00    5.65418e-03    3.30554e+02
     Coulomb-14        LJ (SR)   Coulomb (SR)      Potential Pressure (bar)
    4.81925e+02   -2.59669e+02   -1.31073e+03   -5.08212e+02    0.00000e+00

           Step           Time
            593      593.00000

           Step           Time
            594      594.00000

   Energies (kJ/mol)
           Bond          Angle Ryckaert-Bell.  Improper Dih.          LJ-14
    2.90126e+01    2.21810e+02   -1.28350e+00    5.64614e-03    3.30635e+02
     Coulomb-14        LJ (SR)   Coulomb (SR)      Potential Pressure (bar)
    4.81965e+02   -2.59650e+02   -1.31078e+03   -5.08284e+02    0.00000e+00

           Step           Time
            595      595.00000

   Energies (kJ/mol)
           Bond          Angle Ryckaert-Bell.  Improper Dih.          LJ-14
    3.01512e+01    2.20826e+02   -1.28405e+00    5.62467e-03    3.30450e+02
     Coulomb-14        LJ (SR)   Coulomb (SR)      Potential Pressure (bar)
    4.81918e+02   -2.59698e+02   -1.31069e+03   -5.08321e+02    0.00000e+00

           Step           Time
            596      596.00000

   Energies (kJ/mol)
           Bond          Angle Ryckaert-Bell.  Improper Dih.          LJ-14
    2.87800e+01    2.21992e+02   -1.28437e+00    5.61842e-03    3.30577e+02
     Coulomb-14        LJ (SR)   Coulomb (SR)      Potential Pressure (bar)
    4.81974e+02   -2.59669e+02   -1.31076e+03   -5.08388e+02    0.00000e+00

           Step           Time
            597      597.00000

   Energies (kJ/mol)
           Bond          Angle Ryckaert-Bell.  Improper Dih.          LJ-14
    3.04427e+01    2.20571e+02   -1.28486e+00    5.61074e-03    3.30338e+02
     Coulomb-14        LJ (SR)   Coulomb (SR)      Potential Pressure (bar)
    4.81905e+02   -2.59729e+02   -1.31065e+03   -5.08398e+02    0.00000e+00

           Step           Time
            598      598.00000

   Energies (kJ/mol)
           Bond          Angle Ryckaert-Bell.  Improper Dih.          LJ-14
    2.84878e+01    2.22264e+02   -1.28529e+00    5.60735e-03    3.30535e+02
     Coulomb-14        LJ (SR)   Coulomb (SR)      Potential Pressure (bar)
    4.81987e+02   -2.59683e+02   -1.31076e+03   -5.08446e+02    0.00000e+00

           Step           Time
            599      599.00000

           Step           Time
            600      600.00000

   Energies (kJ/mol)
           Bond          Angle Ryckaert-Bell.  Improper Dih.          LJ-14
    2.95690e+01    2.21188e+02   -1.28545e+00    5.59377e-03    3.30370e+02
     Coulomb-14        LJ (SR)   Coulomb (SR)      Potential Pressure (bar)
    4.81937e+02   -2.59724e+02   -1.31068e+03   -5.08617e+02    0.00000e+00

           Step           Time
            601      601.00000

   Energies (kJ/mol)
           Bond          Angle Ryckaert-Bell.  Improper Dih.          LJ-14
    2.83605e+01    2.22302e+02   -1.28698e+00    5.55267e-03    3.30402e+02
     Coulomb-14        LJ (SR)   Coulomb (SR)      Potential Pressure (bar)
    4.81992e+02   -2.59723e+02   -1.31072e+03   -5.08663e+02    0.00000e+00

           Step           Time
            602      602.00000

   Energies (kJ/mol)
           Bond          Angle Ryckaert-Bell.  Improper Dih.          LJ-14
    2.99490e+01    2.20777e+02   -1.28719e+00    5.54690e-03    3.30168e+02
     Coulomb-14        LJ (SR)   Coulomb (SR)      Potential Pressure (bar)
    4.81920e+02   -2.59782e+02   -1.31060e+03   -5.08846e+02    0.00000e+00

           Step           Time
            603      603.00000

           Step           Time
            604      604.00000

   Energies (kJ/mol)
           Bond          Angle Ryckaert-Bell.  Improper Dih.          LJ-14
    2.89509e+01    2.21612e+02   -1.28749e+00    5.53802e-03    3.30254e+02
     Coulomb-14        LJ (SR)   Coulomb (SR)      Potential Pressure (bar)
    4.81961e+02   -2.59763e+02   -1.31065e+03   -5.08916e+02    0.00000e+00

           Step           Time
            605      605.00000

   Energies (kJ/mol)
           Bond          Angle Ryckaert-Bell.  Improper Dih.          LJ-14
    3.01738e+01    2.20560e+02   -1.28800e+00    5.51635e-03    3.30061e+02
     Coulomb-14        LJ (SR)   Coulomb (SR)      Potential Pressure (bar)
    4.81912e+02   -2.59812e+02   -1.31056e+03   -5.08944e+02    0.00000e+00

           Step           Time
            606      606.00000

   Energies (kJ/mol)
           Bond          Angle Ryckaert-Bell.  Improper Dih.          LJ-14
    2.87280e+01    2.21783e+02   -1.28834e+00    5.51075e-03    3.30198e+02
     Coulomb-14        LJ (SR)   Coulomb (SR)      Potential Pressure (bar)
    4.81971e+02   -2.59780e+02   -1.31064e+03   -5.09018e+02    0.00000e+00

           Step           Time
            607      607.00000

           Step           Time
            608      608.00000

   Energies (kJ/mol)
           Bond          Angle Ryckaert-Bell.  Improper Dih.          LJ-14
    2.95393e+01    2.21007e+02   -1.28856e+00    5.49714e-03    3.30072e+02
     Coulomb-14        LJ (SR)   Coulomb (SR)      Potential Pressure (bar)
    4.81935e+02   -2.59812e+02   -1.31057e+03   -5.09115e+02    0.00000e+00

           Step           Time
            609      609.00000

   Energies (kJ/mol)
           Bond          Angle Ryckaert-Bell.  Improper Dih.          LJ-14
    2.86106e+01    2.21828e+02   -1.28972e+00    5.48085e-03    3.30093e+02
     Coulomb-14        LJ (SR)   Coulomb (SR)      Potential Pressure (bar)
    4.81974e+02   -2.59812e+02   -1.31060e+03   -5.09192e+02    0.00000e+00

DD  step 609 load imb.: force 38.1%

           Step           Time
            610      610.00000

   Energies (kJ/mol)
           Bond          Angle Ryckaert-Bell.  Improper Dih.          LJ-14
    2.98238e+01    2.20694e+02   -1.28994e+00    5.47430e-03    3.29914e+02
     Coulomb-14        LJ (SR)   Coulomb (SR)      Potential Pressure (bar)
    4.81922e+02   -2.59857e+02   -1.31051e+03   -5.09300e+02    0.00000e+00

           Step           Time
            611      611.00000

           Step           Time
            612      612.00000

   Energies (kJ/mol)
           Bond          Angle Ryckaert-Bell.  Improper Dih.          LJ-14
    2.90619e+01    2.21323e+02   -1.29026e+00    5.46816e-03    3.29974e+02
     Coulomb-14        LJ (SR)   Coulomb (SR)      Potential Pressure (bar)
    4.81954e+02   -2.59843e+02   -1.31055e+03   -5.09365e+02    0.00000e+00

           Step           Time
            613      613.00000

   Energies (kJ/mol)
           Bond          Angle Ryckaert-Bell.  Improper Dih.          LJ-14
    2.99429e+01    2.20549e+02   -1.29082e+00    5.44644e-03    3.29819e+02
     Coulomb-14        LJ (SR)   Coulomb (SR)      Potential Pressure (bar)
    4.81916e+02   -2.59884e+02   -1.31048e+03   -5.09420e+02    0.00000e+00

           Step           Time
            614      614.00000

   Energies (kJ/mol)
           Bond          Angle Ryckaert-Bell.  Improper Dih.          LJ-14
    2.88436e+01    2.21478e+02   -1.29116e+00    5.43966e-03    3.29916e+02
     Coulomb-14        LJ (SR)   Coulomb (SR)      Potential Pressure (bar)
    4.81961e+02   -2.59862e+02   -1.31054e+03   -5.09484e+02    0.00000e+00

           Step           Time
            615      615.00000

   Energies (kJ/mol)
           Bond          Angle Ryckaert-Bell.  Improper Dih.          LJ-14
    3.01788e+01    2.20327e+02   -1.29161e+00    5.43213e-03    3.29714e+02
     Coulomb-14        LJ (SR)   Coulomb (SR)      Potential Pressure (bar)
    4.81906e+02   -2.59914e+02   -1.31044e+03   -5.09511e+02    0.00000e+00

           Step           Time
            616      616.00000

   Energies (kJ/mol)
           Bond          Angle Ryckaert-Bell.  Improper Dih.          LJ-14
    2.85975e+01    2.21684e+02   -1.29204e+00    5.42648e-03    3.29869e+02
     Coulomb-14        LJ (SR)   Coulomb (SR)      Potential Pressure (bar)
    4.81972e+02   -2.59877e+02   -1.31053e+03   -5.09568e+02    0.00000e+00

           Step           Time
            617      617.00000

           Step           Time
            618      618.00000

   Energies (kJ/mol)
           Bond          Angle Ryckaert-Bell.  Improper Dih.          LJ-14
    2.94771e+01    2.20831e+02   -1.29222e+00    5.41267e-03    3.29731e+02
     Coulomb-14        LJ (SR)   Coulomb (SR)      Potential Pressure (bar)
    4.81931e+02   -2.59912e+02   -1.31046e+03   -5.09688e+02    0.00000e+00

           Step           Time
            619      619.00000

   Energies (kJ/mol)
           Bond          Angle Ryckaert-Bell.  Improper Dih.          LJ-14
    2.85740e+01    2.21611e+02   -1.29352e+00    5.38528e-03    3.29738e+02
     Coulomb-14        LJ (SR)   Coulomb (SR)      Potential Pressure (bar)
    4.81972e+02   -2.59916e+02   -1.31048e+03   -5.09791e+02    0.00000e+00

DD  step 619 load imb.: force 52.9%

           Step           Time
            620      620.00000

   Energies (kJ/mol)
           Bond          Angle Ryckaert-Bell.  Improper Dih.          LJ-14
    2.98467e+01    2.20438e+02   -1.29380e+00    5.37947e-03    3.29547e+02
     Coulomb-14        LJ (SR)   Coulomb (SR)      Potential Pressure (bar)
    4.81916e+02   -2.59964e+02   -1.31039e+03   -5.09893e+02    0.00000e+00

           Step           Time
            621      621.00000

           Step           Time
            622      622.00000

   Energies (kJ/mol)
           Bond          Angle Ryckaert-Bell.  Improper Dih.          LJ-14
    2.90414e+01    2.21098e+02   -1.29406e+00    5.37298e-03    3.29615e+02
     Coulomb-14        LJ (SR)   Coulomb (SR)      Potential Pressure (bar)
    4.81950e+02   -2.59948e+02   -1.31043e+03   -5.09962e+02    0.00000e+00

           Step           Time
            623      623.00000

   Energies (kJ/mol)
           Bond          Angle Ryckaert-Bell.  Improper Dih.          LJ-14
    2.99884e+01    2.20271e+02   -1.29469e+00    5.35052e-03    3.29449e+02
     Coulomb-14        LJ (SR)   Coulomb (SR)      Potential Pressure (bar)
    4.81911e+02   -2.59991e+02   -1.31035e+03   -5.10013e+02    0.00000e+00

           Step           Time
            624      624.00000

   Energies (kJ/mol)
           Bond          Angle Ryckaert-Bell.  Improper Dih.          LJ-14
    2.88025e+01    2.21266e+02   -1.29504e+00    5.34545e-03    3.29558e+02
     Coulomb-14        LJ (SR)   Coulomb (SR)      Potential Pressure (bar)
    4.81960e+02   -2.59965e+02   -1.31042e+03   -5.10084e+02    0.00000e+00

           Step           Time
            625      625.00000

   Energies (kJ/mol)
           Bond          Angle Ryckaert-Bell.  Improper Dih.          LJ-14
    3.02210e+01    2.20053e+02   -1.29552e+00    5.33777e-03    3.29346e+02
     Coulomb-14        LJ (SR)   Coulomb (SR)      Potential Pressure (bar)
    4.81902e+02   -2.60020e+02   -1.31031e+03   -5.10098e+02    0.00000e+00

           Step           Time
            626      626.00000

   Energies (kJ/mol)
           Bond          Angle Ryckaert-Bell.  Improper Dih.          LJ-14
    2.85297e+01    2.21502e+02   -1.29593e+00    5.33336e-03    3.29515e+02
     Coulomb-14        LJ (SR)   Coulomb (SR)      Potential Pressure (bar)
    4.81971e+02   -2.59979e+02   -1.31041e+03   -5.10158e+02    0.00000e+00

           Step           Time
            627      627.00000

           Step           Time
            628      628.00000

   Energies (kJ/mol)
           Bond          Angle Ryckaert-Bell.  Improper Dih.          LJ-14
    2.94638e+01    2.20592e+02   -1.29612e+00    5.32011e-03    3.29370e+02
     Coulomb-14        LJ (SR)   Coulomb (SR)      Potential Pressure (bar)
    4.81929e+02   -2.60015e+02   -1.31034e+03   -5.10288e+02    0.00000e+00

           Step           Time
            629      629.00000

   Energies (kJ/mol)
           Bond          Angle Ryckaert-Bell.  Improper Dih.          LJ-14
    2.84272e+01    2.21520e+02   -1.29730e+00    5.28192e-03    3.29392e+02
     Coulomb-14        LJ (SR)   Coulomb (SR)      Potential Pressure (bar)
    4.81977e+02   -2.60015e+02   -1.31037e+03   -5.10358e+02    0.00000e+00

DD  step 629 load imb.: force 52.5%

           Step           Time
            630      630.00000

   Energies (kJ/mol)
           Bond          Angle Ryckaert-Bell.  Improper Dih.          LJ-14
    2.98053e+01    2.20220e+02   -1.29760e+00    5.27587e-03    3.29191e+02
     Coulomb-14        LJ (SR)   Coulomb (SR)      Potential Pressure (bar)
    4.81915e+02   -2.60066e+02   -1.31027e+03   -5.10493e+02    0.00000e+00

           Step           Time
            631      631.00000

           Step           Time
            632      632.00000

   Energies (kJ/mol)
           Bond          Angle Ryckaert-Bell.  Improper Dih.          LJ-14
    2.89370e+01    2.20940e+02   -1.29793e+00    5.27063e-03    3.29264e+02
     Coulomb-14        LJ (SR)   Coulomb (SR)      Potential Pressure (bar)
    4.81950e+02   -2.60049e+02   -1.31031e+03   -5.10560e+02    0.00000e+00

           Step           Time
            633      633.00000

   Energies (kJ/mol)
           Bond          Angle Ryckaert-Bell.  Improper Dih.          LJ-14
    2.99724e+01    2.20042e+02   -1.29845e+00    5.26102e-03    3.29094e+02
     Coulomb-14        LJ (SR)   Coulomb (SR)      Potential Pressure (bar)
    4.81907e+02   -2.60093e+02   -1.31023e+03   -5.10600e+02    0.00000e+00

           Step           Time
            634      634.00000

   Energies (kJ/mol)
           Bond          Angle Ryckaert-Bell.  Improper Dih.          LJ-14
    2.87273e+01    2.21091e+02   -1.29878e+00    5.25557e-03    3.29210e+02
     Coulomb-14        LJ (SR)   Coulomb (SR)      Potential Pressure (bar)
    4.81961e+02   -2.60066e+02   -1.31030e+03   -5.10666e+02    0.00000e+00

           Step           Time
            635      635.00000

   Energies (kJ/mol)
           Bond          Angle Ryckaert-Bell.  Improper Dih.          LJ-14
    3.02620e+01    2.19786e+02   -1.29926e+00    5.24809e-03    3.28987e+02
     Coulomb-14        LJ (SR)   Coulomb (SR)      Potential Pressure (bar)
    4.81896e+02   -2.60122e+02   -1.31019e+03   -5.10671e+02    0.00000e+00

           Step           Time
            636      636.00000

   Energies (kJ/mol)
           Bond          Angle Ryckaert-Bell.  Improper Dih.          LJ-14
    2.84766e+01    2.21310e+02   -1.29963e+00    5.24148e-03    3.29167e+02
     Coulomb-14        LJ (SR)   Coulomb (SR)      Potential Pressure (bar)
    4.81973e+02   -2.60080e+02   -1.31029e+03   -5.10737e+02    0.00000e+00

           Step           Time
            637      637.00000

           Step           Time
            638      638.00000

   Energies (kJ/mol)
           Bond          Angle Ryckaert-Bell.  Improper Dih.          LJ-14
    2.94741e+01    2.20336e+02   -1.29983e+00    5.22790e-03    3.29016e+02
     Coulomb-14        LJ (SR)   Coulomb (SR)      Potential Pressure (bar)
    4.81927e+02   -2.60117e+02   -1.31021e+03   -5.10871e+02    0.00000e+00

           Step           Time
            639      639.00000

   Energies (kJ/mol)
           Bond          Angle Ryckaert-Bell.  Improper Dih.          LJ-14
    2.83546e+01    2.21362e+02   -1.30092e+00    5.20920e-03    3.29067e+02
     Coulomb-14        LJ (SR)   Coulomb (SR)      Potential Pressure (bar)
    4.81978e+02   -2.60110e+02   -1.31026e+03   -5.10900e+02    0.00000e+00

DD  step 639 load imb.: force 39.3%

           Step           Time
            640      640.00000

   Energies (kJ/mol)
           Bond          Angle Ryckaert-Bell.  Improper Dih.          LJ-14
    2.98197e+01    2.19978e+02   -1.30118e+00    5.20191e-03    3.28852e+02
     Coulomb-14        LJ (SR)   Coulomb (SR)      Potential Pressure (bar)
    4.81912e+02   -2.60163e+02   -1.31015e+03   -5.11046e+02    0.00000e+00

           Step           Time
            641      641.00000

           Step           Time
            642      642.00000

   Energies (kJ/mol)
           Bond          Angle Ryckaert-Bell.  Improper Dih.          LJ-14
    2.88844e+01    2.20755e+02   -1.30149e+00    5.19603e-03    3.28932e+02
     Coulomb-14        LJ (SR)   Coulomb (SR)      Potential Pressure (bar)
    4.81953e+02   -2.60145e+02   -1.31020e+03   -5.11115e+02    0.00000e+00

           Step           Time
            643      643.00000

   Energies (kJ/mol)
           Bond          Angle Ryckaert-Bell.  Improper Dih.          LJ-14
    2.99874e+01    2.19804e+02   -1.30199e+00    5.17849e-03    3.28757e+02
     Coulomb-14        LJ (SR)   Coulomb (SR)      Potential Pressure (bar)
    4.81906e+02   -2.60191e+02   -1.31011e+03   -5.11147e+02    0.00000e+00

           Step           Time
            644      644.00000

   Energies (kJ/mol)
           Bond          Angle Ryckaert-Bell.  Improper Dih.          LJ-14
    2.86557e+01    2.20931e+02   -1.30234e+00    5.17549e-03    3.28882e+02
     Coulomb-14        LJ (SR)   Coulomb (SR)      Potential Pressure (bar)
    4.81961e+02   -2.60161e+02   -1.31019e+03   -5.11215e+02    0.00000e+00

           Step           Time
            645      645.00000

           Step           Time
            646      646.00000

   Energies (kJ/mol)
           Bond          Angle Ryckaert-Bell.  Improper Dih.          LJ-14
    2.94054e+01    2.20218e+02   -1.30258e+00    5.17773e-03    3.28766e+02
     Coulomb-14        LJ (SR)   Coulomb (SR)      Potential Pressure (bar)
    4.81928e+02   -2.60191e+02   -1.31013e+03   -5.11302e+02    0.00000e+00

           Step           Time
            647      647.00000

   Energies (kJ/mol)
           Bond          Angle Ryckaert-Bell.  Improper Dih.          LJ-14
    2.85888e+01    2.20924e+02   -1.30345e+00    5.14416e-03    3.28786e+02
     Coulomb-14        LJ (SR)   Coulomb (SR)      Potential Pressure (bar)
    4.81964e+02   -2.60190e+02   -1.31016e+03   -5.11383e+02    0.00000e+00

           Step           Time
            648      648.00000

   Energies (kJ/mol)
           Bond          Angle Ryckaert-Bell.  Improper Dih.          LJ-14
    2.96944e+01    2.19907e+02   -1.30376e+00    5.13969e-03    3.28621e+02
     Coulomb-14        LJ (SR)   Coulomb (SR)      Potential Pressure (bar)
    4.81915e+02   -2.60232e+02   -1.31007e+03   -5.11467e+02    0.00000e+00

           Step           Time
            649      649.00000

           Step           Time
            650      650.00000

   Energies (kJ/mol)
           Bond          Angle Ryckaert-Bell.  Improper Dih.          LJ-14
    2.90065e+01    2.20470e+02   -1.30401e+00    5.13410e-03    3.28676e+02
     Coulomb-14        LJ (SR)   Coulomb (SR)      Potential Pressure (bar)
    4.81944e+02   -2.60219e+02   -1.31011e+03   -5.11530e+02    0.00000e+00

           Step           Time
            651      651.00000

   Energies (kJ/mol)
           Bond          Angle Ryckaert-Bell.  Improper Dih.          LJ-14
    2.98003e+01    2.19771e+02   -1.30470e+00    5.12658e-03    3.28525e+02
     Coulomb-14        LJ (SR)   Coulomb (SR)      Potential Pressure (bar)
    4.81911e+02   -2.60259e+02   -1.31004e+03   -5.11591e+02    0.00000e+00

           Step           Time
            652      652.00000

   Energies (kJ/mol)
           Bond          Angle Ryckaert-Bell.  Improper Dih.          LJ-14
    2.88175e+01    2.20589e+02   -1.30501e+00    5.12322e-03    3.28612e+02
     Coulomb-14        LJ (SR)   Coulomb (SR)      Potential Pressure (bar)
    4.81951e+02   -2.60238e+02   -1.31009e+03   -5.11660e+02    0.00000e+00

           Step           Time
            653      653.00000

   Energies (kJ/mol)
           Bond          Angle Ryckaert-Bell.  Improper Dih.          LJ-14
    3.00011e+01    2.19572e+02   -1.30549e+00    5.10402e-03    3.28428e+02
     Coulomb-14        LJ (SR)   Coulomb (SR)      Potential Pressure (bar)
    4.81903e+02   -2.60286e+02   -1.31000e+03   -5.11685e+02    0.00000e+00

           Step           Time
            654      654.00000

   Energies (kJ/mol)
           Bond          Angle Ryckaert-Bell.  Improper Dih.          LJ-14
    2.85994e+01    2.20758e+02   -1.30584e+00    5.10221e-03    3.28563e+02
     Coulomb-14        LJ (SR)   Coulomb (SR)      Potential Pressure (bar)
    4.81962e+02   -2.60254e+02   -1.31008e+03   -5.11751e+02    0.00000e+00

           Step           Time
            655      655.00000

           Step           Time
            656      656.00000

   Energies (kJ/mol)
           Bond          Angle Ryckaert-Bell.  Improper Dih.          LJ-14
    2.93886e+01    2.20006e+02   -1.30604e+00    5.09736e-03    3.28440e+02
     Coulomb-14        LJ (SR)   Coulomb (SR)      Potential Pressure (bar)
    4.81927e+02   -2.60284e+02   -1.31002e+03   -5.11844e+02    0.00000e+00

           Step           Time
            657      657.00000

   Energies (kJ/mol)
           Bond          Angle Ryckaert-Bell.  Improper Dih.          LJ-14
    2.85212e+01    2.20768e+02   -1.30695e+00    5.07836e-03    3.28467e+02
     Coulomb-14        LJ (SR)   Coulomb (SR)      Potential Pressure (bar)
    4.81966e+02   -2.60282e+02   -1.31005e+03   -5.11913e+02    0.00000e+00

           Step           Time
            658      658.00000

   Energies (kJ/mol)
           Bond          Angle Ryckaert-Bell.  Improper Dih.          LJ-14
    2.96328e+01    2.19730e+02   -1.30730e+00    5.07234e-03    3.28302e+02
     Coulomb-14        LJ (SR)   Coulomb (SR)      Potential Pressure (bar)
    4.81919e+02   -2.60323e+02   -1.30997e+03   -5.12009e+02    0.00000e+00

           Step           Time
            659      659.00000

           Step           Time
            660      660.00000

   Energies (kJ/mol)
           Bond          Angle Ryckaert-Bell.  Improper Dih.          LJ-14
    2.89169e+01    2.20326e+02   -1.30761e+00    5.06202e-03    3.28357e+02
     Coulomb-14        LJ (SR)   Coulomb (SR)      Potential Pressure (bar)
    4.81947e+02   -2.60310e+02   -1.31000e+03   -5.12070e+02    0.00000e+00

           Step           Time
            661      661.00000

   Energies (kJ/mol)
           Bond          Angle Ryckaert-Bell.  Improper Dih.          LJ-14
    2.97657e+01    2.19577e+02   -1.30807e+00    5.05079e-03    3.28211e+02
     Coulomb-14        LJ (SR)   Coulomb (SR)      Potential Pressure (bar)
    4.81914e+02   -2.60348e+02   -1.30993e+03   -5.12118e+02    0.00000e+00

           Step           Time
            662      662.00000

   Energies (kJ/mol)
           Bond          Angle Ryckaert-Bell.  Improper Dih.          LJ-14
    2.87458e+01    2.20435e+02   -1.30847e+00    5.04958e-03    3.28302e+02
     Coulomb-14        LJ (SR)   Coulomb (SR)      Potential Pressure (bar)
    4.81955e+02   -2.60327e+02   -1.30999e+03   -5.12181e+02    0.00000e+00

           Step           Time
            663      663.00000

   Energies (kJ/mol)
           Bond          Angle Ryckaert-Bell.  Improper Dih.          LJ-14
    2.99817e+01    2.19370e+02   -1.30892e+00    5.04407e-03    3.28116e+02
     Coulomb-14        LJ (SR)   Coulomb (SR)      Potential Pressure (bar)
    4.81906e+02   -2.60375e+02   -1.30990e+03   -5.12203e+02    0.00000e+00

           Step           Time
            664      664.00000

   Energies (kJ/mol)
           Bond          Angle Ryckaert-Bell.  Improper Dih.          LJ-14
    2.85190e+01    2.20621e+02   -1.30929e+00    5.03140e-03    3.28257e+02
     Coulomb-14        LJ (SR)   Coulomb (SR)      Potential Pressure (bar)
    4.81967e+02   -2.60341e+02   -1.30998e+03   -5.12261e+02    0.00000e+00

           Step           Time
            665      665.00000

           Step           Time
            666      666.00000

   Energies (kJ/mol)
           Bond          Angle Ryckaert-Bell.  Improper Dih.          LJ-14
    2.93327e+01    2.19830e+02   -1.30949e+00    5.02808e-03    3.28133e+02
     Coulomb-14        LJ (SR)   Coulomb (SR)      Potential Pressure (bar)
    4.81931e+02   -2.60371e+02   -1.30992e+03   -5.12368e+02    0.00000e+00

           Step           Time
            667      667.00000

   Energies (kJ/mol)
           Bond          Angle Ryckaert-Bell.  Improper Dih.          LJ-14
    2.84039e+01    2.20658e+02   -1.31079e+00    5.00287e-03    3.28145e+02
     Coulomb-14        LJ (SR)   Coulomb (SR)      Potential Pressure (bar)
    4.81972e+02   -2.60373e+02   -1.30994e+03   -5.12445e+02    0.00000e+00

           Step           Time
            668      668.00000

   Energies (kJ/mol)
           Bond          Angle Ryckaert-Bell.  Improper Dih.          LJ-14
    2.95945e+01    2.19526e+02   -1.31101e+00    4.99646e-03    3.27972e+02
     Coulomb-14        LJ (SR)   Coulomb (SR)      Potential Pressure (bar)
    4.81919e+02   -2.60416e+02   -1.30985e+03   -5.12565e+02    0.00000e+00

           Step           Time
            669      669.00000

           Step           Time
            670      670.00000

   Energies (kJ/mol)
           Bond          Angle Ryckaert-Bell.  Improper Dih.          LJ-14
    2.88491e+01    2.20151e+02   -1.31130e+00    4.99022e-03    3.28030e+02
     Coulomb-14        LJ (SR)   Coulomb (SR)      Potential Pressure (bar)
    4.81949e+02   -2.60404e+02   -1.30989e+03   -5.12624e+02    0.00000e+00

           Step           Time
            671      671.00000

   Energies (kJ/mol)
           Bond          Angle Ryckaert-Bell.  Improper Dih.          LJ-14
    2.97501e+01    2.19355e+02   -1.31174e+00    4.98393e-03    3.27884e+02
     Coulomb-14        LJ (SR)   Coulomb (SR)      Potential Pressure (bar)
    4.81913e+02   -2.60441e+02   -1.30982e+03   -5.12667e+02    0.00000e+00

           Step           Time
            672      672.00000

   Energies (kJ/mol)
           Bond          Angle Ryckaert-Bell.  Improper Dih.          LJ-14
    2.86767e+01    2.20266e+02   -1.31214e+00    4.97144e-03    3.27979e+02
     Coulomb-14        LJ (SR)   Coulomb (SR)      Potential Pressure (bar)
    4.81958e+02   -2.60419e+02   -1.30988e+03   -5.12726e+02    0.00000e+00

           Step           Time
            673      673.00000

   Energies (kJ/mol)
           Bond          Angle Ryckaert-Bell.  Improper Dih.          LJ-14
    3.00093e+01    2.19116e+02   -1.31257e+00    4.96618e-03    3.27786e+02
     Coulomb-14        LJ (SR)   Coulomb (SR)      Potential Pressure (bar)
    4.81906e+02   -2.60468e+02   -1.30978e+03   -5.12742e+02    0.00000e+00

           Step           Time
            674      674.00000

   Energies (kJ/mol)
           Bond          Angle Ryckaert-Bell.  Improper Dih.          LJ-14
    2.84482e+01    2.20457e+02   -1.31296e+00    4.96526e-03    3.27938e+02
     Coulomb-14        LJ (SR)   Coulomb (SR)      Potential Pressure (bar)
    4.81971e+02   -2.60432e+02   -1.30987e+03   -5.12798e+02    0.00000e+00

           Step           Time
            675      675.00000

           Step           Time
            676      676.00000

   Energies (kJ/mol)
           Bond          Angle Ryckaert-Bell.  Improper Dih.          LJ-14
    2.93274e+01    2.19599e+02   -1.31315e+00    4.95476e-03    3.27806e+02
     Coulomb-14        LJ (SR)   Coulomb (SR)      Potential Pressure (bar)
    4.81932e+02   -2.60465e+02   -1.30981e+03   -5.12914e+02    0.00000e+00

           Step           Time
            677      677.00000

   Energies (kJ/mol)
           Bond          Angle Ryckaert-Bell.  Improper Dih.          LJ-14
    2.83428e+01    2.20491e+02   -1.31427e+00    4.92406e-03    3.27834e+02
     Coulomb-14        LJ (SR)   Coulomb (SR)      Potential Pressure (bar)
    4.81976e+02   -2.60462e+02   -1.30984e+03   -5.12964e+02    0.00000e+00

           Step           Time
            678      678.00000

   Energies (kJ/mol)
           Bond          Angle Ryckaert-Bell.  Improper Dih.          LJ-14
    2.96191e+01    2.19279e+02   -1.31449e+00    4.92077e-03    3.27651e+02
     Coulomb-14        LJ (SR)   Coulomb (SR)      Potential Pressure (bar)
    4.81920e+02   -2.60507e+02   -1.30974e+03   -5.13093e+02    0.00000e+00

           Step           Time
            679      679.00000

           Step           Time
            680      680.00000

   Energies (kJ/mol)
           Bond          Angle Ryckaert-Bell.  Improper Dih.          LJ-14
    2.88154e+01    2.19950e+02   -1.31480e+00    4.91570e-03    3.27716e+02
     Coulomb-14        LJ (SR)   Coulomb (SR)      Potential Pressure (bar)
    4.81952e+02   -2.60492e+02   -1.30979e+03   -5.13154e+02    0.00000e+00

           Step           Time
            681      681.00000

   Energies (kJ/mol)
           Bond          Angle Ryckaert-Bell.  Improper Dih.          LJ-14
    2.97972e+01    2.19097e+02   -1.31524e+00    4.90949e-03    3.27558e+02
     Coulomb-14        LJ (SR)   Coulomb (SR)      Potential Pressure (bar)
    4.81913e+02   -2.60534e+02   -1.30971e+03   -5.13188e+02    0.00000e+00

           Step           Time
            682      682.00000

   Energies (kJ/mol)
           Bond          Angle Ryckaert-Bell.  Improper Dih.          LJ-14
    2.86184e+01    2.20094e+02   -1.31560e+00    4.90695e-03    3.27666e+02
     Coulomb-14        LJ (SR)   Coulomb (SR)      Potential Pressure (bar)
    4.81962e+02   -2.60508e+02   -1.30977e+03   -5.13251e+02    0.00000e+00

           Step           Time
            683      683.00000

   Energies (kJ/mol)
           Bond          Angle Ryckaert-Bell.  Improper Dih.          LJ-14
    3.00580e+01    2.18862e+02   -1.31604e+00    4.89956e-03    3.27461e+02
     Coulomb-14        LJ (SR)   Coulomb (SR)      Potential Pressure (bar)
    4.81905e+02   -2.60559e+02   -1.30967e+03   -5.13256e+02    0.00000e+00

           Step           Time
            684      684.00000

   Energies (kJ/mol)
           Bond          Angle Ryckaert-Bell.  Improper Dih.          LJ-14
    2.83718e+01    2.20313e+02   -1.31642e+00    4.88874e-03    3.27628e+02
     Coulomb-14        LJ (SR)   Coulomb (SR)      Potential Pressure (bar)
    4.81975e+02   -2.60520e+02   -1.30977e+03   -5.13311e+02    0.00000e+00

           Step           Time
            685      685.00000

           Step           Time
            686      686.00000

   Energies (kJ/mol)
           Bond          Angle Ryckaert-Bell.  Improper Dih.          LJ-14
    2.93089e+01    2.19389e+02   -1.31661e+00    4.88679e-03    3.27488e+02
     Coulomb-14        LJ (SR)   Coulomb (SR)      Potential Pressure (bar)
    4.81934e+02   -2.60554e+02   -1.30970e+03   -5.13443e+02    0.00000e+00

           Step           Time
            687      687.00000

   Energies (kJ/mol)
           Bond          Angle Ryckaert-Bell.  Improper Dih.          LJ-14
    2.82397e+01    2.20371e+02   -1.31775e+00    4.86580e-03    3.27530e+02
     Coulomb-14        LJ (SR)   Coulomb (SR)      Potential Pressure (bar)
    4.81982e+02   -2.60548e+02   -1.30974e+03   -5.13474e+02    0.00000e+00

           Step           Time
            688      688.00000

   Energies (kJ/mol)
           Bond          Angle Ryckaert-Bell.  Improper Dih.          LJ-14
    2.96048e+01    2.19064e+02   -1.31799e+00    4.85988e-03    3.27333e+02
     Coulomb-14        LJ (SR)   Coulomb (SR)      Potential Pressure (bar)
    4.81922e+02   -2.60597e+02   -1.30964e+03   -5.13623e+02    0.00000e+00

           Step           Time
            689      689.00000

           Step           Time
            690      690.00000

   Energies (kJ/mol)
           Bond          Angle Ryckaert-Bell.  Improper Dih.          LJ-14
    2.87284e+01    2.19801e+02   -1.31831e+00    4.84771e-03    3.27407e+02
     Coulomb-14        LJ (SR)   Coulomb (SR)      Potential Pressure (bar)
    4.81958e+02   -2.60580e+02   -1.30968e+03   -5.13681e+02    0.00000e+00

           Step           Time
            691      691.00000

   Energies (kJ/mol)
           Bond          Angle Ryckaert-Bell.  Improper Dih.          LJ-14
    2.97870e+01    2.18882e+02   -1.31873e+00    4.84078e-03    3.27243e+02
     Coulomb-14        LJ (SR)   Coulomb (SR)      Potential Pressure (bar)
    4.81915e+02   -2.60622e+02   -1.30960e+03   -5.13712e+02    0.00000e+00

           Step           Time
            692      692.00000

   Energies (kJ/mol)
           Bond          Angle Ryckaert-Bell.  Improper Dih.          LJ-14
    2.85266e+01    2.19958e+02   -1.31913e+00    4.83988e-03    3.27363e+02
     Coulomb-14        LJ (SR)   Coulomb (SR)      Potential Pressure (bar)
    4.81967e+02   -2.60593e+02   -1.30967e+03   -5.13767e+02    0.00000e+00

           Step           Time
            693      693.00000

   Energies (kJ/mol)
           Bond          Angle Ryckaert-Bell.  Improper Dih.          LJ-14
    3.00974e+01    2.18614e+02   -1.31954e+00    4.83720e-03    3.27144e+02
     Coulomb-14        LJ (SR)   Coulomb (SR)      Potential Pressure (bar)
    4.81904e+02   -2.60649e+02   -1.30956e+03   -5.13767e+02    0.00000e+00

           Step           Time
            694      694.00000

   Energies (kJ/mol)
           Bond          Angle Ryckaert-Bell.  Improper Dih.          LJ-14
    2.82653e+01    2.20203e+02   -1.31992e+00    4.82625e-03    3.27330e+02
     Coulomb-14        LJ (SR)   Coulomb (SR)      Potential Pressure (bar)
    4.81981e+02   -2.60604e+02   -1.30967e+03   -5.13811e+02    0.00000e+00

           Step           Time
            695      695.00000

           Step           Time
            696      696.00000

   Energies (kJ/mol)
           Bond          Angle Ryckaert-Bell.  Improper Dih.          LJ-14
    2.92684e+01    2.19197e+02   -1.32008e+00    4.82413e-03    3.27180e+02
     Coulomb-14        LJ (SR)   Coulomb (SR)      Potential Pressure (bar)
    4.81934e+02   -2.60642e+02   -1.30959e+03   -5.13970e+02    0.00000e+00

           Step           Time
            697      697.00000

   Energies (kJ/mol)
           Bond          Angle Ryckaert-Bell.  Improper Dih.          LJ-14
    2.81646e+01    2.20222e+02   -1.32141e+00    4.80774e-03    3.27219e+02
     Coulomb-14        LJ (SR)   Coulomb (SR)      Potential Pressure (bar)
    4.81985e+02   -2.60636e+02   -1.30963e+03   -5.13997e+02    0.00000e+00

           Step           Time
            698      698.00000

   Energies (kJ/mol)
           Bond          Angle Ryckaert-Bell.  Improper Dih.          LJ-14
    2.96509e+01    2.18795e+02   -1.32158e+00    4.79238e-03    3.27005e+02
     Coulomb-14        LJ (SR)   Coulomb (SR)      Potential Pressure (bar)
    4.81919e+02   -2.60689e+02   -1.30952e+03   -5.14159e+02    0.00000e+00

           Step           Time
            699      699.00000

           Step           Time
            700      700.00000

   Energies (kJ/mol)
           Bond          Angle Ryckaert-Bell.  Improper Dih.          LJ-14
    2.86949e+01    2.19594e+02   -1.32186e+00    4.78682e-03    3.27091e+02
     Coulomb-14        LJ (SR)   Coulomb (SR)      Potential Pressure (bar)
    4.81959e+02   -2.60669e+02   -1.30958e+03   -5.14224e+02    0.00000e+00

           Step           Time
            701      701.00000

   Energies (kJ/mol)
           Bond          Angle Ryckaert-Bell.  Improper Dih.          LJ-14
    2.98561e+01    2.18593e+02   -1.32228e+00    4.77864e-03    3.26917e+02
     Coulomb-14        LJ (SR)   Coulomb (SR)      Potential Pressure (bar)
    4.81913e+02   -2.60714e+02   -1.30949e+03   -5.14242e+02    0.00000e+00

           Step           Time
            702      702.00000

   Energies (kJ/mol)
           Bond          Angle Ryckaert-Bell.  Improper Dih.          LJ-14
    2.84816e+01    2.19763e+02   -1.32270e+00    4.76732e-03    3.27049e+02
     Coulomb-14        LJ (SR)   Coulomb (SR)      Potential Pressure (bar)
    4.81969e+02   -2.60682e+02   -1.30957e+03   -5.14307e+02    0.00000e+00

           Step           Time
            703      703.00000

           Step           Time
            704      704.00000

   Energies (kJ/mol)
           Bond          Angle Ryckaert-Bell.  Improper Dih.          LJ-14
    2.92482e+01    2.19025e+02   -1.32288e+00    4.76540e-03    3.26933e+02
     Coulomb-14        LJ (SR)   Coulomb (SR)      Potential Pressure (bar)
    4.81935e+02   -2.60711e+02   -1.30951e+03   -5.14399e+02    0.00000e+00

           Step           Time
            705      705.00000

   Energies (kJ/mol)
           Bond          Angle Ryckaert-Bell.  Improper Dih.          LJ-14
    2.83803e+01    2.19790e+02   -1.32382e+00    4.75953e-03    3.26966e+02
     Coulomb-14        LJ (SR)   Coulomb (SR)      Potential Pressure (bar)
    4.81973e+02   -2.60707e+02   -1.30954e+03   -5.14458e+02    0.00000e+00

           Step           Time
            706      706.00000

   Energies (kJ/mol)
           Bond          Angle Ryckaert-Bell.  Improper Dih.          LJ-14
    2.94918e+01    2.18749e+02   -1.32407e+00    4.74504e-03    3.26802e+02
     Coulomb-14        LJ (SR)   Coulomb (SR)      Potential Pressure (bar)
    4.81925e+02   -2.60748e+02   -1.30946e+03   -5.14558e+02    0.00000e+00

           Step           Time
            707      707.00000

           Step           Time
            708      708.00000

   Energies (kJ/mol)
           Bond          Angle Ryckaert-Bell.  Improper Dih.          LJ-14
    2.87779e+01    2.19342e+02   -1.32434e+00    4.73988e-03    3.26861e+02
     Coulomb-14        LJ (SR)   Coulomb (SR)      Potential Pressure (bar)
    4.81955e+02   -2.60734e+02   -1.30950e+03   -5.14614e+02    0.00000e+00

           Step           Time
            709      709.00000

   Energies (kJ/mol)
           Bond          Angle Ryckaert-Bell.  Improper Dih.          LJ-14
    2.96297e+01    2.18591e+02   -1.32485e+00    4.73605e-03    3.26721e+02
     Coulomb-14        LJ (SR)   Coulomb (SR)      Potential Pressure (bar)
    4.81919e+02   -2.60770e+02   -1.30943e+03   -5.14656e+02    0.00000e+00

DD  step 709 load imb.: force 49.4%

           Step           Time
            710      710.00000

   Energies (kJ/mol)
           Bond          Angle Ryckaert-Bell.  Improper Dih.          LJ-14
    2.86048e+01    2.19458e+02   -1.32516e+00    4.72956e-03    3.26815e+02
     Coulomb-14        LJ (SR)   Coulomb (SR)      Potential Pressure (bar)
    4.81961e+02   -2.60748e+02   -1.30948e+03   -5.14712e+02    0.00000e+00

           Step           Time
            711      711.00000

   Energies (kJ/mol)
           Bond          Angle Ryckaert-Bell.  Improper Dih.          LJ-14
    2.98399e+01    2.18384e+02   -1.32558e+00    4.72506e-03    3.26638e+02
     Coulomb-14        LJ (SR)   Coulomb (SR)      Potential Pressure (bar)
    4.81911e+02   -2.60793e+02   -1.30939e+03   -5.14734e+02    0.00000e+00

           Step           Time
            712      712.00000

   Energies (kJ/mol)
           Bond          Angle Ryckaert-Bell.  Improper Dih.          LJ-14
    2.83796e+01    2.19644e+02   -1.32597e+00    4.72100e-03    3.26782e+02
     Coulomb-14        LJ (SR)   Coulomb (SR)      Potential Pressure (bar)
    4.81972e+02   -2.60759e+02   -1.30948e+03   -5.14780e+02    0.00000e+00

           Step           Time
            713      713.00000

           Step           Time
            714      714.00000

   Energies (kJ/mol)
           Bond          Angle Ryckaert-Bell.  Improper Dih.          LJ-14
    2.91836e+01    2.18854e+02   -1.32616e+00    4.72001e-03    3.26661e+02
     Coulomb-14        LJ (SR)   Coulomb (SR)      Potential Pressure (bar)
    4.81936e+02   -2.60789e+02   -1.30941e+03   -5.14892e+02    0.00000e+00

           Step           Time
            715      715.00000

   Energies (kJ/mol)
           Bond          Angle Ryckaert-Bell.  Improper Dih.          LJ-14
    2.83067e+01    2.19617e+02   -1.32758e+00    4.69316e-03    3.26671e+02
     Coulomb-14        LJ (SR)   Coulomb (SR)      Potential Pressure (bar)
    4.81973e+02   -2.60791e+02   -1.30944e+03   -5.14983e+02    0.00000e+00

           Step           Time
            716      716.00000

   Energies (kJ/mol)
           Bond          Angle Ryckaert-Bell.  Improper Dih.          LJ-14
    2.94789e+01    2.18502e+02   -1.32780e+00    4.68430e-03    3.26502e+02
     Coulomb-14        LJ (SR)   Coulomb (SR)      Potential Pressure (bar)
    4.81923e+02   -2.60833e+02   -1.30935e+03   -5.15101e+02    0.00000e+00

           Step           Time
            717      717.00000

           Step           Time
            718      718.00000

   Energies (kJ/mol)
           Bond          Angle Ryckaert-Bell.  Improper Dih.          LJ-14
    2.87305e+01    2.19128e+02   -1.32807e+00    4.67159e-03    3.26564e+02
     Coulomb-14        LJ (SR)   Coulomb (SR)      Potential Pressure (bar)
    4.81954e+02   -2.60819e+02   -1.30939e+03   -5.15157e+02    0.00000e+00

           Step           Time
            719      719.00000

   Energies (kJ/mol)
           Bond          Angle Ryckaert-Bell.  Improper Dih.          LJ-14
    2.96281e+01    2.18335e+02   -1.32851e+00    4.67087e-03    3.26423e+02
     Coulomb-14        LJ (SR)   Coulomb (SR)      Potential Pressure (bar)
    4.81919e+02   -2.60855e+02   -1.30932e+03   -5.15195e+02    0.00000e+00

DD  step 719 load imb.: force 46.9%

           Step           Time
            720      720.00000

   Energies (kJ/mol)
           Bond          Angle Ryckaert-Bell.  Improper Dih.          LJ-14
    2.85522e+01    2.19245e+02   -1.32886e+00    4.66656e-03    3.26524e+02
     Coulomb-14        LJ (SR)   Coulomb (SR)      Potential Pressure (bar)
    4.81964e+02   -2.60831e+02   -1.30938e+03   -5.15250e+02    0.00000e+00

           Step           Time
            721      721.00000

   Energies (kJ/mol)
           Bond          Angle Ryckaert-Bell.  Improper Dih.          LJ-14
    2.98798e+01    2.18099e+02   -1.32928e+00    4.66347e-03    3.26335e+02
     Coulomb-14        LJ (SR)   Coulomb (SR)      Potential Pressure (bar)
    4.81910e+02   -2.60879e+02   -1.30928e+03   -5.15264e+02    0.00000e+00

           Step           Time
            722      722.00000

   Energies (kJ/mol)
           Bond          Angle Ryckaert-Bell.  Improper Dih.          LJ-14
    2.83345e+01    2.19429e+02   -1.32968e+00    4.65145e-03    3.26490e+02
     Coulomb-14        LJ (SR)   Coulomb (SR)      Potential Pressure (bar)
    4.81974e+02   -2.60842e+02   -1.30937e+03   -5.15314e+02    0.00000e+00

           Step           Time
            723      723.00000

           Step           Time
            724      724.00000

   Energies (kJ/mol)
           Bond          Angle Ryckaert-Bell.  Improper Dih.          LJ-14
    2.91825e+01    2.18595e+02   -1.32987e+00    4.65047e-03    3.26362e+02
     Coulomb-14        LJ (SR)   Coulomb (SR)      Potential Pressure (bar)
    4.81935e+02   -2.60874e+02   -1.30931e+03   -5.15432e+02    0.00000e+00

           Step           Time
            725      725.00000

   Energies (kJ/mol)
           Bond          Angle Ryckaert-Bell.  Improper Dih.          LJ-14
    2.82512e+01    2.19417e+02   -1.33102e+00    4.63770e-03    3.26394e+02
     Coulomb-14        LJ (SR)   Coulomb (SR)      Potential Pressure (bar)
    4.81979e+02   -2.60870e+02   -1.30934e+03   -5.15495e+02    0.00000e+00

           Step           Time
            726      726.00000

   Energies (kJ/mol)
           Bond          Angle Ryckaert-Bell.  Improper Dih.          LJ-14
    2.94387e+01    2.18281e+02   -1.33127e+00    4.62262e-03    3.26221e+02
     Coulomb-14        LJ (SR)   Coulomb (SR)      Potential Pressure (bar)
    4.81926e+02   -2.60912e+02   -1.30925e+03   -5.15623e+02    0.00000e+00

           Step           Time
            727      727.00000

           Step           Time
            728      728.00000

   Energies (kJ/mol)
           Bond          Angle Ryckaert-Bell.  Improper Dih.          LJ-14
    2.86722e+01    2.18925e+02   -1.33164e+00    4.61723e-03    3.26284e+02
     Coulomb-14        LJ (SR)   Coulomb (SR)      Potential Pressure (bar)
    4.81959e+02   -2.60898e+02   -1.30929e+03   -5.15676e+02    0.00000e+00

           Step           Time
            729      729.00000

   Energies (kJ/mol)
           Bond          Angle Ryckaert-Bell.  Improper Dih.          LJ-14
    2.96086e+01    2.18100e+02   -1.33205e+00    4.61229e-03    3.26141e+02
     Coulomb-14        LJ (SR)   Coulomb (SR)      Potential Pressure (bar)
    4.81921e+02   -2.60935e+02   -1.30922e+03   -5.15712e+02    0.00000e+00

DD  step 729 load imb.: force 42.1%

           Step           Time
            730      730.00000

   Energies (kJ/mol)
           Bond          Angle Ryckaert-Bell.  Improper Dih.          LJ-14
    2.84915e+01    2.19054e+02   -1.33240e+00    4.59679e-03    3.26247e+02
     Coulomb-14        LJ (SR)   Coulomb (SR)      Potential Pressure (bar)
    4.81967e+02   -2.60910e+02   -1.30928e+03   -5.15762e+02    0.00000e+00

           Step           Time
            731      731.00000

   Energies (kJ/mol)
           Bond          Angle Ryckaert-Bell.  Improper Dih.          LJ-14
    2.98612e+01    2.17865e+02   -1.33281e+00    4.59671e-03    3.26057e+02
     Coulomb-14        LJ (SR)   Coulomb (SR)      Potential Pressure (bar)
    4.81911e+02   -2.60958e+02   -1.30919e+03   -5.15778e+02    0.00000e+00

           Step           Time
            732      732.00000

   Energies (kJ/mol)
           Bond          Angle Ryckaert-Bell.  Improper Dih.          LJ-14
    2.82487e+01    2.19268e+02   -1.33318e+00    4.59250e-03    3.26220e+02
     Coulomb-14        LJ (SR)   Coulomb (SR)      Potential Pressure (bar)
    4.81980e+02   -2.60919e+02   -1.30928e+03   -5.15813e+02    0.00000e+00

           Step           Time
            733      733.00000

           Step           Time
            734      734.00000

   Energies (kJ/mol)
           Bond          Angle Ryckaert-Bell.  Improper Dih.          LJ-14
    2.91278e+01    2.18387e+02   -1.33337e+00    4.59132e-03    3.26089e+02
     Coulomb-14        LJ (SR)   Coulomb (SR)      Potential Pressure (bar)
    4.81940e+02   -2.60951e+02   -1.30921e+03   -5.15950e+02    0.00000e+00

           Step           Time
            735      735.00000

   Energies (kJ/mol)
           Bond          Angle Ryckaert-Bell.  Improper Dih.          LJ-14
    2.81639e+01    2.19239e+02   -1.33471e+00    4.54460e-03    3.26095e+02
     Coulomb-14        LJ (SR)   Coulomb (SR)      Potential Pressure (bar)
    4.81986e+02   -2.60954e+02   -1.30924e+03   -5.16039e+02    0.00000e+00

           Step           Time
            736      736.00000

   Energies (kJ/mol)
           Bond          Angle Ryckaert-Bell.  Improper Dih.          LJ-14
    2.94176e+01    2.18018e+02   -1.33499e+00    4.54735e-03    3.25917e+02
     Coulomb-14        LJ (SR)   Coulomb (SR)      Potential Pressure (bar)
    4.81931e+02   -2.60998e+02   -1.30914e+03   -5.16190e+02    0.00000e+00

           Step           Time
            737      737.00000

           Step           Time
            738      738.00000

   Energies (kJ/mol)
           Bond          Angle Ryckaert-Bell.  Improper Dih.          LJ-14
    2.86041e+01    2.18708e+02   -1.33540e+00    4.54126e-03    3.25985e+02
     Coulomb-14        LJ (SR)   Coulomb (SR)      Potential Pressure (bar)
    4.81965e+02   -2.60983e+02   -1.30919e+03   -5.16240e+02    0.00000e+00

           Step           Time
            739      739.00000

   Energies (kJ/mol)
           Bond          Angle Ryckaert-Bell.  Improper Dih.          LJ-14
    2.96216e+01    2.17814e+02   -1.33579e+00    4.52900e-03    3.25834e+02
     Coulomb-14        LJ (SR)   Coulomb (SR)      Potential Pressure (bar)
    4.81924e+02   -2.61020e+02   -1.30911e+03   -5.16273e+02    0.00000e+00

DD  step 739 load imb.: force 53.7%

           Step           Time
            740      740.00000

   Energies (kJ/mol)
           Bond          Angle Ryckaert-Bell.  Improper Dih.          LJ-14
    2.84337e+01    2.18831e+02   -1.33610e+00    4.52724e-03    3.25945e+02
     Coulomb-14        LJ (SR)   Coulomb (SR)      Potential Pressure (bar)
    4.81974e+02   -2.60993e+02   -1.30918e+03   -5.16321e+02    0.00000e+00

           Step           Time
            741      741.00000

   Energies (kJ/mol)
           Bond          Angle Ryckaert-Bell.  Improper Dih.          LJ-14
    2.99030e+01    2.17561e+02   -1.33646e+00    4.52003e-03    3.25746e+02
     Coulomb-14        LJ (SR)   Coulomb (SR)      Potential Pressure (bar)
    4.81915e+02   -2.61043e+02   -1.30908e+03   -5.16328e+02    0.00000e+00

           Step           Time
            742      742.00000

   Energies (kJ/mol)
           Bond          Angle Ryckaert-Bell.  Improper Dih.          LJ-14
    2.81970e+01    2.19042e+02   -1.33682e+00    4.50986e-03    3.25921e+02
     Coulomb-14        LJ (SR)   Coulomb (SR)      Potential Pressure (bar)
    4.81988e+02   -2.61001e+02   -1.30918e+03   -5.16364e+02    0.00000e+00

           Step           Time
            743      743.00000

           Step           Time
            744      744.00000

   Energies (kJ/mol)
           Bond          Angle Ryckaert-Bell.  Improper Dih.          LJ-14
    2.91416e+01    2.18096e+02   -1.33700e+00    4.50880e-03    3.25781e+02
     Coulomb-14        LJ (SR)   Coulomb (SR)      Potential Pressure (bar)
    4.81944e+02   -2.61036e+02   -1.30911e+03   -5.16512e+02    0.00000e+00

           Step           Time
            745      745.00000

   Energies (kJ/mol)
           Bond          Angle Ryckaert-Bell.  Improper Dih.          LJ-14
    2.80896e+01    2.19071e+02   -1.33820e+00    4.49704e-03    3.25820e+02
     Coulomb-14        LJ (SR)   Coulomb (SR)      Potential Pressure (bar)
    4.81995e+02   -2.61031e+02   -1.30915e+03   -5.16536e+02    0.00000e+00

           Step           Time
            746      746.00000

   Energies (kJ/mol)
           Bond          Angle Ryckaert-Bell.  Improper Dih.          LJ-14
    2.94450e+01    2.17743e+02   -1.33838e+00    4.48180e-03    3.25628e+02
     Coulomb-14        LJ (SR)   Coulomb (SR)      Potential Pressure (bar)
    4.81934e+02   -2.61078e+02   -1.30904e+03   -5.16706e+02    0.00000e+00

           Step           Time
            747      747.00000

           Step           Time
            748      748.00000

   Energies (kJ/mol)
           Bond          Angle Ryckaert-Bell.  Improper Dih.          LJ-14
    2.85708e+01    2.18484e+02   -1.33873e+00    4.47576e-03    3.25703e+02
     Coulomb-14        LJ (SR)   Coulomb (SR)      Potential Pressure (bar)
    4.81972e+02   -2.61061e+02   -1.30909e+03   -5.16759e+02    0.00000e+00

           Step           Time
            749      749.00000

   Energies (kJ/mol)
           Bond          Angle Ryckaert-Bell.  Improper Dih.          LJ-14
    2.96478e+01    2.17541e+02   -1.33914e+00    4.45681e-03    3.25547e+02
     Coulomb-14        LJ (SR)   Coulomb (SR)      Potential Pressure (bar)
    4.81928e+02   -2.61101e+02   -1.30901e+03   -5.16785e+02    0.00000e+00

DD  step 749 load imb.: force 43.9%

           Step           Time
            750      750.00000

   Energies (kJ/mol)
           Bond          Angle Ryckaert-Bell.  Improper Dih.          LJ-14
    2.83786e+01    2.18633e+02   -1.33948e+00    4.45357e-03    3.25669e+02
     Coulomb-14        LJ (SR)   Coulomb (SR)      Potential Pressure (bar)
    4.81982e+02   -2.61072e+02   -1.30909e+03   -5.16832e+02    0.00000e+00

           Step           Time
            751      751.00000

           Step           Time
            752      752.00000

   Energies (kJ/mol)
           Bond          Angle Ryckaert-Bell.  Improper Dih.          LJ-14
    2.90952e+01    2.17934e+02   -1.33965e+00    4.45243e-03    3.25562e+02
     Coulomb-14        LJ (SR)   Coulomb (SR)      Potential Pressure (bar)
    4.81951e+02   -2.61098e+02   -1.30903e+03   -5.16924e+02    0.00000e+00

           Step           Time
            753      753.00000

   Energies (kJ/mol)
           Bond          Angle Ryckaert-Bell.  Improper Dih.          LJ-14
    2.83013e+01    2.18616e+02   -1.34073e+00    4.43571e-03    3.25579e+02
     Coulomb-14        LJ (SR)   Coulomb (SR)      Potential Pressure (bar)
    4.81987e+02   -2.61097e+02   -1.30906e+03   -5.17008e+02    0.00000e+00

           Step           Time
            754      754.00000

   Energies (kJ/mol)
           Bond          Angle Ryckaert-Bell.  Improper Dih.          LJ-14
    2.93139e+01    2.17658e+02   -1.34093e+00    4.42948e-03    3.25429e+02
     Coulomb-14        LJ (SR)   Coulomb (SR)      Potential Pressure (bar)
    4.81945e+02   -2.61135e+02   -1.30898e+03   -5.17106e+02    0.00000e+00

           Step           Time
            755      755.00000

           Step           Time
            756      756.00000

   Energies (kJ/mol)
           Bond          Angle Ryckaert-Bell.  Improper Dih.          LJ-14
    2.86801e+01    2.18187e+02   -1.34123e+00    4.42439e-03    3.25479e+02
     Coulomb-14        LJ (SR)   Coulomb (SR)      Potential Pressure (bar)
    4.81972e+02   -2.61123e+02   -1.30902e+03   -5.17156e+02    0.00000e+00

           Step           Time
            757      757.00000

   Energies (kJ/mol)
           Bond          Angle Ryckaert-Bell.  Improper Dih.          LJ-14
    2.94503e+01    2.17500e+02   -1.34164e+00    4.41896e-03    3.25355e+02
     Coulomb-14        LJ (SR)   Coulomb (SR)      Potential Pressure (bar)
    4.81940e+02   -2.61155e+02   -1.30895e+03   -5.17199e+02    0.00000e+00

           Step           Time
            758      758.00000

   Energies (kJ/mol)
           Bond          Angle Ryckaert-Bell.  Improper Dih.          LJ-14
    2.85296e+01    2.18280e+02   -1.34194e+00    4.40640e-03    3.25438e+02
     Coulomb-14        LJ (SR)   Coulomb (SR)      Potential Pressure (bar)
    4.81979e+02   -2.61135e+02   -1.30901e+03   -5.17251e+02    0.00000e+00

           Step           Time
            759      759.00000

   Energies (kJ/mol)
           Bond          Angle Ryckaert-Bell.  Improper Dih.          LJ-14
    2.96672e+01    2.17290e+02   -1.34231e+00    4.40376e-03    3.25274e+02
     Coulomb-14        LJ (SR)   Coulomb (SR)      Potential Pressure (bar)
    4.81933e+02   -2.61177e+02   -1.30892e+03   -5.17272e+02    0.00000e+00

DD  step 759 load imb.: force 51.3%

           Step           Time
            760      760.00000

   Energies (kJ/mol)
           Bond          Angle Ryckaert-Bell.  Improper Dih.          LJ-14
    2.83282e+01    2.18440e+02   -1.34265e+00    4.40061e-03    3.25406e+02
     Coulomb-14        LJ (SR)   Coulomb (SR)      Potential Pressure (bar)
    4.81990e+02   -2.61144e+02   -1.30900e+03   -5.17318e+02    0.00000e+00

           Step           Time
            761      761.00000

           Step           Time
            762      762.00000

   Energies (kJ/mol)
           Bond          Angle Ryckaert-Bell.  Improper Dih.          LJ-14
    2.90896e+01    2.17697e+02   -1.34281e+00    4.39961e-03    3.25293e+02
     Coulomb-14        LJ (SR)   Coulomb (SR)      Potential Pressure (bar)
    4.81958e+02   -2.61173e+02   -1.30894e+03   -5.17416e+02    0.00000e+00

           Step           Time
            763      763.00000

   Energies (kJ/mol)
           Bond          Angle Ryckaert-Bell.  Improper Dih.          LJ-14
    2.82108e+01    2.18473e+02   -1.34387e+00    4.37266e-03    3.25323e+02
     Coulomb-14        LJ (SR)   Coulomb (SR)      Potential Pressure (bar)
    4.81997e+02   -2.61168e+02   -1.30898e+03   -5.17479e+02    0.00000e+00

           Step           Time
            764      764.00000

   Energies (kJ/mol)
           Bond          Angle Ryckaert-Bell.  Improper Dih.          LJ-14
    2.93249e+01    2.17410e+02   -1.34410e+00    4.37638e-03    3.25163e+02
     Coulomb-14        LJ (SR)   Coulomb (SR)      Potential Pressure (bar)
    4.81951e+02   -2.61209e+02   -1.30889e+03   -5.17591e+02    0.00000e+00

           Step           Time
            765      765.00000

           Step           Time
            766      766.00000

   Energies (kJ/mol)
           Bond          Angle Ryckaert-Bell.  Improper Dih.          LJ-14
    2.86235e+01    2.17998e+02   -1.34438e+00    4.36664e-03    3.25220e+02
     Coulomb-14        LJ (SR)   Coulomb (SR)      Potential Pressure (bar)
    4.81980e+02   -2.61195e+02   -1.30893e+03   -5.17642e+02    0.00000e+00

           Step           Time
            767      767.00000

   Energies (kJ/mol)
           Bond          Angle Ryckaert-Bell.  Improper Dih.          LJ-14
    2.94734e+01    2.17247e+02   -1.34473e+00    4.36206e-03    3.25087e+02
     Coulomb-14        LJ (SR)   Coulomb (SR)      Potential Pressure (bar)
    4.81945e+02   -2.61229e+02   -1.30886e+03   -5.17680e+02    0.00000e+00

           Step           Time
            768      768.00000

   Energies (kJ/mol)
           Bond          Angle Ryckaert-Bell.  Improper Dih.          LJ-14
    2.84773e+01    2.18092e+02   -1.34507e+00    4.35793e-03    3.25180e+02
     Coulomb-14        LJ (SR)   Coulomb (SR)      Potential Pressure (bar)
    4.81987e+02   -2.61207e+02   -1.30892e+03   -5.17732e+02    0.00000e+00

           Step           Time
            769      769.00000

   Energies (kJ/mol)
           Bond          Angle Ryckaert-Bell.  Improper Dih.          LJ-14
    2.97287e+01    2.17015e+02   -1.34550e+00    4.35774e-03    3.25001e+02
     Coulomb-14        LJ (SR)   Coulomb (SR)      Potential Pressure (bar)
    4.81936e+02   -2.61253e+02   -1.30883e+03   -5.17742e+02    0.00000e+00

DD  step 769 load imb.: force 44.6%

           Step           Time
            770      770.00000

   Energies (kJ/mol)
           Bond          Angle Ryckaert-Bell.  Improper Dih.          LJ-14
    2.82676e+01    2.18268e+02   -1.34583e+00    4.34581e-03    3.25149e+02
     Coulomb-14        LJ (SR)   Coulomb (SR)      Potential Pressure (bar)
    4.81998e+02   -2.61216e+02   -1.30892e+03   -5.17795e+02    0.00000e+00

           Step           Time
            771      771.00000

           Step           Time
            772      772.00000

   Energies (kJ/mol)
           Bond          Angle Ryckaert-Bell.  Improper Dih.          LJ-14
    2.90769e+01    2.17475e+02   -1.34598e+00    4.34471e-03    3.25028e+02
     Coulomb-14        LJ (SR)   Coulomb (SR)      Potential Pressure (bar)
    4.81961e+02   -2.61246e+02   -1.30886e+03   -5.17902e+02    0.00000e+00

           Step           Time
            773      773.00000

   Energies (kJ/mol)
           Bond          Angle Ryckaert-Bell.  Improper Dih.          LJ-14
    2.81853e+01    2.18276e+02   -1.34691e+00    4.33028e-03    3.25065e+02
     Coulomb-14        LJ (SR)   Coulomb (SR)      Potential Pressure (bar)
    4.82003e+02   -2.61240e+02   -1.30889e+03   -5.17947e+02    0.00000e+00

           Step           Time
            774      774.00000

   Energies (kJ/mol)
           Bond          Angle Ryckaert-Bell.  Improper Dih.          LJ-14
    2.93314e+01    2.17185e+02   -1.34709e+00    4.31755e-03    3.24900e+02
     Coulomb-14        LJ (SR)   Coulomb (SR)      Potential Pressure (bar)
    4.81952e+02   -2.61281e+02   -1.30881e+03   -5.18063e+02    0.00000e+00

           Step           Time
            775      775.00000

           Step           Time
            776      776.00000

   Energies (kJ/mol)
           Bond          Angle Ryckaert-Bell.  Improper Dih.          LJ-14
    2.85935e+01    2.17801e+02   -1.34744e+00    4.31422e-03    3.24964e+02
     Coulomb-14        LJ (SR)   Coulomb (SR)      Potential Pressure (bar)
    4.81985e+02   -2.61266e+02   -1.30885e+03   -5.18115e+02    0.00000e+00

           Step           Time
            777      777.00000

   Energies (kJ/mol)
           Bond          Angle Ryckaert-Bell.  Improper Dih.          LJ-14
    2.94853e+01    2.17017e+02   -1.34779e+00    4.30300e-03    3.24826e+02
     Coulomb-14        LJ (SR)   Coulomb (SR)      Potential Pressure (bar)
    4.81949e+02   -2.61302e+02   -1.30878e+03   -5.18147e+02    0.00000e+00

           Step           Time
            778      778.00000

   Energies (kJ/mol)
           Bond          Angle Ryckaert-Bell.  Improper Dih.          LJ-14
    2.84220e+01    2.17922e+02   -1.34812e+00    4.29453e-03    3.24926e+02
     Coulomb-14        LJ (SR)   Coulomb (SR)      Potential Pressure (bar)
    4.81994e+02   -2.61278e+02   -1.30884e+03   -5.18199e+02    0.00000e+00

           Step           Time
            779      779.00000

   Energies (kJ/mol)
           Bond          Angle Ryckaert-Bell.  Improper Dih.          LJ-14
    2.97347e+01    2.16789e+02   -1.34847e+00    4.28971e-03    3.24741e+02
     Coulomb-14        LJ (SR)   Coulomb (SR)      Potential Pressure (bar)
    4.81942e+02   -2.61324e+02   -1.30874e+03   -5.18207e+02    0.00000e+00

DD  step 779 load imb.: force 49.3%

           Step           Time
            780      780.00000

   Energies (kJ/mol)
           Bond          Angle Ryckaert-Bell.  Improper Dih.          LJ-14
    2.82079e+01    2.18103e+02   -1.34880e+00    4.29507e-03    3.24900e+02
     Coulomb-14        LJ (SR)   Coulomb (SR)      Potential Pressure (bar)
    4.82008e+02   -2.61285e+02   -1.30884e+03   -5.18251e+02    0.00000e+00

           Step           Time
            781      781.00000

           Step           Time
            782      782.00000

   Energies (kJ/mol)
           Bond          Angle Ryckaert-Bell.  Improper Dih.          LJ-14
    2.90501e+01    2.17271e+02   -1.34897e+00    4.29386e-03    3.24773e+02
     Coulomb-14        LJ (SR)   Coulomb (SR)      Potential Pressure (bar)
    4.81969e+02   -2.61317e+02   -1.30877e+03   -5.18371e+02    0.00000e+00

           Step           Time
            783      783.00000

   Energies (kJ/mol)
           Bond          Angle Ryckaert-Bell.  Improper Dih.          LJ-14
    2.81043e+01    2.18133e+02   -1.35006e+00    4.27303e-03    3.24809e+02
     Coulomb-14        LJ (SR)   Coulomb (SR)      Potential Pressure (bar)
    4.82017e+02   -2.61311e+02   -1.30881e+03   -5.18408e+02    0.00000e+00

           Step           Time
            784      784.00000

   Energies (kJ/mol)
           Bond          Angle Ryckaert-Bell.  Improper Dih.          LJ-14
    2.92973e+01    2.16976e+02   -1.35024e+00    4.27079e-03    3.24637e+02
     Coulomb-14        LJ (SR)   Coulomb (SR)      Potential Pressure (bar)
    4.81962e+02   -2.61354e+02   -1.30872e+03   -5.18548e+02    0.00000e+00

           Step           Time
            785      785.00000

           Step           Time
            786      786.00000

   Energies (kJ/mol)
           Bond          Angle Ryckaert-Bell.  Improper Dih.          LJ-14
    2.85170e+01    2.17638e+02   -1.35058e+00    4.26920e-03    3.24703e+02
     Coulomb-14        LJ (SR)   Coulomb (SR)      Potential Pressure (bar)
    4.81996e+02   -2.61338e+02   -1.30877e+03   -5.18596e+02    0.00000e+00

           Step           Time
            787      787.00000

   Energies (kJ/mol)
           Bond          Angle Ryckaert-Bell.  Improper Dih.          LJ-14
    2.94789e+01    2.16791e+02   -1.35094e+00    4.25906e-03    3.24560e+02
     Coulomb-14        LJ (SR)   Coulomb (SR)      Potential Pressure (bar)
    4.81955e+02   -2.61374e+02   -1.30869e+03   -5.18627e+02    0.00000e+00

           Step           Time
            788      788.00000

   Energies (kJ/mol)
           Bond          Angle Ryckaert-Bell.  Improper Dih.          LJ-14
    2.83483e+01    2.17760e+02   -1.35126e+00    4.25619e-03    3.24671e+02
     Coulomb-14        LJ (SR)   Coulomb (SR)      Potential Pressure (bar)
    4.82005e+02   -2.61348e+02   -1.30876e+03   -5.18670e+02    0.00000e+00

           Step           Time
            789      789.00000

   Energies (kJ/mol)
           Bond          Angle Ryckaert-Bell.  Improper Dih.          LJ-14
    2.97418e+01    2.16556e+02   -1.35162e+00    4.26133e-03    3.24476e+02
     Coulomb-14        LJ (SR)   Coulomb (SR)      Potential Pressure (bar)
    4.81947e+02   -2.61397e+02   -1.30866e+03   -5.18680e+02    0.00000e+00

DD  step 789 load imb.: force 53.2%

           Step           Time
            790      790.00000

   Energies (kJ/mol)
           Bond          Angle Ryckaert-Bell.  Improper Dih.          LJ-14
    2.81193e+01    2.17965e+02   -1.35192e+00    4.25213e-03    3.24648e+02
     Coulomb-14        LJ (SR)   Coulomb (SR)      Potential Pressure (bar)
    4.82020e+02   -2.61355e+02   -1.30876e+03   -5.18711e+02    0.00000e+00

           Step           Time
            791      791.00000

           Step           Time
            792      792.00000

   Energies (kJ/mol)
           Bond          Angle Ryckaert-Bell.  Improper Dih.          LJ-14
    2.90224e+01    2.17062e+02   -1.35207e+00    4.25066e-03    3.24513e+02
     Coulomb-14        LJ (SR)   Coulomb (SR)      Potential Pressure (bar)
    4.81977e+02   -2.61389e+02   -1.30869e+03   -5.18852e+02    0.00000e+00

           Step           Time
            793      793.00000

   Energies (kJ/mol)
           Bond          Angle Ryckaert-Bell.  Improper Dih.          LJ-14
    2.80120e+01    2.17986e+02   -1.35326e+00    4.23561e-03    3.24556e+02
     Coulomb-14        LJ (SR)   Coulomb (SR)      Potential Pressure (bar)
    4.82027e+02   -2.61382e+02   -1.30873e+03   -5.18883e+02    0.00000e+00

           Step           Time
            794      794.00000

   Energies (kJ/mol)
           Bond          Angle Ryckaert-Bell.  Improper Dih.          LJ-14
    2.92955e+01    2.16735e+02   -1.35347e+00    4.22367e-03    3.24367e+02
     Coulomb-14        LJ (SR)   Coulomb (SR)      Potential Pressure (bar)
    4.81968e+02   -2.61430e+02   -1.30863e+03   -5.19045e+02    0.00000e+00

           Step           Time
            795      795.00000

           Step           Time
            796      796.00000

   Energies (kJ/mol)
           Bond          Angle Ryckaert-Bell.  Improper Dih.          LJ-14
    2.84810e+01    2.17426e+02   -1.35376e+00    4.21894e-03    3.24440e+02
     Coulomb-14        LJ (SR)   Coulomb (SR)      Potential Pressure (bar)
    4.82003e+02   -2.61412e+02   -1.30868e+03   -5.19091e+02    0.00000e+00

           Step           Time
            797      797.00000

   Energies (kJ/mol)
           Bond          Angle Ryckaert-Bell.  Improper Dih.          LJ-14
    2.94936e+01    2.16541e+02   -1.35415e+00    4.21527e-03    3.24287e+02
     Coulomb-14        LJ (SR)   Coulomb (SR)      Potential Pressure (bar)
    4.81961e+02   -2.61451e+02   -1.30860e+03   -5.19118e+02    0.00000e+00

           Step           Time
            798      798.00000

   Energies (kJ/mol)
           Bond          Angle Ryckaert-Bell.  Improper Dih.          LJ-14
    2.83152e+01    2.17550e+02   -1.35445e+00    4.20415e-03    3.24405e+02
     Coulomb-14        LJ (SR)   Coulomb (SR)      Potential Pressure (bar)
    4.82012e+02   -2.61422e+02   -1.30867e+03   -5.19164e+02    0.00000e+00

           Step           Time
            799      799.00000

           Step           Time
            800      800.00000

   Energies (kJ/mol)
           Bond          Angle Ryckaert-Bell.  Improper Dih.          LJ-14
    2.89947e+01    2.16894e+02   -1.35460e+00    4.20311e-03    3.24302e+02
     Coulomb-14        LJ (SR)   Coulomb (SR)      Potential Pressure (bar)
    4.81982e+02   -2.61448e+02   -1.30862e+03   -5.19246e+02    0.00000e+00

           Step           Time
            801      801.00000

   Energies (kJ/mol)
           Bond          Angle Ryckaert-Bell.  Improper Dih.          LJ-14
    2.82449e+01    2.17540e+02   -1.35551e+00    4.19298e-03    3.24323e+02
     Coulomb-14        LJ (SR)   Coulomb (SR)      Potential Pressure (bar)
    4.82017e+02   -2.61446e+02   -1.30865e+03   -5.19320e+02    0.00000e+00

           Step           Time
            802      802.00000

   Energies (kJ/mol)
           Bond          Angle Ryckaert-Bell.  Improper Dih.          LJ-14
    2.92021e+01    2.16641e+02   -1.35572e+00    4.18741e-03    3.24183e+02
     Coulomb-14        LJ (SR)   Coulomb (SR)      Potential Pressure (bar)
    4.81974e+02   -2.61480e+02   -1.30858e+03   -5.19407e+02    0.00000e+00

           Step           Time
            803      803.00000

           Step           Time
            804      804.00000

   Energies (kJ/mol)
           Bond          Angle Ryckaert-Bell.  Improper Dih.          LJ-14
    2.86063e+01    2.17136e+02   -1.35599e+00    4.17638e-03    3.24231e+02
     Coulomb-14        LJ (SR)   Coulomb (SR)      Potential Pressure (bar)
    4.82001e+02   -2.61469e+02   -1.30861e+03   -5.19455e+02    0.00000e+00

           Step           Time
            805      805.00000

   Energies (kJ/mol)
           Bond          Angle Ryckaert-Bell.  Improper Dih.          LJ-14
    2.93310e+01    2.16494e+02   -1.35634e+00    4.16743e-03    3.24111e+02
     Coulomb-14        LJ (SR)   Coulomb (SR)      Potential Pressure (bar)
    4.81969e+02   -2.61499e+02   -1.30855e+03   -5.19495e+02    0.00000e+00

           Step           Time
            806      806.00000

   Energies (kJ/mol)
           Bond          Angle Ryckaert-Bell.  Improper Dih.          LJ-14
    2.84663e+01    2.17220e+02   -1.35666e+00    4.15933e-03    3.24191e+02
     Coulomb-14        LJ (SR)   Coulomb (SR)      Potential Pressure (bar)
    4.82008e+02   -2.61481e+02   -1.30860e+03   -5.19546e+02    0.00000e+00

           Step           Time
            807      807.00000

   Energies (kJ/mol)
           Bond          Angle Ryckaert-Bell.  Improper Dih.          LJ-14
    2.95205e+01    2.16304e+02   -1.35702e+00    4.15281e-03    3.24036e+02
     Coulomb-14        LJ (SR)   Coulomb (SR)      Potential Pressure (bar)
    4.81964e+02   -2.61519e+02   -1.30852e+03   -5.19566e+02    0.00000e+00

           Step           Time
            808      808.00000

   Energies (kJ/mol)
           Bond          Angle Ryckaert-Bell.  Improper Dih.          LJ-14
    2.82757e+01    2.17369e+02   -1.35735e+00    4.15050e-03    3.24160e+02
     Coulomb-14        LJ (SR)   Coulomb (SR)      Potential Pressure (bar)
    4.82021e+02   -2.61490e+02   -1.30860e+03   -5.19612e+02    0.00000e+00

           Step           Time
            809      809.00000

           Step           Time
            810      810.00000

   Energies (kJ/mol)
           Bond          Angle Ryckaert-Bell.  Improper Dih.          LJ-14
    2.89656e+01    2.16697e+02   -1.35750e+00    4.14931e-03    3.24056e+02
     Coulomb-14        LJ (SR)   Coulomb (SR)      Potential Pressure (bar)
    4.81990e+02   -2.61515e+02   -1.30854e+03   -5.19701e+02    0.00000e+00

           Step           Time
            811      811.00000

   Energies (kJ/mol)
           Bond          Angle Ryckaert-Bell.  Improper Dih.          LJ-14
    2.81988e+01    2.17363e+02   -1.35856e+00    4.14473e-03    3.24070e+02
     Coulomb-14        LJ (SR)   Coulomb (SR)      Potential Pressure (bar)
    4.82027e+02   -2.61514e+02   -1.30857e+03   -5.19777e+02    0.00000e+00

           Step           Time
            812      812.00000

   Energies (kJ/mol)
           Bond          Angle Ryckaert-Bell.  Improper Dih.          LJ-14
    2.91900e+01    2.16425e+02   -1.35872e+00    4.13297e-03    3.23927e+02
     Coulomb-14        LJ (SR)   Coulomb (SR)      Potential Pressure (bar)
    4.81982e+02   -2.61549e+02   -1.30849e+03   -5.19873e+02    0.00000e+00

           Step           Time
            813      813.00000

           Step           Time
            814      814.00000

   Energies (kJ/mol)
           Bond          Angle Ryckaert-Bell.  Improper Dih.          LJ-14
    2.85753e+01    2.16936e+02   -1.35904e+00    4.12802e-03    3.23978e+02
     Coulomb-14        LJ (SR)   Coulomb (SR)      Potential Pressure (bar)
    4.82009e+02   -2.61537e+02   -1.30853e+03   -5.19921e+02    0.00000e+00

           Step           Time
            815      815.00000

   Energies (kJ/mol)
           Bond          Angle Ryckaert-Bell.  Improper Dih.          LJ-14
    2.93163e+01    2.16282e+02   -1.35934e+00    4.11806e-03    3.23855e+02
     Coulomb-14        LJ (SR)   Coulomb (SR)      Potential Pressure (bar)
    4.81979e+02   -2.61568e+02   -1.30847e+03   -5.19958e+02    0.00000e+00

           Step           Time
            816      816.00000

   Energies (kJ/mol)
           Bond          Angle Ryckaert-Bell.  Improper Dih.          LJ-14
    2.84124e+01    2.17047e+02   -1.35966e+00    4.11439e-03    3.23940e+02
     Coulomb-14        LJ (SR)   Coulomb (SR)      Potential Pressure (bar)
    4.82018e+02   -2.61548e+02   -1.30852e+03   -5.20005e+02    0.00000e+00

           Step           Time
            817      817.00000

   Energies (kJ/mol)
           Bond          Angle Ryckaert-Bell.  Improper Dih.          LJ-14
    2.95113e+01    2.16090e+02   -1.36002e+00    4.11074e-03    3.23781e+02
     Coulomb-14        LJ (SR)   Coulomb (SR)      Potential Pressure (bar)
    4.81973e+02   -2.61587e+02   -1.30844e+03   -5.20025e+02    0.00000e+00

           Step           Time
            818      818.00000

   Energies (kJ/mol)
           Bond          Angle Ryckaert-Bell.  Improper Dih.          LJ-14
    2.82297e+01    2.17192e+02   -1.36032e+00    4.10933e-03    3.23911e+02
     Coulomb-14        LJ (SR)   Coulomb (SR)      Potential Pressure (bar)
    4.82030e+02   -2.61556e+02   -1.30852e+03   -5.20066e+02    0.00000e+00

           Step           Time
            819      819.00000

           Step           Time
            820      820.00000

   Energies (kJ/mol)
           Bond          Angle Ryckaert-Bell.  Improper Dih.          LJ-14
    2.89539e+01    2.16483e+02   -1.36049e+00    4.10816e-03    3.23802e+02
     Coulomb-14        LJ (SR)   Coulomb (SR)      Potential Pressure (bar)
    4.81998e+02   -2.61583e+02   -1.30846e+03   -5.20161e+02    0.00000e+00

           Step           Time
            821      821.00000

   Energies (kJ/mol)
           Bond          Angle Ryckaert-Bell.  Improper Dih.          LJ-14
    2.80976e+01    2.17247e+02   -1.36153e+00    4.09744e-03    3.23827e+02
     Coulomb-14        LJ (SR)   Coulomb (SR)      Potential Pressure (bar)
    4.82038e+02   -2.61580e+02   -1.30849e+03   -5.20221e+02    0.00000e+00

           Step           Time
            822      822.00000

   Energies (kJ/mol)
           Bond          Angle Ryckaert-Bell.  Improper Dih.          LJ-14
    2.91864e+01    2.16200e+02   -1.36172e+00    4.08777e-03    3.23669e+02
     Coulomb-14        LJ (SR)   Coulomb (SR)      Potential Pressure (bar)
    4.81990e+02   -2.61618e+02   -1.30841e+03   -5.20340e+02    0.00000e+00

           Step           Time
            823      823.00000

           Step           Time
            824      824.00000

   Energies (kJ/mol)
           Bond          Angle Ryckaert-Bell.  Improper Dih.          LJ-14
    2.85050e+01    2.16773e+02   -1.36204e+00    4.08217e-03    3.23726e+02
     Coulomb-14        LJ (SR)   Coulomb (SR)      Potential Pressure (bar)
    4.82019e+02   -2.61605e+02   -1.30845e+03   -5.20387e+02    0.00000e+00

           Step           Time
            825      825.00000

   Energies (kJ/mol)
           Bond          Angle Ryckaert-Bell.  Improper Dih.          LJ-14
    2.93242e+01    2.16049e+02   -1.36239e+00    4.07416e-03    3.23600e+02
     Coulomb-14        LJ (SR)   Coulomb (SR)      Potential Pressure (bar)
    4.81985e+02   -2.61636e+02   -1.30838e+03   -5.20421e+02    0.00000e+00

           Step           Time
            826      826.00000

   Energies (kJ/mol)
           Bond          Angle Ryckaert-Bell.  Improper Dih.          LJ-14
    2.83492e+01    2.16882e+02   -1.36270e+00    4.07124e-03    3.23693e+02
     Coulomb-14        LJ (SR)   Coulomb (SR)      Potential Pressure (bar)
    4.82027e+02   -2.61615e+02   -1.30844e+03   -5.20463e+02    0.00000e+00

           Step           Time
            827      827.00000

   Energies (kJ/mol)
           Bond          Angle Ryckaert-Bell.  Improper Dih.          LJ-14
    2.95630e+01    2.15829e+02   -1.36304e+00    4.07057e-03    3.23522e+02
     Coulomb-14        LJ (SR)   Coulomb (SR)      Potential Pressure (bar)
    4.81977e+02   -2.61658e+02   -1.30835e+03   -5.20479e+02    0.00000e+00

           Step           Time
            828      828.00000

   Energies (kJ/mol)
           Bond          Angle Ryckaert-Bell.  Improper Dih.          LJ-14
    2.81393e+01    2.17064e+02   -1.36334e+00    4.06015e-03    3.23668e+02
     Coulomb-14        LJ (SR)   Coulomb (SR)      Potential Pressure (bar)
    4.82039e+02   -2.61622e+02   -1.30844e+03   -5.20512e+02    0.00000e+00

           Step           Time
            829      829.00000

           Step           Time
            830      830.00000

   Energies (kJ/mol)
           Bond          Angle Ryckaert-Bell.  Improper Dih.          LJ-14
    2.89336e+01    2.16276e+02   -1.36350e+00    4.05899e-03    3.23551e+02
     Coulomb-14        LJ (SR)   Coulomb (SR)      Potential Pressure (bar)
    4.82002e+02   -2.61651e+02   -1.30838e+03   -5.20627e+02    0.00000e+00

           Step           Time
            831      831.00000

   Energies (kJ/mol)
           Bond          Angle Ryckaert-Bell.  Improper Dih.          LJ-14
    2.80340e+01    2.17084e+02   -1.36469e+00    4.04858e-03    3.23573e+02
     Coulomb-14        LJ (SR)   Coulomb (SR)      Potential Pressure (bar)
    4.82048e+02   -2.61649e+02   -1.30841e+03   -5.20686e+02    0.00000e+00

           Step           Time
            832      832.00000

   Energies (kJ/mol)
           Bond          Angle Ryckaert-Bell.  Improper Dih.          LJ-14
    2.92269e+01    2.15935e+02   -1.36487e+00    4.03731e-03    3.23405e+02
     Coulomb-14        LJ (SR)   Coulomb (SR)      Potential Pressure (bar)
    4.81992e+02   -2.61691e+02   -1.30832e+03   -5.20815e+02    0.00000e+00

           Step           Time
            833      833.00000

           Step           Time
            834      834.00000

   Energies (kJ/mol)
           Bond          Angle Ryckaert-Bell.  Improper Dih.          LJ-14
    2.84761e+01    2.16565e+02   -1.36519e+00    4.03388e-03    3.23472e+02
     Coulomb-14        LJ (SR)   Coulomb (SR)      Potential Pressure (bar)
    4.82026e+02   -2.61674e+02   -1.30837e+03   -5.20863e+02    0.00000e+00

           Step           Time
            835      835.00000

   Energies (kJ/mol)
           Bond          Angle Ryckaert-Bell.  Improper Dih.          LJ-14
    2.93877e+01    2.15767e+02   -1.36548e+00    4.02413e-03    3.23333e+02
     Coulomb-14        LJ (SR)   Coulomb (SR)      Potential Pressure (bar)
    4.81989e+02   -2.61709e+02   -1.30829e+03   -5.20888e+02    0.00000e+00

           Step           Time
            836      836.00000

   Energies (kJ/mol)
           Bond          Angle Ryckaert-Bell.  Improper Dih.          LJ-14
    2.83090e+01    2.16685e+02   -1.36580e+00    4.01600e-03    3.23440e+02
     Coulomb-14        LJ (SR)   Coulomb (SR)      Potential Pressure (bar)
    4.82036e+02   -2.61683e+02   -1.30836e+03   -5.20936e+02    0.00000e+00

           Step           Time
            837      837.00000

   Energies (kJ/mol)
           Bond          Angle Ryckaert-Bell.  Improper Dih.          LJ-14
    2.96402e+01    2.15541e+02   -1.36613e+00    4.02193e-03    3.23254e+02
     Coulomb-14        LJ (SR)   Coulomb (SR)      Potential Pressure (bar)
    4.81980e+02   -2.61730e+02   -1.30826e+03   -5.20938e+02    0.00000e+00

           Step           Time
            838      838.00000

   Energies (kJ/mol)
           Bond          Angle Ryckaert-Bell.  Improper Dih.          LJ-14
    2.80888e+01    2.16882e+02   -1.36645e+00    4.01124e-03    3.23416e+02
     Coulomb-14        LJ (SR)   Coulomb (SR)      Potential Pressure (bar)
    4.82049e+02   -2.61690e+02   -1.30836e+03   -5.20979e+02    0.00000e+00

           Step           Time
            839      839.00000

           Step           Time
            840      840.00000

   Energies (kJ/mol)
           Bond          Angle Ryckaert-Bell.  Improper Dih.          LJ-14
    2.89513e+01    2.16028e+02   -1.36659e+00    4.01003e-03    3.23288e+02
     Coulomb-14        LJ (SR)   Coulomb (SR)      Potential Pressure (bar)
    4.82009e+02   -2.61722e+02   -1.30829e+03   -5.21101e+02    0.00000e+00

           Step           Time
            841      841.00000

   Energies (kJ/mol)
           Bond          Angle Ryckaert-Bell.  Improper Dih.          LJ-14
    2.79954e+01    2.16907e+02   -1.36750e+00    4.00191e-03    3.23339e+02
     Coulomb-14        LJ (SR)   Coulomb (SR)      Potential Pressure (bar)
    4.82056e+02   -2.61712e+02   -1.30834e+03   -5.21119e+02    0.00000e+00

           Step           Time
            842      842.00000

   Energies (kJ/mol)
           Bond          Angle Ryckaert-Bell.  Improper Dih.          LJ-14
    2.92485e+01    2.15704e+02   -1.36769e+00    3.99096e-03    3.23159e+02
     Coulomb-14        LJ (SR)   Coulomb (SR)      Potential Pressure (bar)
    4.81999e+02   -2.61757e+02   -1.30824e+03   -5.21253e+02    0.00000e+00

           Step           Time
            843      843.00000

           Step           Time
            844      844.00000

   Energies (kJ/mol)
           Bond          Angle Ryckaert-Bell.  Improper Dih.          LJ-14
    2.84392e+01    2.16383e+02   -1.36802e+00    3.98227e-03    3.23233e+02
     Coulomb-14        LJ (SR)   Coulomb (SR)      Potential Pressure (bar)
    4.82035e+02   -2.61738e+02   -1.30829e+03   -5.21302e+02    0.00000e+00

           Step           Time
            845      845.00000

   Energies (kJ/mol)
           Bond          Angle Ryckaert-Bell.  Improper Dih.          LJ-14
    2.94249e+01    2.15527e+02   -1.36830e+00    3.97670e-03    3.23087e+02
     Coulomb-14        LJ (SR)   Coulomb (SR)      Potential Pressure (bar)
    4.81993e+02   -2.61776e+02   -1.30821e+03   -5.21323e+02    0.00000e+00

           Step           Time
            846      846.00000

   Energies (kJ/mol)
           Bond          Angle Ryckaert-Bell.  Improper Dih.          LJ-14
    2.82552e+01    2.16522e+02   -1.36866e+00    3.97548e-03    3.23205e+02
     Coulomb-14        LJ (SR)   Coulomb (SR)      Potential Pressure (bar)
    4.82046e+02   -2.61746e+02   -1.30829e+03   -5.21371e+02    0.00000e+00

           Step           Time
            847      847.00000

           Step           Time
            848      848.00000

   Energies (kJ/mol)
           Bond          Angle Ryckaert-Bell.  Improper Dih.          LJ-14
    2.89178e+01    2.15884e+02   -1.36881e+00    3.97444e-03    3.23105e+02
     Coulomb-14        LJ (SR)   Coulomb (SR)      Potential Pressure (bar)
    4.82016e+02   -2.61772e+02   -1.30823e+03   -5.21448e+02    0.00000e+00

           Step           Time
            849      849.00000

   Energies (kJ/mol)
           Bond          Angle Ryckaert-Bell.  Improper Dih.          LJ-14
    2.81570e+01    2.16549e+02   -1.36953e+00    3.95205e-03    3.23137e+02
     Coulomb-14        LJ (SR)   Coulomb (SR)      Potential Pressure (bar)
    4.82051e+02   -2.61766e+02   -1.30827e+03   -5.21505e+02    0.00000e+00

DD  step 849 load imb.: force 39.4%

           Step           Time
            850      850.00000

   Energies (kJ/mol)
           Bond          Angle Ryckaert-Bell.  Improper Dih.          LJ-14
    2.91277e+01    2.15632e+02   -1.36978e+00    3.95209e-03    3.22994e+02
     Coulomb-14        LJ (SR)   Coulomb (SR)      Potential Pressure (bar)
    4.82009e+02   -2.61802e+02   -1.30819e+03   -5.21596e+02    0.00000e+00

           Step           Time
            851      851.00000

           Step           Time
            852      852.00000

   Energies (kJ/mol)
           Bond          Angle Ryckaert-Bell.  Improper Dih.          LJ-14
    2.85222e+01    2.16136e+02   -1.37009e+00    3.94870e-03    3.23047e+02
     Coulomb-14        LJ (SR)   Coulomb (SR)      Potential Pressure (bar)
    4.82036e+02   -2.61789e+02   -1.30823e+03   -5.21641e+02    0.00000e+00

           Step           Time
            853      853.00000

   Energies (kJ/mol)
           Bond          Angle Ryckaert-Bell.  Improper Dih.          LJ-14
    2.92759e+01    2.15471e+02   -1.37046e+00    3.93899e-03    3.22923e+02
     Coulomb-14        LJ (SR)   Coulomb (SR)      Potential Pressure (bar)
    4.82004e+02   -2.61821e+02   -1.30816e+03   -5.21676e+02    0.00000e+00

           Step           Time
            854      854.00000

   Energies (kJ/mol)
           Bond          Angle Ryckaert-Bell.  Improper Dih.          LJ-14
    2.83872e+01    2.16220e+02   -1.37079e+00    3.93623e-03    3.23010e+02
     Coulomb-14        LJ (SR)   Coulomb (SR)      Potential Pressure (bar)
    4.82044e+02   -2.61799e+02   -1.30822e+03   -5.21725e+02    0.00000e+00

           Step           Time
            855      855.00000

   Energies (kJ/mol)
           Bond          Angle Ryckaert-Bell.  Improper Dih.          LJ-14
    2.94869e+01    2.15272e+02   -1.37110e+00    3.93235e-03    3.22850e+02
     Coulomb-14        LJ (SR)   Coulomb (SR)      Potential Pressure (bar)
    4.81998e+02   -2.61840e+02   -1.30814e+03   -5.21736e+02    0.00000e+00

           Step           Time
            856      856.00000

   Energies (kJ/mol)
           Bond          Angle Ryckaert-Bell.  Improper Dih.          LJ-14
    2.81981e+01    2.16368e+02   -1.37141e+00    3.93133e-03    3.22986e+02
     Coulomb-14        LJ (SR)   Coulomb (SR)      Potential Pressure (bar)
    4.82055e+02   -2.61807e+02   -1.30822e+03   -5.21785e+02    0.00000e+00

           Step           Time
            857      857.00000

           Step           Time
            858      858.00000

   Energies (kJ/mol)
           Bond          Angle Ryckaert-Bell.  Improper Dih.          LJ-14
    2.89286e+01    2.15663e+02   -1.37157e+00    3.93035e-03    3.22875e+02
     Coulomb-14        LJ (SR)   Coulomb (SR)      Potential Pressure (bar)
    4.82022e+02   -2.61834e+02   -1.30816e+03   -5.21872e+02    0.00000e+00

           Step           Time
            859      859.00000

   Energies (kJ/mol)
           Bond          Angle Ryckaert-Bell.  Improper Dih.          LJ-14
    2.80797e+01    2.16423e+02   -1.37229e+00    3.91219e-03    3.22922e+02
     Coulomb-14        LJ (SR)   Coulomb (SR)      Potential Pressure (bar)
    4.82063e+02   -2.61825e+02   -1.30820e+03   -5.21906e+02    0.00000e+00

DD  step 859 load imb.: force 48.9%

           Step           Time
            860      860.00000

   Energies (kJ/mol)
           Bond          Angle Ryckaert-Bell.  Improper Dih.          LJ-14
    2.91480e+01    2.15408e+02   -1.37251e+00    3.91111e-03    3.22766e+02
     Coulomb-14        LJ (SR)   Coulomb (SR)      Potential Pressure (bar)
    4.82015e+02   -2.61863e+02   -1.30812e+03   -5.22010e+02    0.00000e+00

           Step           Time
            861      861.00000

           Step           Time
            862      862.00000

   Energies (kJ/mol)
           Bond          Angle Ryckaert-Bell.  Improper Dih.          LJ-14
    2.84844e+01    2.15962e+02   -1.37280e+00    3.90774e-03    3.22825e+02
     Coulomb-14        LJ (SR)   Coulomb (SR)      Potential Pressure (bar)
    4.82046e+02   -2.61849e+02   -1.30815e+03   -5.22055e+02    0.00000e+00

           Step           Time
            863      863.00000

   Energies (kJ/mol)
           Bond          Angle Ryckaert-Bell.  Improper Dih.          LJ-14
    2.92972e+01    2.15250e+02   -1.37313e+00    3.89526e-03    3.22695e+02
     Coulomb-14        LJ (SR)   Coulomb (SR)      Potential Pressure (bar)
    4.82011e+02   -2.61882e+02   -1.30809e+03   -5.22086e+02    0.00000e+00

           Step           Time
            864      864.00000

   Energies (kJ/mol)
           Bond          Angle Ryckaert-Bell.  Improper Dih.          LJ-14
    2.83248e+01    2.16069e+02   -1.37344e+00    3.90121e-03    3.22793e+02
     Coulomb-14        LJ (SR)   Coulomb (SR)      Potential Pressure (bar)
    4.82056e+02   -2.61857e+02   -1.30815e+03   -5.22133e+02    0.00000e+00

           Step           Time
            865      865.00000

   Energies (kJ/mol)
           Bond          Angle Ryckaert-Bell.  Improper Dih.          LJ-14
    2.95126e+01    2.15051e+02   -1.37375e+00    3.89125e-03    3.22622e+02
     Coulomb-14        LJ (SR)   Coulomb (SR)      Potential Pressure (bar)
    4.82005e+02   -2.61901e+02   -1.30806e+03   -5.22141e+02    0.00000e+00

           Step           Time
            866      866.00000

   Energies (kJ/mol)
           Bond          Angle Ryckaert-Bell.  Improper Dih.          LJ-14
    2.81336e+01    2.16231e+02   -1.37405e+00    3.88214e-03    3.22767e+02
     Coulomb-14        LJ (SR)   Coulomb (SR)      Potential Pressure (bar)
    4.82067e+02   -2.61865e+02   -1.30815e+03   -5.22186e+02    0.00000e+00

           Step           Time
            867      867.00000

           Step           Time
            868      868.00000

   Energies (kJ/mol)
           Bond          Angle Ryckaert-Bell.  Improper Dih.          LJ-14
    2.89025e+01    2.15479e+02   -1.37421e+00    3.88090e-03    3.22654e+02
     Coulomb-14        LJ (SR)   Coulomb (SR)      Potential Pressure (bar)
    4.82031e+02   -2.61894e+02   -1.30809e+03   -5.22285e+02    0.00000e+00

           Step           Time
            869      869.00000

   Energies (kJ/mol)
           Bond          Angle Ryckaert-Bell.  Improper Dih.          LJ-14
    2.80643e+01    2.16237e+02   -1.37494e+00    3.88151e-03    3.22694e+02
     Coulomb-14        LJ (SR)   Coulomb (SR)      Potential Pressure (bar)
    4.82071e+02   -2.61886e+02   -1.30813e+03   -5.22319e+02    0.00000e+00

DD  step 869 load imb.: force 38.5%

           Step           Time
            870      870.00000

   Energies (kJ/mol)
           Bond          Angle Ryckaert-Bell.  Improper Dih.          LJ-14
    2.91503e+01    2.15207e+02   -1.37518e+00    3.86944e-03    3.22536e+02
     Coulomb-14        LJ (SR)   Coulomb (SR)      Potential Pressure (bar)
    4.82021e+02   -2.61925e+02   -1.30804e+03   -5.22425e+02    0.00000e+00

           Step           Time
            871      871.00000

           Step           Time
            872      872.00000

   Energies (kJ/mol)
           Bond          Angle Ryckaert-Bell.  Improper Dih.          LJ-14
    2.84515e+01    2.15792e+02   -1.37551e+00    3.85982e-03    3.22599e+02
     Coulomb-14        LJ (SR)   Coulomb (SR)      Potential Pressure (bar)
    4.82053e+02   -2.61910e+02   -1.30809e+03   -5.22471e+02    0.00000e+00

           Step           Time
            873      873.00000

   Energies (kJ/mol)
           Bond          Angle Ryckaert-Bell.  Improper Dih.          LJ-14
    2.92968e+01    2.15051e+02   -1.37580e+00    3.85574e-03    3.22469e+02
     Coulomb-14        LJ (SR)   Coulomb (SR)      Potential Pressure (bar)
    4.82018e+02   -2.61943e+02   -1.30802e+03   -5.22498e+02    0.00000e+00

           Step           Time
            874      874.00000

   Energies (kJ/mol)
           Bond          Angle Ryckaert-Bell.  Improper Dih.          LJ-14
    2.82799e+01    2.15914e+02   -1.37613e+00    3.84534e-03    3.22570e+02
     Coulomb-14        LJ (SR)   Coulomb (SR)      Potential Pressure (bar)
    4.82064e+02   -2.61918e+02   -1.30808e+03   -5.22543e+02    0.00000e+00

           Step           Time
            875      875.00000

   Energies (kJ/mol)
           Bond          Angle Ryckaert-Bell.  Improper Dih.          LJ-14
    2.95180e+01    2.14848e+02   -1.37644e+00    3.85068e-03    3.22396e+02
     Coulomb-14        LJ (SR)   Coulomb (SR)      Potential Pressure (bar)
    4.82012e+02   -2.61962e+02   -1.30799e+03   -5.22549e+02    0.00000e+00

           Step           Time
            876      876.00000

   Energies (kJ/mol)
           Bond          Angle Ryckaert-Bell.  Improper Dih.          LJ-14
    2.80759e+01    2.16091e+02   -1.37672e+00    3.84902e-03    3.22548e+02
     Coulomb-14        LJ (SR)   Coulomb (SR)      Potential Pressure (bar)
    4.82077e+02   -2.61926e+02   -1.30808e+03   -5.22587e+02    0.00000e+00

           Step           Time
            877      877.00000

           Step           Time
            878      878.00000

   Energies (kJ/mol)
           Bond          Angle Ryckaert-Bell.  Improper Dih.          LJ-14
    2.88786e+01    2.15299e+02   -1.37684e+00    3.84799e-03    3.22429e+02
     Coulomb-14        LJ (SR)   Coulomb (SR)      Potential Pressure (bar)
    4.82039e+02   -2.61955e+02   -1.30802e+03   -5.22699e+02    0.00000e+00

           Step           Time
            879      879.00000

   Energies (kJ/mol)
           Bond          Angle Ryckaert-Bell.  Improper Dih.          LJ-14
    2.79607e+01    2.16142e+02   -1.37780e+00    3.84370e-03    3.22470e+02
     Coulomb-14        LJ (SR)   Coulomb (SR)      Potential Pressure (bar)
    4.82086e+02   -2.61947e+02   -1.30806e+03   -5.22723e+02    0.00000e+00

DD  step 879 load imb.: force 46.5%

           Step           Time
            880      880.00000

   Energies (kJ/mol)
           Bond          Angle Ryckaert-Bell.  Improper Dih.          LJ-14
    2.91540e+01    2.14994e+02   -1.37796e+00    3.83344e-03    3.22297e+02
     Coulomb-14        LJ (SR)   Coulomb (SR)      Potential Pressure (bar)
    4.82029e+02   -2.61991e+02   -1.30797e+03   -5.22856e+02    0.00000e+00

           Step           Time
            881      881.00000

           Step           Time
            882      882.00000

   Energies (kJ/mol)
           Bond          Angle Ryckaert-Bell.  Improper Dih.          LJ-14
    2.83818e+01    2.15646e+02   -1.37829e+00    3.82940e-03    3.22369e+02
     Coulomb-14        LJ (SR)   Coulomb (SR)      Potential Pressure (bar)
    4.82065e+02   -2.61972e+02   -1.30801e+03   -5.22898e+02    0.00000e+00

           Step           Time
            883      883.00000

   Energies (kJ/mol)
           Bond          Angle Ryckaert-Bell.  Improper Dih.          LJ-14
    2.93252e+01    2.14825e+02   -1.37859e+00    3.81656e-03    3.22227e+02
     Coulomb-14        LJ (SR)   Coulomb (SR)      Potential Pressure (bar)
    4.82025e+02   -2.62009e+02   -1.30794e+03   -5.22921e+02    0.00000e+00

           Step           Time
            884      884.00000

   Energies (kJ/mol)
           Bond          Angle Ryckaert-Bell.  Improper Dih.          LJ-14
    2.82148e+01    2.15774e+02   -1.37890e+00    3.81581e-03    3.22340e+02
     Coulomb-14        LJ (SR)   Coulomb (SR)      Potential Pressure (bar)
    4.82075e+02   -2.61981e+02   -1.30801e+03   -5.22963e+02    0.00000e+00

           Step           Time
            885      885.00000

   Energies (kJ/mol)
           Bond          Angle Ryckaert-Bell.  Improper Dih.          LJ-14
    2.95649e+01    2.14615e+02   -1.37917e+00    3.80759e-03    3.22151e+02
     Coulomb-14        LJ (SR)   Coulomb (SR)      Potential Pressure (bar)
    4.82018e+02   -2.62029e+02   -1.30791e+03   -5.22966e+02    0.00000e+00

           Step           Time
            886      886.00000

   Energies (kJ/mol)
           Bond          Angle Ryckaert-Bell.  Improper Dih.          LJ-14
    2.79939e+01    2.15982e+02   -1.37947e+00    3.81279e-03    3.22320e+02
     Coulomb-14        LJ (SR)   Coulomb (SR)      Potential Pressure (bar)
    4.82089e+02   -2.61987e+02   -1.30801e+03   -5.22991e+02    0.00000e+00

           Step           Time
            887      887.00000

           Step           Time
            888      888.00000

   Energies (kJ/mol)
           Bond          Angle Ryckaert-Bell.  Improper Dih.          LJ-14
    2.88410e+01    2.15130e+02   -1.37964e+00    3.81263e-03    3.22193e+02
     Coulomb-14        LJ (SR)   Coulomb (SR)      Potential Pressure (bar)
    4.82047e+02   -2.62020e+02   -1.30794e+03   -5.23128e+02    0.00000e+00

           Step           Time
            889      889.00000

   Energies (kJ/mol)
           Bond          Angle Ryckaert-Bell.  Improper Dih.          LJ-14
    2.79079e+01    2.15991e+02   -1.38078e+00    3.79289e-03    3.22221e+02
     Coulomb-14        LJ (SR)   Coulomb (SR)      Potential Pressure (bar)
    4.82097e+02   -2.62015e+02   -1.30799e+03   -5.23162e+02    0.00000e+00

DD  step 889 load imb.: force 48.9%

           Step           Time
            890      890.00000

   Energies (kJ/mol)
           Bond          Angle Ryckaert-Bell.  Improper Dih.          LJ-14
    2.91720e+01    2.14767e+02   -1.38099e+00    3.79187e-03    3.22034e+02
     Coulomb-14        LJ (SR)   Coulomb (SR)      Potential Pressure (bar)
    4.82036e+02   -2.62062e+02   -1.30788e+03   -5.23313e+02    0.00000e+00

           Step           Time
            891      891.00000

           Step           Time
            892      892.00000

   Energies (kJ/mol)
           Bond          Angle Ryckaert-Bell.  Improper Dih.          LJ-14
    2.83532e+01    2.15456e+02   -1.38126e+00    3.77990e-03    3.22114e+02
     Coulomb-14        LJ (SR)   Coulomb (SR)      Potential Pressure (bar)
    4.82074e+02   -2.62042e+02   -1.30793e+03   -5.23357e+02    0.00000e+00

           Step           Time
            893      893.00000

   Energies (kJ/mol)
           Bond          Angle Ryckaert-Bell.  Improper Dih.          LJ-14
    2.93367e+01    2.14601e+02   -1.38156e+00    3.77759e-03    3.21968e+02
     Coulomb-14        LJ (SR)   Coulomb (SR)      Potential Pressure (bar)
    4.82032e+02   -2.62079e+02   -1.30786e+03   -5.23376e+02    0.00000e+00

           Step           Time
            894      894.00000

   Energies (kJ/mol)
           Bond          Angle Ryckaert-Bell.  Improper Dih.          LJ-14
    2.81834e+01    2.15586e+02   -1.38187e+00    3.76713e-03    3.22088e+02
     Coulomb-14        LJ (SR)   Coulomb (SR)      Potential Pressure (bar)
    4.82085e+02   -2.62050e+02   -1.30793e+03   -5.23417e+02    0.00000e+00

           Step           Time
            895      895.00000

           Step           Time
            896      896.00000

   Energies (kJ/mol)
           Bond          Angle Ryckaert-Bell.  Improper Dih.          LJ-14
    2.88338e+01    2.14959e+02   -1.38201e+00    3.76606e-03    3.21989e+02
     Coulomb-14        LJ (SR)   Coulomb (SR)      Potential Pressure (bar)
    4.82055e+02   -2.62075e+02   -1.30788e+03   -5.23495e+02    0.00000e+00

           Step           Time
            897      897.00000

   Energies (kJ/mol)
           Bond          Angle Ryckaert-Bell.  Improper Dih.          LJ-14
    2.80999e+01    2.15603e+02   -1.38285e+00    3.76188e-03    3.22013e+02
     Coulomb-14        LJ (SR)   Coulomb (SR)      Potential Pressure (bar)
    4.82092e+02   -2.62071e+02   -1.30791e+03   -5.23553e+02    0.00000e+00

           Step           Time
            898      898.00000

   Energies (kJ/mol)
           Bond          Angle Ryckaert-Bell.  Improper Dih.          LJ-14
    2.90453e+01    2.14710e+02   -1.38310e+00    3.75910e-03    3.21872e+02
     Coulomb-14        LJ (SR)   Coulomb (SR)      Potential Pressure (bar)
    4.82048e+02   -2.62106e+02   -1.30783e+03   -5.23644e+02    0.00000e+00

           Step           Time
            899      899.00000

           Step           Time
            900      900.00000

   Energies (kJ/mol)
           Bond          Angle Ryckaert-Bell.  Improper Dih.          LJ-14
    2.84374e+01    2.15218e+02   -1.38341e+00    3.74808e-03    3.21926e+02
     Coulomb-14        LJ (SR)   Coulomb (SR)      Potential Pressure (bar)
    4.82076e+02   -2.62093e+02   -1.30787e+03   -5.23686e+02    0.00000e+00

           Step           Time
            901      901.00000

   Energies (kJ/mol)
           Bond          Angle Ryckaert-Bell.  Improper Dih.          LJ-14
    2.91697e+01    2.14571e+02   -1.38363e+00    3.74384e-03    3.21811e+02
     Coulomb-14        LJ (SR)   Coulomb (SR)      Potential Pressure (bar)
    4.82044e+02   -2.62123e+02   -1.30781e+03   -5.23718e+02    0.00000e+00

           Step           Time
            902      902.00000

   Energies (kJ/mol)
           Bond          Angle Ryckaert-Bell.  Improper Dih.          LJ-14
    2.83014e+01    2.15306e+02   -1.38393e+00    3.74508e-03    3.21896e+02
     Coulomb-14        LJ (SR)   Coulomb (SR)      Potential Pressure (bar)
    4.82085e+02   -2.62102e+02   -1.30786e+03   -5.23758e+02    0.00000e+00

           Step           Time
            903      903.00000

   Energies (kJ/mol)
           Bond          Angle Ryckaert-Bell.  Improper Dih.          LJ-14
    2.93776e+01    2.14376e+02   -1.38421e+00    3.73901e-03    3.21739e+02
     Coulomb-14        LJ (SR)   Coulomb (SR)      Potential Pressure (bar)
    4.82038e+02   -2.62141e+02   -1.30778e+03   -5.23773e+02    0.00000e+00

           Step           Time
            904      904.00000

   Energies (kJ/mol)
           Bond          Angle Ryckaert-Bell.  Improper Dih.          LJ-14
    2.81192e+01    2.15457e+02   -1.38452e+00    3.73025e-03    3.21873e+02
     Coulomb-14        LJ (SR)   Coulomb (SR)      Potential Pressure (bar)
    4.82096e+02   -2.62109e+02   -1.30786e+03   -5.23809e+02    0.00000e+00

           Step           Time
            905      905.00000

           Step           Time
            906      906.00000

   Energies (kJ/mol)
           Bond          Angle Ryckaert-Bell.  Improper Dih.          LJ-14
    2.88229e+01    2.14771e+02   -1.38467e+00    3.72996e-03    3.21766e+02
     Coulomb-14        LJ (SR)   Coulomb (SR)      Potential Pressure (bar)
    4.82063e+02   -2.62135e+02   -1.30781e+03   -5.23900e+02    0.00000e+00

           Step           Time
            907      907.00000

   Energies (kJ/mol)
           Bond          Angle Ryckaert-Bell.  Improper Dih.          LJ-14
    2.80762e+01    2.15429e+02   -1.38552e+00    3.73618e-03    3.21794e+02
     Coulomb-14        LJ (SR)   Coulomb (SR)      Potential Pressure (bar)
    4.82101e+02   -2.62131e+02   -1.30784e+03   -5.23953e+02    0.00000e+00

           Step           Time
            908      908.00000

   Energies (kJ/mol)
           Bond          Angle Ryckaert-Bell.  Improper Dih.          LJ-14
    2.90784e+01    2.14482e+02   -1.38578e+00    3.72464e-03    3.21648e+02
     Coulomb-14        LJ (SR)   Coulomb (SR)      Potential Pressure (bar)
    4.82054e+02   -2.62167e+02   -1.30776e+03   -5.24046e+02    0.00000e+00

           Step           Time
            909      909.00000

           Step           Time
            910      910.00000

   Energies (kJ/mol)
           Bond          Angle Ryckaert-Bell.  Improper Dih.          LJ-14
    2.84455e+01    2.15010e+02   -1.38603e+00    3.71199e-03    3.21704e+02
     Coulomb-14        LJ (SR)   Coulomb (SR)      Potential Pressure (bar)
    4.82082e+02   -2.62154e+02   -1.30780e+03   -5.24092e+02    0.00000e+00

           Step           Time
            911      911.00000

   Energies (kJ/mol)
           Bond          Angle Ryckaert-Bell.  Improper Dih.          LJ-14
    2.92277e+01    2.14327e+02   -1.38635e+00    3.70561e-03    3.21581e+02
     Coulomb-14        LJ (SR)   Coulomb (SR)      Potential Pressure (bar)
    4.82049e+02   -2.62185e+02   -1.30773e+03   -5.24118e+02    0.00000e+00

           Step           Time
            912      912.00000

   Energies (kJ/mol)
           Bond          Angle Ryckaert-Bell.  Improper Dih.          LJ-14
    2.82956e+01    2.15113e+02   -1.38663e+00    3.69510e-03    3.21674e+02
     Coulomb-14        LJ (SR)   Coulomb (SR)      Potential Pressure (bar)
    4.82091e+02   -2.62162e+02   -1.30779e+03   -5.24167e+02    0.00000e+00

           Step           Time
            913      913.00000

           Step           Time
            914      914.00000

   Energies (kJ/mol)
           Bond          Angle Ryckaert-Bell.  Improper Dih.          LJ-14
    2.88349e+01    2.14602e+02   -1.38679e+00    3.69423e-03    3.21591e+02
     Coulomb-14        LJ (SR)   Coulomb (SR)      Potential Pressure (bar)
    4.82067e+02   -2.62183e+02   -1.30775e+03   -5.24220e+02    0.00000e+00

           Step           Time
            915      915.00000

   Energies (kJ/mol)
           Bond          Angle Ryckaert-Bell.  Improper Dih.          LJ-14
    2.82103e+01    2.15140e+02   -1.38733e+00    3.70014e-03    3.21619e+02
     Coulomb-14        LJ (SR)   Coulomb (SR)      Potential Pressure (bar)
    4.82098e+02   -2.62177e+02   -1.30778e+03   -5.24272e+02    0.00000e+00

           Step           Time
            916      916.00000

   Energies (kJ/mol)
           Bond          Angle Ryckaert-Bell.  Improper Dih.          LJ-14
    2.90024e+01    2.14407e+02   -1.38756e+00    3.69969e-03    3.21502e+02
     Coulomb-14        LJ (SR)   Coulomb (SR)      Potential Pressure (bar)
    4.82061e+02   -2.62207e+02   -1.30772e+03   -5.24333e+02    0.00000e+00

           Step           Time
            917      917.00000

           Step           Time
            918      918.00000

   Energies (kJ/mol)
           Bond          Angle Ryckaert-Bell.  Improper Dih.          LJ-14
    2.84948e+01    2.14825e+02   -1.38781e+00    3.69127e-03    3.21546e+02
     Coulomb-14        LJ (SR)   Coulomb (SR)      Potential Pressure (bar)
    4.82085e+02   -2.62197e+02   -1.30774e+03   -5.24375e+02    0.00000e+00

           Step           Time
            919      919.00000

   Energies (kJ/mol)
           Bond          Angle Ryckaert-Bell.  Improper Dih.          LJ-14
    2.90936e+01    2.14291e+02   -1.38817e+00    3.68592e-03    3.21444e+02
     Coulomb-14        LJ (SR)   Coulomb (SR)      Potential Pressure (bar)
    4.82059e+02   -2.62223e+02   -1.30769e+03   -5.24414e+02    0.00000e+00

DD  step 919 load imb.: force 44.6%

           Step           Time
            920      920.00000

   Energies (kJ/mol)
           Bond          Angle Ryckaert-Bell.  Improper Dih.          LJ-14
    2.83855e+01    2.14883e+02   -1.38848e+00    3.68379e-03    3.21511e+02
     Coulomb-14        LJ (SR)   Coulomb (SR)      Potential Pressure (bar)
    4.82091e+02   -2.62206e+02   -1.30774e+03   -5.24458e+02    0.00000e+00

           Step           Time
            921      921.00000

   Energies (kJ/mol)
           Bond          Angle Ryckaert-Bell.  Improper Dih.          LJ-14
    2.92483e+01    2.14128e+02   -1.38874e+00    3.67445e-03    3.21382e+02
     Coulomb-14        LJ (SR)   Coulomb (SR)      Potential Pressure (bar)
    4.82055e+02   -2.62239e+02   -1.30767e+03   -5.24480e+02    0.00000e+00

           Step           Time
            922      922.00000

   Energies (kJ/mol)
           Bond          Angle Ryckaert-Bell.  Improper Dih.          LJ-14
    2.82225e+01    2.15001e+02   -1.38900e+00    3.67331e-03    3.21486e+02
     Coulomb-14        LJ (SR)   Coulomb (SR)      Potential Pressure (bar)
    4.82100e+02   -2.62213e+02   -1.30773e+03   -5.24523e+02    0.00000e+00

           Step           Time
            923      923.00000

   Energies (kJ/mol)
           Bond          Angle Ryckaert-Bell.  Improper Dih.          LJ-14
    2.94748e+01    2.13924e+02   -1.38928e+00    3.66369e-03    3.21312e+02
     Coulomb-14        LJ (SR)   Coulomb (SR)      Potential Pressure (bar)
    4.82046e+02   -2.62258e+02   -1.30764e+03   -5.24525e+02    0.00000e+00

           Step           Time
            924      924.00000

   Energies (kJ/mol)
           Bond          Angle Ryckaert-Bell.  Improper Dih.          LJ-14
    2.80045e+01    2.15199e+02   -1.38955e+00    3.66979e-03    3.21471e+02
     Coulomb-14        LJ (SR)   Coulomb (SR)      Potential Pressure (bar)
    4.82113e+02   -2.62218e+02   -1.30774e+03   -5.24555e+02    0.00000e+00

           Step           Time
            925      925.00000

           Step           Time
            926      926.00000

   Energies (kJ/mol)
           Bond          Angle Ryckaert-Bell.  Improper Dih.          LJ-14
    2.88070e+01    2.14399e+02   -1.38969e+00    3.66833e-03    3.21350e+02
     Coulomb-14        LJ (SR)   Coulomb (SR)      Potential Pressure (bar)
    4.82074e+02   -2.62249e+02   -1.30767e+03   -5.24674e+02    0.00000e+00

           Step           Time
            927      927.00000

   Energies (kJ/mol)
           Bond          Angle Ryckaert-Bell.  Improper Dih.          LJ-14
    2.79223e+01    2.15207e+02   -1.39066e+00    3.66067e-03    3.21391e+02
     Coulomb-14        LJ (SR)   Coulomb (SR)      Potential Pressure (bar)
    4.82118e+02   -2.62242e+02   -1.30772e+03   -5.24706e+02    0.00000e+00

           Step           Time
            928      928.00000

   Energies (kJ/mol)
           Bond          Angle Ryckaert-Bell.  Improper Dih.          LJ-14
    2.90754e+01    2.14085e+02   -1.39082e+00    3.65107e-03    3.21222e+02
     Coulomb-14        LJ (SR)   Coulomb (SR)      Potential Pressure (bar)
    4.82062e+02   -2.62284e+02   -1.30762e+03   -5.24846e+02    0.00000e+00

           Step           Time
            929      929.00000

           Step           Time
            930      930.00000

   Energies (kJ/mol)
           Bond          Angle Ryckaert-Bell.  Improper Dih.          LJ-14
    2.83222e+01    2.14726e+02   -1.39110e+00    3.63995e-03    3.21292e+02
     Coulomb-14        LJ (SR)   Coulomb (SR)      Potential Pressure (bar)
    4.82096e+02   -2.62267e+02   -1.30767e+03   -5.24884e+02    0.00000e+00

           Step           Time
            931      931.00000

   Energies (kJ/mol)
           Bond          Angle Ryckaert-Bell.  Improper Dih.          LJ-14
    2.92156e+01    2.13936e+02   -1.39136e+00    3.63743e-03    3.21163e+02
     Coulomb-14        LJ (SR)   Coulomb (SR)      Potential Pressure (bar)
    4.82058e+02   -2.62300e+02   -1.30759e+03   -5.24910e+02    0.00000e+00

           Step           Time
            932      932.00000

   Energies (kJ/mol)
           Bond          Angle Ryckaert-Bell.  Improper Dih.          LJ-14
    2.81493e+01    2.14862e+02   -1.39158e+00    3.63688e-03    3.21272e+02
     Coulomb-14        LJ (SR)   Coulomb (SR)      Potential Pressure (bar)
    4.82105e+02   -2.62273e+02   -1.30767e+03   -5.24938e+02    0.00000e+00

           Step           Time
            933      933.00000

   Energies (kJ/mol)
           Bond          Angle Ryckaert-Bell.  Improper Dih.          LJ-14
    2.94737e+01    2.13711e+02   -1.39186e+00    3.63458e-03    3.21091e+02
     Coulomb-14        LJ (SR)   Coulomb (SR)      Potential Pressure (bar)
    4.82048e+02   -2.62320e+02   -1.30756e+03   -5.24949e+02    0.00000e+00

           Step           Time
            934      934.00000

   Energies (kJ/mol)
           Bond          Angle Ryckaert-Bell.  Improper Dih.          LJ-14
    2.79521e+01    2.15046e+02   -1.39214e+00    3.62554e-03    3.21259e+02
     Coulomb-14        LJ (SR)   Coulomb (SR)      Potential Pressure (bar)
    4.82117e+02   -2.62278e+02   -1.30767e+03   -5.24961e+02    0.00000e+00

           Step           Time
            935      935.00000

           Step           Time
            936      936.00000

   Energies (kJ/mol)
           Bond          Angle Ryckaert-Bell.  Improper Dih.          LJ-14
    2.87914e+01    2.14195e+02   -1.39228e+00    3.62427e-03    3.21133e+02
     Coulomb-14        LJ (SR)   Coulomb (SR)      Potential Pressure (bar)
    4.82075e+02   -2.62310e+02   -1.30760e+03   -5.25102e+02    0.00000e+00

           Step           Time
            937      937.00000

   Energies (kJ/mol)
           Bond          Angle Ryckaert-Bell.  Improper Dih.          LJ-14
    2.78590e+01    2.15043e+02   -1.39355e+00    3.64217e-03    3.21164e+02
     Coulomb-14        LJ (SR)   Coulomb (SR)      Potential Pressure (bar)
    4.82126e+02   -2.62307e+02   -1.30764e+03   -5.25144e+02    0.00000e+00

           Step           Time
            938      938.00000

   Energies (kJ/mol)
           Bond          Angle Ryckaert-Bell.  Improper Dih.          LJ-14
    2.90802e+01    2.13847e+02   -1.39374e+00    3.62334e-03    3.20989e+02
     Coulomb-14        LJ (SR)   Coulomb (SR)      Potential Pressure (bar)
    4.82066e+02   -2.62350e+02   -1.30754e+03   -5.25301e+02    0.00000e+00

           Step           Time
            939      939.00000

           Step           Time
            940      940.00000

   Energies (kJ/mol)
           Bond          Angle Ryckaert-Bell.  Improper Dih.          LJ-14
    2.82924e+01    2.14515e+02   -1.39396e+00    3.61078e-03    3.21065e+02
     Coulomb-14        LJ (SR)   Coulomb (SR)      Potential Pressure (bar)
    4.82102e+02   -2.62331e+02   -1.30759e+03   -5.25337e+02    0.00000e+00

           Step           Time
            941      941.00000

   Energies (kJ/mol)
           Bond          Angle Ryckaert-Bell.  Improper Dih.          LJ-14
    2.92400e+01    2.13681e+02   -1.39426e+00    3.59914e-03    3.20928e+02
     Coulomb-14        LJ (SR)   Coulomb (SR)      Potential Pressure (bar)
    4.82063e+02   -2.62365e+02   -1.30752e+03   -5.25361e+02    0.00000e+00

           Step           Time
            942      942.00000

   Energies (kJ/mol)
           Bond          Angle Ryckaert-Bell.  Improper Dih.          LJ-14
    2.81244e+01    2.14648e+02   -1.39453e+00    3.59668e-03    3.21044e+02
     Coulomb-14        LJ (SR)   Coulomb (SR)      Potential Pressure (bar)
    4.82113e+02   -2.62337e+02   -1.30759e+03   -5.25388e+02    0.00000e+00

           Step           Time
            943      943.00000

   Energies (kJ/mol)
           Bond          Angle Ryckaert-Bell.  Improper Dih.          LJ-14
    2.95115e+01    2.13447e+02   -1.39480e+00    3.59540e-03    3.20857e+02
     Coulomb-14        LJ (SR)   Coulomb (SR)      Potential Pressure (bar)
    4.82055e+02   -2.62384e+02   -1.30749e+03   -5.25391e+02    0.00000e+00

           Step           Time
            944      944.00000

   Energies (kJ/mol)
           Bond          Angle Ryckaert-Bell.  Improper Dih.          LJ-14
    2.79021e+01    2.14865e+02   -1.39504e+00    3.58633e-03    3.21036e+02
     Coulomb-14        LJ (SR)   Coulomb (SR)      Potential Pressure (bar)
    4.82128e+02   -2.62340e+02   -1.30760e+03   -5.25397e+02    0.00000e+00

           Step           Time
            945      945.00000

           Step           Time
            946      946.00000

   Energies (kJ/mol)
           Bond          Angle Ryckaert-Bell.  Improper Dih.          LJ-14
    2.87815e+01    2.13962e+02   -1.39517e+00    3.58662e-03    3.20904e+02
     Coulomb-14        LJ (SR)   Coulomb (SR)      Potential Pressure (bar)
    4.82084e+02   -2.62374e+02   -1.30752e+03   -5.25556e+02    0.00000e+00

           Step           Time
            947      947.00000

   Energies (kJ/mol)
           Bond          Angle Ryckaert-Bell.  Improper Dih.          LJ-14
    2.77583e+01    2.14898e+02   -1.39650e+00    3.59665e-03    3.20946e+02
     Coulomb-14        LJ (SR)   Coulomb (SR)      Potential Pressure (bar)
    4.82142e+02   -2.62368e+02   -1.30757e+03   -5.25583e+02    0.00000e+00

           Step           Time
            948      948.00000

   Energies (kJ/mol)
           Bond          Angle Ryckaert-Bell.  Improper Dih.          LJ-14
    2.90480e+01    2.13616e+02   -1.39667e+00    3.57671e-03    3.20755e+02
     Coulomb-14        LJ (SR)   Coulomb (SR)      Potential Pressure (bar)
    4.82079e+02   -2.62415e+02   -1.30746e+03   -5.25772e+02    0.00000e+00

           Step           Time
            949      949.00000

           Step           Time
            950      950.00000

   Energies (kJ/mol)
           Bond          Angle Ryckaert-Bell.  Improper Dih.          LJ-14
    2.82213e+01    2.14331e+02   -1.39694e+00    3.56249e-03    3.20834e+02
     Coulomb-14        LJ (SR)   Coulomb (SR)      Potential Pressure (bar)
    4.82117e+02   -2.62394e+02   -1.30752e+03   -5.25801e+02    0.00000e+00

           Step           Time
            951      951.00000

   Energies (kJ/mol)
           Bond          Angle Ryckaert-Bell.  Improper Dih.          LJ-14
    2.92546e+01    2.13419e+02   -1.39720e+00    3.56037e-03    3.20687e+02
     Coulomb-14        LJ (SR)   Coulomb (SR)      Potential Pressure (bar)
    4.82071e+02   -2.62432e+02   -1.30743e+03   -5.25828e+02    0.00000e+00

           Step           Time
            952      952.00000

   Energies (kJ/mol)
           Bond          Angle Ryckaert-Bell.  Improper Dih.          LJ-14
    2.80326e+01    2.14490e+02   -1.39743e+00    3.55127e-03    3.20820e+02
     Coulomb-14        LJ (SR)   Coulomb (SR)      Potential Pressure (bar)
    4.82128e+02   -2.62399e+02   -1.30752e+03   -5.25839e+02    0.00000e+00

           Step           Time
            953      953.00000

   Energies (kJ/mol)
           Bond          Angle Ryckaert-Bell.  Improper Dih.          LJ-14
    2.95361e+01    2.13180e+02   -1.39769e+00    3.55006e-03    3.20615e+02
     Coulomb-14        LJ (SR)   Coulomb (SR)      Potential Pressure (bar)
    4.82062e+02   -2.62451e+02   -1.30740e+03   -5.25855e+02    0.00000e+00

           Step           Time
            954      954.00000

           Step           Time
            955      955.00000

   Energies (kJ/mol)
           Bond          Angle Ryckaert-Bell.  Improper Dih.          LJ-14
    2.85564e+01    2.13928e+02   -1.39783e+00    3.55041e-03    3.20714e+02
     Coulomb-14        LJ (SR)   Coulomb (SR)      Potential Pressure (bar)
    4.82103e+02   -2.62427e+02   -1.30746e+03   -5.25984e+02    0.00000e+00

           Step           Time
            956      956.00000

   Energies (kJ/mol)
           Bond          Angle Ryckaert-Bell.  Improper Dih.          LJ-14
    2.96669e+01    2.12988e+02   -1.39897e+00    3.53127e-03    3.20507e+02
     Coulomb-14        LJ (SR)   Coulomb (SR)      Potential Pressure (bar)
    4.82062e+02   -2.62482e+02   -1.30736e+03   -5.26015e+02    0.00000e+00

           Step           Time
            957      957.00000

   Energies (kJ/mol)
           Bond          Angle Ryckaert-Bell.  Improper Dih.          LJ-14
    2.83035e+01    2.14057e+02   -1.39910e+00    3.52499e-03    3.20647e+02
     Coulomb-14        LJ (SR)   Coulomb (SR)      Potential Pressure (bar)
    4.82120e+02   -2.62446e+02   -1.30745e+03   -5.26163e+02    0.00000e+00

           Step           Time
            958      958.00000

           Step           Time
            959      959.00000

   Energies (kJ/mol)
           Bond          Angle Ryckaert-Bell.  Improper Dih.          LJ-14
    2.90459e+01    2.13389e+02   -1.39934e+00    3.52801e-03    3.20535e+02
     Coulomb-14        LJ (SR)   Coulomb (SR)      Potential Pressure (bar)
    4.82087e+02   -2.62474e+02   -1.30739e+03   -5.26200e+02    0.00000e+00

DD  step 959 load imb.: force 39.2%

           Step           Time
            960      960.00000

   Energies (kJ/mol)
           Bond          Angle Ryckaert-Bell.  Improper Dih.          LJ-14
    2.81732e+01    2.14148e+02   -1.39961e+00    3.51730e-03    3.20622e+02
     Coulomb-14        LJ (SR)   Coulomb (SR)      Potential Pressure (bar)
    4.82129e+02   -2.62453e+02   -1.30745e+03   -5.26222e+02    0.00000e+00

           Step           Time
            961      961.00000

   Energies (kJ/mol)
           Bond          Angle Ryckaert-Bell.  Improper Dih.          LJ-14
    2.92452e+01    2.13198e+02   -1.39986e+00    3.51557e-03    3.20470e+02
     Coulomb-14        LJ (SR)   Coulomb (SR)      Potential Pressure (bar)
    4.82082e+02   -2.62491e+02   -1.30736e+03   -5.26253e+02    0.00000e+00

           Step           Time
            962      962.00000

           Step           Time
            963      963.00000

   Energies (kJ/mol)
           Bond          Angle Ryckaert-Bell.  Improper Dih.          LJ-14
    2.85541e+01    2.13745e+02   -1.39998e+00    3.51447e-03    3.20538e+02
     Coulomb-14        LJ (SR)   Coulomb (SR)      Potential Pressure (bar)
    4.82111e+02   -2.62475e+02   -1.30740e+03   -5.26328e+02    0.00000e+00

           Step           Time
            964      964.00000

   Energies (kJ/mol)
           Bond          Angle Ryckaert-Bell.  Improper Dih.          LJ-14
    2.93159e+01    2.13068e+02   -1.40076e+00    3.51086e-03    3.20383e+02
     Coulomb-14        LJ (SR)   Coulomb (SR)      Potential Pressure (bar)
    4.82083e+02   -2.62516e+02   -1.30733e+03   -5.26394e+02    0.00000e+00

           Step           Time
            965      965.00000

   Energies (kJ/mol)
           Bond          Angle Ryckaert-Bell.  Improper Dih.          LJ-14
    2.83446e+01    2.13855e+02   -1.40098e+00    3.50997e-03    3.20482e+02
     Coulomb-14        LJ (SR)   Coulomb (SR)      Potential Pressure (bar)
    4.82126e+02   -2.62491e+02   -1.30739e+03   -5.26473e+02    0.00000e+00

           Step           Time
            966      966.00000

           Step           Time
            967      967.00000

   Energies (kJ/mol)
           Bond          Angle Ryckaert-Bell.  Improper Dih.          LJ-14
    2.88890e+01    2.13355e+02   -1.40122e+00    3.50883e-03    3.20399e+02
     Coulomb-14        LJ (SR)   Coulomb (SR)      Potential Pressure (bar)
    4.82101e+02   -2.62512e+02   -1.30735e+03   -5.26514e+02    0.00000e+00

           Step           Time
            968      968.00000

   Energies (kJ/mol)
           Bond          Angle Ryckaert-Bell.  Improper Dih.          LJ-14
    2.82455e+01    2.13911e+02   -1.40155e+00    3.50473e-03    3.20452e+02
     Coulomb-14        LJ (SR)   Coulomb (SR)      Potential Pressure (bar)
    4.82132e+02   -2.62500e+02   -1.30739e+03   -5.26543e+02    0.00000e+00

           Step           Time
            969      969.00000

   Energies (kJ/mol)
           Bond          Angle Ryckaert-Bell.  Improper Dih.          LJ-14
    2.90293e+01    2.13199e+02   -1.40181e+00    3.50337e-03    3.20337e+02
     Coulomb-14        LJ (SR)   Coulomb (SR)      Potential Pressure (bar)
    4.82098e+02   -2.62529e+02   -1.30732e+03   -5.26586e+02    0.00000e+00

DD  step 969 load imb.: force 44.9%

           Step           Time
            970      970.00000

   Energies (kJ/mol)
           Bond          Angle Ryckaert-Bell.  Improper Dih.          LJ-14
    2.81060e+01    2.14012e+02   -1.40210e+00    3.49723e-03    3.20430e+02
     Coulomb-14        LJ (SR)   Coulomb (SR)      Potential Pressure (bar)
    4.82143e+02   -2.62506e+02   -1.30738e+03   -5.26597e+02    0.00000e+00

           Step           Time
            971      971.00000

   Energies (kJ/mol)
           Bond          Angle Ryckaert-Bell.  Improper Dih.          LJ-14
    2.92400e+01    2.12998e+02   -1.40235e+00    3.49613e-03    3.20271e+02
     Coulomb-14        LJ (SR)   Coulomb (SR)      Potential Pressure (bar)
    4.82093e+02   -2.62546e+02   -1.30730e+03   -5.26639e+02    0.00000e+00

           Step           Time
            972      972.00000

           Step           Time
            973      973.00000

   Energies (kJ/mol)
           Bond          Angle Ryckaert-Bell.  Improper Dih.          LJ-14
    2.85075e+01    2.13579e+02   -1.40249e+00    3.49501e-03    3.20345e+02
     Coulomb-14        LJ (SR)   Coulomb (SR)      Potential Pressure (bar)
    4.82125e+02   -2.62528e+02   -1.30734e+03   -5.26714e+02    0.00000e+00

           Step           Time
            974      974.00000

   Energies (kJ/mol)
           Bond          Angle Ryckaert-Bell.  Improper Dih.          LJ-14
    2.93761e+01    2.12839e+02   -1.40311e+00    3.48287e-03    3.20185e+02
     Coulomb-14        LJ (SR)   Coulomb (SR)      Potential Pressure (bar)
    4.82091e+02   -2.62569e+02   -1.30727e+03   -5.26744e+02    0.00000e+00

           Step           Time
            975      975.00000

   Energies (kJ/mol)
           Bond          Angle Ryckaert-Bell.  Improper Dih.          LJ-14
    2.83282e+01    2.13679e+02   -1.40331e+00    3.48060e-03    3.20296e+02
     Coulomb-14        LJ (SR)   Coulomb (SR)      Potential Pressure (bar)
    4.82136e+02   -2.62541e+02   -1.30733e+03   -5.26835e+02    0.00000e+00

           Step           Time
            976      976.00000

           Step           Time
            977      977.00000

   Energies (kJ/mol)
           Bond          Angle Ryckaert-Bell.  Improper Dih.          LJ-14
    2.89225e+01    2.13138e+02   -1.40362e+00    3.47963e-03    3.20205e+02
     Coulomb-14        LJ (SR)   Coulomb (SR)      Potential Pressure (bar)
    4.82110e+02   -2.62565e+02   -1.30728e+03   -5.26874e+02    0.00000e+00

           Step           Time
            978      978.00000

   Energies (kJ/mol)
           Bond          Angle Ryckaert-Bell.  Improper Dih.          LJ-14
    2.82165e+01    2.13746e+02   -1.40383e+00    3.47261e-03    3.20269e+02
     Coulomb-14        LJ (SR)   Coulomb (SR)      Potential Pressure (bar)
    4.82144e+02   -2.62549e+02   -1.30733e+03   -5.26901e+02    0.00000e+00

           Step           Time
            979      979.00000

   Energies (kJ/mol)
           Bond          Angle Ryckaert-Bell.  Improper Dih.          LJ-14
    2.90812e+01    2.12970e+02   -1.40412e+00    3.47851e-03    3.20144e+02
     Coulomb-14        LJ (SR)   Coulomb (SR)      Potential Pressure (bar)
    4.82106e+02   -2.62581e+02   -1.30726e+03   -5.26939e+02    0.00000e+00

DD  step 979 load imb.: force 46.6%

           Step           Time
            980      980.00000

   Energies (kJ/mol)
           Bond          Angle Ryckaert-Bell.  Improper Dih.          LJ-14
    2.80666e+01    2.13865e+02   -1.40434e+00    3.47060e-03    3.20247e+02
     Coulomb-14        LJ (SR)   Coulomb (SR)      Potential Pressure (bar)
    4.82155e+02   -2.62555e+02   -1.30733e+03   -5.26948e+02    0.00000e+00

           Step           Time
            981      981.00000

   Energies (kJ/mol)
           Bond          Angle Ryckaert-Bell.  Improper Dih.          LJ-14
    2.93316e+01    2.12748e+02   -1.40457e+00    3.46897e-03    3.20072e+02
     Coulomb-14        LJ (SR)   Coulomb (SR)      Potential Pressure (bar)
    4.82099e+02   -2.62599e+02   -1.30723e+03   -5.26979e+02    0.00000e+00

           Step           Time
            982      982.00000

           Step           Time
            983      983.00000

   Energies (kJ/mol)
           Bond          Angle Ryckaert-Bell.  Improper Dih.          LJ-14
    2.85276e+01    2.13375e+02   -1.40471e+00    3.46921e-03    3.20153e+02
     Coulomb-14        LJ (SR)   Coulomb (SR)      Potential Pressure (bar)
    4.82133e+02   -2.62580e+02   -1.30728e+03   -5.27073e+02    0.00000e+00

           Step           Time
            984      984.00000

   Energies (kJ/mol)
           Bond          Angle Ryckaert-Bell.  Improper Dih.          LJ-14
    2.94322e+01    2.12600e+02   -1.40556e+00    3.46189e-03    3.19974e+02
     Coulomb-14        LJ (SR)   Coulomb (SR)      Potential Pressure (bar)
    4.82098e+02   -2.62626e+02   -1.30719e+03   -5.27118e+02    0.00000e+00

           Step           Time
            985      985.00000

   Energies (kJ/mol)
           Bond          Angle Ryckaert-Bell.  Improper Dih.          LJ-14
    2.83094e+01    2.13494e+02   -1.40573e+00    3.45035e-03    3.20093e+02
     Coulomb-14        LJ (SR)   Coulomb (SR)      Potential Pressure (bar)
    4.82147e+02   -2.62596e+02   -1.30727e+03   -5.27223e+02    0.00000e+00

           Step           Time
            986      986.00000

           Step           Time
            987      987.00000

   Energies (kJ/mol)
           Bond          Angle Ryckaert-Bell.  Improper Dih.          LJ-14
    2.89550e+01    2.12913e+02   -1.40600e+00    3.43984e-03    3.19994e+02
     Coulomb-14        LJ (SR)   Coulomb (SR)      Potential Pressure (bar)
    4.82119e+02   -2.62621e+02   -1.30722e+03   -5.27260e+02    0.00000e+00

           Step           Time
            988      988.00000

   Energies (kJ/mol)
           Bond          Angle Ryckaert-Bell.  Improper Dih.          LJ-14
    2.81993e+01    2.13566e+02   -1.40621e+00    3.44533e-03    3.20066e+02
     Coulomb-14        LJ (SR)   Coulomb (SR)      Potential Pressure (bar)
    4.82155e+02   -2.62603e+02   -1.30727e+03   -5.27285e+02    0.00000e+00

           Step           Time
            989      989.00000

   Energies (kJ/mol)
           Bond          Angle Ryckaert-Bell.  Improper Dih.          LJ-14
    2.91394e+01    2.12733e+02   -1.40648e+00    3.43545e-03    3.19929e+02
     Coulomb-14        LJ (SR)   Coulomb (SR)      Potential Pressure (bar)
    4.82113e+02   -2.62638e+02   -1.30719e+03   -5.27317e+02    0.00000e+00

DD  step 989 load imb.: force 49.0%

           Step           Time
            990      990.00000

   Energies (kJ/mol)
           Bond          Angle Ryckaert-Bell.  Improper Dih.          LJ-14
    2.80369e+01    2.13701e+02   -1.40669e+00    3.42590e-03    3.20047e+02
     Coulomb-14        LJ (SR)   Coulomb (SR)      Potential Pressure (bar)
    4.82166e+02   -2.62609e+02   -1.30726e+03   -5.27327e+02    0.00000e+00

           Step           Time
            991      991.00000

   Energies (kJ/mol)
           Bond          Angle Ryckaert-Bell.  Improper Dih.          LJ-14
    2.93941e+01    2.12516e+02   -1.40696e+00    3.43230e-03    3.19858e+02
     Coulomb-14        LJ (SR)   Coulomb (SR)      Potential Pressure (bar)
    4.82106e+02   -2.62657e+02   -1.30716e+03   -5.27348e+02    0.00000e+00

           Step           Time
            992      992.00000

           Step           Time
            993      993.00000

   Energies (kJ/mol)
           Bond          Angle Ryckaert-Bell.  Improper Dih.          LJ-14
    2.85190e+01    2.13192e+02   -1.40709e+00    3.43146e-03    3.19944e+02
     Coulomb-14        LJ (SR)   Coulomb (SR)      Potential Pressure (bar)
    4.82142e+02   -2.62635e+02   -1.30722e+03   -5.27457e+02    0.00000e+00

           Step           Time
            994      994.00000

   Energies (kJ/mol)
           Bond          Angle Ryckaert-Bell.  Improper Dih.          LJ-14
    2.95243e+01    2.12338e+02   -1.40805e+00    3.42626e-03    3.19754e+02
     Coulomb-14        LJ (SR)   Coulomb (SR)      Potential Pressure (bar)
    4.82104e+02   -2.62687e+02   -1.30712e+03   -5.27495e+02    0.00000e+00

           Step           Time
            995      995.00000

   Energies (kJ/mol)
           Bond          Angle Ryckaert-Bell.  Improper Dih.          LJ-14
    2.83031e+01    2.13299e+02   -1.40824e+00    3.42319e-03    3.19879e+02
     Coulomb-14        LJ (SR)   Coulomb (SR)      Potential Pressure (bar)
    4.82157e+02   -2.62655e+02   -1.30720e+03   -5.27624e+02    0.00000e+00

           Step           Time
            996      996.00000

           Step           Time
            997      997.00000

   Energies (kJ/mol)
           Bond          Angle Ryckaert-Bell.  Improper Dih.          LJ-14
    2.90116e+01    2.12667e+02   -1.40851e+00    3.40861e-03    3.19771e+02
     Coulomb-14        LJ (SR)   Coulomb (SR)      Potential Pressure (bar)
    4.82126e+02   -2.62682e+02   -1.30715e+03   -5.27657e+02    0.00000e+00

           Step           Time
            998      998.00000

   Energies (kJ/mol)
           Bond          Angle Ryckaert-Bell.  Improper Dih.          LJ-14
    2.81883e+01    2.13374e+02   -1.40870e+00    3.39817e-03    3.19855e+02
     Coulomb-14        LJ (SR)   Coulomb (SR)      Potential Pressure (bar)
    4.82164e+02   -2.62661e+02   -1.30720e+03   -5.27684e+02    0.00000e+00

           Step           Time
            999      999.00000

   Energies (kJ/mol)
           Bond          Angle Ryckaert-Bell.  Improper Dih.          LJ-14
    2.92167e+01    2.12475e+02   -1.40894e+00    3.39611e-03    3.19705e+02
     Coulomb-14        LJ (SR)   Coulomb (SR)      Potential Pressure (bar)
    4.82120e+02   -2.62699e+02   -1.30712e+03   -5.27705e+02    0.00000e+00

DD  step 999 load imb.: force 42.4%

           Step           Time
           1000     1000.00000

   Energies (kJ/mol)
           Bond          Angle Ryckaert-Bell.  Improper Dih.          LJ-14
    2.80261e+01    2.13511e+02   -1.40918e+00    3.38780e-03    3.19836e+02
     Coulomb-14        LJ (SR)   Coulomb (SR)      Potential Pressure (bar)
    4.82175e+02   -2.62667e+02   -1.30720e+03   -5.27724e+02    0.00000e+00

           Step           Time
           1001     1001.00000

           Step           Time
           1002     1002.00000

   Energies (kJ/mol)
           Bond          Angle Ryckaert-Bell.  Improper Dih.          LJ-14
    2.86993e+01    2.12846e+02   -1.40930e+00    3.38648e-03    3.19734e+02
     Coulomb-14        LJ (SR)   Coulomb (SR)      Potential Pressure (bar)
    4.82141e+02   -2.62693e+02   -1.30714e+03   -5.27820e+02    0.00000e+00

           Step           Time
           1003     1003.00000

   Energies (kJ/mol)
           Bond          Angle Ryckaert-Bell.  Improper Dih.          LJ-14
    2.79611e+01    2.13489e+02   -1.41039e+00    3.38209e-03    3.19747e+02
     Coulomb-14        LJ (SR)   Coulomb (SR)      Potential Pressure (bar)
    4.82185e+02   -2.62692e+02   -1.30718e+03   -5.27895e+02    0.00000e+00

           Step           Time
           1004     1004.00000

   Energies (kJ/mol)
           Bond          Angle Ryckaert-Bell.  Improper Dih.          LJ-14
    2.89192e+01    2.12569e+02   -1.41054e+00    3.36758e-03    3.19606e+02
     Coulomb-14        LJ (SR)   Coulomb (SR)      Potential Pressure (bar)
    4.82136e+02   -2.62728e+02   -1.30709e+03   -5.27999e+02    0.00000e+00

           Step           Time
           1005     1005.00000

           Step           Time
           1006     1006.00000

   Energies (kJ/mol)
           Bond          Angle Ryckaert-Bell.  Improper Dih.          LJ-14
    2.83029e+01    2.13089e+02   -1.41080e+00    3.35349e-03    3.19664e+02
     Coulomb-14        LJ (SR)   Coulomb (SR)      Potential Pressure (bar)
    4.82166e+02   -2.62713e+02   -1.30713e+03   -5.28033e+02    0.00000e+00

           Step           Time
           1007     1007.00000

   Energies (kJ/mol)
           Bond          Angle Ryckaert-Bell.  Improper Dih.          LJ-14
    2.90400e+01    2.12439e+02   -1.41102e+00    3.35737e-03    3.19550e+02
     Coulomb-14        LJ (SR)   Coulomb (SR)      Potential Pressure (bar)
    4.82133e+02   -2.62743e+02   -1.30707e+03   -5.28061e+02    0.00000e+00

           Step           Time
           1008     1008.00000

   Energies (kJ/mol)
           Bond          Angle Ryckaert-Bell.  Improper Dih.          LJ-14
    2.81594e+01    2.13198e+02   -1.41127e+00    3.35760e-03    3.19639e+02
     Coulomb-14        LJ (SR)   Coulomb (SR)      Potential Pressure (bar)
    4.82176e+02   -2.62720e+02   -1.30713e+03   -5.28089e+02    0.00000e+00

           Step           Time
           1009     1009.00000

   Energies (kJ/mol)
           Bond          Angle Ryckaert-Bell.  Improper Dih.          LJ-14
    2.92488e+01    2.12249e+02   -1.41147e+00    3.35627e-03    3.19485e+02
     Coulomb-14        LJ (SR)   Coulomb (SR)      Potential Pressure (bar)
    4.82126e+02   -2.62760e+02   -1.30705e+03   -5.28106e+02    0.00000e+00

DD  step 1009 load imb.: force 52.1%

           Step           Time
           1010     1010.00000

   Energies (kJ/mol)
           Bond          Angle Ryckaert-Bell.  Improper Dih.          LJ-14
    2.79789e+01    2.13356e+02   -1.41172e+00    3.34843e-03    3.19626e+02
     Coulomb-14        LJ (SR)   Coulomb (SR)      Potential Pressure (bar)
    4.82188e+02   -2.62725e+02   -1.30714e+03   -5.28120e+02    0.00000e+00

           Step           Time
           1011     1011.00000

   Energies (kJ/mol)
           Bond          Angle Ryckaert-Bell.  Improper Dih.          LJ-14
    2.95351e+01    2.12017e+02   -1.41192e+00    3.34579e-03    3.19413e+02
     Coulomb-14        LJ (SR)   Coulomb (SR)      Potential Pressure (bar)
    4.82117e+02   -2.62779e+02   -1.30702e+03   -5.28122e+02    0.00000e+00

           Step           Time
           1012     1012.00000

           Step           Time
           1013     1013.00000

   Energies (kJ/mol)
           Bond          Angle Ryckaert-Bell.  Improper Dih.          LJ-14
    2.85102e+01    2.12788e+02   -1.41204e+00    3.34497e-03    3.19519e+02
     Coulomb-14        LJ (SR)   Coulomb (SR)      Potential Pressure (bar)
    4.82161e+02   -2.62753e+02   -1.30708e+03   -5.28264e+02    0.00000e+00

           Step           Time
           1014     1014.00000

   Energies (kJ/mol)
           Bond          Angle Ryckaert-Bell.  Improper Dih.          LJ-14
    2.96785e+01    2.11823e+02   -1.41351e+00    3.35599e-03    3.19286e+02
     Coulomb-14        LJ (SR)   Coulomb (SR)      Potential Pressure (bar)
    4.82117e+02   -2.62814e+02   -1.30698e+03   -5.28295e+02    0.00000e+00

           Step           Time
           1015     1015.00000

   Energies (kJ/mol)
           Bond          Angle Ryckaert-Bell.  Improper Dih.          LJ-14
    2.82521e+01    2.12924e+02   -1.41352e+00    3.34492e-03    3.19437e+02
     Coulomb-14        LJ (SR)   Coulomb (SR)      Potential Pressure (bar)
    4.82179e+02   -2.62777e+02   -1.30707e+03   -5.28461e+02    0.00000e+00

           Step           Time
           1016     1016.00000

           Step           Time
           1017     1017.00000

   Energies (kJ/mol)
           Bond          Angle Ryckaert-Bell.  Improper Dih.          LJ-14
    2.90240e+01    2.12238e+02   -1.41374e+00    3.32736e-03    3.19322e+02
     Coulomb-14        LJ (SR)   Coulomb (SR)      Potential Pressure (bar)
    4.82144e+02   -2.62806e+02   -1.30700e+03   -5.28491e+02    0.00000e+00

           Step           Time
           1018     1018.00000

   Energies (kJ/mol)
           Bond          Angle Ryckaert-Bell.  Improper Dih.          LJ-14
    2.80965e+01    2.13047e+02   -1.41398e+00    3.31719e-03    3.19416e+02
     Coulomb-14        LJ (SR)   Coulomb (SR)      Potential Pressure (bar)
    4.82190e+02   -2.62782e+02   -1.30707e+03   -5.28509e+02    0.00000e+00

           Step           Time
           1019     1019.00000

   Energies (kJ/mol)
           Bond          Angle Ryckaert-Bell.  Improper Dih.          LJ-14
    2.92345e+01    2.12049e+02   -1.41420e+00    3.31602e-03    3.19255e+02
     Coulomb-14        LJ (SR)   Coulomb (SR)      Potential Pressure (bar)
    4.82138e+02   -2.62823e+02   -1.30698e+03   -5.28534e+02    0.00000e+00

DD  step 1019 load imb.: force 52.2%

           Step           Time
           1020     1020.00000

DD  step 1019 load imb.: force 39.9%

           Step           Time
           1021     1021.00000

   Energies (kJ/mol)
           Bond          Angle Ryckaert-Bell.  Improper Dih.          LJ-14
    2.85047e+01    2.12618e+02   -1.41433e+00    3.31644e-03    3.19329e+02
     Coulomb-14        LJ (SR)   Coulomb (SR)      Potential Pressure (bar)
    4.82170e+02   -2.62806e+02   -1.30702e+03   -5.28618e+02    0.00000e+00

           Step           Time
           1022     1022.00000

   Energies (kJ/mol)
           Bond          Angle Ryckaert-Bell.  Improper Dih.          LJ-14
    2.93335e+01    2.11893e+02   -1.41536e+00    3.30302e-03    3.19156e+02
     Coulomb-14        LJ (SR)   Coulomb (SR)      Potential Pressure (bar)
    4.82140e+02   -2.62851e+02   -1.30694e+03   -5.28684e+02    0.00000e+00

           Step           Time
           1023     1023.00000

   Energies (kJ/mol)
           Bond          Angle Ryckaert-Bell.  Improper Dih.          LJ-14
    2.83152e+01    2.12705e+02   -1.41545e+00    3.30073e-03    3.19262e+02
     Coulomb-14        LJ (SR)   Coulomb (SR)      Potential Pressure (bar)
    4.82183e+02   -2.62825e+02   -1.30701e+03   -5.28780e+02    0.00000e+00

           Step           Time
           1024     1024.00000

           Step           Time
           1025     1025.00000

   Energies (kJ/mol)
           Bond          Angle Ryckaert-Bell.  Improper Dih.          LJ-14
    2.88946e+01    2.12185e+02   -1.41574e+00    3.30371e-03    3.19170e+02
     Coulomb-14        LJ (SR)   Coulomb (SR)      Potential Pressure (bar)
    4.82157e+02   -2.62848e+02   -1.30696e+03   -5.28813e+02    0.00000e+00

           Step           Time
           1026     1026.00000

   Energies (kJ/mol)
           Bond          Angle Ryckaert-Bell.  Improper Dih.          LJ-14
    2.82155e+01    2.12769e+02   -1.41594e+00    3.29482e-03    3.19234e+02
     Coulomb-14        LJ (SR)   Coulomb (SR)      Potential Pressure (bar)
    4.82190e+02   -2.62832e+02   -1.30700e+03   -5.28841e+02    0.00000e+00

           Step           Time
           1027     1027.00000

   Energies (kJ/mol)
           Bond          Angle Ryckaert-Bell.  Improper Dih.          LJ-14
    2.90494e+01    2.12028e+02   -1.41617e+00    3.29330e-03    3.19112e+02
     Coulomb-14        LJ (SR)   Coulomb (SR)      Potential Pressure (bar)
    4.82153e+02   -2.62864e+02   -1.30694e+03   -5.28871e+02    0.00000e+00

           Step           Time
           1028     1028.00000

   Energies (kJ/mol)
           Bond          Angle Ryckaert-Bell.  Improper Dih.          LJ-14
    2.80730e+01    2.12879e+02   -1.41639e+00    3.28564e-03    3.19217e+02
     Coulomb-14        LJ (SR)   Coulomb (SR)      Potential Pressure (bar)
    4.82199e+02   -2.62838e+02   -1.30700e+03   -5.28887e+02    0.00000e+00

           Step           Time
           1029     1029.00000

   Energies (kJ/mol)
           Bond          Angle Ryckaert-Bell.  Improper Dih.          LJ-14
    2.92908e+01    2.11817e+02   -1.41664e+00    3.28533e-03    3.19048e+02
     Coulomb-14        LJ (SR)   Coulomb (SR)      Potential Pressure (bar)
    4.82145e+02   -2.62882e+02   -1.30691e+03   -5.28905e+02    0.00000e+00

DD  step 1029 load imb.: force 40.7%

           Step           Time
           1030     1030.00000

DD  step 1029 load imb.: force 46.8%

           Step           Time
           1031     1031.00000

   Energies (kJ/mol)
           Bond          Angle Ryckaert-Bell.  Improper Dih.          LJ-14
    2.85080e+01    2.12421e+02   -1.41673e+00    3.28558e-03    3.19127e+02
     Coulomb-14        LJ (SR)   Coulomb (SR)      Potential Pressure (bar)
    4.82178e+02   -2.62862e+02   -1.30696e+03   -5.29000e+02    0.00000e+00

           Step           Time
           1032     1032.00000

   Energies (kJ/mol)
           Bond          Angle Ryckaert-Bell.  Improper Dih.          LJ-14
    2.93565e+01    2.11682e+02   -1.41795e+00    3.27587e-03    3.18941e+02
     Coulomb-14        LJ (SR)   Coulomb (SR)      Potential Pressure (bar)
    4.82146e+02   -2.62912e+02   -1.30688e+03   -5.29077e+02    0.00000e+00

           Step           Time
           1033     1033.00000

   Energies (kJ/mol)
           Bond          Angle Ryckaert-Bell.  Improper Dih.          LJ-14
    2.82826e+01    2.12535e+02   -1.41804e+00    3.26969e-03    3.19053e+02
     Coulomb-14        LJ (SR)   Coulomb (SR)      Potential Pressure (bar)
    4.82194e+02   -2.62884e+02   -1.30695e+03   -5.29180e+02    0.00000e+00

           Step           Time
           1034     1034.00000

           Step           Time
           1035     1035.00000

   Energies (kJ/mol)
           Bond          Angle Ryckaert-Bell.  Improper Dih.          LJ-14
    2.88825e+01    2.11995e+02   -1.41825e+00    3.26344e-03    3.18960e+02
     Coulomb-14        LJ (SR)   Coulomb (SR)      Potential Pressure (bar)
    4.82167e+02   -2.62907e+02   -1.30690e+03   -5.29215e+02    0.00000e+00

           Step           Time
           1036     1036.00000

   Energies (kJ/mol)
           Bond          Angle Ryckaert-Bell.  Improper Dih.          LJ-14
    2.81788e+01    2.12602e+02   -1.41850e+00    3.26190e-03    3.19027e+02
     Coulomb-14        LJ (SR)   Coulomb (SR)      Potential Pressure (bar)
    4.82201e+02   -2.62891e+02   -1.30694e+03   -5.29238e+02    0.00000e+00

           Step           Time
           1037     1037.00000

   Energies (kJ/mol)
           Bond          Angle Ryckaert-Bell.  Improper Dih.          LJ-14
    2.90384e+01    2.11839e+02   -1.41875e+00    3.26075e-03    3.18901e+02
     Coulomb-14        LJ (SR)   Coulomb (SR)      Potential Pressure (bar)
    4.82162e+02   -2.62923e+02   -1.30687e+03   -5.29271e+02    0.00000e+00

           Step           Time
           1038     1038.00000

   Energies (kJ/mol)
           Bond          Angle Ryckaert-Bell.  Improper Dih.          LJ-14
    2.80181e+01    2.12740e+02   -1.41896e+00    3.25159e-03    3.19011e+02
     Coulomb-14        LJ (SR)   Coulomb (SR)      Potential Pressure (bar)
    4.82211e+02   -2.62896e+02   -1.30694e+03   -5.29275e+02    0.00000e+00

           Step           Time
           1039     1039.00000

   Energies (kJ/mol)
           Bond          Angle Ryckaert-Bell.  Improper Dih.          LJ-14
    2.92609e+01    2.11643e+02   -1.41922e+00    3.25042e-03    3.18836e+02
     Coulomb-14        LJ (SR)   Coulomb (SR)      Potential Pressure (bar)
    4.82155e+02   -2.62940e+02   -1.30685e+03   -5.29307e+02    0.00000e+00

DD  step 1039 load imb.: force 45.0%

           Step           Time
           1040     1040.00000

DD  step 1039 load imb.: force 41.1%

           Step           Time
           1041     1041.00000

   Energies (kJ/mol)
           Bond          Angle Ryckaert-Bell.  Improper Dih.          LJ-14
    2.84511e+01    2.12274e+02   -1.41935e+00    3.24973e-03    3.18919e+02
     Coulomb-14        LJ (SR)   Coulomb (SR)      Potential Pressure (bar)
    4.82190e+02   -2.62920e+02   -1.30690e+03   -5.29400e+02    0.00000e+00

           Step           Time
           1042     1042.00000

   Energies (kJ/mol)
           Bond          Angle Ryckaert-Bell.  Improper Dih.          LJ-14
    2.94079e+01    2.11477e+02   -1.42007e+00    3.25269e-03    3.18749e+02
     Coulomb-14        LJ (SR)   Coulomb (SR)      Potential Pressure (bar)
    4.82153e+02   -2.62965e+02   -1.30682e+03   -5.29410e+02    0.00000e+00

           Step           Time
           1043     1043.00000

   Energies (kJ/mol)
           Bond          Angle Ryckaert-Bell.  Improper Dih.          LJ-14
    2.82550e+01    2.12393e+02   -1.42024e+00    3.24222e-03    3.18871e+02
     Coulomb-14        LJ (SR)   Coulomb (SR)      Potential Pressure (bar)
    4.82202e+02   -2.62934e+02   -1.30689e+03   -5.29521e+02    0.00000e+00

           Step           Time
           1044     1044.00000

           Step           Time
           1045     1045.00000

   Energies (kJ/mol)
           Bond          Angle Ryckaert-Bell.  Improper Dih.          LJ-14
    2.88934e+01    2.11817e+02   -1.42050e+00    3.24099e-03    3.18774e+02
     Coulomb-14        LJ (SR)   Coulomb (SR)      Potential Pressure (bar)
    4.82173e+02   -2.62959e+02   -1.30684e+03   -5.29557e+02    0.00000e+00

           Step           Time
           1046     1046.00000

   Energies (kJ/mol)
           Bond          Angle Ryckaert-Bell.  Improper Dih.          LJ-14
    2.81404e+01    2.12472e+02   -1.42072e+00    3.23004e-03    3.18849e+02
     Coulomb-14        LJ (SR)   Coulomb (SR)      Potential Pressure (bar)
    4.82210e+02   -2.62941e+02   -1.30689e+03   -5.29577e+02    0.00000e+00

           Step           Time
           1047     1047.00000

   Energies (kJ/mol)
           Bond          Angle Ryckaert-Bell.  Improper Dih.          LJ-14
    2.90626e+01    2.11650e+02   -1.42098e+00    3.22844e-03    3.18716e+02
     Coulomb-14        LJ (SR)   Coulomb (SR)      Potential Pressure (bar)
    4.82168e+02   -2.62975e+02   -1.30681e+03   -5.29611e+02    0.00000e+00

           Step           Time
           1048     1048.00000

           Step           Time
           1049     1049.00000

   Energies (kJ/mol)
           Bond          Angle Ryckaert-Bell.  Improper Dih.          LJ-14
    2.84734e+01    2.12118e+02   -1.42110e+00    3.22756e-03    3.18774e+02
     Coulomb-14        LJ (SR)   Coulomb (SR)      Potential Pressure (bar)
    4.82194e+02   -2.62961e+02   -1.30685e+03   -5.29670e+02    0.00000e+00

DD  step 1049 load imb.: force 38.9%

           Step           Time
           1050     1050.00000

   Energies (kJ/mol)
           Bond          Angle Ryckaert-Bell.  Improper Dih.          LJ-14
    2.91569e+01    2.11517e+02   -1.42175e+00    3.21653e-03    3.18638e+02
     Coulomb-14        LJ (SR)   Coulomb (SR)      Potential Pressure (bar)
    4.82167e+02   -2.62997e+02   -1.30679e+03   -5.29723e+02    0.00000e+00

           Step           Time
           1051     1051.00000

   Energies (kJ/mol)
           Bond          Angle Ryckaert-Bell.  Improper Dih.          LJ-14
    2.83117e+01    2.12202e+02   -1.42198e+00    3.21519e-03    3.18728e+02
     Coulomb-14        LJ (SR)   Coulomb (SR)      Potential Pressure (bar)
    4.82203e+02   -2.62974e+02   -1.30684e+03   -5.29792e+02    0.00000e+00

           Step           Time
           1052     1052.00000

           Step           Time
           1053     1053.00000

   Energies (kJ/mol)
           Bond          Angle Ryckaert-Bell.  Improper Dih.          LJ-14
    2.87802e+01    2.11772e+02   -1.42222e+00    3.21512e-03    3.18654e+02
     Coulomb-14        LJ (SR)   Coulomb (SR)      Potential Pressure (bar)
    4.82183e+02   -2.62994e+02   -1.30680e+03   -5.29827e+02    0.00000e+00

           Step           Time
           1054     1054.00000

   Energies (kJ/mol)
           Bond          Angle Ryckaert-Bell.  Improper Dih.          LJ-14
    2.82131e+01    2.12260e+02   -1.42253e+00    3.20569e-03    3.18701e+02
     Coulomb-14        LJ (SR)   Coulomb (SR)      Potential Pressure (bar)
    4.82211e+02   -2.62983e+02   -1.30684e+03   -5.29855e+02    0.00000e+00

           Step           Time
           1055     1055.00000

   Energies (kJ/mol)
           Bond          Angle Ryckaert-Bell.  Improper Dih.          LJ-14
    2.89046e+01    2.11634e+02   -1.42276e+00    3.20617e-03    3.18599e+02
     Coulomb-14        LJ (SR)   Coulomb (SR)      Potential Pressure (bar)
    4.82178e+02   -2.63009e+02   -1.30678e+03   -5.29896e+02    0.00000e+00

           Step           Time
           1056     1056.00000

   Energies (kJ/mol)
           Bond          Angle Ryckaert-Bell.  Improper Dih.          LJ-14
    2.80906e+01    2.12350e+02   -1.42300e+00    3.19724e-03    3.18682e+02
     Coulomb-14        LJ (SR)   Coulomb (SR)      Potential Pressure (bar)
    4.82218e+02   -2.62989e+02   -1.30684e+03   -5.29906e+02    0.00000e+00

           Step           Time
           1057     1057.00000

   Energies (kJ/mol)
           Bond          Angle Ryckaert-Bell.  Improper Dih.          LJ-14
    2.90736e+01    2.11467e+02   -1.42325e+00    3.19834e-03    3.18542e+02
     Coulomb-14        LJ (SR)   Coulomb (SR)      Potential Pressure (bar)
    4.82172e+02   -2.63024e+02   -1.30676e+03   -5.29948e+02    0.00000e+00

           Step           Time
           1058     1058.00000

           Step           Time
           1059     1059.00000

   Energies (kJ/mol)
           Bond          Angle Ryckaert-Bell.  Improper Dih.          LJ-14
    2.84493e+01    2.11965e+02   -1.42335e+00    3.19828e-03    3.18606e+02
     Coulomb-14        LJ (SR)   Coulomb (SR)      Potential Pressure (bar)
    4.82199e+02   -2.63008e+02   -1.30680e+03   -5.30009e+02    0.00000e+00

DD  step 1059 load imb.: force 38.9%

           Step           Time
           1060     1060.00000

   Energies (kJ/mol)
           Bond          Angle Ryckaert-Bell.  Improper Dih.          LJ-14
    2.91835e+01    2.11327e+02   -1.42389e+00    3.19455e-03    3.18476e+02
     Coulomb-14        LJ (SR)   Coulomb (SR)      Potential Pressure (bar)
    4.82169e+02   -2.63043e+02   -1.30673e+03   -5.30040e+02    0.00000e+00

           Step           Time
           1061     1061.00000

   Energies (kJ/mol)
           Bond          Angle Ryckaert-Bell.  Improper Dih.          LJ-14
    2.82852e+01    2.12055e+02   -1.42409e+00    3.19239e-03    3.18571e+02
     Coulomb-14        LJ (SR)   Coulomb (SR)      Potential Pressure (bar)
    4.82209e+02   -2.63019e+02   -1.30679e+03   -5.30111e+02    0.00000e+00

           Step           Time
           1062     1062.00000

           Step           Time
           1063     1063.00000

   Energies (kJ/mol)
           Bond          Angle Ryckaert-Bell.  Improper Dih.          LJ-14
    2.87892e+01    2.11592e+02   -1.42435e+00    3.19182e-03    3.18493e+02
     Coulomb-14        LJ (SR)   Coulomb (SR)      Potential Pressure (bar)
    4.82186e+02   -2.63039e+02   -1.30675e+03   -5.30148e+02    0.00000e+00

           Step           Time
           1064     1064.00000

   Energies (kJ/mol)
           Bond          Angle Ryckaert-Bell.  Improper Dih.          LJ-14
    2.81815e+01    2.12119e+02   -1.42464e+00    3.18213e-03    3.18546e+02
     Coulomb-14        LJ (SR)   Coulomb (SR)      Potential Pressure (bar)
    4.82216e+02   -2.63027e+02   -1.30679e+03   -5.30173e+02    0.00000e+00

           Step           Time
           1065     1065.00000

   Energies (kJ/mol)
           Bond          Angle Ryckaert-Bell.  Improper Dih.          LJ-14
    2.89145e+01    2.11454e+02   -1.42491e+00    3.18307e-03    3.18439e+02
     Coulomb-14        LJ (SR)   Coulomb (SR)      Potential Pressure (bar)
    4.82181e+02   -2.63054e+02   -1.30673e+03   -5.30215e+02    0.00000e+00

           Step           Time
           1066     1066.00000

   Energies (kJ/mol)
           Bond          Angle Ryckaert-Bell.  Improper Dih.          LJ-14
    2.80474e+01    2.12221e+02   -1.42515e+00    3.18102e-03    3.18527e+02
     Coulomb-14        LJ (SR)   Coulomb (SR)      Potential Pressure (bar)
    4.82225e+02   -2.63032e+02   -1.30679e+03   -5.30220e+02    0.00000e+00

           Step           Time
           1067     1067.00000

   Energies (kJ/mol)
           Bond          Angle Ryckaert-Bell.  Improper Dih.          LJ-14
    2.91157e+01    2.11265e+02   -1.42539e+00    3.18230e-03    3.18376e+02
     Coulomb-14        LJ (SR)   Coulomb (SR)      Potential Pressure (bar)
    4.82177e+02   -2.63071e+02   -1.30670e+03   -5.30260e+02    0.00000e+00

           Step           Time
           1068     1068.00000

           Step           Time
           1069     1069.00000

   Energies (kJ/mol)
           Bond          Angle Ryckaert-Bell.  Improper Dih.          LJ-14
    2.84380e+01    2.11804e+02   -1.42550e+00    3.18219e-03    3.18444e+02
     Coulomb-14        LJ (SR)   Coulomb (SR)      Potential Pressure (bar)
    4.82206e+02   -2.63054e+02   -1.30674e+03   -5.30329e+02    0.00000e+00

DD  step 1069 load imb.: force 50.3%

           Step           Time
           1070     1070.00000

   Energies (kJ/mol)
           Bond          Angle Ryckaert-Bell.  Improper Dih.          LJ-14
    2.92182e+01    2.11133e+02   -1.42608e+00    3.17368e-03    3.18307e+02
     Coulomb-14        LJ (SR)   Coulomb (SR)      Potential Pressure (bar)
    4.82174e+02   -2.63091e+02   -1.30667e+03   -5.30354e+02    0.00000e+00

           Step           Time
           1071     1071.00000

   Energies (kJ/mol)
           Bond          Angle Ryckaert-Bell.  Improper Dih.          LJ-14
    2.82518e+01    2.11918e+02   -1.42628e+00    3.17324e-03    3.18410e+02
     Coulomb-14        LJ (SR)   Coulomb (SR)      Potential Pressure (bar)
    4.82216e+02   -2.63065e+02   -1.30674e+03   -5.30432e+02    0.00000e+00

           Step           Time
           1072     1072.00000

           Step           Time
           1073     1073.00000

   Energies (kJ/mol)
           Bond          Angle Ryckaert-Bell.  Improper Dih.          LJ-14
    2.87910e+01    2.11423e+02   -1.42655e+00    3.17363e-03    3.18326e+02
     Coulomb-14        LJ (SR)   Coulomb (SR)      Potential Pressure (bar)
    4.82193e+02   -2.63086e+02   -1.30669e+03   -5.30470e+02    0.00000e+00

           Step           Time
           1074     1074.00000

   Energies (kJ/mol)
           Bond          Angle Ryckaert-Bell.  Improper Dih.          LJ-14
    2.81446e+01    2.11989e+02   -1.42684e+00    3.16107e-03    3.18383e+02
     Coulomb-14        LJ (SR)   Coulomb (SR)      Potential Pressure (bar)
    4.82225e+02   -2.63072e+02   -1.30674e+03   -5.30491e+02    0.00000e+00

           Step           Time
           1075     1075.00000

   Energies (kJ/mol)
           Bond          Angle Ryckaert-Bell.  Improper Dih.          LJ-14
    2.89422e+01    2.11267e+02   -1.42702e+00    3.16158e-03    3.18267e+02
     Coulomb-14        LJ (SR)   Coulomb (SR)      Potential Pressure (bar)
    4.82188e+02   -2.63102e+02   -1.30667e+03   -5.30532e+02    0.00000e+00

           Step           Time
           1076     1076.00000

   Energies (kJ/mol)
           Bond          Angle Ryckaert-Bell.  Improper Dih.          LJ-14
    2.80161e+01    2.12089e+02   -1.42728e+00    3.16913e-03    3.18364e+02
     Coulomb-14        LJ (SR)   Coulomb (SR)      Potential Pressure (bar)
    4.82233e+02   -2.63078e+02   -1.30673e+03   -5.30534e+02    0.00000e+00

           Step           Time
           1077     1077.00000

   Energies (kJ/mol)
           Bond          Angle Ryckaert-Bell.  Improper Dih.          LJ-14
    2.91658e+01    2.11066e+02   -1.42751e+00    3.17053e-03    3.18203e+02
     Coulomb-14        LJ (SR)   Coulomb (SR)      Potential Pressure (bar)
    4.82181e+02   -2.63120e+02   -1.30664e+03   -5.30571e+02    0.00000e+00

           Step           Time
           1078     1078.00000

           Step           Time
           1079     1079.00000

   Energies (kJ/mol)
           Bond          Angle Ryckaert-Bell.  Improper Dih.          LJ-14
    2.84270e+01    2.11647e+02   -1.42763e+00    3.16937e-03    3.18280e+02
     Coulomb-14        LJ (SR)   Coulomb (SR)      Potential Pressure (bar)
    4.82214e+02   -2.63101e+02   -1.30669e+03   -5.30650e+02    0.00000e+00

DD  step 1079 load imb.: force 47.0%

           Step           Time
           1080     1080.00000

   Energies (kJ/mol)
           Bond          Angle Ryckaert-Bell.  Improper Dih.          LJ-14
    2.92559e+01    2.10946e+02   -1.42824e+00    3.16338e-03    3.18133e+02
     Coulomb-14        LJ (SR)   Coulomb (SR)      Potential Pressure (bar)
    4.82180e+02   -2.63140e+02   -1.30662e+03   -5.30669e+02    0.00000e+00

           Step           Time
           1081     1081.00000

   Energies (kJ/mol)
           Bond          Angle Ryckaert-Bell.  Improper Dih.          LJ-14
    2.82391e+01    2.11765e+02   -1.42840e+00    3.16238e-03    3.18242e+02
     Coulomb-14        LJ (SR)   Coulomb (SR)      Potential Pressure (bar)
    4.82225e+02   -2.63113e+02   -1.30669e+03   -5.30754e+02    0.00000e+00

           Step           Time
           1082     1082.00000

           Step           Time
           1083     1083.00000

   Energies (kJ/mol)
           Bond          Angle Ryckaert-Bell.  Improper Dih.          LJ-14
    2.88010e+01    2.11251e+02   -1.42867e+00    3.16301e-03    3.18156e+02
     Coulomb-14        LJ (SR)   Coulomb (SR)      Potential Pressure (bar)
    4.82200e+02   -2.63135e+02   -1.30664e+03   -5.30792e+02    0.00000e+00

           Step           Time
           1084     1084.00000

   Energies (kJ/mol)
           Bond          Angle Ryckaert-Bell.  Improper Dih.          LJ-14
    2.81357e+01    2.11833e+02   -1.42896e+00    3.16233e-03    3.18218e+02
     Coulomb-14        LJ (SR)   Coulomb (SR)      Potential Pressure (bar)
    4.82232e+02   -2.63120e+02   -1.30668e+03   -5.30811e+02    0.00000e+00

           Step           Time
           1085     1085.00000

   Energies (kJ/mol)
           Bond          Angle Ryckaert-Bell.  Improper Dih.          LJ-14
    2.89616e+01    2.11091e+02   -1.42917e+00    3.16306e-03    3.18097e+02
     Coulomb-14        LJ (SR)   Coulomb (SR)      Potential Pressure (bar)
    4.82195e+02   -2.63151e+02   -1.30662e+03   -5.30849e+02    0.00000e+00

           Step           Time
           1086     1086.00000

           Step           Time
           1087     1087.00000

   Energies (kJ/mol)
           Bond          Angle Ryckaert-Bell.  Improper Dih.          LJ-14
    2.84415e+01    2.11509e+02   -1.42927e+00    3.16194e-03    3.18148e+02
     Coulomb-14        LJ (SR)   Coulomb (SR)      Potential Pressure (bar)
    4.82219e+02   -2.63138e+02   -1.30665e+03   -5.30898e+02    0.00000e+00

           Step           Time
           1088     1088.00000

   Energies (kJ/mol)
           Bond          Angle Ryckaert-Bell.  Improper Dih.          LJ-14
    2.90501e+01    2.10969e+02   -1.42985e+00    3.15145e-03    3.18033e+02
     Coulomb-14        LJ (SR)   Coulomb (SR)      Potential Pressure (bar)
    4.82194e+02   -2.63170e+02   -1.30659e+03   -5.30944e+02    0.00000e+00

           Step           Time
           1089     1089.00000

   Energies (kJ/mol)
           Bond          Angle Ryckaert-Bell.  Improper Dih.          LJ-14
    2.82979e+01    2.11585e+02   -1.43000e+00    3.15145e-03    3.18110e+02
     Coulomb-14        LJ (SR)   Coulomb (SR)      Potential Pressure (bar)
    4.82228e+02   -2.63151e+02   -1.30664e+03   -5.31001e+02    0.00000e+00

DD  step 1089 load imb.: force 45.7%

           Step           Time
           1090     1090.00000

DD  step 1089 load imb.: force 47.6%

           Step           Time
           1091     1091.00000

   Energies (kJ/mol)
           Bond          Angle Ryckaert-Bell.  Improper Dih.          LJ-14
    2.87284e+01    2.11192e+02   -1.43021e+00    3.14381e-03    3.18039e+02
     Coulomb-14        LJ (SR)   Coulomb (SR)      Potential Pressure (bar)
    4.82208e+02   -2.63169e+02   -1.30661e+03   -5.31035e+02    0.00000e+00

           Step           Time
           1092     1092.00000

   Energies (kJ/mol)
           Bond          Angle Ryckaert-Bell.  Improper Dih.          LJ-14
    2.82316e+01    2.11615e+02   -1.43050e+00    3.14917e-03    3.18079e+02
     Coulomb-14        LJ (SR)   Coulomb (SR)      Potential Pressure (bar)
    4.82233e+02   -2.63159e+02   -1.30664e+03   -5.31065e+02    0.00000e+00

           Step           Time
           1093     1093.00000

   Energies (kJ/mol)
           Bond          Angle Ryckaert-Bell.  Improper Dih.          LJ-14
    2.88429e+01    2.11063e+02   -1.43072e+00    3.14963e-03    3.17986e+02
     Coulomb-14        LJ (SR)   Coulomb (SR)      Potential Pressure (bar)
    4.82206e+02   -2.63183e+02   -1.30659e+03   -5.31099e+02    0.00000e+00

           Step           Time
           1094     1094.00000

   Energies (kJ/mol)
           Bond          Angle Ryckaert-Bell.  Improper Dih.          LJ-14
    2.81371e+01    2.11677e+02   -1.43095e+00    3.13957e-03    3.18054e+02
     Coulomb-14        LJ (SR)   Coulomb (SR)      Potential Pressure (bar)
    4.82240e+02   -2.63167e+02   -1.30663e+03   -5.31120e+02    0.00000e+00

           Step           Time
           1095     1095.00000

   Energies (kJ/mol)
           Bond          Angle Ryckaert-Bell.  Improper Dih.          LJ-14
    2.90299e+01    2.10888e+02   -1.43118e+00    3.14103e-03    3.17926e+02
     Coulomb-14        LJ (SR)   Coulomb (SR)      Potential Pressure (bar)
    4.82200e+02   -2.63199e+02   -1.30656e+03   -5.31147e+02    0.00000e+00

           Step           Time
           1096     1096.00000

   Energies (kJ/mol)
           Bond          Angle Ryckaert-Bell.  Improper Dih.          LJ-14
    2.79896e+01    2.11801e+02   -1.43138e+00    3.13073e-03    3.18040e+02
     Coulomb-14        LJ (SR)   Coulomb (SR)      Potential Pressure (bar)
    4.82251e+02   -2.63172e+02   -1.30664e+03   -5.31154e+02    0.00000e+00

           Step           Time
           1097     1097.00000

   Energies (kJ/mol)
           Bond          Angle Ryckaert-Bell.  Improper Dih.          LJ-14
    2.92834e+01    2.10674e+02   -1.43163e+00    3.13034e-03    3.17861e+02
     Coulomb-14        LJ (SR)   Coulomb (SR)      Potential Pressure (bar)
    4.82192e+02   -2.63217e+02   -1.30654e+03   -5.31170e+02    0.00000e+00

           Step           Time
           1098     1098.00000

           Step           Time
           1099     1099.00000

   Energies (kJ/mol)
           Bond          Angle Ryckaert-Bell.  Improper Dih.          LJ-14
    2.84431e+01    2.11319e+02   -1.43172e+00    3.12927e-03    3.17947e+02
     Coulomb-14        LJ (SR)   Coulomb (SR)      Potential Pressure (bar)
    4.82228e+02   -2.63195e+02   -1.30659e+03   -5.31276e+02    0.00000e+00

DD  step 1099 load imb.: force 48.4%

           Step           Time
           1100     1100.00000

   Energies (kJ/mol)
           Bond          Angle Ryckaert-Bell.  Improper Dih.          LJ-14
    2.94523e+01    2.10476e+02   -1.43273e+00    3.11962e-03    3.17757e+02
     Coulomb-14        LJ (SR)   Coulomb (SR)      Potential Pressure (bar)
    4.82190e+02   -2.63247e+02   -1.30649e+03   -5.31296e+02    0.00000e+00

           Step           Time
           1101     1101.00000

   Energies (kJ/mol)
           Bond          Angle Ryckaert-Bell.  Improper Dih.          LJ-14
    2.82451e+01    2.11415e+02   -1.43285e+00    3.11738e-03    3.17885e+02
     Coulomb-14        LJ (SR)   Coulomb (SR)      Potential Pressure (bar)
    4.82242e+02   -2.63215e+02   -1.30658e+03   -5.31434e+02    0.00000e+00

           Step           Time
           1102     1102.00000

           Step           Time
           1103     1103.00000

   Energies (kJ/mol)
           Bond          Angle Ryckaert-Bell.  Improper Dih.          LJ-14
    2.89081e+01    2.10829e+02   -1.43305e+00    3.11262e-03    3.17783e+02
     Coulomb-14        LJ (SR)   Coulomb (SR)      Potential Pressure (bar)
    4.82211e+02   -2.63241e+02   -1.30652e+03   -5.31461e+02    0.00000e+00

           Step           Time
           1104     1104.00000

   Energies (kJ/mol)
           Bond          Angle Ryckaert-Bell.  Improper Dih.          LJ-14
    2.81206e+01    2.11509e+02   -1.43326e+00    3.10354e-03    3.17864e+02
     Coulomb-14        LJ (SR)   Coulomb (SR)      Potential Pressure (bar)
    4.82249e+02   -2.63221e+02   -1.30658e+03   -5.31484e+02    0.00000e+00

           Step           Time
           1105     1105.00000

   Energies (kJ/mol)
           Bond          Angle Ryckaert-Bell.  Improper Dih.          LJ-14
    2.90835e+01    2.10666e+02   -1.43348e+00    3.10214e-03    3.17727e+02
     Coulomb-14        LJ (SR)   Coulomb (SR)      Potential Pressure (bar)
    4.82205e+02   -2.63256e+02   -1.30650e+03   -5.31504e+02    0.00000e+00

           Step           Time
           1106     1106.00000

   Energies (kJ/mol)
           Bond          Angle Ryckaert-Bell.  Improper Dih.          LJ-14
    2.79511e+01    2.11661e+02   -1.43367e+00    3.10198e-03    3.17853e+02
     Coulomb-14        LJ (SR)   Coulomb (SR)      Potential Pressure (bar)
    4.82259e+02   -2.63225e+02   -1.30658e+03   -5.31511e+02    0.00000e+00

           Step           Time
           1107     1107.00000

   Energies (kJ/mol)
           Bond          Angle Ryckaert-Bell.  Improper Dih.          LJ-14
    2.93380e+01    2.10457e+02   -1.43392e+00    3.09338e-03    3.17663e+02
     Coulomb-14        LJ (SR)   Coulomb (SR)      Potential Pressure (bar)
    4.82197e+02   -2.63273e+02   -1.30647e+03   -5.31520e+02    0.00000e+00

           Step           Time
           1108     1108.00000

           Step           Time
           1109     1109.00000

   Energies (kJ/mol)
           Bond          Angle Ryckaert-Bell.  Improper Dih.          LJ-14
    2.84215e+01    2.11153e+02   -1.43400e+00    3.09236e-03    3.17759e+02
     Coulomb-14        LJ (SR)   Coulomb (SR)      Potential Pressure (bar)
    4.82236e+02   -2.63249e+02   -1.30653e+03   -5.31641e+02    0.00000e+00

DD  step 1109 load imb.: force 41.9%

           Step           Time
           1110     1110.00000

DD  step 1109 load imb.: force 47.1%

           Step           Time
           1111     1111.00000

   Energies (kJ/mol)
           Bond          Angle Ryckaert-Bell.  Improper Dih.          LJ-14
    2.89448e+01    2.10688e+02   -1.43452e+00    3.09398e-03    3.17655e+02
     Coulomb-14        LJ (SR)   Coulomb (SR)      Potential Pressure (bar)
    4.82216e+02   -2.63277e+02   -1.30648e+03   -5.31686e+02    0.00000e+00

           Step           Time
           1112     1112.00000

   Energies (kJ/mol)
           Bond          Angle Ryckaert-Bell.  Improper Dih.          LJ-14
    2.82997e+01    2.11219e+02   -1.43467e+00    3.09389e-03    3.17723e+02
     Coulomb-14        LJ (SR)   Coulomb (SR)      Potential Pressure (bar)
    4.82245e+02   -2.63260e+02   -1.30653e+03   -5.31730e+02    0.00000e+00

           Step           Time
           1113     1113.00000

   Energies (kJ/mol)
           Bond          Angle Ryckaert-Bell.  Improper Dih.          LJ-14
    2.90791e+01    2.10552e+02   -1.43498e+00    3.09179e-03    3.17603e+02
     Coulomb-14        LJ (SR)   Coulomb (SR)      Potential Pressure (bar)
    4.82211e+02   -2.63292e+02   -1.30646e+03   -5.31739e+02    0.00000e+00

           Step           Time
           1114     1114.00000

   Energies (kJ/mol)
           Bond          Angle Ryckaert-Bell.  Improper Dih.          LJ-14
    2.81496e+01    2.11328e+02   -1.43517e+00    3.08391e-03    3.17702e+02
     Coulomb-14        LJ (SR)   Coulomb (SR)      Potential Pressure (bar)
    4.82255e+02   -2.63266e+02   -1.30652e+03   -5.31788e+02    0.00000e+00

           Step           Time
           1115     1115.00000

           Step           Time
           1116     1116.00000

   Energies (kJ/mol)
           Bond          Angle Ryckaert-Bell.  Improper Dih.          LJ-14
    2.86711e+01    2.10840e+02   -1.43528e+00    3.08404e-03    3.17623e+02
     Coulomb-14        LJ (SR)   Coulomb (SR)      Potential Pressure (bar)
    4.82229e+02   -2.63287e+02   -1.30648e+03   -5.31837e+02    0.00000e+00

           Step           Time
           1117     1117.00000

   Energies (kJ/mol)
           Bond          Angle Ryckaert-Bell.  Improper Dih.          LJ-14
    2.80702e+01    2.11367e+02   -1.43572e+00    3.07203e-03    3.17666e+02
     Coulomb-14        LJ (SR)   Coulomb (SR)      Potential Pressure (bar)
    4.82261e+02   -2.63277e+02   -1.30652e+03   -5.31863e+02    0.00000e+00

           Step           Time
           1118     1118.00000

   Energies (kJ/mol)
           Bond          Angle Ryckaert-Bell.  Improper Dih.          LJ-14
    2.88388e+01    2.10661e+02   -1.43591e+00    3.07187e-03    3.17554e+02
     Coulomb-14        LJ (SR)   Coulomb (SR)      Potential Pressure (bar)
    4.82224e+02   -2.63306e+02   -1.30645e+03   -5.31914e+02    0.00000e+00

           Step           Time
           1119     1119.00000

           Step           Time
           1120     1120.00000

   Energies (kJ/mol)
           Bond          Angle Ryckaert-Bell.  Improper Dih.          LJ-14
    2.83641e+01    2.11052e+02   -1.43604e+00    3.07173e-03    3.17600e+02
     Coulomb-14        LJ (SR)   Coulomb (SR)      Potential Pressure (bar)
    4.82246e+02   -2.63295e+02   -1.30649e+03   -5.31952e+02    0.00000e+00

           Step           Time
           1121     1121.00000

   Energies (kJ/mol)
           Bond          Angle Ryckaert-Bell.  Improper Dih.          LJ-14
    2.89214e+01    2.10561e+02   -1.43640e+00    3.07824e-03    3.17504e+02
     Coulomb-14        LJ (SR)   Coulomb (SR)      Potential Pressure (bar)
    4.82222e+02   -2.63321e+02   -1.30644e+03   -5.31981e+02    0.00000e+00

           Step           Time
           1122     1122.00000

   Energies (kJ/mol)
           Bond          Angle Ryckaert-Bell.  Improper Dih.          LJ-14
    2.82526e+01    2.11118e+02   -1.43660e+00    3.07860e-03    3.17572e+02
     Coulomb-14        LJ (SR)   Coulomb (SR)      Potential Pressure (bar)
    4.82254e+02   -2.63304e+02   -1.30648e+03   -5.32022e+02    0.00000e+00

           Step           Time
           1123     1123.00000

   Energies (kJ/mol)
           Bond          Angle Ryckaert-Bell.  Improper Dih.          LJ-14
    2.90660e+01    2.10419e+02   -1.43689e+00    3.07137e-03    3.17450e+02
     Coulomb-14        LJ (SR)   Coulomb (SR)      Potential Pressure (bar)
    4.82220e+02   -2.63336e+02   -1.30641e+03   -5.32029e+02    0.00000e+00

           Step           Time
           1124     1124.00000

   Energies (kJ/mol)
           Bond          Angle Ryckaert-Bell.  Improper Dih.          LJ-14
    2.80983e+01    2.11237e+02   -1.43712e+00    3.07158e-03    3.17554e+02
     Coulomb-14        LJ (SR)   Coulomb (SR)      Potential Pressure (bar)
    4.82266e+02   -2.63309e+02   -1.30648e+03   -5.32070e+02    0.00000e+00

           Step           Time
           1125     1125.00000

           Step           Time
           1126     1126.00000

   Energies (kJ/mol)
           Bond          Angle Ryckaert-Bell.  Improper Dih.          LJ-14
    2.86444e+01    2.10719e+02   -1.43721e+00    3.07077e-03    3.17472e+02
     Coulomb-14        LJ (SR)   Coulomb (SR)      Potential Pressure (bar)
    4.82239e+02   -2.63330e+02   -1.30644e+03   -5.32126e+02    0.00000e+00

           Step           Time
           1127     1127.00000

   Energies (kJ/mol)
           Bond          Angle Ryckaert-Bell.  Improper Dih.          LJ-14
    2.80081e+01    2.11281e+02   -1.43777e+00    3.05764e-03    3.17515e+02
     Coulomb-14        LJ (SR)   Coulomb (SR)      Potential Pressure (bar)
    4.82271e+02   -2.63321e+02   -1.30647e+03   -5.32153e+02    0.00000e+00

           Step           Time
           1128     1128.00000

   Energies (kJ/mol)
           Bond          Angle Ryckaert-Bell.  Improper Dih.          LJ-14
    2.88140e+01    2.10530e+02   -1.43789e+00    3.05845e-03    3.17395e+02
     Coulomb-14        LJ (SR)   Coulomb (SR)      Potential Pressure (bar)
    4.82233e+02   -2.63351e+02   -1.30640e+03   -5.32219e+02    0.00000e+00

           Step           Time
           1129     1129.00000

           Step           Time
           1130     1130.00000

   Energies (kJ/mol)
           Bond          Angle Ryckaert-Bell.  Improper Dih.          LJ-14
    2.83023e+01    2.10955e+02   -1.43810e+00    3.05892e-03    3.17444e+02
     Coulomb-14        LJ (SR)   Coulomb (SR)      Potential Pressure (bar)
    4.82258e+02   -2.63340e+02   -1.30644e+03   -5.32254e+02    0.00000e+00

           Step           Time
           1131     1131.00000

   Energies (kJ/mol)
           Bond          Angle Ryckaert-Bell.  Improper Dih.          LJ-14
    2.89208e+01    2.10414e+02   -1.43841e+00    3.04965e-03    3.17345e+02
     Coulomb-14        LJ (SR)   Coulomb (SR)      Potential Pressure (bar)
    4.82230e+02   -2.63366e+02   -1.30639e+03   -5.32278e+02    0.00000e+00

           Step           Time
           1132     1132.00000

   Energies (kJ/mol)
           Bond          Angle Ryckaert-Bell.  Improper Dih.          LJ-14
    2.81861e+01    2.11036e+02   -1.43861e+00    3.04981e-03    3.17419e+02
     Coulomb-14        LJ (SR)   Coulomb (SR)      Potential Pressure (bar)
    4.82267e+02   -2.63347e+02   -1.30644e+03   -5.32312e+02    0.00000e+00

           Step           Time
           1133     1133.00000

   Energies (kJ/mol)
           Bond          Angle Ryckaert-Bell.  Improper Dih.          LJ-14
    2.90634e+01    2.10280e+02   -1.43885e+00    3.04854e-03    3.17291e+02
     Coulomb-14        LJ (SR)   Coulomb (SR)      Potential Pressure (bar)
    4.82227e+02   -2.63381e+02   -1.30637e+03   -5.32321e+02    0.00000e+00

           Step           Time
           1134     1134.00000

   Energies (kJ/mol)
           Bond          Angle Ryckaert-Bell.  Improper Dih.          LJ-14
    2.80301e+01    2.11167e+02   -1.43909e+00    3.04995e-03    3.17404e+02
     Coulomb-14        LJ (SR)   Coulomb (SR)      Potential Pressure (bar)
    4.82276e+02   -2.63352e+02   -1.30644e+03   -5.32350e+02    0.00000e+00

           Step           Time
           1135     1135.00000

           Step           Time
           1136     1136.00000

   Energies (kJ/mol)
           Bond          Angle Ryckaert-Bell.  Improper Dih.          LJ-14
    2.86000e+01    2.10615e+02   -1.43920e+00    3.04999e-03    3.17318e+02
     Coulomb-14        LJ (SR)   Coulomb (SR)      Potential Pressure (bar)
    4.82247e+02   -2.63374e+02   -1.30639e+03   -5.32421e+02    0.00000e+00

           Step           Time
           1137     1137.00000

   Energies (kJ/mol)
           Bond          Angle Ryckaert-Bell.  Improper Dih.          LJ-14
    2.79837e+01    2.11158e+02   -1.43988e+00    3.04468e-03    3.17344e+02
     Coulomb-14        LJ (SR)   Coulomb (SR)      Potential Pressure (bar)
    4.82281e+02   -2.63370e+02   -1.30642e+03   -5.32465e+02    0.00000e+00

           Step           Time
           1138     1138.00000

   Energies (kJ/mol)
           Bond          Angle Ryckaert-Bell.  Improper Dih.          LJ-14
    2.88123e+01    2.10379e+02   -1.44006e+00    3.04339e-03    3.17221e+02
     Coulomb-14        LJ (SR)   Coulomb (SR)      Potential Pressure (bar)
    4.82241e+02   -2.63402e+02   -1.30635e+03   -5.32540e+02    0.00000e+00

           Step           Time
           1139     1139.00000

           Step           Time
           1140     1140.00000

   Energies (kJ/mol)
           Bond          Angle Ryckaert-Bell.  Improper Dih.          LJ-14
    2.82721e+01    2.10831e+02   -1.44029e+00    3.04202e-03    3.17273e+02
     Coulomb-14        LJ (SR)   Coulomb (SR)      Potential Pressure (bar)
    4.82268e+02   -2.63390e+02   -1.30639e+03   -5.32573e+02    0.00000e+00

           Step           Time
           1141     1141.00000

   Energies (kJ/mol)
           Bond          Angle Ryckaert-Bell.  Improper Dih.          LJ-14
    2.89265e+01    2.10261e+02   -1.44059e+00    3.03125e-03    3.17170e+02
     Coulomb-14        LJ (SR)   Coulomb (SR)      Potential Pressure (bar)
    4.82238e+02   -2.63416e+02   -1.30633e+03   -5.32594e+02    0.00000e+00

           Step           Time
           1142     1142.00000

   Energies (kJ/mol)
           Bond          Angle Ryckaert-Bell.  Improper Dih.          LJ-14
    2.81582e+01    2.10911e+02   -1.44077e+00    3.03189e-03    3.17250e+02
     Coulomb-14        LJ (SR)   Coulomb (SR)      Potential Pressure (bar)
    4.82275e+02   -2.63397e+02   -1.30639e+03   -5.32628e+02    0.00000e+00

           Step           Time
           1143     1143.00000

   Energies (kJ/mol)
           Bond          Angle Ryckaert-Bell.  Improper Dih.          LJ-14
    2.91069e+01    2.10101e+02   -1.44100e+00    3.02374e-03    3.17112e+02
     Coulomb-14        LJ (SR)   Coulomb (SR)      Potential Pressure (bar)
    4.82232e+02   -2.63432e+02   -1.30631e+03   -5.32631e+02    0.00000e+00

           Step           Time
           1144     1144.00000

   Energies (kJ/mol)
           Bond          Angle Ryckaert-Bell.  Improper Dih.          LJ-14
    2.79977e+01    2.11051e+02   -1.44123e+00    3.02416e-03    3.17236e+02
     Coulomb-14        LJ (SR)   Coulomb (SR)      Potential Pressure (bar)
    4.82285e+02   -2.63402e+02   -1.30639e+03   -5.32663e+02    0.00000e+00

           Step           Time
           1145     1145.00000

           Step           Time
           1146     1146.00000

   Energies (kJ/mol)
           Bond          Angle Ryckaert-Bell.  Improper Dih.          LJ-14
    2.86077e+01    2.10459e+02   -1.44130e+00    3.02341e-03    3.17144e+02
     Coulomb-14        LJ (SR)   Coulomb (SR)      Potential Pressure (bar)
    4.82254e+02   -2.63426e+02   -1.30634e+03   -5.32739e+02    0.00000e+00

           Step           Time
           1147     1147.00000

   Energies (kJ/mol)
           Bond          Angle Ryckaert-Bell.  Improper Dih.          LJ-14
    2.79056e+01    2.11098e+02   -1.44204e+00    3.02106e-03    3.17177e+02
     Coulomb-14        LJ (SR)   Coulomb (SR)      Potential Pressure (bar)
    4.82294e+02   -2.63419e+02   -1.30638e+03   -5.32763e+02    0.00000e+00

           Step           Time
           1148     1148.00000

   Energies (kJ/mol)
           Bond          Angle Ryckaert-Bell.  Improper Dih.          LJ-14
    2.87975e+01    2.10244e+02   -1.44219e+00    3.02150e-03    3.17049e+02
     Coulomb-14        LJ (SR)   Coulomb (SR)      Potential Pressure (bar)
    4.82249e+02   -2.63453e+02   -1.30630e+03   -5.32856e+02    0.00000e+00

           Step           Time
           1149     1149.00000

           Step           Time
           1150     1150.00000

   Energies (kJ/mol)
           Bond          Angle Ryckaert-Bell.  Improper Dih.          LJ-14
    2.82289e+01    2.10725e+02   -1.44237e+00    3.01080e-03    3.17105e+02
     Coulomb-14        LJ (SR)   Coulomb (SR)      Potential Pressure (bar)
    4.82277e+02   -2.63439e+02   -1.30634e+03   -5.32887e+02    0.00000e+00

           Step           Time
           1151     1151.00000

   Energies (kJ/mol)
           Bond          Angle Ryckaert-Bell.  Improper Dih.          LJ-14
    2.89213e+01    2.10119e+02   -1.44260e+00    3.01040e-03    3.17000e+02
     Coulomb-14        LJ (SR)   Coulomb (SR)      Potential Pressure (bar)
    4.82244e+02   -2.63467e+02   -1.30629e+03   -5.32908e+02    0.00000e+00

           Step           Time
           1152     1152.00000

   Energies (kJ/mol)
           Bond          Angle Ryckaert-Bell.  Improper Dih.          LJ-14
    2.80992e+01    2.10823e+02   -1.44283e+00    3.00956e-03    3.17088e+02
     Coulomb-14        LJ (SR)   Coulomb (SR)      Potential Pressure (bar)
    4.82285e+02   -2.63445e+02   -1.30634e+03   -5.32934e+02    0.00000e+00

           Step           Time
           1153     1153.00000

   Energies (kJ/mol)
           Bond          Angle Ryckaert-Bell.  Improper Dih.          LJ-14
    2.91090e+01    2.09954e+02   -1.44306e+00    3.00855e-03    3.16941e+02
     Coulomb-14        LJ (SR)   Coulomb (SR)      Potential Pressure (bar)
    4.82239e+02   -2.63483e+02   -1.30626e+03   -5.32942e+02    0.00000e+00

           Step           Time
           1154     1154.00000

   Energies (kJ/mol)
           Bond          Angle Ryckaert-Bell.  Improper Dih.          LJ-14
    2.79325e+01    2.10973e+02   -1.44327e+00    3.00833e-03    3.17075e+02
     Coulomb-14        LJ (SR)   Coulomb (SR)      Potential Pressure (bar)
    4.82298e+02   -2.63449e+02   -1.30635e+03   -5.32959e+02    0.00000e+00

           Step           Time
           1155     1155.00000

           Step           Time
           1156     1156.00000

   Energies (kJ/mol)
           Bond          Angle Ryckaert-Bell.  Improper Dih.          LJ-14
    2.85852e+01    2.10331e+02   -1.44336e+00    3.00752e-03    3.16974e+02
     Coulomb-14        LJ (SR)   Coulomb (SR)      Potential Pressure (bar)
    4.82263e+02   -2.63475e+02   -1.30629e+03   -5.33053e+02    0.00000e+00

           Step           Time
           1157     1157.00000

   Energies (kJ/mol)
           Bond          Angle Ryckaert-Bell.  Improper Dih.          LJ-14
    2.78372e+01    2.11005e+02   -1.44428e+00    2.99486e-03    3.17011e+02
     Coulomb-14        LJ (SR)   Coulomb (SR)      Potential Pressure (bar)
    4.82307e+02   -2.63468e+02   -1.30633e+03   -5.33083e+02    0.00000e+00

           Step           Time
           1158     1158.00000

   Energies (kJ/mol)
           Bond          Angle Ryckaert-Bell.  Improper Dih.          LJ-14
    2.87919e+01    2.10083e+02   -1.44437e+00    2.99133e-03    3.16867e+02
     Coulomb-14        LJ (SR)   Coulomb (SR)      Potential Pressure (bar)
    4.82257e+02   -2.63506e+02   -1.30625e+03   -5.33198e+02    0.00000e+00

           Step           Time
           1159     1159.00000

           Step           Time
           1160     1160.00000

   Energies (kJ/mol)
           Bond          Angle Ryckaert-Bell.  Improper Dih.          LJ-14
    2.81696e+01    2.10615e+02   -1.44455e+00    2.98934e-03    3.16927e+02
     Coulomb-14        LJ (SR)   Coulomb (SR)      Potential Pressure (bar)
    4.82288e+02   -2.63491e+02   -1.30629e+03   -5.33225e+02    0.00000e+00

           Step           Time
           1161     1161.00000

   Energies (kJ/mol)
           Bond          Angle Ryckaert-Bell.  Improper Dih.          LJ-14
    2.89214e+01    2.09956e+02   -1.44478e+00    2.98792e-03    3.16813e+02
     Coulomb-14        LJ (SR)   Coulomb (SR)      Potential Pressure (bar)
    4.82252e+02   -2.63520e+02   -1.30623e+03   -5.33247e+02    0.00000e+00

           Step           Time
           1162     1162.00000

   Energies (kJ/mol)
           Bond          Angle Ryckaert-Bell.  Improper Dih.          LJ-14
    2.80331e+01    2.10725e+02   -1.44495e+00    2.97914e-03    3.16912e+02
     Coulomb-14        LJ (SR)   Coulomb (SR)      Potential Pressure (bar)
    4.82297e+02   -2.63495e+02   -1.30629e+03   -5.33264e+02    0.00000e+00

           Step           Time
           1163     1163.00000

   Energies (kJ/mol)
           Bond          Angle Ryckaert-Bell.  Improper Dih.          LJ-14
    2.91189e+01    2.09783e+02   -1.44519e+00    2.97796e-03    3.16757e+02
     Coulomb-14        LJ (SR)   Coulomb (SR)      Potential Pressure (bar)
    4.82246e+02   -2.63535e+02   -1.30621e+03   -5.33278e+02    0.00000e+00

           Step           Time
           1164     1164.00000

           Step           Time
           1165     1165.00000

   Energies (kJ/mol)
           Bond          Angle Ryckaert-Bell.  Improper Dih.          LJ-14
    2.84207e+01    2.10324e+02   -1.44527e+00    2.97727e-03    3.16830e+02
     Coulomb-14        LJ (SR)   Coulomb (SR)      Potential Pressure (bar)
    4.82277e+02   -2.63517e+02   -1.30625e+03   -5.33360e+02    0.00000e+00

           Step           Time
           1166     1166.00000

   Energies (kJ/mol)
           Bond          Angle Ryckaert-Bell.  Improper Dih.          LJ-14
    2.91895e+01    2.09651e+02   -1.44635e+00    2.97766e-03    3.16667e+02
     Coulomb-14        LJ (SR)   Coulomb (SR)      Potential Pressure (bar)
    4.82246e+02   -2.63563e+02   -1.30617e+03   -5.33425e+02    0.00000e+00

           Step           Time
           1167     1167.00000

   Energies (kJ/mol)
           Bond          Angle Ryckaert-Bell.  Improper Dih.          LJ-14
    2.82132e+01    2.10430e+02   -1.44643e+00    2.97034e-03    3.16769e+02
     Coulomb-14        LJ (SR)   Coulomb (SR)      Potential Pressure (bar)
    4.82290e+02   -2.63536e+02   -1.30624e+03   -5.33517e+02    0.00000e+00

           Step           Time
           1168     1168.00000

           Step           Time
           1169     1169.00000

   Energies (kJ/mol)
           Bond          Angle Ryckaert-Bell.  Improper Dih.          LJ-14
    2.87645e+01    2.09938e+02   -1.44660e+00    2.96671e-03    3.16682e+02
     Coulomb-14        LJ (SR)   Coulomb (SR)      Potential Pressure (bar)
    4.82265e+02   -2.63558e+02   -1.30619e+03   -5.33546e+02    0.00000e+00

DD  step 1169 load imb.: force 50.2%

           Step           Time
           1170     1170.00000

   Energies (kJ/mol)
           Bond          Angle Ryckaert-Bell.  Improper Dih.          LJ-14
    2.81165e+01    2.10496e+02   -1.44686e+00    2.95647e-03    3.16748e+02
     Coulomb-14        LJ (SR)   Coulomb (SR)      Potential Pressure (bar)
    4.82297e+02   -2.63542e+02   -1.30624e+03   -5.33568e+02    0.00000e+00

           Step           Time
           1171     1171.00000

   Energies (kJ/mol)
           Bond          Angle Ryckaert-Bell.  Improper Dih.          LJ-14
    2.89186e+01    2.09790e+02   -1.44708e+00    2.95684e-03    3.16628e+02
     Coulomb-14        LJ (SR)   Coulomb (SR)      Potential Pressure (bar)
    4.82260e+02   -2.63573e+02   -1.30617e+03   -5.33593e+02    0.00000e+00

           Step           Time
           1172     1172.00000

   Energies (kJ/mol)
           Bond          Angle Ryckaert-Bell.  Improper Dih.          LJ-14
    2.79775e+01    2.10613e+02   -1.44728e+00    2.94840e-03    3.16734e+02
     Coulomb-14        LJ (SR)   Coulomb (SR)      Potential Pressure (bar)
    4.82307e+02   -2.63547e+02   -1.30624e+03   -5.33601e+02    0.00000e+00

           Step           Time
           1173     1173.00000

   Energies (kJ/mol)
           Bond          Angle Ryckaert-Bell.  Improper Dih.          LJ-14
    2.91392e+01    2.09600e+02   -1.44748e+00    2.95714e-03    3.16570e+02
     Coulomb-14        LJ (SR)   Coulomb (SR)      Potential Pressure (bar)
    4.82252e+02   -2.63589e+02   -1.30615e+03   -5.33619e+02    0.00000e+00

           Step           Time
           1174     1174.00000

           Step           Time
           1175     1175.00000

   Energies (kJ/mol)
           Bond          Angle Ryckaert-Bell.  Improper Dih.          LJ-14
    2.83856e+01    2.10185e+02   -1.44759e+00    2.95645e-03    3.16650e+02
     Coulomb-14        LJ (SR)   Coulomb (SR)      Potential Pressure (bar)
    4.82285e+02   -2.63570e+02   -1.30620e+03   -5.33707e+02    0.00000e+00

           Step           Time
           1176     1176.00000

   Energies (kJ/mol)
           Bond          Angle Ryckaert-Bell.  Improper Dih.          LJ-14
    2.92362e+01    2.09472e+02   -1.44838e+00    2.95125e-03    3.16488e+02
     Coulomb-14        LJ (SR)   Coulomb (SR)      Potential Pressure (bar)
    4.82252e+02   -2.63613e+02   -1.30612e+03   -5.33731e+02    0.00000e+00

           Step           Time
           1177     1177.00000

   Energies (kJ/mol)
           Bond          Angle Ryckaert-Bell.  Improper Dih.          LJ-14
    2.81869e+01    2.10302e+02   -1.44851e+00    2.94737e-03    3.16604e+02
     Coulomb-14        LJ (SR)   Coulomb (SR)      Potential Pressure (bar)
    4.82298e+02   -2.63584e+02   -1.30619e+03   -5.33830e+02    0.00000e+00

           Step           Time
           1178     1178.00000

           Step           Time
           1179     1179.00000

   Energies (kJ/mol)
           Bond          Angle Ryckaert-Bell.  Improper Dih.          LJ-14
    2.87783e+01    2.09774e+02   -1.44869e+00    2.94594e-03    3.16512e+02
     Coulomb-14        LJ (SR)   Coulomb (SR)      Potential Pressure (bar)
    4.82270e+02   -2.63608e+02   -1.30614e+03   -5.33860e+02    0.00000e+00

DD  step 1179 load imb.: force 51.4%

           Step           Time
           1180     1180.00000

   Energies (kJ/mol)
           Bond          Angle Ryckaert-Bell.  Improper Dih.          LJ-14
    2.80864e+01    2.10376e+02   -1.44898e+00    2.94228e-03    3.16582e+02
     Coulomb-14        LJ (SR)   Coulomb (SR)      Potential Pressure (bar)
    4.82305e+02   -2.63591e+02   -1.30619e+03   -5.33877e+02    0.00000e+00

           Step           Time
           1181     1181.00000

   Energies (kJ/mol)
           Bond          Angle Ryckaert-Bell.  Improper Dih.          LJ-14
    2.89371e+01    2.09625e+02   -1.44914e+00    2.94258e-03    3.16458e+02
     Coulomb-14        LJ (SR)   Coulomb (SR)      Potential Pressure (bar)
    4.82265e+02   -2.63622e+02   -1.30612e+03   -5.33904e+02    0.00000e+00

           Step           Time
           1182     1182.00000

   Energies (kJ/mol)
           Bond          Angle Ryckaert-Bell.  Improper Dih.          LJ-14
    2.79376e+01    2.10503e+02   -1.44936e+00    2.93615e-03    3.16572e+02
     Coulomb-14        LJ (SR)   Coulomb (SR)      Potential Pressure (bar)
    4.82315e+02   -2.63594e+02   -1.30619e+03   -5.33905e+02    0.00000e+00

           Step           Time
           1183     1183.00000

   Energies (kJ/mol)
           Bond          Angle Ryckaert-Bell.  Improper Dih.          LJ-14
    2.91806e+01    2.09420e+02   -1.44953e+00    2.93627e-03    3.16398e+02
     Coulomb-14        LJ (SR)   Coulomb (SR)      Potential Pressure (bar)
    4.82257e+02   -2.63638e+02   -1.30609e+03   -5.33922e+02    0.00000e+00

           Step           Time
           1184     1184.00000

           Step           Time
           1185     1185.00000

   Energies (kJ/mol)
           Bond          Angle Ryckaert-Bell.  Improper Dih.          LJ-14
    2.83732e+01    2.10041e+02   -1.44960e+00    2.93563e-03    3.16484e+02
     Coulomb-14        LJ (SR)   Coulomb (SR)      Potential Pressure (bar)
    4.82292e+02   -2.63617e+02   -1.30615e+03   -5.34021e+02    0.00000e+00

           Step           Time
           1186     1186.00000

   Energies (kJ/mol)
           Bond          Angle Ryckaert-Bell.  Improper Dih.          LJ-14
    2.92940e+01    2.09285e+02   -1.45048e+00    2.93150e-03    3.16311e+02
     Coulomb-14        LJ (SR)   Coulomb (SR)      Potential Pressure (bar)
    4.82256e+02   -2.63664e+02   -1.30606e+03   -5.34027e+02    0.00000e+00

           Step           Time
           1187     1187.00000

   Energies (kJ/mol)
           Bond          Angle Ryckaert-Bell.  Improper Dih.          LJ-14
    2.81696e+01    2.10164e+02   -1.45053e+00    2.92975e-03    3.16439e+02
     Coulomb-14        LJ (SR)   Coulomb (SR)      Potential Pressure (bar)
    4.82306e+02   -2.63632e+02   -1.30614e+03   -5.34142e+02    0.00000e+00

           Step           Time
           1188     1188.00000

           Step           Time
           1189     1189.00000

   Energies (kJ/mol)
           Bond          Angle Ryckaert-Bell.  Improper Dih.          LJ-14
    2.88249e+01    2.09587e+02   -1.45070e+00    2.93370e-03    3.16335e+02
     Coulomb-14        LJ (SR)   Coulomb (SR)      Potential Pressure (bar)
    4.82276e+02   -2.63659e+02   -1.30609e+03   -5.34169e+02    0.00000e+00

DD  step 1189 load imb.: force 49.0%

           Step           Time
           1190     1190.00000

   Energies (kJ/mol)
           Bond          Angle Ryckaert-Bell.  Improper Dih.          LJ-14
    2.80630e+01    2.10243e+02   -1.45092e+00    2.92562e-03    3.16419e+02
     Coulomb-14        LJ (SR)   Coulomb (SR)      Potential Pressure (bar)
    4.82315e+02   -2.63638e+02   -1.30614e+03   -5.34188e+02    0.00000e+00

           Step           Time
           1191     1191.00000

   Energies (kJ/mol)
           Bond          Angle Ryckaert-Bell.  Improper Dih.          LJ-14
    2.90056e+01    2.09427e+02   -1.45108e+00    2.92665e-03    3.16279e+02
     Coulomb-14        LJ (SR)   Coulomb (SR)      Potential Pressure (bar)
    4.82269e+02   -2.63674e+02   -1.30606e+03   -5.34205e+02    0.00000e+00

           Step           Time
           1192     1192.00000

   Energies (kJ/mol)
           Bond          Angle Ryckaert-Bell.  Improper Dih.          LJ-14
    2.79100e+01    2.10382e+02   -1.45131e+00    2.92710e-03    3.16408e+02
     Coulomb-14        LJ (SR)   Coulomb (SR)      Potential Pressure (bar)
    4.82325e+02   -2.63642e+02   -1.30615e+03   -5.34212e+02    0.00000e+00

           Step           Time
           1193     1193.00000

   Energies (kJ/mol)
           Bond          Angle Ryckaert-Bell.  Improper Dih.          LJ-14
    2.92701e+01    2.09217e+02   -1.45151e+00    2.92671e-03    3.16217e+02
     Coulomb-14        LJ (SR)   Coulomb (SR)      Potential Pressure (bar)
    4.82261e+02   -2.63691e+02   -1.30604e+03   -5.34212e+02    0.00000e+00

           Step           Time
           1194     1194.00000

           Step           Time
           1195     1195.00000

   Energies (kJ/mol)
           Bond          Angle Ryckaert-Bell.  Improper Dih.          LJ-14
    2.83899e+01    2.09878e+02   -1.45159e+00    2.92618e-03    3.16311e+02
     Coulomb-14        LJ (SR)   Coulomb (SR)      Potential Pressure (bar)
    4.82299e+02   -2.63667e+02   -1.30610e+03   -5.34335e+02    0.00000e+00

           Step           Time
           1196     1196.00000

   Energies (kJ/mol)
           Bond          Angle Ryckaert-Bell.  Improper Dih.          LJ-14
    2.93539e+01    2.09077e+02   -1.45271e+00    2.91481e-03    3.16116e+02
     Coulomb-14        LJ (SR)   Coulomb (SR)      Potential Pressure (bar)
    4.82258e+02   -2.63723e+02   -1.30600e+03   -5.34369e+02    0.00000e+00

           Step           Time
           1197     1197.00000

   Energies (kJ/mol)
           Bond          Angle Ryckaert-Bell.  Improper Dih.          LJ-14
    2.81378e+01    2.10029e+02   -1.45281e+00    2.90349e-03    3.16245e+02
     Coulomb-14        LJ (SR)   Coulomb (SR)      Potential Pressure (bar)
    4.82315e+02   -2.63690e+02   -1.30609e+03   -5.34500e+02    0.00000e+00

           Step           Time
           1198     1198.00000

           Step           Time
           1199     1199.00000

   Energies (kJ/mol)
           Bond          Angle Ryckaert-Bell.  Improper Dih.          LJ-14
    2.88224e+01    2.09424e+02   -1.45300e+00    2.90362e-03    3.16141e+02
     Coulomb-14        LJ (SR)   Coulomb (SR)      Potential Pressure (bar)
    4.82283e+02   -2.63717e+02   -1.30603e+03   -5.34526e+02    0.00000e+00

DD  step 1199 load imb.: force 47.6%

           Step           Time
           1200     1200.00000

   Energies (kJ/mol)
           Bond          Angle Ryckaert-Bell.  Improper Dih.          LJ-14
    2.80257e+01    2.10117e+02   -1.45326e+00    2.90268e-03    3.16227e+02
     Coulomb-14        LJ (SR)   Coulomb (SR)      Potential Pressure (bar)
    4.82325e+02   -2.63696e+02   -1.30609e+03   -5.34539e+02    0.00000e+00

           Step           Time
           1201     1201.00000

   Energies (kJ/mol)
           Bond          Angle Ryckaert-Bell.  Improper Dih.          LJ-14
    2.90252e+01    2.09249e+02   -1.45341e+00    2.90268e-03    3.16083e+02
     Coulomb-14        LJ (SR)   Coulomb (SR)      Potential Pressure (bar)
    4.82276e+02   -2.63733e+02   -1.30601e+03   -5.34557e+02    0.00000e+00

           Step           Time
           1202     1202.00000

           Step           Time
           1203     1203.00000

   Energies (kJ/mol)
           Bond          Angle Ryckaert-Bell.  Improper Dih.          LJ-14
    2.83959e+01    2.09738e+02   -1.45350e+00    2.90197e-03    3.16149e+02
     Coulomb-14        LJ (SR)   Coulomb (SR)      Potential Pressure (bar)
    4.82305e+02   -2.63716e+02   -1.30605e+03   -5.34630e+02    0.00000e+00

           Step           Time
           1204     1204.00000

   Energies (kJ/mol)
           Bond          Angle Ryckaert-Bell.  Improper Dih.          LJ-14
    2.91085e+01    2.09116e+02   -1.45459e+00    2.89147e-03    3.15987e+02
     Coulomb-14        LJ (SR)   Coulomb (SR)      Potential Pressure (bar)
    4.82274e+02   -2.63762e+02   -1.30597e+03   -5.34703e+02    0.00000e+00

           Step           Time
           1205     1205.00000

   Energies (kJ/mol)
           Bond          Angle Ryckaert-Bell.  Improper Dih.          LJ-14
    2.82075e+01    2.09832e+02   -1.45461e+00    2.88517e-03    3.16082e+02
     Coulomb-14        LJ (SR)   Coulomb (SR)      Potential Pressure (bar)
    4.82319e+02   -2.63738e+02   -1.30604e+03   -5.34786e+02    0.00000e+00

           Step           Time
           1206     1206.00000

           Step           Time
           1207     1207.00000

   Energies (kJ/mol)
           Bond          Angle Ryckaert-Bell.  Improper Dih.          LJ-14
    2.87117e+01    2.09382e+02   -1.45478e+00    2.88239e-03    3.16003e+02
     Coulomb-14        LJ (SR)   Coulomb (SR)      Potential Pressure (bar)
    4.82295e+02   -2.63759e+02   -1.30599e+03   -5.34813e+02    0.00000e+00

           Step           Time
           1208     1208.00000

   Energies (kJ/mol)
           Bond          Angle Ryckaert-Bell.  Improper Dih.          LJ-14
    2.81099e+01    2.09903e+02   -1.45505e+00    2.87793e-03    3.16060e+02
     Coulomb-14        LJ (SR)   Coulomb (SR)      Potential Pressure (bar)
    4.82326e+02   -2.63745e+02   -1.30604e+03   -5.34834e+02    0.00000e+00

           Step           Time
           1209     1209.00000

   Energies (kJ/mol)
           Bond          Angle Ryckaert-Bell.  Improper Dih.          LJ-14
    2.88371e+01    2.09259e+02   -1.45525e+00    2.87820e-03    3.15953e+02
     Coulomb-14        LJ (SR)   Coulomb (SR)      Potential Pressure (bar)
    4.82291e+02   -2.63773e+02   -1.30598e+03   -5.34861e+02    0.00000e+00

DD  step 1209 load imb.: force 39.0%

           Step           Time
           1210     1210.00000

   Energies (kJ/mol)
           Bond          Angle Ryckaert-Bell.  Improper Dih.          LJ-14
    2.79724e+01    2.10019e+02   -1.45550e+00    2.87256e-03    3.16047e+02
     Coulomb-14        LJ (SR)   Coulomb (SR)      Potential Pressure (bar)
    4.82335e+02   -2.63749e+02   -1.30604e+03   -5.34868e+02    0.00000e+00

           Step           Time
           1211     1211.00000

   Energies (kJ/mol)
           Bond          Angle Ryckaert-Bell.  Improper Dih.          LJ-14
    2.90262e+01    2.09095e+02   -1.45565e+00    2.87298e-03    3.15896e+02
     Coulomb-14        LJ (SR)   Coulomb (SR)      Potential Pressure (bar)
    4.82283e+02   -2.63788e+02   -1.30595e+03   -5.34892e+02    0.00000e+00

           Step           Time
           1212     1212.00000

           Step           Time
           1213     1213.00000

   Energies (kJ/mol)
           Bond          Angle Ryckaert-Bell.  Improper Dih.          LJ-14
    2.83491e+01    2.09626e+02   -1.45573e+00    2.87315e-03    3.15968e+02
     Coulomb-14        LJ (SR)   Coulomb (SR)      Potential Pressure (bar)
    4.82313e+02   -2.63771e+02   -1.30600e+03   -5.34967e+02    0.00000e+00

           Step           Time
           1214     1214.00000

   Energies (kJ/mol)
           Bond          Angle Ryckaert-Bell.  Improper Dih.          LJ-14
    2.91275e+01    2.08974e+02   -1.45647e+00    2.86557e-03    3.15820e+02
     Coulomb-14        LJ (SR)   Coulomb (SR)      Potential Pressure (bar)
    4.82281e+02   -2.63811e+02   -1.30593e+03   -5.34988e+02    0.00000e+00

           Step           Time
           1215     1215.00000

   Energies (kJ/mol)
           Bond          Angle Ryckaert-Bell.  Improper Dih.          LJ-14
    2.81609e+01    2.09746e+02   -1.45656e+00    2.86396e-03    3.15927e+02
     Coulomb-14        LJ (SR)   Coulomb (SR)      Potential Pressure (bar)
    4.82327e+02   -2.63785e+02   -1.30599e+03   -5.35072e+02    0.00000e+00

           Step           Time
           1216     1216.00000

           Step           Time
           1217     1217.00000

   Energies (kJ/mol)
           Bond          Angle Ryckaert-Bell.  Improper Dih.          LJ-14
    2.86951e+01    2.09267e+02   -1.45670e+00    2.85448e-03    3.15843e+02
     Coulomb-14        LJ (SR)   Coulomb (SR)      Potential Pressure (bar)
    4.82301e+02   -2.63807e+02   -1.30595e+03   -5.35103e+02    0.00000e+00

           Step           Time
           1218     1218.00000

   Energies (kJ/mol)
           Bond          Angle Ryckaert-Bell.  Improper Dih.          LJ-14
    2.80737e+01    2.09806e+02   -1.45694e+00    2.85276e-03    3.15907e+02
     Coulomb-14        LJ (SR)   Coulomb (SR)      Potential Pressure (bar)
    4.82333e+02   -2.63791e+02   -1.30599e+03   -5.35119e+02    0.00000e+00

           Step           Time
           1219     1219.00000

   Energies (kJ/mol)
           Bond          Angle Ryckaert-Bell.  Improper Dih.          LJ-14
    2.88542e+01    2.09118e+02   -1.45713e+00    2.85333e-03    3.15790e+02
     Coulomb-14        LJ (SR)   Coulomb (SR)      Potential Pressure (bar)
    4.82295e+02   -2.63822e+02   -1.30593e+03   -5.35147e+02    0.00000e+00

DD  step 1219 load imb.: force 50.6%

           Step           Time
           1220     1220.00000

   Energies (kJ/mol)
           Bond          Angle Ryckaert-Bell.  Improper Dih.          LJ-14
    2.79351e+01    2.09928e+02   -1.45736e+00    2.84408e-03    3.15893e+02
     Coulomb-14        LJ (SR)   Coulomb (SR)      Potential Pressure (bar)
    4.82343e+02   -2.63795e+02   -1.30600e+03   -5.35149e+02    0.00000e+00

           Step           Time
           1221     1221.00000

   Energies (kJ/mol)
           Bond          Angle Ryckaert-Bell.  Improper Dih.          LJ-14
    2.90709e+01    2.08936e+02   -1.45754e+00    2.84446e-03    3.15729e+02
     Coulomb-14        LJ (SR)   Coulomb (SR)      Potential Pressure (bar)
    4.82287e+02   -2.63837e+02   -1.30590e+03   -5.35172e+02    0.00000e+00

           Step           Time
           1222     1222.00000

           Step           Time
           1223     1223.00000

   Energies (kJ/mol)
           Bond          Angle Ryckaert-Bell.  Improper Dih.          LJ-14
    2.83424e+01    2.09503e+02   -1.45763e+00    2.84385e-03    3.15808e+02
     Coulomb-14        LJ (SR)   Coulomb (SR)      Potential Pressure (bar)
    4.82321e+02   -2.63818e+02   -1.30595e+03   -5.35254e+02    0.00000e+00

           Step           Time
           1224     1224.00000

   Energies (kJ/mol)
           Bond          Angle Ryckaert-Bell.  Improper Dih.          LJ-14
    2.91953e+01    2.08799e+02   -1.45836e+00    2.84501e-03    3.15647e+02
     Coulomb-14        LJ (SR)   Coulomb (SR)      Potential Pressure (bar)
    4.82285e+02   -2.63863e+02   -1.30587e+03   -5.35266e+02    0.00000e+00

           Step           Time
           1225     1225.00000

   Energies (kJ/mol)
           Bond          Angle Ryckaert-Bell.  Improper Dih.          LJ-14
    2.81446e+01    2.09629e+02   -1.45847e+00    2.84333e-03    3.15765e+02
     Coulomb-14        LJ (SR)   Coulomb (SR)      Potential Pressure (bar)
    4.82334e+02   -2.63833e+02   -1.30595e+03   -5.35366e+02    0.00000e+00

           Step           Time
           1226     1226.00000

           Step           Time
           1227     1227.00000

   Energies (kJ/mol)
           Bond          Angle Ryckaert-Bell.  Improper Dih.          LJ-14
    2.87214e+01    2.09115e+02   -1.45865e+00    2.84399e-03    3.15675e+02
     Coulomb-14        LJ (SR)   Coulomb (SR)      Potential Pressure (bar)
    4.82306e+02   -2.63856e+02   -1.30590e+03   -5.35395e+02    0.00000e+00

           Step           Time
           1228     1228.00000

   Energies (kJ/mol)
           Bond          Angle Ryckaert-Bell.  Improper Dih.          LJ-14
    2.80379e+01    2.09712e+02   -1.45890e+00    2.84235e-03    3.15747e+02
     Coulomb-14        LJ (SR)   Coulomb (SR)      Potential Pressure (bar)
    4.82341e+02   -2.63839e+02   -1.30595e+03   -5.35408e+02    0.00000e+00

           Step           Time
           1229     1229.00000

   Energies (kJ/mol)
           Bond          Angle Ryckaert-Bell.  Improper Dih.          LJ-14
    2.88821e+01    2.08966e+02   -1.45909e+00    2.84281e-03    3.15623e+02
     Coulomb-14        LJ (SR)   Coulomb (SR)      Potential Pressure (bar)
    4.82300e+02   -2.63871e+02   -1.30588e+03   -5.35437e+02    0.00000e+00

DD  step 1229 load imb.: force 38.9%

           Step           Time
           1230     1230.00000

DD  step 1229 load imb.: force 38.9%

           Step           Time
           1231     1231.00000

   Energies (kJ/mol)
           Bond          Angle Ryckaert-Bell.  Improper Dih.          LJ-14
    2.83367e+01    2.09401e+02   -1.45917e+00    2.84201e-03    3.15680e+02
     Coulomb-14        LJ (SR)   Coulomb (SR)      Potential Pressure (bar)
    4.82325e+02   -2.63858e+02   -1.30592e+03   -5.35488e+02    0.00000e+00

           Step           Time
           1232     1232.00000

   Energies (kJ/mol)
           Bond          Angle Ryckaert-Bell.  Improper Dih.          LJ-14
    2.89435e+01    2.08878e+02   -1.45971e+00    2.82916e-03    3.15561e+02
     Coulomb-14        LJ (SR)   Coulomb (SR)      Potential Pressure (bar)
    4.82300e+02   -2.63890e+02   -1.30586e+03   -5.35525e+02    0.00000e+00

           Step           Time
           1233     1233.00000

   Energies (kJ/mol)
           Bond          Angle Ryckaert-Bell.  Improper Dih.          LJ-14
    2.81976e+01    2.09486e+02   -1.45984e+00    2.82909e-03    3.15642e+02
     Coulomb-14        LJ (SR)   Coulomb (SR)      Potential Pressure (bar)
    4.82336e+02   -2.63870e+02   -1.30591e+03   -5.35580e+02    0.00000e+00

           Step           Time
           1234     1234.00000

           Step           Time
           1235     1235.00000

   Energies (kJ/mol)
           Bond          Angle Ryckaert-Bell.  Improper Dih.          LJ-14
    2.86174e+01    2.09102e+02   -1.45999e+00    2.82939e-03    3.15575e+02
     Coulomb-14        LJ (SR)   Coulomb (SR)      Potential Pressure (bar)
    4.82316e+02   -2.63888e+02   -1.30588e+03   -5.35609e+02    0.00000e+00

           Step           Time
           1236     1236.00000

   Energies (kJ/mol)
           Bond          Angle Ryckaert-Bell.  Improper Dih.          LJ-14
    2.80959e+01    2.09553e+02   -1.46025e+00    2.82830e-03    3.15622e+02
     Coulomb-14        LJ (SR)   Coulomb (SR)      Potential Pressure (bar)
    4.82345e+02   -2.63877e+02   -1.30591e+03   -5.35630e+02    0.00000e+00

           Step           Time
           1237     1237.00000

   Energies (kJ/mol)
           Bond          Angle Ryckaert-Bell.  Improper Dih.          LJ-14
    2.87279e+01    2.08987e+02   -1.46041e+00    2.82824e-03    3.15526e+02
     Coulomb-14        LJ (SR)   Coulomb (SR)      Potential Pressure (bar)
    4.82313e+02   -2.63902e+02   -1.30586e+03   -5.35663e+02    0.00000e+00

           Step           Time
           1238     1238.00000

   Energies (kJ/mol)
           Bond          Angle Ryckaert-Bell.  Improper Dih.          LJ-14
    2.79685e+01    2.09655e+02   -1.46062e+00    2.81957e-03    3.15609e+02
     Coulomb-14        LJ (SR)   Coulomb (SR)      Potential Pressure (bar)
    4.82353e+02   -2.63882e+02   -1.30591e+03   -5.35667e+02    0.00000e+00

           Step           Time
           1239     1239.00000

   Energies (kJ/mol)
           Bond          Angle Ryckaert-Bell.  Improper Dih.          LJ-14
    2.88961e+01    2.08830e+02   -1.46079e+00    2.82035e-03    3.15473e+02
     Coulomb-14        LJ (SR)   Coulomb (SR)      Potential Pressure (bar)
    4.82308e+02   -2.63917e+02   -1.30584e+03   -5.35703e+02    0.00000e+00

DD  step 1239 load imb.: force 73.2%

           Step           Time
           1240     1240.00000

DD  step 1239 load imb.: force 59.0%

           Step           Time
           1241     1241.00000

   Energies (kJ/mol)
           Bond          Angle Ryckaert-Bell.  Improper Dih.          LJ-14
    2.83064e+01    2.09300e+02   -1.46084e+00    2.82033e-03    3.15537e+02
     Coulomb-14        LJ (SR)   Coulomb (SR)      Potential Pressure (bar)
    4.82335e+02   -2.63901e+02   -1.30588e+03   -5.35757e+02    0.00000e+00

           Step           Time
           1242     1242.00000

   Energies (kJ/mol)
           Bond          Angle Ryckaert-Bell.  Improper Dih.          LJ-14
    2.90254e+01    2.08694e+02   -1.46142e+00    2.80809e-03    3.15411e+02
     Coulomb-14        LJ (SR)   Coulomb (SR)      Potential Pressure (bar)
    4.82303e+02   -2.63935e+02   -1.30581e+03   -5.35773e+02    0.00000e+00

           Step           Time
           1243     1243.00000

   Energies (kJ/mol)
           Bond          Angle Ryckaert-Bell.  Improper Dih.          LJ-14
    2.81619e+01    2.09391e+02   -1.46152e+00    2.80808e-03    3.15507e+02
     Coulomb-14        LJ (SR)   Coulomb (SR)      Potential Pressure (bar)
    4.82344e+02   -2.63911e+02   -1.30587e+03   -5.35839e+02    0.00000e+00

           Step           Time
           1244     1244.00000

           Step           Time
           1245     1245.00000

   Energies (kJ/mol)
           Bond          Angle Ryckaert-Bell.  Improper Dih.          LJ-14
    2.86421e+01    2.08958e+02   -1.46169e+00    2.80914e-03    3.15431e+02
     Coulomb-14        LJ (SR)   Coulomb (SR)      Potential Pressure (bar)
    4.82321e+02   -2.63931e+02   -1.30583e+03   -5.35870e+02    0.00000e+00

           Step           Time
           1246     1246.00000

   Energies (kJ/mol)
           Bond          Angle Ryckaert-Bell.  Improper Dih.          LJ-14
    2.80876e+01    2.09434e+02   -1.46194e+00    2.80943e-03    3.15487e+02
     Coulomb-14        LJ (SR)   Coulomb (SR)      Potential Pressure (bar)
    4.82350e+02   -2.63917e+02   -1.30587e+03   -5.35889e+02    0.00000e+00

           Step           Time
           1247     1247.00000

   Energies (kJ/mol)
           Bond          Angle Ryckaert-Bell.  Improper Dih.          LJ-14
    2.87671e+01    2.08829e+02   -1.46213e+00    2.80984e-03    3.15383e+02
     Coulomb-14        LJ (SR)   Coulomb (SR)      Potential Pressure (bar)
    4.82316e+02   -2.63944e+02   -1.30581e+03   -5.35920e+02    0.00000e+00

           Step           Time
           1248     1248.00000

   Energies (kJ/mol)
           Bond          Angle Ryckaert-Bell.  Improper Dih.          LJ-14
    2.79601e+01    2.09539e+02   -1.46231e+00    2.80283e-03    3.15475e+02
     Coulomb-14        LJ (SR)   Coulomb (SR)      Potential Pressure (bar)
    4.82359e+02   -2.63922e+02   -1.30587e+03   -5.35922e+02    0.00000e+00

           Step           Time
           1249     1249.00000

   Energies (kJ/mol)
           Bond          Angle Ryckaert-Bell.  Improper Dih.          LJ-14
    2.89699e+01    2.08652e+02   -1.46249e+00    2.80295e-03    3.15327e+02
     Coulomb-14        LJ (SR)   Coulomb (SR)      Potential Pressure (bar)
    4.82309e+02   -2.63960e+02   -1.30579e+03   -5.35950e+02    0.00000e+00

DD  step 1249 load imb.: force 36.6%

           Step           Time
           1250     1250.00000

DD  step 1249 load imb.: force 37.8%

           Step           Time
           1251     1251.00000

   Energies (kJ/mol)
           Bond          Angle Ryckaert-Bell.  Improper Dih.          LJ-14
    2.83310e+01    2.09151e+02   -1.46254e+00    2.80221e-03    3.15398e+02
     Coulomb-14        LJ (SR)   Coulomb (SR)      Potential Pressure (bar)
    4.82339e+02   -2.63943e+02   -1.30583e+03   -5.36017e+02    0.00000e+00

           Step           Time
           1252     1252.00000

   Energies (kJ/mol)
           Bond          Angle Ryckaert-Bell.  Improper Dih.          LJ-14
    2.90660e+01    2.08531e+02   -1.46328e+00    2.79763e-03    3.15259e+02
     Coulomb-14        LJ (SR)   Coulomb (SR)      Potential Pressure (bar)
    4.82306e+02   -2.63981e+02   -1.30576e+03   -5.36044e+02    0.00000e+00

           Step           Time
           1253     1253.00000

   Energies (kJ/mol)
           Bond          Angle Ryckaert-Bell.  Improper Dih.          LJ-14
    2.81607e+01    2.09254e+02   -1.46337e+00    2.79762e-03    3.15361e+02
     Coulomb-14        LJ (SR)   Coulomb (SR)      Potential Pressure (bar)
    4.82350e+02   -2.63955e+02   -1.30583e+03   -5.36120e+02    0.00000e+00

           Step           Time
           1254     1254.00000

           Step           Time
           1255     1255.00000

   Energies (kJ/mol)
           Bond          Angle Ryckaert-Bell.  Improper Dih.          LJ-14
    2.86718e+01    2.08795e+02   -1.46350e+00    2.79844e-03    3.15281e+02
     Coulomb-14        LJ (SR)   Coulomb (SR)      Potential Pressure (bar)
    4.82324e+02   -2.63976e+02   -1.30578e+03   -5.36150e+02    0.00000e+00

           Step           Time
           1256     1256.00000

   Energies (kJ/mol)
           Bond          Angle Ryckaert-Bell.  Improper Dih.          LJ-14
    2.80711e+01    2.09312e+02   -1.46370e+00    2.78910e-03    3.15344e+02
     Coulomb-14        LJ (SR)   Coulomb (SR)      Potential Pressure (bar)
    4.82357e+02   -2.63961e+02   -1.30583e+03   -5.36167e+02    0.00000e+00

           Step           Time
           1257     1257.00000

   Energies (kJ/mol)
           Bond          Angle Ryckaert-Bell.  Improper Dih.          LJ-14
    2.88131e+01    2.08659e+02   -1.46389e+00    2.78966e-03    3.15231e+02
     Coulomb-14        LJ (SR)   Coulomb (SR)      Potential Pressure (bar)
    4.82320e+02   -2.63991e+02   -1.30577e+03   -5.36194e+02    0.00000e+00

           Step           Time
           1258     1258.00000

   Energies (kJ/mol)
           Bond          Angle Ryckaert-Bell.  Improper Dih.          LJ-14
    2.79406e+01    2.09422e+02   -1.46413e+00    2.78187e-03    3.15332e+02
     Coulomb-14        LJ (SR)   Coulomb (SR)      Potential Pressure (bar)
    4.82365e+02   -2.63966e+02   -1.30583e+03   -5.36199e+02    0.00000e+00

           Step           Time
           1259     1259.00000

   Energies (kJ/mol)
           Bond          Angle Ryckaert-Bell.  Improper Dih.          LJ-14
    2.90216e+01    2.08480e+02   -1.46428e+00    2.78216e-03    3.15176e+02
     Coulomb-14        LJ (SR)   Coulomb (SR)      Potential Pressure (bar)
    4.82311e+02   -2.64006e+02   -1.30574e+03   -5.36220e+02    0.00000e+00

DD  step 1259 load imb.: force 38.2%

           Step           Time
           1260     1260.00000

DD  step 1259 load imb.: force 47.9%

           Step           Time
           1261     1261.00000

   Energies (kJ/mol)
           Bond          Angle Ryckaert-Bell.  Improper Dih.          LJ-14
    2.83307e+01    2.09015e+02   -1.46436e+00    2.78137e-03    3.15252e+02
     Coulomb-14        LJ (SR)   Coulomb (SR)      Potential Pressure (bar)
    4.82344e+02   -2.63987e+02   -1.30579e+03   -5.36297e+02    0.00000e+00

           Step           Time
           1262     1262.00000

   Energies (kJ/mol)
           Bond          Angle Ryckaert-Bell.  Improper Dih.          LJ-14
    2.91086e+01    2.08361e+02   -1.46506e+00    2.77876e-03    3.15108e+02
     Coulomb-14        LJ (SR)   Coulomb (SR)      Potential Pressure (bar)
    4.82313e+02   -2.64028e+02   -1.30572e+03   -5.36317e+02    0.00000e+00

           Step           Time
           1263     1263.00000

   Energies (kJ/mol)
           Bond          Angle Ryckaert-Bell.  Improper Dih.          LJ-14
    2.81268e+01    2.09144e+02   -1.46520e+00    2.77695e-03    3.15217e+02
     Coulomb-14        LJ (SR)   Coulomb (SR)      Potential Pressure (bar)
    4.82359e+02   -2.64001e+02   -1.30579e+03   -5.36404e+02    0.00000e+00

           Step           Time
           1264     1264.00000

           Step           Time
           1265     1265.00000

   Energies (kJ/mol)
           Bond          Angle Ryckaert-Bell.  Improper Dih.          LJ-14
    2.86943e+01    2.08635e+02   -1.46535e+00    2.77545e-03    3.15131e+02
     Coulomb-14        LJ (SR)   Coulomb (SR)      Potential Pressure (bar)
    4.82331e+02   -2.64023e+02   -1.30574e+03   -5.36433e+02    0.00000e+00

           Step           Time
           1266     1266.00000

   Energies (kJ/mol)
           Bond          Angle Ryckaert-Bell.  Improper Dih.          LJ-14
    2.80338e+01    2.09210e+02   -1.46558e+00    2.77507e-03    3.15201e+02
     Coulomb-14        LJ (SR)   Coulomb (SR)      Potential Pressure (bar)
    4.82365e+02   -2.64006e+02   -1.30579e+03   -5.36446e+02    0.00000e+00

           Step           Time
           1267     1267.00000

   Energies (kJ/mol)
           Bond          Angle Ryckaert-Bell.  Improper Dih.          LJ-14
    2.88442e+01    2.08493e+02   -1.46573e+00    2.77574e-03    3.15082e+02
     Coulomb-14        LJ (SR)   Coulomb (SR)      Potential Pressure (bar)
    4.82326e+02   -2.64037e+02   -1.30572e+03   -5.36473e+02    0.00000e+00

           Step           Time
           1268     1268.00000

   Energies (kJ/mol)
           Bond          Angle Ryckaert-Bell.  Improper Dih.          LJ-14
    2.79051e+01    2.09320e+02   -1.46594e+00    2.76760e-03    3.15191e+02
     Coulomb-14        LJ (SR)   Coulomb (SR)      Potential Pressure (bar)
    4.82374e+02   -2.64010e+02   -1.30579e+03   -5.36474e+02    0.00000e+00

           Step           Time
           1269     1269.00000

   Energies (kJ/mol)
           Bond          Angle Ryckaert-Bell.  Improper Dih.          LJ-14
    2.91009e+01    2.08284e+02   -1.46609e+00    2.76969e-03    3.15022e+02
     Coulomb-14        LJ (SR)   Coulomb (SR)      Potential Pressure (bar)
    4.82315e+02   -2.64055e+02   -1.30569e+03   -5.36486e+02    0.00000e+00

DD  step 1269 load imb.: force 48.4%

           Step           Time
           1270     1270.00000

DD  step 1269 load imb.: force 47.4%

           Step           Time
           1271     1271.00000

   Energies (kJ/mol)
           Bond          Angle Ryckaert-Bell.  Improper Dih.          LJ-14
    2.83445e+01    2.08859e+02   -1.46617e+00    2.76887e-03    3.15105e+02
     Coulomb-14        LJ (SR)   Coulomb (SR)      Potential Pressure (bar)
    4.82352e+02   -2.64034e+02   -1.30574e+03   -5.36580e+02    0.00000e+00

           Step           Time
           1272     1272.00000

   Energies (kJ/mol)
           Bond          Angle Ryckaert-Bell.  Improper Dih.          LJ-14
    2.91629e+01    2.08168e+02   -1.46722e+00    2.75909e-03    3.14937e+02
     Coulomb-14        LJ (SR)   Coulomb (SR)      Potential Pressure (bar)
    4.82319e+02   -2.64081e+02   -1.30566e+03   -5.36620e+02    0.00000e+00

           Step           Time
           1273     1273.00000

   Energies (kJ/mol)
           Bond          Angle Ryckaert-Bell.  Improper Dih.          LJ-14
    2.81113e+01    2.08997e+02   -1.46724e+00    2.75470e-03    3.15054e+02
     Coulomb-14        LJ (SR)   Coulomb (SR)      Potential Pressure (bar)
    4.82368e+02   -2.64051e+02   -1.30574e+03   -5.36722e+02    0.00000e+00

           Step           Time
           1274     1274.00000

           Step           Time
           1275     1275.00000

   Energies (kJ/mol)
           Bond          Angle Ryckaert-Bell.  Improper Dih.          LJ-14
    2.87099e+01    2.08465e+02   -1.46741e+00    2.75414e-03    3.14961e+02
     Coulomb-14        LJ (SR)   Coulomb (SR)      Potential Pressure (bar)
    4.82340e+02   -2.64076e+02   -1.30569e+03   -5.36749e+02    0.00000e+00

           Step           Time
           1276     1276.00000

   Energies (kJ/mol)
           Bond          Angle Ryckaert-Bell.  Improper Dih.          LJ-14
    2.80020e+01    2.09080e+02   -1.46763e+00    2.75108e-03    3.15041e+02
     Coulomb-14        LJ (SR)   Coulomb (SR)      Potential Pressure (bar)
    4.82376e+02   -2.64057e+02   -1.30574e+03   -5.36762e+02    0.00000e+00

           Step           Time
           1277     1277.00000

   Energies (kJ/mol)
           Bond          Angle Ryckaert-Bell.  Improper Dih.          LJ-14
    2.88540e+01    2.08331e+02   -1.46778e+00    2.75149e-03    3.14914e+02
     Coulomb-14        LJ (SR)   Coulomb (SR)      Potential Pressure (bar)
    4.82334e+02   -2.64090e+02   -1.30567e+03   -5.36788e+02    0.00000e+00

           Step           Time
           1278     1278.00000

           Step           Time
           1279     1279.00000

   Energies (kJ/mol)
           Bond          Angle Ryckaert-Bell.  Improper Dih.          LJ-14
    2.83167e+01    2.08755e+02   -1.46781e+00    2.75072e-03    3.14974e+02
     Coulomb-14        LJ (SR)   Coulomb (SR)      Potential Pressure (bar)
    4.82360e+02   -2.64075e+02   -1.30571e+03   -5.36841e+02    0.00000e+00

DD  step 1279 load imb.: force 46.5%

           Step           Time
           1280     1280.00000

   Energies (kJ/mol)
           Bond          Angle Ryckaert-Bell.  Improper Dih.          LJ-14
    2.89030e+01    2.08247e+02   -1.46851e+00    2.74281e-03    3.14857e+02
     Coulomb-14        LJ (SR)   Coulomb (SR)      Potential Pressure (bar)
    4.82335e+02   -2.64107e+02   -1.30565e+03   -5.36878e+02    0.00000e+00

           Step           Time
           1281     1281.00000

   Energies (kJ/mol)
           Bond          Angle Ryckaert-Bell.  Improper Dih.          LJ-14
    2.81532e+01    2.08857e+02   -1.46857e+00    2.74289e-03    3.14942e+02
     Coulomb-14        LJ (SR)   Coulomb (SR)      Potential Pressure (bar)
    4.82373e+02   -2.64086e+02   -1.30570e+03   -5.36931e+02    0.00000e+00

           Step           Time
           1282     1282.00000

           Step           Time
           1283     1283.00000

   Energies (kJ/mol)
           Bond          Angle Ryckaert-Bell.  Improper Dih.          LJ-14
    2.85703e+01    2.08478e+02   -1.46870e+00    2.74309e-03    3.14876e+02
     Coulomb-14        LJ (SR)   Coulomb (SR)      Potential Pressure (bar)
    4.82353e+02   -2.64104e+02   -1.30567e+03   -5.36961e+02    0.00000e+00

           Step           Time
           1284     1284.00000

   Energies (kJ/mol)
           Bond          Angle Ryckaert-Bell.  Improper Dih.          LJ-14
    2.80648e+01    2.08915e+02   -1.46898e+00    2.74142e-03    3.14921e+02
     Coulomb-14        LJ (SR)   Coulomb (SR)      Potential Pressure (bar)
    4.82379e+02   -2.64094e+02   -1.30570e+03   -5.36982e+02    0.00000e+00

           Step           Time
           1285     1285.00000

   Energies (kJ/mol)
           Bond          Angle Ryckaert-Bell.  Improper Dih.          LJ-14
    2.86826e+01    2.08356e+02   -1.46908e+00    2.74195e-03    3.14829e+02
     Coulomb-14        LJ (SR)   Coulomb (SR)      Potential Pressure (bar)
    4.82349e+02   -2.64118e+02   -1.30565e+03   -5.37015e+02    0.00000e+00

           Step           Time
           1286     1286.00000

   Energies (kJ/mol)
           Bond          Angle Ryckaert-Bell.  Improper Dih.          LJ-14
    2.79552e+01    2.09000e+02   -1.46931e+00    2.73281e-03    3.14907e+02
     Coulomb-14        LJ (SR)   Coulomb (SR)      Potential Pressure (bar)
    4.82388e+02   -2.64099e+02   -1.30570e+03   -5.37018e+02    0.00000e+00

           Step           Time
           1287     1287.00000

   Energies (kJ/mol)
           Bond          Angle Ryckaert-Bell.  Improper Dih.          LJ-14
    2.88416e+01    2.08208e+02   -1.46948e+00    2.73399e-03    3.14777e+02
     Coulomb-14        LJ (SR)   Coulomb (SR)      Potential Pressure (bar)
    4.82344e+02   -2.64132e+02   -1.30563e+03   -5.37054e+02    0.00000e+00

           Step           Time
           1288     1288.00000

           Step           Time
           1289     1289.00000

   Energies (kJ/mol)
           Bond          Angle Ryckaert-Bell.  Improper Dih.          LJ-14
    2.82926e+01    2.08644e+02   -1.46952e+00    2.73316e-03    3.14838e+02
     Coulomb-14        LJ (SR)   Coulomb (SR)      Potential Pressure (bar)
    4.82370e+02   -2.64117e+02   -1.30567e+03   -5.37106e+02    0.00000e+00

DD  step 1289 load imb.: force 39.3%

           Step           Time
           1290     1290.00000

   Energies (kJ/mol)
           Bond          Angle Ryckaert-Bell.  Improper Dih.          LJ-14
    2.89156e+01    2.08113e+02   -1.47009e+00    2.72231e-03    3.14722e+02
     Coulomb-14        LJ (SR)   Coulomb (SR)      Potential Pressure (bar)
    4.82343e+02   -2.64148e+02   -1.30561e+03   -5.37128e+02    0.00000e+00

           Step           Time
           1291     1291.00000

   Energies (kJ/mol)
           Bond          Angle Ryckaert-Bell.  Improper Dih.          LJ-14
    2.81361e+01    2.08747e+02   -1.47019e+00    2.72322e-03    3.14810e+02
     Coulomb-14        LJ (SR)   Coulomb (SR)      Potential Pressure (bar)
    4.82380e+02   -2.64126e+02   -1.30566e+03   -5.37185e+02    0.00000e+00

           Step           Time
           1292     1292.00000

           Step           Time
           1293     1293.00000

   Energies (kJ/mol)
           Bond          Angle Ryckaert-Bell.  Improper Dih.          LJ-14
    2.85870e+01    2.08339e+02   -1.47035e+00    2.72411e-03    3.14738e+02
     Coulomb-14        LJ (SR)   Coulomb (SR)      Potential Pressure (bar)
    4.82358e+02   -2.64145e+02   -1.30562e+03   -5.37215e+02    0.00000e+00

           Step           Time
           1294     1294.00000

   Energies (kJ/mol)
           Bond          Angle Ryckaert-Bell.  Improper Dih.          LJ-14
    2.80593e+01    2.08793e+02   -1.47059e+00    2.72127e-03    3.14792e+02
     Coulomb-14        LJ (SR)   Coulomb (SR)      Potential Pressure (bar)
    4.82386e+02   -2.64133e+02   -1.30566e+03   -5.37233e+02    0.00000e+00

           Step           Time
           1295     1295.00000

   Energies (kJ/mol)
           Bond          Angle Ryckaert-Bell.  Improper Dih.          LJ-14
    2.87144e+01    2.08208e+02   -1.47075e+00    2.72178e-03    3.14691e+02
     Coulomb-14        LJ (SR)   Coulomb (SR)      Potential Pressure (bar)
    4.82354e+02   -2.64159e+02   -1.30560e+03   -5.37263e+02    0.00000e+00

           Step           Time
           1296     1296.00000

   Energies (kJ/mol)
           Bond          Angle Ryckaert-Bell.  Improper Dih.          LJ-14
    2.79542e+01    2.08875e+02   -1.47095e+00    2.71419e-03    3.14776e+02
     Coulomb-14        LJ (SR)   Coulomb (SR)      Potential Pressure (bar)
    4.82395e+02   -2.64139e+02   -1.30566e+03   -5.37269e+02    0.00000e+00

           Step           Time
           1297     1297.00000

   Energies (kJ/mol)
           Bond          Angle Ryckaert-Bell.  Improper Dih.          LJ-14
    2.89038e+01    2.08043e+02   -1.47112e+00    2.71462e-03    3.14639e+02
     Coulomb-14        LJ (SR)   Coulomb (SR)      Potential Pressure (bar)
    4.82347e+02   -2.64175e+02   -1.30558e+03   -5.37293e+02    0.00000e+00

           Step           Time
           1298     1298.00000

           Step           Time
           1299     1299.00000

   Energies (kJ/mol)
           Bond          Angle Ryckaert-Bell.  Improper Dih.          LJ-14
    2.83000e+01    2.08514e+02   -1.47119e+00    2.71381e-03    3.14704e+02
     Coulomb-14        LJ (SR)   Coulomb (SR)      Potential Pressure (bar)
    4.82377e+02   -2.64158e+02   -1.30562e+03   -5.37356e+02    0.00000e+00

DD  step 1299 load imb.: force 37.4%

           Step           Time
           1300     1300.00000

   Energies (kJ/mol)
           Bond          Angle Ryckaert-Bell.  Improper Dih.          LJ-14
    2.89926e+01    2.07931e+02   -1.47192e+00    2.70906e-03    3.14570e+02
     Coulomb-14        LJ (SR)   Coulomb (SR)      Potential Pressure (bar)
    4.82347e+02   -2.64196e+02   -1.30556e+03   -5.37384e+02    0.00000e+00

           Step           Time
           1301     1301.00000

   Energies (kJ/mol)
           Bond          Angle Ryckaert-Bell.  Improper Dih.          LJ-14
    2.81162e+01    2.08632e+02   -1.47199e+00    2.70828e-03    3.14671e+02
     Coulomb-14        LJ (SR)   Coulomb (SR)      Potential Pressure (bar)
    4.82388e+02   -2.64170e+02   -1.30562e+03   -5.37455e+02    0.00000e+00

           Step           Time
           1302     1302.00000

           Step           Time
           1303     1303.00000

   Energies (kJ/mol)
           Bond          Angle Ryckaert-Bell.  Improper Dih.          LJ-14
    2.85998e+01    2.08196e+02   -1.47214e+00    2.70844e-03    3.14594e+02
     Coulomb-14        LJ (SR)   Coulomb (SR)      Potential Pressure (bar)
    4.82364e+02   -2.64190e+02   -1.30558e+03   -5.37485e+02    0.00000e+00

           Step           Time
           1304     1304.00000

   Energies (kJ/mol)
           Bond          Angle Ryckaert-Bell.  Improper Dih.          LJ-14
    2.80325e+01    2.08688e+02   -1.47233e+00    2.69486e-03    3.14653e+02
     Coulomb-14        LJ (SR)   Coulomb (SR)      Potential Pressure (bar)
    4.82395e+02   -2.64176e+02   -1.30562e+03   -5.37499e+02    0.00000e+00

           Step           Time
           1305     1305.00000

   Energies (kJ/mol)
           Bond          Angle Ryckaert-Bell.  Improper Dih.          LJ-14
    2.87463e+01    2.08053e+02   -1.47250e+00    2.69515e-03    3.14546e+02
     Coulomb-14        LJ (SR)   Coulomb (SR)      Potential Pressure (bar)
    4.82360e+02   -2.64204e+02   -1.30556e+03   -5.37528e+02    0.00000e+00

           Step           Time
           1306     1306.00000

   Energies (kJ/mol)
           Bond          Angle Ryckaert-Bell.  Improper Dih.          LJ-14
    2.79181e+01    2.08782e+02   -1.47272e+00    2.69614e-03    3.14641e+02
     Coulomb-14        LJ (SR)   Coulomb (SR)      Potential Pressure (bar)
    4.82403e+02   -2.64181e+02   -1.30562e+03   -5.37530e+02    0.00000e+00

           Step           Time
           1307     1307.00000

   Energies (kJ/mol)
           Bond          Angle Ryckaert-Bell.  Improper Dih.          LJ-14
    2.89535e+01    2.07878e+02   -1.47285e+00    2.69551e-03    3.14491e+02
     Coulomb-14        LJ (SR)   Coulomb (SR)      Potential Pressure (bar)
    4.82352e+02   -2.64219e+02   -1.30554e+03   -5.37551e+02    0.00000e+00

           Step           Time
           1308     1308.00000

           Step           Time
           1309     1309.00000

   Energies (kJ/mol)
           Bond          Angle Ryckaert-Bell.  Improper Dih.          LJ-14
    2.82945e+01    2.08388e+02   -1.47291e+00    2.69403e-03    3.14564e+02
     Coulomb-14        LJ (SR)   Coulomb (SR)      Potential Pressure (bar)
    4.82383e+02   -2.64201e+02   -1.30558e+03   -5.37626e+02    0.00000e+00

DD  step 1309 load imb.: force 47.6%

           Step           Time
           1310     1310.00000

   Energies (kJ/mol)
           Bond          Angle Ryckaert-Bell.  Improper Dih.          LJ-14
    2.90528e+01    2.07751e+02   -1.47364e+00    2.67527e-03    3.14425e+02
     Coulomb-14        LJ (SR)   Coulomb (SR)      Potential Pressure (bar)
    4.82352e+02   -2.64241e+02   -1.30551e+03   -5.37643e+02    0.00000e+00

           Step           Time
           1311     1311.00000

   Energies (kJ/mol)
           Bond          Angle Ryckaert-Bell.  Improper Dih.          LJ-14
    2.81162e+01    2.08494e+02   -1.47373e+00    2.67415e-03    3.14527e+02
     Coulomb-14        LJ (SR)   Coulomb (SR)      Potential Pressure (bar)
    4.82396e+02   -2.64215e+02   -1.30558e+03   -5.37730e+02    0.00000e+00

           Step           Time
           1312     1312.00000

           Step           Time
           1313     1313.00000

   Energies (kJ/mol)
           Bond          Angle Ryckaert-Bell.  Improper Dih.          LJ-14
    2.86598e+01    2.08012e+02   -1.47384e+00    2.67309e-03    3.14443e+02
     Coulomb-14        LJ (SR)   Coulomb (SR)      Potential Pressure (bar)
    4.82369e+02   -2.64237e+02   -1.30553e+03   -5.37755e+02    0.00000e+00

           Step           Time
           1314     1314.00000

   Energies (kJ/mol)
           Bond          Angle Ryckaert-Bell.  Improper Dih.          LJ-14
    2.80371e+01    2.08548e+02   -1.47405e+00    2.67450e-03    3.14510e+02
     Coulomb-14        LJ (SR)   Coulomb (SR)      Potential Pressure (bar)
    4.82402e+02   -2.64220e+02   -1.30558e+03   -5.37773e+02    0.00000e+00

           Step           Time
           1315     1315.00000

   Energies (kJ/mol)
           Bond          Angle Ryckaert-Bell.  Improper Dih.          LJ-14
    2.88156e+01    2.07866e+02   -1.47421e+00    2.67535e-03    3.14397e+02
     Coulomb-14        LJ (SR)   Coulomb (SR)      Potential Pressure (bar)
    4.82364e+02   -2.64251e+02   -1.30551e+03   -5.37792e+02    0.00000e+00

           Step           Time
           1316     1316.00000

   Energies (kJ/mol)
           Bond          Angle Ryckaert-Bell.  Improper Dih.          LJ-14
    2.79118e+01    2.08654e+02   -1.47438e+00    2.67766e-03    3.14501e+02
     Coulomb-14        LJ (SR)   Coulomb (SR)      Potential Pressure (bar)
    4.82410e+02   -2.64224e+02   -1.30558e+03   -5.37801e+02    0.00000e+00

           Step           Time
           1317     1317.00000

   Energies (kJ/mol)
           Bond          Angle Ryckaert-Bell.  Improper Dih.          LJ-14
    2.90412e+01    2.07682e+02   -1.47455e+00    2.67758e-03    3.14341e+02
     Coulomb-14        LJ (SR)   Coulomb (SR)      Potential Pressure (bar)
    4.82355e+02   -2.64266e+02   -1.30549e+03   -5.37806e+02    0.00000e+00

           Step           Time
           1318     1318.00000

           Step           Time
           1319     1319.00000

   Energies (kJ/mol)
           Bond          Angle Ryckaert-Bell.  Improper Dih.          LJ-14
    2.83163e+01    2.08232e+02   -1.47460e+00    2.67614e-03    3.14420e+02
     Coulomb-14        LJ (SR)   Coulomb (SR)      Potential Pressure (bar)
    4.82391e+02   -2.64246e+02   -1.30554e+03   -5.37897e+02    0.00000e+00

DD  step 1319 load imb.: force 49.3%

           Step           Time
           1320     1320.00000

   Energies (kJ/mol)
           Bond          Angle Ryckaert-Bell.  Improper Dih.          LJ-14
    2.90872e+01    2.07569e+02   -1.47576e+00    2.66171e-03    3.14248e+02
     Coulomb-14        LJ (SR)   Coulomb (SR)      Potential Pressure (bar)
    4.82360e+02   -2.64294e+02   -1.30546e+03   -5.37962e+02    0.00000e+00

           Step           Time
           1321     1321.00000

   Energies (kJ/mol)
           Bond          Angle Ryckaert-Bell.  Improper Dih.          LJ-14
    2.80821e+01    2.08365e+02   -1.47577e+00    2.65443e-03    3.14360e+02
     Coulomb-14        LJ (SR)   Coulomb (SR)      Potential Pressure (bar)
    4.82409e+02   -2.64266e+02   -1.30553e+03   -5.38054e+02    0.00000e+00

           Step           Time
           1322     1322.00000

           Step           Time
           1323     1323.00000

   Energies (kJ/mol)
           Bond          Angle Ryckaert-Bell.  Improper Dih.          LJ-14
    2.86496e+01    2.07858e+02   -1.47591e+00    2.65450e-03    3.14272e+02
     Coulomb-14        LJ (SR)   Coulomb (SR)      Potential Pressure (bar)
    4.82382e+02   -2.64290e+02   -1.30548e+03   -5.38082e+02    0.00000e+00

           Step           Time
           1324     1324.00000

   Energies (kJ/mol)
           Bond          Angle Ryckaert-Bell.  Improper Dih.          LJ-14
    2.79895e+01    2.08430e+02   -1.47610e+00    2.65252e-03    3.14346e+02
     Coulomb-14        LJ (SR)   Coulomb (SR)      Potential Pressure (bar)
    4.82416e+02   -2.64272e+02   -1.30553e+03   -5.38094e+02    0.00000e+00

           Step           Time
           1325     1325.00000

   Energies (kJ/mol)
           Bond          Angle Ryckaert-Bell.  Improper Dih.          LJ-14
    2.88110e+01    2.07711e+02   -1.47626e+00    2.65283e-03    3.14225e+02
     Coulomb-14        LJ (SR)   Coulomb (SR)      Potential Pressure (bar)
    4.82375e+02   -2.64303e+02   -1.30546e+03   -5.38117e+02    0.00000e+00

           Step           Time
           1326     1326.00000

   Energies (kJ/mol)
           Bond          Angle Ryckaert-Bell.  Improper Dih.          LJ-14
    2.78691e+01    2.08537e+02   -1.47647e+00    2.65339e-03    3.14335e+02
     Coulomb-14        LJ (SR)   Coulomb (SR)      Potential Pressure (bar)
    4.82425e+02   -2.64275e+02   -1.30553e+03   -5.38118e+02    0.00000e+00

           Step           Time
           1327     1327.00000

   Energies (kJ/mol)
           Bond          Angle Ryckaert-Bell.  Improper Dih.          LJ-14
    2.90765e+01    2.07503e+02   -1.47663e+00    2.65394e-03    3.14163e+02
     Coulomb-14        LJ (SR)   Coulomb (SR)      Potential Pressure (bar)
    4.82364e+02   -2.64321e+02   -1.30543e+03   -5.38122e+02    0.00000e+00

           Step           Time
           1328     1328.00000

           Step           Time
           1329     1329.00000

   Energies (kJ/mol)
           Bond          Angle Ryckaert-Bell.  Improper Dih.          LJ-14
    2.83013e+01    2.08086e+02   -1.47669e+00    2.65257e-03    3.14250e+02
     Coulomb-14        LJ (SR)   Coulomb (SR)      Potential Pressure (bar)
    4.82401e+02   -2.64299e+02   -1.30549e+03   -5.38224e+02    0.00000e+00

DD  step 1329 load imb.: force 37.7%

           Step           Time
           1330     1330.00000

   Energies (kJ/mol)
           Bond          Angle Ryckaert-Bell.  Improper Dih.          LJ-14
    2.91899e+01    2.07343e+02   -1.47774e+00    2.64506e-03    3.14068e+02
     Coulomb-14        LJ (SR)   Coulomb (SR)      Potential Pressure (bar)
    4.82364e+02   -2.64351e+02   -1.30540e+03   -5.38259e+02    0.00000e+00

           Step           Time
           1331     1331.00000

   Energies (kJ/mol)
           Bond          Angle Ryckaert-Bell.  Improper Dih.          LJ-14
    2.81046e+01    2.08186e+02   -1.47776e+00    2.63869e-03    3.14189e+02
     Coulomb-14        LJ (SR)   Coulomb (SR)      Potential Pressure (bar)
    4.82415e+02   -2.64320e+02   -1.30548e+03   -5.38379e+02    0.00000e+00

           Step           Time
           1332     1332.00000

           Step           Time
           1333     1333.00000

   Energies (kJ/mol)
           Bond          Angle Ryckaert-Bell.  Improper Dih.          LJ-14
    2.87094e+01    2.07656e+02   -1.47794e+00    2.63378e-03    3.14096e+02
     Coulomb-14        LJ (SR)   Coulomb (SR)      Potential Pressure (bar)
    4.82386e+02   -2.64345e+02   -1.30543e+03   -5.38398e+02    0.00000e+00

           Step           Time
           1334     1334.00000

   Energies (kJ/mol)
           Bond          Angle Ryckaert-Bell.  Improper Dih.          LJ-14
    2.80062e+01    2.08259e+02   -1.47813e+00    2.63397e-03    3.14176e+02
     Coulomb-14        LJ (SR)   Coulomb (SR)      Potential Pressure (bar)
    4.82422e+02   -2.64325e+02   -1.30548e+03   -5.38417e+02    0.00000e+00

           Step           Time
           1335     1335.00000

   Energies (kJ/mol)
           Bond          Angle Ryckaert-Bell.  Improper Dih.          LJ-14
    2.89002e+01    2.07492e+02   -1.47832e+00    2.63347e-03    3.14044e+02
     Coulomb-14        LJ (SR)   Coulomb (SR)      Potential Pressure (bar)
    4.82378e+02   -2.64360e+02   -1.30540e+03   -5.38425e+02    0.00000e+00

           Step           Time
           1336     1336.00000

   Energies (kJ/mol)
           Bond          Angle Ryckaert-Bell.  Improper Dih.          LJ-14
    2.78620e+01    2.08386e+02   -1.47849e+00    2.63393e-03    3.14171e+02
     Coulomb-14        LJ (SR)   Coulomb (SR)      Potential Pressure (bar)
    4.82431e+02   -2.64328e+02   -1.30548e+03   -5.38439e+02    0.00000e+00

           Step           Time
           1337     1337.00000

           Step           Time
           1338     1338.00000

   Energies (kJ/mol)
           Bond          Angle Ryckaert-Bell.  Improper Dih.          LJ-14
    2.84438e+01    2.07817e+02   -1.47852e+00    2.63265e-03    3.14081e+02
     Coulomb-14        LJ (SR)   Coulomb (SR)      Potential Pressure (bar)
    4.82401e+02   -2.64352e+02   -1.30543e+03   -5.38516e+02    0.00000e+00

           Step           Time
           1339     1339.00000

   Energies (kJ/mol)
           Bond          Angle Ryckaert-Bell.  Improper Dih.          LJ-14
    2.77759e+01    2.08429e+02   -1.47940e+00    2.62180e-03    3.14117e+02
     Coulomb-14        LJ (SR)   Coulomb (SR)      Potential Pressure (bar)
    4.82442e+02   -2.64346e+02   -1.30547e+03   -5.38531e+02    0.00000e+00

DD  step 1339 load imb.: force 47.6%

           Step           Time
           1340     1340.00000

   Energies (kJ/mol)
           Bond          Angle Ryckaert-Bell.  Improper Dih.          LJ-14
    2.85957e+01    2.07630e+02   -1.47940e+00    2.61368e-03    3.13994e+02
     Coulomb-14        LJ (SR)   Coulomb (SR)      Potential Pressure (bar)
    4.82397e+02   -2.64378e+02   -1.30540e+03   -5.38635e+02    0.00000e+00

           Step           Time
           1341     1341.00000

           Step           Time
           1342     1342.00000

   Energies (kJ/mol)
           Bond          Angle Ryckaert-Bell.  Improper Dih.          LJ-14
    2.80702e+01    2.08081e+02   -1.47954e+00    2.61211e-03    3.14049e+02
     Coulomb-14        LJ (SR)   Coulomb (SR)      Potential Pressure (bar)
    4.82425e+02   -2.64365e+02   -1.30544e+03   -5.38655e+02    0.00000e+00

           Step           Time
           1343     1343.00000

   Energies (kJ/mol)
           Bond          Angle Ryckaert-Bell.  Improper Dih.          LJ-14
    2.87247e+01    2.07504e+02   -1.47973e+00    2.61260e-03    3.13952e+02
     Coulomb-14        LJ (SR)   Coulomb (SR)      Potential Pressure (bar)
    4.82391e+02   -2.64391e+02   -1.30538e+03   -5.38674e+02    0.00000e+00

           Step           Time
           1344     1344.00000

   Energies (kJ/mol)
           Bond          Angle Ryckaert-Bell.  Improper Dih.          LJ-14
    2.79448e+01    2.08182e+02   -1.47991e+00    2.61316e-03    3.14041e+02
     Coulomb-14        LJ (SR)   Coulomb (SR)      Potential Pressure (bar)
    4.82433e+02   -2.64369e+02   -1.30544e+03   -5.38685e+02    0.00000e+00

           Step           Time
           1345     1345.00000

   Energies (kJ/mol)
           Bond          Angle Ryckaert-Bell.  Improper Dih.          LJ-14
    2.88981e+01    2.07352e+02   -1.48004e+00    2.61381e-03    3.13905e+02
     Coulomb-14        LJ (SR)   Coulomb (SR)      Potential Pressure (bar)
    4.82385e+02   -2.64404e+02   -1.30536e+03   -5.38701e+02    0.00000e+00

           Step           Time
           1346     1346.00000

           Step           Time
           1347     1347.00000

   Energies (kJ/mol)
           Bond          Angle Ryckaert-Bell.  Improper Dih.          LJ-14
    2.82784e+01    2.07833e+02   -1.48011e+00    2.61242e-03    3.13973e+02
     Coulomb-14        LJ (SR)   Coulomb (SR)      Potential Pressure (bar)
    4.82415e+02   -2.64388e+02   -1.30540e+03   -5.38769e+02    0.00000e+00

           Step           Time
           1348     1348.00000

   Energies (kJ/mol)
           Bond          Angle Ryckaert-Bell.  Improper Dih.          LJ-14
    2.89330e+01    2.07277e+02   -1.48082e+00    2.61184e-03    3.13843e+02
     Coulomb-14        LJ (SR)   Coulomb (SR)      Potential Pressure (bar)
    4.82387e+02   -2.64424e+02   -1.30534e+03   -5.38800e+02    0.00000e+00

           Step           Time
           1349     1349.00000

   Energies (kJ/mol)
           Bond          Angle Ryckaert-Bell.  Improper Dih.          LJ-14
    2.80699e+01    2.07974e+02   -1.48093e+00    2.60696e-03    3.13943e+02
     Coulomb-14        LJ (SR)   Coulomb (SR)      Potential Pressure (bar)
    4.82430e+02   -2.64399e+02   -1.30540e+03   -5.38864e+02    0.00000e+00

DD  step 1349 load imb.: force 42.8%

           Step           Time
           1350     1350.00000

DD  step 1349 load imb.: force 38.0%

           Step           Time
           1351     1351.00000

   Energies (kJ/mol)
           Bond          Angle Ryckaert-Bell.  Improper Dih.          LJ-14
    2.85565e+01    2.07532e+02   -1.48104e+00    2.60775e-03    3.13868e+02
     Coulomb-14        LJ (SR)   Coulomb (SR)      Potential Pressure (bar)
    4.82406e+02   -2.64419e+02   -1.30536e+03   -5.38894e+02    0.00000e+00

           Step           Time
           1352     1352.00000

   Energies (kJ/mol)
           Bond          Angle Ryckaert-Bell.  Improper Dih.          LJ-14
    2.79792e+01    2.08036e+02   -1.48122e+00    2.59321e-03    3.13929e+02
     Coulomb-14        LJ (SR)   Coulomb (SR)      Potential Pressure (bar)
    4.82438e+02   -2.64405e+02   -1.30540e+03   -5.38904e+02    0.00000e+00

           Step           Time
           1353     1353.00000

   Energies (kJ/mol)
           Bond          Angle Ryckaert-Bell.  Improper Dih.          LJ-14
    2.86715e+01    2.07413e+02   -1.48137e+00    2.59435e-03    3.13824e+02
     Coulomb-14        LJ (SR)   Coulomb (SR)      Potential Pressure (bar)
    4.82403e+02   -2.64432e+02   -1.30534e+03   -5.38941e+02    0.00000e+00

           Step           Time
           1354     1354.00000

           Step           Time
           1355     1355.00000

   Energies (kJ/mol)
           Bond          Angle Ryckaert-Bell.  Improper Dih.          LJ-14
    2.82327e+01    2.07769e+02   -1.48141e+00    2.59436e-03    3.13872e+02
     Coulomb-14        LJ (SR)   Coulomb (SR)      Potential Pressure (bar)
    4.82423e+02   -2.64420e+02   -1.30537e+03   -5.38976e+02    0.00000e+00

           Step           Time
           1356     1356.00000

   Energies (kJ/mol)
           Bond          Angle Ryckaert-Bell.  Improper Dih.          LJ-14
    2.87652e+01    2.07309e+02   -1.48186e+00    2.58552e-03    3.13778e+02
     Coulomb-14        LJ (SR)   Coulomb (SR)      Potential Pressure (bar)
    4.82400e+02   -2.64446e+02   -1.30532e+03   -5.38997e+02    0.00000e+00

           Step           Time
           1357     1357.00000

   Energies (kJ/mol)
           Bond          Angle Ryckaert-Bell.  Improper Dih.          LJ-14
    2.81211e+01    2.07840e+02   -1.48194e+00    2.58525e-03    3.13850e+02
     Coulomb-14        LJ (SR)   Coulomb (SR)      Potential Pressure (bar)
    4.82432e+02   -2.64428e+02   -1.30537e+03   -5.39037e+02    0.00000e+00

           Step           Time
           1358     1358.00000

           Step           Time
           1359     1359.00000

   Energies (kJ/mol)
           Bond          Angle Ryckaert-Bell.  Improper Dih.          LJ-14
    2.84821e+01    2.07509e+02   -1.48205e+00    2.58618e-03    3.13792e+02
     Coulomb-14        LJ (SR)   Coulomb (SR)      Potential Pressure (bar)
    4.82414e+02   -2.64444e+02   -1.30534e+03   -5.39065e+02    0.00000e+00

DD  step 1359 load imb.: force 47.2%

           Step           Time
           1360     1360.00000

   Energies (kJ/mol)
           Bond          Angle Ryckaert-Bell.  Improper Dih.          LJ-14
    2.80617e+01    2.07868e+02   -1.48232e+00    2.58622e-03    3.13830e+02
     Coulomb-14        LJ (SR)   Coulomb (SR)      Potential Pressure (bar)
    4.82437e+02   -2.64436e+02   -1.30537e+03   -5.39088e+02    0.00000e+00

           Step           Time
           1361     1361.00000

   Energies (kJ/mol)
           Bond          Angle Ryckaert-Bell.  Improper Dih.          LJ-14
    2.85908e+01    2.07393e+02   -1.48248e+00    2.58723e-03    3.13748e+02
     Coulomb-14        LJ (SR)   Coulomb (SR)      Potential Pressure (bar)
    4.82409e+02   -2.64458e+02   -1.30532e+03   -5.39118e+02    0.00000e+00

           Step           Time
           1362     1362.00000

   Energies (kJ/mol)
           Bond          Angle Ryckaert-Bell.  Improper Dih.          LJ-14
    2.79743e+01    2.07929e+02   -1.48267e+00    2.58446e-03    3.13816e+02
     Coulomb-14        LJ (SR)   Coulomb (SR)      Potential Pressure (bar)
    4.82443e+02   -2.64442e+02   -1.30537e+03   -5.39127e+02    0.00000e+00

           Step           Time
           1363     1363.00000

   Energies (kJ/mol)
           Bond          Angle Ryckaert-Bell.  Improper Dih.          LJ-14
    2.87239e+01    2.07262e+02   -1.48284e+00    2.58545e-03    3.13705e+02
     Coulomb-14        LJ (SR)   Coulomb (SR)      Potential Pressure (bar)
    4.82405e+02   -2.64471e+02   -1.30530e+03   -5.39157e+02    0.00000e+00

           Step           Time
           1364     1364.00000

           Step           Time
           1365     1365.00000

   Energies (kJ/mol)
           Bond          Angle Ryckaert-Bell.  Improper Dih.          LJ-14
    2.82501e+01    2.07640e+02   -1.48285e+00    2.58415e-03    3.13757e+02
     Coulomb-14        LJ (SR)   Coulomb (SR)      Potential Pressure (bar)
    4.82429e+02   -2.64458e+02   -1.30534e+03   -5.39199e+02    0.00000e+00

           Step           Time
           1366     1366.00000

   Energies (kJ/mol)
           Bond          Angle Ryckaert-Bell.  Improper Dih.          LJ-14
    2.88199e+01    2.07150e+02   -1.48337e+00    2.57440e-03    3.13653e+02
     Coulomb-14        LJ (SR)   Coulomb (SR)      Potential Pressure (bar)
    4.82403e+02   -2.64487e+02   -1.30528e+03   -5.39224e+02    0.00000e+00

           Step           Time
           1367     1367.00000

   Energies (kJ/mol)
           Bond          Angle Ryckaert-Bell.  Improper Dih.          LJ-14
    2.81124e+01    2.07726e+02   -1.48345e+00    2.57376e-03    3.13732e+02
     Coulomb-14        LJ (SR)   Coulomb (SR)      Potential Pressure (bar)
    4.82437e+02   -2.64467e+02   -1.30533e+03   -5.39275e+02    0.00000e+00

           Step           Time
           1368     1368.00000

           Step           Time
           1369     1369.00000

   Energies (kJ/mol)
           Bond          Angle Ryckaert-Bell.  Improper Dih.          LJ-14
    2.85104e+01    2.07364e+02   -1.48358e+00    2.57474e-03    3.13668e+02
     Coulomb-14        LJ (SR)   Coulomb (SR)      Potential Pressure (bar)
    4.82419e+02   -2.64484e+02   -1.30530e+03   -5.39301e+02    0.00000e+00

DD  step 1369 load imb.: force 49.8%

           Step           Time
           1370     1370.00000

   Energies (kJ/mol)
           Bond          Angle Ryckaert-Bell.  Improper Dih.          LJ-14
    2.80542e+01    2.07751e+02   -1.48375e+00    2.57368e-03    3.13715e+02
     Coulomb-14        LJ (SR)   Coulomb (SR)      Potential Pressure (bar)
    4.82444e+02   -2.64473e+02   -1.30533e+03   -5.39322e+02    0.00000e+00

           Step           Time
           1371     1371.00000

   Energies (kJ/mol)
           Bond          Angle Ryckaert-Bell.  Improper Dih.          LJ-14
    2.86275e+01    2.07242e+02   -1.48394e+00    2.57463e-03    3.13626e+02
     Coulomb-14        LJ (SR)   Coulomb (SR)      Potential Pressure (bar)
    4.82416e+02   -2.64496e+02   -1.30528e+03   -5.39348e+02    0.00000e+00

           Step           Time
           1372     1372.00000

   Energies (kJ/mol)
           Bond          Angle Ryckaert-Bell.  Improper Dih.          LJ-14
    2.79573e+01    2.07827e+02   -1.48415e+00    2.56748e-03    3.13701e+02
     Coulomb-14        LJ (SR)   Coulomb (SR)      Potential Pressure (bar)
    4.82450e+02   -2.64478e+02   -1.30533e+03   -5.39358e+02    0.00000e+00

           Step           Time
           1373     1373.00000

   Energies (kJ/mol)
           Bond          Angle Ryckaert-Bell.  Improper Dih.          LJ-14
    2.87908e+01    2.07094e+02   -1.48430e+00    2.56728e-03    3.13580e+02
     Coulomb-14        LJ (SR)   Coulomb (SR)      Potential Pressure (bar)
    4.82410e+02   -2.64510e+02   -1.30526e+03   -5.39378e+02    0.00000e+00

           Step           Time
           1374     1374.00000

           Step           Time
           1375     1375.00000

   Energies (kJ/mol)
           Bond          Angle Ryckaert-Bell.  Improper Dih.          LJ-14
    2.82687e+01    2.07503e+02   -1.48430e+00    2.56601e-03    3.13638e+02
     Coulomb-14        LJ (SR)   Coulomb (SR)      Potential Pressure (bar)
    4.82435e+02   -2.64496e+02   -1.30530e+03   -5.39433e+02    0.00000e+00

           Step           Time
           1376     1376.00000

   Energies (kJ/mol)
           Bond          Angle Ryckaert-Bell.  Improper Dih.          LJ-14
    2.88354e+01    2.07010e+02   -1.48507e+00    2.55605e-03    3.13517e+02
     Coulomb-14        LJ (SR)   Coulomb (SR)      Potential Pressure (bar)
    4.82409e+02   -2.64529e+02   -1.30524e+03   -5.39480e+02    0.00000e+00

           Step           Time
           1377     1377.00000

   Energies (kJ/mol)
           Bond          Angle Ryckaert-Bell.  Improper Dih.          LJ-14
    2.81086e+01    2.07596e+02   -1.48504e+00    2.55536e-03    3.13602e+02
     Coulomb-14        LJ (SR)   Coulomb (SR)      Potential Pressure (bar)
    4.82445e+02   -2.64509e+02   -1.30530e+03   -5.39535e+02    0.00000e+00

           Step           Time
           1378     1378.00000

           Step           Time
           1379     1379.00000

   Energies (kJ/mol)
           Bond          Angle Ryckaert-Bell.  Improper Dih.          LJ-14
    2.85214e+01    2.07225e+02   -1.48516e+00    2.55574e-03    3.13537e+02
     Coulomb-14        LJ (SR)   Coulomb (SR)      Potential Pressure (bar)
    4.82424e+02   -2.64526e+02   -1.30526e+03   -5.39560e+02    0.00000e+00

DD  step 1379 load imb.: force 46.5%

           Step           Time
           1380     1380.00000

   Energies (kJ/mol)
           Bond          Angle Ryckaert-Bell.  Improper Dih.          LJ-14
    2.80388e+01    2.07639e+02   -1.48534e+00    2.55579e-03    3.13585e+02
     Coulomb-14        LJ (SR)   Coulomb (SR)      Potential Pressure (bar)
    4.82451e+02   -2.64515e+02   -1.30529e+03   -5.39579e+02    0.00000e+00

           Step           Time
           1381     1381.00000

   Energies (kJ/mol)
           Bond          Angle Ryckaert-Bell.  Improper Dih.          LJ-14
    2.86291e+01    2.07115e+02   -1.48549e+00    2.55677e-03    3.13494e+02
     Coulomb-14        LJ (SR)   Coulomb (SR)      Potential Pressure (bar)
    4.82422e+02   -2.64539e+02   -1.30524e+03   -5.39605e+02    0.00000e+00

           Step           Time
           1382     1382.00000

   Energies (kJ/mol)
           Bond          Angle Ryckaert-Bell.  Improper Dih.          LJ-14
    2.79338e+01    2.07721e+02   -1.48572e+00    2.55823e-03    3.13575e+02
     Coulomb-14        LJ (SR)   Coulomb (SR)      Potential Pressure (bar)
    4.82459e+02   -2.64520e+02   -1.30530e+03   -5.39611e+02    0.00000e+00

           Step           Time
           1383     1383.00000

   Energies (kJ/mol)
           Bond          Angle Ryckaert-Bell.  Improper Dih.          LJ-14
    2.87970e+01    2.06966e+02   -1.48585e+00    2.55908e-03    3.13446e+02
     Coulomb-14        LJ (SR)   Coulomb (SR)      Potential Pressure (bar)
    4.82416e+02   -2.64553e+02   -1.30522e+03   -5.39634e+02    0.00000e+00

           Step           Time
           1384     1384.00000

           Step           Time
           1385     1385.00000

   Energies (kJ/mol)
           Bond          Angle Ryckaert-Bell.  Improper Dih.          LJ-14
    2.82458e+01    2.07398e+02   -1.48589e+00    2.55789e-03    3.13508e+02
     Coulomb-14        LJ (SR)   Coulomb (SR)      Potential Pressure (bar)
    4.82443e+02   -2.64537e+02   -1.30526e+03   -5.39689e+02    0.00000e+00

           Step           Time
           1386     1386.00000

   Energies (kJ/mol)
           Bond          Angle Ryckaert-Bell.  Improper Dih.          LJ-14
    2.88540e+01    2.06877e+02   -1.48648e+00    2.54707e-03    3.13393e+02
     Coulomb-14        LJ (SR)   Coulomb (SR)      Potential Pressure (bar)
    4.82416e+02   -2.64571e+02   -1.30520e+03   -5.39718e+02    0.00000e+00

           Step           Time
           1387     1387.00000

   Energies (kJ/mol)
           Bond          Angle Ryckaert-Bell.  Improper Dih.          LJ-14
    2.81000e+01    2.07483e+02   -1.48657e+00    2.54752e-03    3.13480e+02
     Coulomb-14        LJ (SR)   Coulomb (SR)      Potential Pressure (bar)
    4.82453e+02   -2.64549e+02   -1.30526e+03   -5.39778e+02    0.00000e+00

           Step           Time
           1388     1388.00000

           Step           Time
           1389     1389.00000

   Energies (kJ/mol)
           Bond          Angle Ryckaert-Bell.  Improper Dih.          LJ-14
    2.85257e+01    2.07103e+02   -1.48666e+00    2.54643e-03    3.13411e+02
     Coulomb-14        LJ (SR)   Coulomb (SR)      Potential Pressure (bar)
    4.82431e+02   -2.64567e+02   -1.30522e+03   -5.39803e+02    0.00000e+00

DD  step 1389 load imb.: force 45.0%

           Step           Time
           1390     1390.00000

   Energies (kJ/mol)
           Bond          Angle Ryckaert-Bell.  Improper Dih.          LJ-14
    2.80241e+01    2.07533e+02   -1.48687e+00    2.54525e-03    3.13463e+02
     Coulomb-14        LJ (SR)   Coulomb (SR)      Potential Pressure (bar)
    4.82458e+02   -2.64556e+02   -1.30526e+03   -5.39821e+02    0.00000e+00

           Step           Time
           1391     1391.00000

   Energies (kJ/mol)
           Bond          Angle Ryckaert-Bell.  Improper Dih.          LJ-14
    2.86353e+01    2.06994e+02   -1.48702e+00    2.54629e-03    3.13369e+02
     Coulomb-14        LJ (SR)   Coulomb (SR)      Potential Pressure (bar)
    4.82427e+02   -2.64580e+02   -1.30521e+03   -5.39846e+02    0.00000e+00

           Step           Time
           1392     1392.00000

   Energies (kJ/mol)
           Bond          Angle Ryckaert-Bell.  Improper Dih.          LJ-14
    2.79216e+01    2.07616e+02   -1.48721e+00    2.54035e-03    3.13451e+02
     Coulomb-14        LJ (SR)   Coulomb (SR)      Potential Pressure (bar)
    4.82465e+02   -2.64560e+02   -1.30526e+03   -5.39853e+02    0.00000e+00

           Step           Time
           1393     1393.00000

   Energies (kJ/mol)
           Bond          Angle Ryckaert-Bell.  Improper Dih.          LJ-14
    2.88023e+01    2.06844e+02   -1.48735e+00    2.54155e-03    3.13324e+02
     Coulomb-14        LJ (SR)   Coulomb (SR)      Potential Pressure (bar)
    4.82422e+02   -2.64594e+02   -1.30519e+03   -5.39873e+02    0.00000e+00

           Step           Time
           1394     1394.00000

           Step           Time
           1395     1395.00000

   Energies (kJ/mol)
           Bond          Angle Ryckaert-Bell.  Improper Dih.          LJ-14
    2.82422e+01    2.07282e+02   -1.48740e+00    2.54029e-03    3.13386e+02
     Coulomb-14        LJ (SR)   Coulomb (SR)      Potential Pressure (bar)
    4.82449e+02   -2.64578e+02   -1.30523e+03   -5.39930e+02    0.00000e+00

           Step           Time
           1396     1396.00000

   Energies (kJ/mol)
           Bond          Angle Ryckaert-Bell.  Improper Dih.          LJ-14
    2.88782e+01    2.06738e+02   -1.48810e+00    2.53191e-03    3.13263e+02
     Coulomb-14        LJ (SR)   Coulomb (SR)      Potential Pressure (bar)
    4.82423e+02   -2.64612e+02   -1.30516e+03   -5.39957e+02    0.00000e+00

           Step           Time
           1397     1397.00000

   Energies (kJ/mol)
           Bond          Angle Ryckaert-Bell.  Improper Dih.          LJ-14
    2.80901e+01    2.07372e+02   -1.48816e+00    2.53192e-03    3.13353e+02
     Coulomb-14        LJ (SR)   Coulomb (SR)      Potential Pressure (bar)
    4.82460e+02   -2.64590e+02   -1.30522e+03   -5.40024e+02    0.00000e+00

           Step           Time
           1398     1398.00000

           Step           Time
           1399     1399.00000

   Energies (kJ/mol)
           Bond          Angle Ryckaert-Bell.  Improper Dih.          LJ-14
    2.85396e+01    2.06972e+02   -1.48829e+00    2.53198e-03    3.13281e+02
     Coulomb-14        LJ (SR)   Coulomb (SR)      Potential Pressure (bar)
    4.82437e+02   -2.64609e+02   -1.30518e+03   -5.40050e+02    0.00000e+00

DD  step 1399 load imb.: force 49.6%

           Step           Time
           1400     1400.00000

   Energies (kJ/mol)
           Bond          Angle Ryckaert-Bell.  Improper Dih.          LJ-14
    2.80220e+01    2.07415e+02   -1.48847e+00    2.52438e-03    3.13336e+02
     Coulomb-14        LJ (SR)   Coulomb (SR)      Potential Pressure (bar)
    4.82465e+02   -2.64596e+02   -1.30522e+03   -5.40066e+02    0.00000e+00

           Step           Time
           1401     1401.00000

   Energies (kJ/mol)
           Bond          Angle Ryckaert-Bell.  Improper Dih.          LJ-14
    2.86673e+01    2.06846e+02   -1.48858e+00    2.52492e-03    3.13240e+02
     Coulomb-14        LJ (SR)   Coulomb (SR)      Potential Pressure (bar)
    4.82432e+02   -2.64621e+02   -1.30517e+03   -5.40088e+02    0.00000e+00

           Step           Time
           1402     1402.00000

   Energies (kJ/mol)
           Bond          Angle Ryckaert-Bell.  Improper Dih.          LJ-14
    2.79020e+01    2.07515e+02   -1.48881e+00    2.52526e-03    3.13328e+02
     Coulomb-14        LJ (SR)   Coulomb (SR)      Potential Pressure (bar)
    4.82473e+02   -2.64600e+02   -1.30523e+03   -5.40094e+02    0.00000e+00

           Step           Time
           1403     1403.00000

   Energies (kJ/mol)
           Bond          Angle Ryckaert-Bell.  Improper Dih.          LJ-14
    2.88599e+01    2.06683e+02   -1.48895e+00    2.51732e-03    3.13191e+02
     Coulomb-14        LJ (SR)   Coulomb (SR)      Potential Pressure (bar)
    4.82426e+02   -2.64636e+02   -1.30515e+03   -5.40108e+02    0.00000e+00

           Step           Time
           1404     1404.00000

           Step           Time
           1405     1405.00000

   Energies (kJ/mol)
           Bond          Angle Ryckaert-Bell.  Improper Dih.          LJ-14
    2.82468e+01    2.07157e+02   -1.48900e+00    2.51599e-03    3.13259e+02
     Coulomb-14        LJ (SR)   Coulomb (SR)      Potential Pressure (bar)
    4.82456e+02   -2.64619e+02   -1.30519e+03   -5.40177e+02    0.00000e+00

           Step           Time
           1406     1406.00000

   Energies (kJ/mol)
           Bond          Angle Ryckaert-Bell.  Improper Dih.          LJ-14
    2.89444e+01    2.06561e+02   -1.48982e+00    2.50334e-03    3.13116e+02
     Coulomb-14        LJ (SR)   Coulomb (SR)      Potential Pressure (bar)
    4.82427e+02   -2.64660e+02   -1.30512e+03   -5.40217e+02    0.00000e+00

           Step           Time
           1407     1407.00000

   Energies (kJ/mol)
           Bond          Angle Ryckaert-Bell.  Improper Dih.          LJ-14
    2.80609e+01    2.07264e+02   -1.48987e+00    2.50143e-03    3.13218e+02
     Coulomb-14        LJ (SR)   Coulomb (SR)      Potential Pressure (bar)
    4.82470e+02   -2.64635e+02   -1.30518e+03   -5.40293e+02    0.00000e+00

           Step           Time
           1408     1408.00000

           Step           Time
           1409     1409.00000

   Energies (kJ/mol)
           Bond          Angle Ryckaert-Bell.  Improper Dih.          LJ-14
    2.85488e+01    2.06829e+02   -1.49000e+00    2.50106e-03    3.13142e+02
     Coulomb-14        LJ (SR)   Coulomb (SR)      Potential Pressure (bar)
    4.82445e+02   -2.64655e+02   -1.30514e+03   -5.40319e+02    0.00000e+00

DD  step 1409 load imb.: force 50.8%

           Step           Time
           1410     1410.00000

   Energies (kJ/mol)
           Bond          Angle Ryckaert-Bell.  Improper Dih.          LJ-14
    2.79721e+01    2.07330e+02   -1.49018e+00    2.49743e-03    3.13204e+02
     Coulomb-14        LJ (SR)   Coulomb (SR)      Potential Pressure (bar)
    4.82476e+02   -2.64640e+02   -1.30519e+03   -5.40332e+02    0.00000e+00

           Step           Time
           1411     1411.00000

   Energies (kJ/mol)
           Bond          Angle Ryckaert-Bell.  Improper Dih.          LJ-14
    2.86703e+01    2.06714e+02   -1.49033e+00    2.49892e-03    3.13101e+02
     Coulomb-14        LJ (SR)   Coulomb (SR)      Potential Pressure (bar)
    4.82440e+02   -2.64668e+02   -1.30513e+03   -5.40356e+02    0.00000e+00

           Step           Time
           1412     1412.00000

           Step           Time
           1413     1413.00000

   Energies (kJ/mol)
           Bond          Angle Ryckaert-Bell.  Improper Dih.          LJ-14
    2.82281e+01    2.07066e+02   -1.49036e+00    2.49881e-03    3.13149e+02
     Coulomb-14        LJ (SR)   Coulomb (SR)      Potential Pressure (bar)
    4.82462e+02   -2.64656e+02   -1.30516e+03   -5.40396e+02    0.00000e+00

           Step           Time
           1414     1414.00000

   Energies (kJ/mol)
           Bond          Angle Ryckaert-Bell.  Improper Dih.          LJ-14
    2.87587e+01    2.06602e+02   -1.49095e+00    2.49055e-03    3.13048e+02
     Coulomb-14        LJ (SR)   Coulomb (SR)      Potential Pressure (bar)
    4.82439e+02   -2.64685e+02   -1.30510e+03   -5.40430e+02    0.00000e+00

           Step           Time
           1415     1415.00000

   Energies (kJ/mol)
           Bond          Angle Ryckaert-Bell.  Improper Dih.          LJ-14
    2.81180e+01    2.07122e+02   -1.49099e+00    2.48999e-03    3.13120e+02
     Coulomb-14        LJ (SR)   Coulomb (SR)      Potential Pressure (bar)
    4.82469e+02   -2.64666e+02   -1.30515e+03   -5.40480e+02    0.00000e+00

           Step           Time
           1416     1416.00000

           Step           Time
           1417     1417.00000

   Energies (kJ/mol)
           Bond          Angle Ryckaert-Bell.  Improper Dih.          LJ-14
    2.84739e+01    2.06801e+02   -1.49110e+00    2.48963e-03    3.13062e+02
     Coulomb-14        LJ (SR)   Coulomb (SR)      Potential Pressure (bar)
    4.82451e+02   -2.64683e+02   -1.30512e+03   -5.40503e+02    0.00000e+00

           Step           Time
           1418     1418.00000

   Energies (kJ/mol)
           Bond          Angle Ryckaert-Bell.  Improper Dih.          LJ-14
    2.80425e+01    2.07167e+02   -1.49129e+00    2.48759e-03    3.13106e+02
     Coulomb-14        LJ (SR)   Coulomb (SR)      Potential Pressure (bar)
    4.82476e+02   -2.64672e+02   -1.30515e+03   -5.40523e+02    0.00000e+00

           Step           Time
           1419     1419.00000

   Energies (kJ/mol)
           Bond          Angle Ryckaert-Bell.  Improper Dih.          LJ-14
    2.85834e+01    2.06688e+02   -1.49144e+00    2.48878e-03    3.13021e+02
     Coulomb-14        LJ (SR)   Coulomb (SR)      Potential Pressure (bar)
    4.82449e+02   -2.64695e+02   -1.30510e+03   -5.40547e+02    0.00000e+00

DD  step 1419 load imb.: force 51.5%

           Step           Time
           1420     1420.00000

   Energies (kJ/mol)
           Bond          Angle Ryckaert-Bell.  Improper Dih.          LJ-14
    2.79453e+01    2.07238e+02   -1.49163e+00    2.48974e-03    3.13097e+02
     Coulomb-14        LJ (SR)   Coulomb (SR)      Potential Pressure (bar)
    4.82483e+02   -2.64676e+02   -1.30515e+03   -5.40557e+02    0.00000e+00

           Step           Time
           1421     1421.00000

   Energies (kJ/mol)
           Bond          Angle Ryckaert-Bell.  Improper Dih.          LJ-14
    2.87082e+01    2.06568e+02   -1.49178e+00    2.49000e-03    3.12982e+02
     Coulomb-14        LJ (SR)   Coulomb (SR)      Potential Pressure (bar)
    4.82445e+02   -2.64707e+02   -1.30509e+03   -5.40581e+02    0.00000e+00

           Step           Time
           1422     1422.00000

           Step           Time
           1423     1423.00000

   Energies (kJ/mol)
           Bond          Angle Ryckaert-Bell.  Improper Dih.          LJ-14
    2.82152e+01    2.06959e+02   -1.49179e+00    2.48861e-03    3.13038e+02
     Coulomb-14        LJ (SR)   Coulomb (SR)      Potential Pressure (bar)
    4.82469e+02   -2.64693e+02   -1.30513e+03   -5.40627e+02    0.00000e+00

           Step           Time
           1424     1424.00000

   Energies (kJ/mol)
           Bond          Angle Ryckaert-Bell.  Improper Dih.          LJ-14
    2.87495e+01    2.06499e+02   -1.49228e+00    2.47074e-03    3.12937e+02
     Coulomb-14        LJ (SR)   Coulomb (SR)      Potential Pressure (bar)
    4.82447e+02   -2.64721e+02   -1.30507e+03   -5.40650e+02    0.00000e+00

           Step           Time
           1425     1425.00000

   Energies (kJ/mol)
           Bond          Angle Ryckaert-Bell.  Improper Dih.          LJ-14
    2.80584e+01    2.07061e+02   -1.49235e+00    2.47012e-03    3.13019e+02
     Coulomb-14        LJ (SR)   Coulomb (SR)      Potential Pressure (bar)
    4.82481e+02   -2.64701e+02   -1.30513e+03   -5.40697e+02    0.00000e+00

           Step           Time
           1426     1426.00000

           Step           Time
           1427     1427.00000

   Energies (kJ/mol)
           Bond          Angle Ryckaert-Bell.  Improper Dih.          LJ-14
    2.84453e+01    2.06708e+02   -1.49246e+00    2.47117e-03    3.12957e+02
     Coulomb-14        LJ (SR)   Coulomb (SR)      Potential Pressure (bar)
    4.82462e+02   -2.64717e+02   -1.30509e+03   -5.40725e+02    0.00000e+00

           Step           Time
           1428     1428.00000

   Energies (kJ/mol)
           Bond          Angle Ryckaert-Bell.  Improper Dih.          LJ-14
    2.79794e+01    2.07109e+02   -1.49275e+00    2.46977e-03    3.13004e+02
     Coulomb-14        LJ (SR)   Coulomb (SR)      Potential Pressure (bar)
    4.82488e+02   -2.64707e+02   -1.30512e+03   -5.40741e+02    0.00000e+00

           Step           Time
           1429     1429.00000

   Energies (kJ/mol)
           Bond          Angle Ryckaert-Bell.  Improper Dih.          LJ-14
    2.85288e+01    2.06611e+02   -1.49288e+00    2.47002e-03    3.12919e+02
     Coulomb-14        LJ (SR)   Coulomb (SR)      Potential Pressure (bar)
    4.82459e+02   -2.64729e+02   -1.30507e+03   -5.40776e+02    0.00000e+00

DD  step 1429 load imb.: force 48.1%

           Step           Time
           1430     1430.00000

DD  step 1429 load imb.: force 47.3%

           Step           Time
           1431     1431.00000

   Energies (kJ/mol)
           Bond          Angle Ryckaert-Bell.  Improper Dih.          LJ-14
    2.81760e+01    2.06901e+02   -1.49300e+00    2.47097e-03    3.12957e+02
     Coulomb-14        LJ (SR)   Coulomb (SR)      Potential Pressure (bar)
    4.82477e+02   -2.64721e+02   -1.30510e+03   -5.40802e+02    0.00000e+00

           Step           Time
           1432     1432.00000

   Energies (kJ/mol)
           Bond          Angle Ryckaert-Bell.  Improper Dih.          LJ-14
    2.85873e+01    2.06536e+02   -1.49325e+00    2.46928e-03    3.12888e+02
     Coulomb-14        LJ (SR)   Coulomb (SR)      Potential Pressure (bar)
    4.82457e+02   -2.64740e+02   -1.30506e+03   -5.40824e+02    0.00000e+00

           Step           Time
           1433     1433.00000

   Energies (kJ/mol)
           Bond          Angle Ryckaert-Bell.  Improper Dih.          LJ-14
    2.80766e+01    2.06964e+02   -1.49336e+00    2.47012e-03    3.12944e+02
     Coulomb-14        LJ (SR)   Coulomb (SR)      Potential Pressure (bar)
    4.82483e+02   -2.64726e+02   -1.30510e+03   -5.40850e+02    0.00000e+00

           Step           Time
           1434     1434.00000

   Energies (kJ/mol)
           Bond          Angle Ryckaert-Bell.  Improper Dih.          LJ-14
    2.86910e+01    2.06434e+02   -1.49353e+00    2.47199e-03    3.12851e+02
     Coulomb-14        LJ (SR)   Coulomb (SR)      Potential Pressure (bar)
    4.82453e+02   -2.64752e+02   -1.30505e+03   -5.40860e+02    0.00000e+00

           Step           Time
           1435     1435.00000

   Energies (kJ/mol)
           Bond          Angle Ryckaert-Bell.  Improper Dih.          LJ-14
    2.79554e+01    2.07059e+02   -1.49368e+00    2.47231e-03    3.12937e+02
     Coulomb-14        LJ (SR)   Coulomb (SR)      Potential Pressure (bar)
    4.82491e+02   -2.64730e+02   -1.30510e+03   -5.40884e+02    0.00000e+00

           Step           Time
           1436     1436.00000

   Energies (kJ/mol)
           Bond          Angle Ryckaert-Bell.  Improper Dih.          LJ-14
    2.88398e+01    2.06304e+02   -1.49387e+00    2.47283e-03    3.12809e+02
     Coulomb-14        LJ (SR)   Coulomb (SR)      Potential Pressure (bar)
    4.82447e+02   -2.64764e+02   -1.30503e+03   -5.40884e+02    0.00000e+00

           Step           Time
           1437     1437.00000

   Energies (kJ/mol)
           Bond          Angle Ryckaert-Bell.  Improper Dih.          LJ-14
    2.77888e+01    2.07215e+02   -1.49403e+00    2.47243e-03    3.12939e+02
     Coulomb-14        LJ (SR)   Coulomb (SR)      Potential Pressure (bar)
    4.82502e+02   -2.64731e+02   -1.30511e+03   -5.40891e+02    0.00000e+00

           Step           Time
           1438     1438.00000

           Step           Time
           1439     1439.00000

   Energies (kJ/mol)
           Bond          Angle Ryckaert-Bell.  Improper Dih.          LJ-14
    2.83638e+01    2.06646e+02   -1.49404e+00    2.47130e-03    3.12848e+02
     Coulomb-14        LJ (SR)   Coulomb (SR)      Potential Pressure (bar)
    4.82470e+02   -2.64756e+02   -1.30506e+03   -5.40978e+02    0.00000e+00

DD  step 1439 load imb.: force 39.2%

           Step           Time
           1440     1440.00000

   Energies (kJ/mol)
           Bond          Angle Ryckaert-Bell.  Improper Dih.          LJ-14
    2.77133e+01    2.07224e+02   -1.49498e+00    2.45110e-03    3.12885e+02
     Coulomb-14        LJ (SR)   Coulomb (SR)      Potential Pressure (bar)
    4.82515e+02   -2.64750e+02   -1.30510e+03   -5.41003e+02    0.00000e+00

           Step           Time
           1441     1441.00000

   Energies (kJ/mol)
           Bond          Angle Ryckaert-Bell.  Improper Dih.          LJ-14
    2.85192e+01    2.06440e+02   -1.49494e+00    2.44962e-03    3.12764e+02
     Coulomb-14        LJ (SR)   Coulomb (SR)      Potential Pressure (bar)
    4.82469e+02   -2.64782e+02   -1.30502e+03   -5.41107e+02    0.00000e+00

           Step           Time
           1442     1442.00000

           Step           Time
           1443     1443.00000

   Energies (kJ/mol)
           Bond          Angle Ryckaert-Bell.  Improper Dih.          LJ-14
    2.79904e+01    2.06894e+02   -1.49512e+00    2.45265e-03    3.12821e+02
     Coulomb-14        LJ (SR)   Coulomb (SR)      Potential Pressure (bar)
    4.82497e+02   -2.64768e+02   -1.30507e+03   -5.41123e+02    0.00000e+00

           Step           Time
           1444     1444.00000

   Energies (kJ/mol)
           Bond          Angle Ryckaert-Bell.  Improper Dih.          LJ-14
    2.86435e+01    2.06323e+02   -1.49526e+00    2.45401e-03    3.12722e+02
     Coulomb-14        LJ (SR)   Coulomb (SR)      Potential Pressure (bar)
    4.82464e+02   -2.64794e+02   -1.30501e+03   -5.41142e+02    0.00000e+00

           Step           Time
           1445     1445.00000

   Energies (kJ/mol)
           Bond          Angle Ryckaert-Bell.  Improper Dih.          LJ-14
    2.78866e+01    2.06980e+02   -1.49545e+00    2.45416e-03    3.12811e+02
     Coulomb-14        LJ (SR)   Coulomb (SR)      Potential Pressure (bar)
    4.82504e+02   -2.64772e+02   -1.30507e+03   -5.41152e+02    0.00000e+00

           Step           Time
           1446     1446.00000

   Energies (kJ/mol)
           Bond          Angle Ryckaert-Bell.  Improper Dih.          LJ-14
    2.88349e+01    2.06163e+02   -1.49559e+00    2.45466e-03    3.12673e+02
     Coulomb-14        LJ (SR)   Coulomb (SR)      Potential Pressure (bar)
    4.82458e+02   -2.64808e+02   -1.30499e+03   -5.41160e+02    0.00000e+00

           Step           Time
           1447     1447.00000

           Step           Time
           1448     1448.00000

   Energies (kJ/mol)
           Bond          Angle Ryckaert-Bell.  Improper Dih.          LJ-14
    2.82198e+01    2.06636e+02   -1.49562e+00    2.45338e-03    3.12743e+02
     Coulomb-14        LJ (SR)   Coulomb (SR)      Potential Pressure (bar)
    4.82487e+02   -2.64791e+02   -1.30503e+03   -5.41231e+02    0.00000e+00

           Step           Time
           1449     1449.00000

   Energies (kJ/mol)
           Bond          Angle Ryckaert-Bell.  Improper Dih.          LJ-14
    2.89078e+01    2.06049e+02   -1.49639e+00    2.43771e-03    3.12609e+02
     Coulomb-14        LJ (SR)   Coulomb (SR)      Potential Pressure (bar)
    4.82459e+02   -2.64829e+02   -1.30496e+03   -5.41262e+02    0.00000e+00

DD  step 1449 load imb.: force 34.6%

           Step           Time
           1450     1450.00000

   Energies (kJ/mol)
           Bond          Angle Ryckaert-Bell.  Improper Dih.          LJ-14
    2.80166e+01    2.06762e+02   -1.49639e+00    2.43579e-03    3.12712e+02
     Coulomb-14        LJ (SR)   Coulomb (SR)      Potential Pressure (bar)
    4.82502e+02   -2.64804e+02   -1.30503e+03   -5.41337e+02    0.00000e+00

           Step           Time
           1451     1451.00000

           Step           Time
           1452     1452.00000

   Energies (kJ/mol)
           Bond          Angle Ryckaert-Bell.  Improper Dih.          LJ-14
    2.85153e+01    2.06316e+02   -1.49651e+00    2.43711e-03    3.12633e+02
     Coulomb-14        LJ (SR)   Coulomb (SR)      Potential Pressure (bar)
    4.82477e+02   -2.64825e+02   -1.30499e+03   -5.41364e+02    0.00000e+00

           Step           Time
           1453     1453.00000

   Energies (kJ/mol)
           Bond          Angle Ryckaert-Bell.  Improper Dih.          LJ-14
    2.79373e+01    2.06817e+02   -1.49668e+00    2.42444e-03    3.12699e+02
     Coulomb-14        LJ (SR)   Coulomb (SR)      Potential Pressure (bar)
    4.82508e+02   -2.64810e+02   -1.30503e+03   -5.41373e+02    0.00000e+00

           Step           Time
           1454     1454.00000

   Energies (kJ/mol)
           Bond          Angle Ryckaert-Bell.  Improper Dih.          LJ-14
    2.86573e+01    2.06181e+02   -1.49681e+00    2.42478e-03    3.12593e+02
     Coulomb-14        LJ (SR)   Coulomb (SR)      Potential Pressure (bar)
    4.82471e+02   -2.64838e+02   -1.30497e+03   -5.41398e+02    0.00000e+00

           Step           Time
           1455     1455.00000

           Step           Time
           1456     1456.00000

   Energies (kJ/mol)
           Bond          Angle Ryckaert-Bell.  Improper Dih.          LJ-14
    2.82039e+01    2.06541e+02   -1.49687e+00    2.42332e-03    3.12644e+02
     Coulomb-14        LJ (SR)   Coulomb (SR)      Potential Pressure (bar)
    4.82493e+02   -2.64825e+02   -1.30500e+03   -5.41440e+02    0.00000e+00

           Step           Time
           1457     1457.00000

   Energies (kJ/mol)
           Bond          Angle Ryckaert-Bell.  Improper Dih.          LJ-14
    2.87175e+01    2.06093e+02   -1.49737e+00    2.42720e-03    3.12549e+02
     Coulomb-14        LJ (SR)   Coulomb (SR)      Potential Pressure (bar)
    4.82471e+02   -2.64852e+02   -1.30495e+03   -5.41469e+02    0.00000e+00

           Step           Time
           1458     1458.00000

   Energies (kJ/mol)
           Bond          Angle Ryckaert-Bell.  Improper Dih.          LJ-14
    2.80595e+01    2.06630e+02   -1.49749e+00    2.42701e-03    3.12626e+02
     Coulomb-14        LJ (SR)   Coulomb (SR)      Potential Pressure (bar)
    4.82503e+02   -2.64833e+02   -1.30500e+03   -5.41513e+02    0.00000e+00

           Step           Time
           1459     1459.00000

           Step           Time
           1460     1460.00000

   Energies (kJ/mol)
           Bond          Angle Ryckaert-Bell.  Improper Dih.          LJ-14
    2.84289e+01    2.06292e+02   -1.49760e+00    2.42814e-03    3.12568e+02
     Coulomb-14        LJ (SR)   Coulomb (SR)      Potential Pressure (bar)
    4.82485e+02   -2.64848e+02   -1.30497e+03   -5.41539e+02    0.00000e+00

           Step           Time
           1461     1461.00000

   Energies (kJ/mol)
           Bond          Angle Ryckaert-Bell.  Improper Dih.          LJ-14
    2.79974e+01    2.06661e+02   -1.49782e+00    2.41480e-03    3.12611e+02
     Coulomb-14        LJ (SR)   Coulomb (SR)      Potential Pressure (bar)
    4.82508e+02   -2.64839e+02   -1.30500e+03   -5.41558e+02    0.00000e+00

           Step           Time
           1462     1462.00000

   Energies (kJ/mol)
           Bond          Angle Ryckaert-Bell.  Improper Dih.          LJ-14
    2.85282e+01    2.06184e+02   -1.49794e+00    2.41607e-03    3.12530e+02
     Coulomb-14        LJ (SR)   Coulomb (SR)      Potential Pressure (bar)
    4.82482e+02   -2.64860e+02   -1.30495e+03   -5.41586e+02    0.00000e+00

           Step           Time
           1463     1463.00000

   Energies (kJ/mol)
           Bond          Angle Ryckaert-Bell.  Improper Dih.          LJ-14
    2.79058e+01    2.06725e+02   -1.49812e+00    2.41625e-03    3.12602e+02
     Coulomb-14        LJ (SR)   Coulomb (SR)      Potential Pressure (bar)
    4.82517e+02   -2.64843e+02   -1.30500e+03   -5.41590e+02    0.00000e+00

           Step           Time
           1464     1464.00000

   Energies (kJ/mol)
           Bond          Angle Ryckaert-Bell.  Improper Dih.          LJ-14
    2.86664e+01    2.06050e+02   -1.49823e+00    2.41741e-03    3.12490e+02
     Coulomb-14        LJ (SR)   Coulomb (SR)      Potential Pressure (bar)
    4.82478e+02   -2.64872e+02   -1.30494e+03   -5.41619e+02    0.00000e+00

           Step           Time
           1465     1465.00000

           Step           Time
           1466     1466.00000

   Energies (kJ/mol)
           Bond          Angle Ryckaert-Bell.  Improper Dih.          LJ-14
    2.81797e+01    2.06437e+02   -1.49825e+00    2.41601e-03    3.12545e+02
     Coulomb-14        LJ (SR)   Coulomb (SR)      Potential Pressure (bar)
    4.82503e+02   -2.64859e+02   -1.30497e+03   -5.41662e+02    0.00000e+00

           Step           Time
           1467     1467.00000

   Energies (kJ/mol)
           Bond          Angle Ryckaert-Bell.  Improper Dih.          LJ-14
    2.87350e+01    2.05962e+02   -1.49872e+00    2.40598e-03    3.12450e+02
     Coulomb-14        LJ (SR)   Coulomb (SR)      Potential Pressure (bar)
    4.82476e+02   -2.64886e+02   -1.30492e+03   -5.41678e+02    0.00000e+00

           Step           Time
           1468     1468.00000

   Energies (kJ/mol)
           Bond          Angle Ryckaert-Bell.  Improper Dih.          LJ-14
    2.80531e+01    2.06516e+02   -1.49876e+00    2.40528e-03    3.12528e+02
     Coulomb-14        LJ (SR)   Coulomb (SR)      Potential Pressure (bar)
    4.82510e+02   -2.64867e+02   -1.30497e+03   -5.41727e+02    0.00000e+00

           Step           Time
           1469     1469.00000

           Step           Time
           1470     1470.00000

   Energies (kJ/mol)
           Bond          Angle Ryckaert-Bell.  Improper Dih.          LJ-14
    2.84498e+01    2.06156e+02   -1.49889e+00    2.40633e-03    3.12466e+02
     Coulomb-14        LJ (SR)   Coulomb (SR)      Potential Pressure (bar)
    4.82489e+02   -2.64883e+02   -1.30493e+03   -5.41753e+02    0.00000e+00

           Step           Time
           1471     1471.00000

   Energies (kJ/mol)
           Bond          Angle Ryckaert-Bell.  Improper Dih.          LJ-14
    2.79864e+01    2.06555e+02   -1.49910e+00    2.40444e-03    3.12513e+02
     Coulomb-14        LJ (SR)   Coulomb (SR)      Potential Pressure (bar)
    4.82515e+02   -2.64872e+02   -1.30497e+03   -5.41768e+02    0.00000e+00

           Step           Time
           1472     1472.00000

   Energies (kJ/mol)
           Bond          Angle Ryckaert-Bell.  Improper Dih.          LJ-14
    2.85628e+01    2.06041e+02   -1.49923e+00    2.40554e-03    3.12427e+02
     Coulomb-14        LJ (SR)   Coulomb (SR)      Potential Pressure (bar)
    4.82484e+02   -2.64896e+02   -1.30492e+03   -5.41794e+02    0.00000e+00

           Step           Time
           1473     1473.00000

   Energies (kJ/mol)
           Bond          Angle Ryckaert-Bell.  Improper Dih.          LJ-14
    2.78928e+01    2.06627e+02   -1.49946e+00    2.40664e-03    3.12506e+02
     Coulomb-14        LJ (SR)   Coulomb (SR)      Potential Pressure (bar)
    4.82520e+02   -2.64877e+02   -1.30497e+03   -5.41798e+02    0.00000e+00

           Step           Time
           1474     1474.00000

   Energies (kJ/mol)
           Bond          Angle Ryckaert-Bell.  Improper Dih.          LJ-14
    2.87351e+01    2.05888e+02   -1.49956e+00    2.40779e-03    3.12384e+02
     Coulomb-14        LJ (SR)   Coulomb (SR)      Potential Pressure (bar)
    4.82477e+02   -2.64909e+02   -1.30490e+03   -5.41820e+02    0.00000e+00

           Step           Time
           1475     1475.00000

           Step           Time
           1476     1476.00000

   Energies (kJ/mol)
           Bond          Angle Ryckaert-Bell.  Improper Dih.          LJ-14
    2.82033e+01    2.06304e+02   -1.49956e+00    2.40651e-03    3.12444e+02
     Coulomb-14        LJ (SR)   Coulomb (SR)      Potential Pressure (bar)
    4.82503e+02   -2.64894e+02   -1.30494e+03   -5.41873e+02    0.00000e+00

           Step           Time
           1477     1477.00000

   Energies (kJ/mol)
           Bond          Angle Ryckaert-Bell.  Improper Dih.          LJ-14
    2.88039e+01    2.05788e+02   -1.50026e+00    2.39506e-03    3.12330e+02
     Coulomb-14        LJ (SR)   Coulomb (SR)      Potential Pressure (bar)
    4.82477e+02   -2.64927e+02   -1.30488e+03   -5.41903e+02    0.00000e+00

           Step           Time
           1478     1478.00000

   Energies (kJ/mol)
           Bond          Angle Ryckaert-Bell.  Improper Dih.          LJ-14
    2.80715e+01    2.06371e+02   -1.50027e+00    2.39362e-03    3.12416e+02
     Coulomb-14        LJ (SR)   Coulomb (SR)      Potential Pressure (bar)
    4.82513e+02   -2.64906e+02   -1.30493e+03   -5.41964e+02    0.00000e+00

           Step           Time
           1479     1479.00000

           Step           Time
           1480     1480.00000

   Energies (kJ/mol)
           Bond          Angle Ryckaert-Bell.  Improper Dih.          LJ-14
    2.84814e+01    2.06003e+02   -1.50034e+00    2.39182e-03    3.12353e+02
     Coulomb-14        LJ (SR)   Coulomb (SR)      Potential Pressure (bar)
    4.82493e+02   -2.64923e+02   -1.30490e+03   -5.41987e+02    0.00000e+00

           Step           Time
           1481     1481.00000

   Energies (kJ/mol)
           Bond          Angle Ryckaert-Bell.  Improper Dih.          LJ-14
    2.79887e+01    2.06426e+02   -1.50054e+00    2.39156e-03    3.12406e+02
     Coulomb-14        LJ (SR)   Coulomb (SR)      Potential Pressure (bar)
    4.82518e+02   -2.64911e+02   -1.30493e+03   -5.42003e+02    0.00000e+00

           Step           Time
           1482     1482.00000

   Energies (kJ/mol)
           Bond          Angle Ryckaert-Bell.  Improper Dih.          LJ-14
    2.85868e+01    2.05895e+02   -1.50064e+00    2.39262e-03    3.12319e+02
     Coulomb-14        LJ (SR)   Coulomb (SR)      Potential Pressure (bar)
    4.82488e+02   -2.64934e+02   -1.30488e+03   -5.42025e+02    0.00000e+00

           Step           Time
           1483     1483.00000

   Energies (kJ/mol)
           Bond          Angle Ryckaert-Bell.  Improper Dih.          LJ-14
    2.78780e+01    2.06516e+02   -1.50085e+00    2.39240e-03    3.12399e+02
     Coulomb-14        LJ (SR)   Coulomb (SR)      Potential Pressure (bar)
    4.82527e+02   -2.64915e+02   -1.30494e+03   -5.42029e+02    0.00000e+00

           Step           Time
           1484     1484.00000

   Energies (kJ/mol)
           Bond          Angle Ryckaert-Bell.  Improper Dih.          LJ-14
    2.87517e+01    2.05748e+02   -1.50097e+00    2.39247e-03    3.12276e+02
     Coulomb-14        LJ (SR)   Coulomb (SR)      Potential Pressure (bar)
    4.82483e+02   -2.64947e+02   -1.30486e+03   -5.42050e+02    0.00000e+00

           Step           Time
           1485     1485.00000

           Step           Time
           1486     1486.00000

   Energies (kJ/mol)
           Bond          Angle Ryckaert-Bell.  Improper Dih.          LJ-14
    2.81861e+01    2.06190e+02   -1.50101e+00    2.39124e-03    3.12340e+02
     Coulomb-14        LJ (SR)   Coulomb (SR)      Potential Pressure (bar)
    4.82510e+02   -2.64932e+02   -1.30490e+03   -5.42107e+02    0.00000e+00

           Step           Time
           1487     1487.00000

   Energies (kJ/mol)
           Bond          Angle Ryckaert-Bell.  Improper Dih.          LJ-14
    2.88403e+01    2.05638e+02   -1.50160e+00    2.37964e-03    3.12223e+02
     Coulomb-14        LJ (SR)   Coulomb (SR)      Potential Pressure (bar)
    4.82481e+02   -2.64965e+02   -1.30484e+03   -5.42123e+02    0.00000e+00

           Step           Time
           1488     1488.00000

   Energies (kJ/mol)
           Bond          Angle Ryckaert-Bell.  Improper Dih.          LJ-14
    2.80338e+01    2.06282e+02   -1.50168e+00    2.37872e-03    3.12317e+02
     Coulomb-14        LJ (SR)   Coulomb (SR)      Potential Pressure (bar)
    4.82522e+02   -2.64941e+02   -1.30490e+03   -5.42190e+02    0.00000e+00

           Step           Time
           1489     1489.00000

           Step           Time
           1490     1490.00000

   Energies (kJ/mol)
           Bond          Angle Ryckaert-Bell.  Improper Dih.          LJ-14
    2.84682e+01    2.05891e+02   -1.50177e+00    2.37671e-03    3.12249e+02
     Coulomb-14        LJ (SR)   Coulomb (SR)      Potential Pressure (bar)
    4.82499e+02   -2.64960e+02   -1.30486e+03   -5.42215e+02    0.00000e+00

           Step           Time
           1491     1491.00000

   Energies (kJ/mol)
           Bond          Angle Ryckaert-Bell.  Improper Dih.          LJ-14
    2.79441e+01    2.06341e+02   -1.50196e+00    2.37223e-03    3.12309e+02
     Coulomb-14        LJ (SR)   Coulomb (SR)      Potential Pressure (bar)
    4.82530e+02   -2.64946e+02   -1.30490e+03   -5.42226e+02    0.00000e+00

           Step           Time
           1492     1492.00000

   Energies (kJ/mol)
           Bond          Angle Ryckaert-Bell.  Improper Dih.          LJ-14
    2.85811e+01    2.05774e+02   -1.50207e+00    2.37216e-03    3.12213e+02
     Coulomb-14        LJ (SR)   Coulomb (SR)      Potential Pressure (bar)
    4.82497e+02   -2.64971e+02   -1.30485e+03   -5.42252e+02    0.00000e+00

           Step           Time
           1493     1493.00000

           Step           Time
           1494     1494.00000

   Energies (kJ/mol)
           Bond          Angle Ryckaert-Bell.  Improper Dih.          LJ-14
    2.81844e+01    2.06090e+02   -1.50210e+00    2.37107e-03    3.12258e+02
     Coulomb-14        LJ (SR)   Coulomb (SR)      Potential Pressure (bar)
    4.82518e+02   -2.64960e+02   -1.30488e+03   -5.42286e+02    0.00000e+00

           Step           Time
           1495     1495.00000

   Energies (kJ/mol)
           Bond          Angle Ryckaert-Bell.  Improper Dih.          LJ-14
    2.86372e+01    2.05695e+02   -1.50256e+00    2.36836e-03    3.12173e+02
     Coulomb-14        LJ (SR)   Coulomb (SR)      Potential Pressure (bar)
    4.82497e+02   -2.64985e+02   -1.30483e+03   -5.42316e+02    0.00000e+00

           Step           Time
           1496     1496.00000

   Energies (kJ/mol)
           Bond          Angle Ryckaert-Bell.  Improper Dih.          LJ-14
    2.80705e+01    2.06156e+02   -1.50264e+00    2.36742e-03    3.12240e+02
     Coulomb-14        LJ (SR)   Coulomb (SR)      Potential Pressure (bar)
    4.82525e+02   -2.64968e+02   -1.30488e+03   -5.42353e+02    0.00000e+00

           Step           Time
           1497     1497.00000

           Step           Time
           1498     1498.00000

   Energies (kJ/mol)
           Bond          Angle Ryckaert-Bell.  Improper Dih.          LJ-14
    2.83853e+01    2.05871e+02   -1.50272e+00    2.36829e-03    3.12189e+02
     Coulomb-14        LJ (SR)   Coulomb (SR)      Potential Pressure (bar)
    4.82509e+02   -2.64982e+02   -1.30485e+03   -5.42377e+02    0.00000e+00

           Step           Time
           1499     1499.00000

   Energies (kJ/mol)
           Bond          Angle Ryckaert-Bell.  Improper Dih.          LJ-14
    2.80063e+01    2.06190e+02   -1.50298e+00    2.35747e-03    3.12224e+02
     Coulomb-14        LJ (SR)   Coulomb (SR)      Potential Pressure (bar)
    4.82532e+02   -2.64974e+02   -1.30488e+03   -5.42398e+02    0.00000e+00

DD  step 1499 load imb.: force 38.7%

           Step           Time
           1500     1500.00000

   Energies (kJ/mol)
           Bond          Angle Ryckaert-Bell.  Improper Dih.          LJ-14
    2.84639e+01    2.05778e+02   -1.50307e+00    2.35749e-03    3.12153e+02
     Coulomb-14        LJ (SR)   Coulomb (SR)      Potential Pressure (bar)
    4.82508e+02   -2.64993e+02   -1.30483e+03   -5.42426e+02    0.00000e+00

           Step           Time
           1501     1501.00000

   Energies (kJ/mol)
           Bond          Angle Ryckaert-Bell.  Improper Dih.          LJ-14
    2.79264e+01    2.06241e+02   -1.50326e+00    2.35766e-03    3.12214e+02
     Coulomb-14        LJ (SR)   Coulomb (SR)      Potential Pressure (bar)
    4.82538e+02   -2.64979e+02   -1.30487e+03   -5.42434e+02    0.00000e+00

           Step           Time
           1502     1502.00000

   Energies (kJ/mol)
           Bond          Angle Ryckaert-Bell.  Improper Dih.          LJ-14
    2.85803e+01    2.05658e+02   -1.50338e+00    2.35850e-03    3.12116e+02
     Coulomb-14        LJ (SR)   Coulomb (SR)      Potential Pressure (bar)
    4.82504e+02   -2.65004e+02   -1.30482e+03   -5.42462e+02    0.00000e+00

           Step           Time
           1503     1503.00000

           Step           Time
           1504     1504.00000

   Energies (kJ/mol)
           Bond          Angle Ryckaert-Bell.  Improper Dih.          LJ-14
    2.81686e+01    2.05988e+02   -1.50345e+00    2.35742e-03    3.12162e+02
     Coulomb-14        LJ (SR)   Coulomb (SR)      Potential Pressure (bar)
    4.82525e+02   -2.64993e+02   -1.30485e+03   -5.42497e+02    0.00000e+00

           Step           Time
           1505     1505.00000

   Energies (kJ/mol)
           Bond          Angle Ryckaert-Bell.  Improper Dih.          LJ-14
    2.86417e+01    2.05575e+02   -1.50386e+00    2.33849e-03    3.12078e+02
     Coulomb-14        LJ (SR)   Coulomb (SR)      Potential Pressure (bar)
    4.82503e+02   -2.65018e+02   -1.30480e+03   -5.42521e+02    0.00000e+00

           Step           Time
           1506     1506.00000

   Energies (kJ/mol)
           Bond          Angle Ryckaert-Bell.  Improper Dih.          LJ-14
    2.80625e+01    2.06049e+02   -1.50398e+00    2.33926e-03    3.12143e+02
     Coulomb-14        LJ (SR)   Coulomb (SR)      Potential Pressure (bar)
    4.82534e+02   -2.65002e+02   -1.30485e+03   -5.42561e+02    0.00000e+00

           Step           Time
           1507     1507.00000

           Step           Time
           1508     1508.00000

   Energies (kJ/mol)
           Bond          Angle Ryckaert-Bell.  Improper Dih.          LJ-14
    2.84022e+01    2.05742e+02   -1.50408e+00    2.33999e-03    3.12087e+02
     Coulomb-14        LJ (SR)   Coulomb (SR)      Potential Pressure (bar)
    4.82517e+02   -2.65016e+02   -1.30481e+03   -5.42585e+02    0.00000e+00

           Step           Time
           1509     1509.00000

   Energies (kJ/mol)
           Bond          Angle Ryckaert-Bell.  Improper Dih.          LJ-14
    2.80086e+01    2.06075e+02   -1.50425e+00    2.33988e-03    3.12128e+02
     Coulomb-14        LJ (SR)   Coulomb (SR)      Potential Pressure (bar)
    4.82539e+02   -2.65008e+02   -1.30484e+03   -5.42603e+02    0.00000e+00

DD  step 1509 load imb.: force 42.1%

           Step           Time
           1510     1510.00000

   Energies (kJ/mol)
           Bond          Angle Ryckaert-Bell.  Improper Dih.          LJ-14
    2.84998e+01    2.05640e+02   -1.50436e+00    2.34083e-03    3.12051e+02
     Coulomb-14        LJ (SR)   Coulomb (SR)      Potential Pressure (bar)
    4.82513e+02   -2.65028e+02   -1.30480e+03   -5.42626e+02    0.00000e+00

           Step           Time
           1511     1511.00000

   Energies (kJ/mol)
           Bond          Angle Ryckaert-Bell.  Improper Dih.          LJ-14
    2.79250e+01    2.06136e+02   -1.50454e+00    2.34151e-03    3.12118e+02
     Coulomb-14        LJ (SR)   Coulomb (SR)      Potential Pressure (bar)
    4.82544e+02   -2.65012e+02   -1.30485e+03   -5.42637e+02    0.00000e+00

           Step           Time
           1512     1512.00000

   Energies (kJ/mol)
           Bond          Angle Ryckaert-Bell.  Improper Dih.          LJ-14
    2.86380e+01    2.05510e+02   -1.50467e+00    2.34196e-03    3.12014e+02
     Coulomb-14        LJ (SR)   Coulomb (SR)      Potential Pressure (bar)
    4.82507e+02   -2.65040e+02   -1.30478e+03   -5.42657e+02    0.00000e+00

           Step           Time
           1513     1513.00000

           Step           Time
           1514     1514.00000

   Energies (kJ/mol)
           Bond          Angle Ryckaert-Bell.  Improper Dih.          LJ-14
    2.81904e+01    2.05865e+02   -1.50471e+00    2.34085e-03    3.12063e+02
     Coulomb-14        LJ (SR)   Coulomb (SR)      Potential Pressure (bar)
    4.82530e+02   -2.65029e+02   -1.30482e+03   -5.42701e+02    0.00000e+00

           Step           Time
           1515     1515.00000

   Energies (kJ/mol)
           Bond          Angle Ryckaert-Bell.  Improper Dih.          LJ-14
    2.86436e+01    2.05460e+02   -1.50515e+00    2.33193e-03    3.11974e+02
     Coulomb-14        LJ (SR)   Coulomb (SR)      Potential Pressure (bar)
    4.82511e+02   -2.65055e+02   -1.30477e+03   -5.42738e+02    0.00000e+00

           Step           Time
           1516     1516.00000

   Energies (kJ/mol)
           Bond          Angle Ryckaert-Bell.  Improper Dih.          LJ-14
    2.80381e+01    2.05957e+02   -1.50528e+00    2.33238e-03    3.12042e+02
     Coulomb-14        LJ (SR)   Coulomb (SR)      Potential Pressure (bar)
    4.82542e+02   -2.65038e+02   -1.30482e+03   -5.42780e+02    0.00000e+00

           Step           Time
           1517     1517.00000

           Step           Time
           1518     1518.00000

   Energies (kJ/mol)
           Bond          Angle Ryckaert-Bell.  Improper Dih.          LJ-14
    2.83830e+01    2.05640e+02   -1.50539e+00    2.33273e-03    3.11988e+02
     Coulomb-14        LJ (SR)   Coulomb (SR)      Potential Pressure (bar)
    4.82524e+02   -2.65052e+02   -1.30479e+03   -5.42806e+02    0.00000e+00

           Step           Time
           1519     1519.00000

   Energies (kJ/mol)
           Bond          Angle Ryckaert-Bell.  Improper Dih.          LJ-14
    2.79713e+01    2.05997e+02   -1.50564e+00    2.33051e-03    3.12026e+02
     Coulomb-14        LJ (SR)   Coulomb (SR)      Potential Pressure (bar)
    4.82547e+02   -2.65044e+02   -1.30482e+03   -5.42822e+02    0.00000e+00

DD  step 1519 load imb.: force 61.6%

           Step           Time
           1520     1520.00000

   Energies (kJ/mol)
           Bond          Angle Ryckaert-Bell.  Improper Dih.          LJ-14
    2.84730e+01    2.05543e+02   -1.50572e+00    2.33147e-03    3.11950e+02
     Coulomb-14        LJ (SR)   Coulomb (SR)      Potential Pressure (bar)
    4.82522e+02   -2.65064e+02   -1.30477e+03   -5.42851e+02    0.00000e+00

           Step           Time
           1521     1521.00000

   Energies (kJ/mol)
           Bond          Angle Ryckaert-Bell.  Improper Dih.          LJ-14
    2.78857e+01    2.06057e+02   -1.50591e+00    2.32984e-03    3.12018e+02
     Coulomb-14        LJ (SR)   Coulomb (SR)      Potential Pressure (bar)
    4.82554e+02   -2.65048e+02   -1.30482e+03   -5.42854e+02    0.00000e+00

           Step           Time
           1522     1522.00000

   Energies (kJ/mol)
           Bond          Angle Ryckaert-Bell.  Improper Dih.          LJ-14
    2.86037e+01    2.05415e+02   -1.50602e+00    2.32992e-03    3.11913e+02
     Coulomb-14        LJ (SR)   Coulomb (SR)      Potential Pressure (bar)
    4.82517e+02   -2.65076e+02   -1.30475e+03   -5.42884e+02    0.00000e+00

           Step           Time
           1523     1523.00000

           Step           Time
           1524     1524.00000

   Energies (kJ/mol)
           Bond          Angle Ryckaert-Bell.  Improper Dih.          LJ-14
    2.81482e+01    2.05778e+02   -1.50605e+00    2.32883e-03    3.11964e+02
     Coulomb-14        LJ (SR)   Coulomb (SR)      Potential Pressure (bar)
    4.82541e+02   -2.65063e+02   -1.30479e+03   -5.42923e+02    0.00000e+00

           Step           Time
           1525     1525.00000

   Energies (kJ/mol)
           Bond          Angle Ryckaert-Bell.  Improper Dih.          LJ-14
    2.86645e+01    2.05342e+02   -1.50643e+00    2.32131e-03    3.11872e+02
     Coulomb-14        LJ (SR)   Coulomb (SR)      Potential Pressure (bar)
    4.82516e+02   -2.65089e+02   -1.30474e+03   -5.42937e+02    0.00000e+00

           Step           Time
           1526     1526.00000

   Energies (kJ/mol)
           Bond          Angle Ryckaert-Bell.  Improper Dih.          LJ-14
    2.80274e+01    2.05860e+02   -1.50652e+00    2.32162e-03    3.11946e+02
     Coulomb-14        LJ (SR)   Coulomb (SR)      Potential Pressure (bar)
    4.82549e+02   -2.65071e+02   -1.30479e+03   -5.42980e+02    0.00000e+00

           Step           Time
           1527     1527.00000

           Step           Time
           1528     1528.00000

   Energies (kJ/mol)
           Bond          Angle Ryckaert-Bell.  Improper Dih.          LJ-14
    2.83915e+01    2.05528e+02   -1.50665e+00    2.32164e-03    3.11889e+02
     Coulomb-14        LJ (SR)   Coulomb (SR)      Potential Pressure (bar)
    4.82530e+02   -2.65086e+02   -1.30475e+03   -5.43006e+02    0.00000e+00

           Step           Time
           1529     1529.00000

   Energies (kJ/mol)
           Bond          Angle Ryckaert-Bell.  Improper Dih.          LJ-14
    2.79601e+01    2.05897e+02   -1.50687e+00    2.32080e-03    3.11934e+02
     Coulomb-14        LJ (SR)   Coulomb (SR)      Potential Pressure (bar)
    4.82554e+02   -2.65076e+02   -1.30479e+03   -5.43023e+02    0.00000e+00

DD  step 1529 load imb.: force 39.8%

           Step           Time
           1530     1530.00000

   Energies (kJ/mol)
           Bond          Angle Ryckaert-Bell.  Improper Dih.          LJ-14
    2.84775e+01    2.05432e+02   -1.50697e+00    2.32164e-03    3.11856e+02
     Coulomb-14        LJ (SR)   Coulomb (SR)      Potential Pressure (bar)
    4.82528e+02   -2.65098e+02   -1.30474e+03   -5.43050e+02    0.00000e+00

           Step           Time
           1531     1531.00000

           Step           Time
           1532     1532.00000

   Energies (kJ/mol)
           Bond          Angle Ryckaert-Bell.  Improper Dih.          LJ-14
    2.81524e+01    2.05696e+02   -1.50703e+00    2.32144e-03    3.11891e+02
     Coulomb-14        LJ (SR)   Coulomb (SR)      Potential Pressure (bar)
    4.82545e+02   -2.65089e+02   -1.30477e+03   -5.43075e+02    0.00000e+00

           Step           Time
           1533     1533.00000

   Energies (kJ/mol)
           Bond          Angle Ryckaert-Bell.  Improper Dih.          LJ-14
    2.85302e+01    2.05361e+02   -1.50732e+00    2.30584e-03    3.11820e+02
     Coulomb-14        LJ (SR)   Coulomb (SR)      Potential Pressure (bar)
    4.82527e+02   -2.65109e+02   -1.30473e+03   -5.43101e+02    0.00000e+00

           Step           Time
           1534     1534.00000

   Energies (kJ/mol)
           Bond          Angle Ryckaert-Bell.  Improper Dih.          LJ-14
    2.80606e+01    2.05750e+02   -1.50741e+00    2.30681e-03    3.11873e+02
     Coulomb-14        LJ (SR)   Coulomb (SR)      Potential Pressure (bar)
    4.82552e+02   -2.65096e+02   -1.30476e+03   -5.43129e+02    0.00000e+00

           Step           Time
           1535     1535.00000

   Energies (kJ/mol)
           Bond          Angle Ryckaert-Bell.  Improper Dih.          LJ-14
    2.86287e+01    2.05260e+02   -1.50761e+00    2.30528e-03    3.11789e+02
     Coulomb-14        LJ (SR)   Coulomb (SR)      Potential Pressure (bar)
    4.82524e+02   -2.65119e+02   -1.30471e+03   -5.43136e+02    0.00000e+00

           Step           Time
           1536     1536.00000

   Energies (kJ/mol)
           Bond          Angle Ryckaert-Bell.  Improper Dih.          LJ-14
    2.79432e+01    2.05836e+02   -1.50770e+00    2.30658e-03    3.11870e+02
     Coulomb-14        LJ (SR)   Coulomb (SR)      Potential Pressure (bar)
    4.82559e+02   -2.65100e+02   -1.30477e+03   -5.43165e+02    0.00000e+00

           Step           Time
           1537     1537.00000

           Step           Time
           1538     1538.00000

   Energies (kJ/mol)
           Bond          Angle Ryckaert-Bell.  Improper Dih.          LJ-14
    2.83288e+01    2.05473e+02   -1.50773e+00    2.30529e-03    3.11811e+02
     Coulomb-14        LJ (SR)   Coulomb (SR)      Potential Pressure (bar)
    4.82540e+02   -2.65116e+02   -1.30473e+03   -5.43202e+02    0.00000e+00

           Step           Time
           1539     1539.00000

   Energies (kJ/mol)
           Bond          Angle Ryckaert-Bell.  Improper Dih.          LJ-14
    2.78664e+01    2.05878e+02   -1.50816e+00    2.29872e-03    3.11847e+02
     Coulomb-14        LJ (SR)   Coulomb (SR)      Potential Pressure (bar)
    4.82565e+02   -2.65109e+02   -1.30476e+03   -5.43222e+02    0.00000e+00

DD  step 1539 load imb.: force 74.3%

           Step           Time
           1540     1540.00000

   Energies (kJ/mol)
           Bond          Angle Ryckaert-Bell.  Improper Dih.          LJ-14
    2.84594e+01    2.05330e+02   -1.50821e+00    2.29909e-03    3.11759e+02
     Coulomb-14        LJ (SR)   Coulomb (SR)      Potential Pressure (bar)
    4.82534e+02   -2.65133e+02   -1.30471e+03   -5.43267e+02    0.00000e+00

           Step           Time
           1541     1541.00000

           Step           Time
           1542     1542.00000

   Energies (kJ/mol)
           Bond          Angle Ryckaert-Bell.  Improper Dih.          LJ-14
    2.80981e+01    2.05628e+02   -1.50830e+00    2.29999e-03    3.11798e+02
     Coulomb-14        LJ (SR)   Coulomb (SR)      Potential Pressure (bar)
    4.82553e+02   -2.65123e+02   -1.30474e+03   -5.43291e+02    0.00000e+00

           Step           Time
           1543     1543.00000

   Energies (kJ/mol)
           Bond          Angle Ryckaert-Bell.  Improper Dih.          LJ-14
    2.85270e+01    2.05253e+02   -1.50852e+00    2.29779e-03    3.11728e+02
     Coulomb-14        LJ (SR)   Coulomb (SR)      Potential Pressure (bar)
    4.82532e+02   -2.65143e+02   -1.30470e+03   -5.43308e+02    0.00000e+00

           Step           Time
           1544     1544.00000

   Energies (kJ/mol)
           Bond          Angle Ryckaert-Bell.  Improper Dih.          LJ-14
    2.80041e+01    2.05693e+02   -1.50861e+00    2.29795e-03    3.11786e+02
     Coulomb-14        LJ (SR)   Coulomb (SR)      Potential Pressure (bar)
    4.82559e+02   -2.65129e+02   -1.30474e+03   -5.43334e+02    0.00000e+00

           Step           Time
           1545     1545.00000

   Energies (kJ/mol)
           Bond          Angle Ryckaert-Bell.  Improper Dih.          LJ-14
    2.86293e+01    2.05153e+02   -1.50877e+00    2.29106e-03    3.11694e+02
     Coulomb-14        LJ (SR)   Coulomb (SR)      Potential Pressure (bar)
    4.82530e+02   -2.65154e+02   -1.30469e+03   -5.43340e+02    0.00000e+00

           Step           Time
           1546     1546.00000

   Energies (kJ/mol)
           Bond          Angle Ryckaert-Bell.  Improper Dih.          LJ-14
    2.78924e+01    2.05782e+02   -1.50891e+00    2.29214e-03    3.11779e+02
     Coulomb-14        LJ (SR)   Coulomb (SR)      Potential Pressure (bar)
    4.82567e+02   -2.65132e+02   -1.30474e+03   -5.43362e+02    0.00000e+00

           Step           Time
           1547     1547.00000

           Step           Time
           1548     1548.00000

   Energies (kJ/mol)
           Bond          Angle Ryckaert-Bell.  Improper Dih.          LJ-14
    2.83152e+01    2.05379e+02   -1.50894e+00    2.29095e-03    3.11716e+02
     Coulomb-14        LJ (SR)   Coulomb (SR)      Potential Pressure (bar)
    4.82545e+02   -2.65149e+02   -1.30471e+03   -5.43407e+02    0.00000e+00

           Step           Time
           1549     1549.00000

   Energies (kJ/mol)
           Bond          Angle Ryckaert-Bell.  Improper Dih.          LJ-14
    2.78468e+01    2.05788e+02   -1.50940e+00    2.29228e-03    3.11749e+02
     Coulomb-14        LJ (SR)   Coulomb (SR)      Potential Pressure (bar)
    4.82572e+02   -2.65143e+02   -1.30474e+03   -5.43430e+02    0.00000e+00

DD  step 1549 load imb.: force 47.2%

           Step           Time
           1550     1550.00000

   Energies (kJ/mol)
           Bond          Angle Ryckaert-Bell.  Improper Dih.          LJ-14
    2.84332e+01    2.05241e+02   -1.50947e+00    2.29188e-03    3.11663e+02
     Coulomb-14        LJ (SR)   Coulomb (SR)      Potential Pressure (bar)
    4.82542e+02   -2.65167e+02   -1.30468e+03   -5.43480e+02    0.00000e+00

           Step           Time
           1551     1551.00000

           Step           Time
           1552     1552.00000

   Energies (kJ/mol)
           Bond          Angle Ryckaert-Bell.  Improper Dih.          LJ-14
    2.80577e+01    2.05555e+02   -1.50958e+00    2.29291e-03    3.11703e+02
     Coulomb-14        LJ (SR)   Coulomb (SR)      Potential Pressure (bar)
    4.82561e+02   -2.65158e+02   -1.30471e+03   -5.43501e+02    0.00000e+00

           Step           Time
           1553     1553.00000

   Energies (kJ/mol)
           Bond          Angle Ryckaert-Bell.  Improper Dih.          LJ-14
    2.85016e+01    2.05163e+02   -1.50977e+00    2.29225e-03    3.11634e+02
     Coulomb-14        LJ (SR)   Coulomb (SR)      Potential Pressure (bar)
    4.82540e+02   -2.65177e+02   -1.30467e+03   -5.43518e+02    0.00000e+00

           Step           Time
           1554     1554.00000

   Energies (kJ/mol)
           Bond          Angle Ryckaert-Bell.  Improper Dih.          LJ-14
    2.79657e+01    2.05622e+02   -1.50988e+00    2.29363e-03    3.11694e+02
     Coulomb-14        LJ (SR)   Coulomb (SR)      Potential Pressure (bar)
    4.82566e+02   -2.65162e+02   -1.30471e+03   -5.43536e+02    0.00000e+00

           Step           Time
           1555     1555.00000

   Energies (kJ/mol)
           Bond          Angle Ryckaert-Bell.  Improper Dih.          LJ-14
    2.86178e+01    2.05054e+02   -1.51004e+00    2.29372e-03    3.11598e+02
     Coulomb-14        LJ (SR)   Coulomb (SR)      Potential Pressure (bar)
    4.82535e+02   -2.65188e+02   -1.30466e+03   -5.43547e+02    0.00000e+00

           Step           Time
           1556     1556.00000

   Energies (kJ/mol)
           Bond          Angle Ryckaert-Bell.  Improper Dih.          LJ-14
    2.78528e+01    2.05717e+02   -1.51016e+00    2.29362e-03    3.11689e+02
     Coulomb-14        LJ (SR)   Coulomb (SR)      Potential Pressure (bar)
    4.82574e+02   -2.65165e+02   -1.30472e+03   -5.43559e+02    0.00000e+00

           Step           Time
           1557     1557.00000

           Step           Time
           1558     1558.00000

   Energies (kJ/mol)
           Bond          Angle Ryckaert-Bell.  Improper Dih.          LJ-14
    2.82848e+01    2.05296e+02   -1.51021e+00    2.29225e-03    3.11623e+02
     Coulomb-14        LJ (SR)   Coulomb (SR)      Potential Pressure (bar)
    4.82551e+02   -2.65183e+02   -1.30468e+03   -5.43614e+02    0.00000e+00

           Step           Time
           1559     1559.00000

   Energies (kJ/mol)
           Bond          Angle Ryckaert-Bell.  Improper Dih.          LJ-14
    2.78061e+01    2.05707e+02   -1.51092e+00    2.25763e-03    3.11647e+02
     Coulomb-14        LJ (SR)   Coulomb (SR)      Potential Pressure (bar)
    4.82579e+02   -2.65182e+02   -1.30471e+03   -5.43659e+02    0.00000e+00

DD  step 1559 load imb.: force 47.8%

           Step           Time
           1560     1560.00000

   Energies (kJ/mol)
           Bond          Angle Ryckaert-Bell.  Improper Dih.          LJ-14
    2.84402e+01    2.05110e+02   -1.51094e+00    2.25678e-03    3.11551e+02
     Coulomb-14        LJ (SR)   Coulomb (SR)      Potential Pressure (bar)
    4.82546e+02   -2.65207e+02   -1.30465e+03   -5.43719e+02    0.00000e+00

           Step           Time
           1561     1561.00000

           Step           Time
           1562     1562.00000

   Energies (kJ/mol)
           Bond          Angle Ryckaert-Bell.  Improper Dih.          LJ-14
    2.80502e+01    2.05434e+02   -1.51104e+00    2.25852e-03    3.11594e+02
     Coulomb-14        LJ (SR)   Coulomb (SR)      Potential Pressure (bar)
    4.82566e+02   -2.65197e+02   -1.30468e+03   -5.43741e+02    0.00000e+00

           Step           Time
           1563     1563.00000

   Energies (kJ/mol)
           Bond          Angle Ryckaert-Bell.  Improper Dih.          LJ-14
    2.85280e+01    2.05020e+02   -1.51122e+00    2.25914e-03    3.11518e+02
     Coulomb-14        LJ (SR)   Coulomb (SR)      Potential Pressure (bar)
    4.82542e+02   -2.65218e+02   -1.30464e+03   -5.43755e+02    0.00000e+00

           Step           Time
           1564     1564.00000

   Energies (kJ/mol)
           Bond          Angle Ryckaert-Bell.  Improper Dih.          LJ-14
    2.79609e+01    2.05498e+02   -1.51133e+00    2.25948e-03    3.11585e+02
     Coulomb-14        LJ (SR)   Coulomb (SR)      Potential Pressure (bar)
    4.82572e+02   -2.65202e+02   -1.30468e+03   -5.43777e+02    0.00000e+00

           Step           Time
           1565     1565.00000

   Energies (kJ/mol)
           Bond          Angle Ryckaert-Bell.  Improper Dih.          LJ-14
    2.86666e+01    2.04894e+02   -1.51154e+00    2.25944e-03    3.11481e+02
     Coulomb-14        LJ (SR)   Coulomb (SR)      Potential Pressure (bar)
    4.82539e+02   -2.65229e+02   -1.30462e+03   -5.43779e+02    0.00000e+00

           Step           Time
           1566     1566.00000

   Energies (kJ/mol)
           Bond          Angle Ryckaert-Bell.  Improper Dih.          LJ-14
    2.78403e+01    2.05602e+02   -1.51165e+00    2.26007e-03    3.11580e+02
     Coulomb-14        LJ (SR)   Coulomb (SR)      Potential Pressure (bar)
    4.82581e+02   -2.65205e+02   -1.30469e+03   -5.43798e+02    0.00000e+00

           Step           Time
           1567     1567.00000

           Step           Time
           1568     1568.00000

   Energies (kJ/mol)
           Bond          Angle Ryckaert-Bell.  Improper Dih.          LJ-14
    2.83088e+01    2.05152e+02   -1.51166e+00    2.25862e-03    3.11508e+02
     Coulomb-14        LJ (SR)   Coulomb (SR)      Potential Pressure (bar)
    4.82555e+02   -2.65224e+02   -1.30464e+03   -5.43854e+02    0.00000e+00

           Step           Time
           1569     1569.00000

   Energies (kJ/mol)
           Bond          Angle Ryckaert-Bell.  Improper Dih.          LJ-14
    2.77689e+01    2.05637e+02   -1.51221e+00    2.24794e-03    3.11548e+02
     Coulomb-14        LJ (SR)   Coulomb (SR)      Potential Pressure (bar)
    4.82585e+02   -2.65219e+02   -1.30468e+03   -5.43868e+02    0.00000e+00

DD  step 1569 load imb.: force 41.8%

           Step           Time
           1570     1570.00000

   Energies (kJ/mol)
           Bond          Angle Ryckaert-Bell.  Improper Dih.          LJ-14
    2.84506e+01    2.04995e+02   -1.51223e+00    2.24735e-03    3.11447e+02
     Coulomb-14        LJ (SR)   Coulomb (SR)      Potential Pressure (bar)
    4.82549e+02   -2.65245e+02   -1.30462e+03   -5.43934e+02    0.00000e+00

           Step           Time
           1571     1571.00000

           Step           Time
           1572     1572.00000

   Energies (kJ/mol)
           Bond          Angle Ryckaert-Bell.  Improper Dih.          LJ-14
    2.80129e+01    2.05363e+02   -1.51234e+00    2.24762e-03    3.11494e+02
     Coulomb-14        LJ (SR)   Coulomb (SR)      Potential Pressure (bar)
    4.82572e+02   -2.65234e+02   -1.30465e+03   -5.43955e+02    0.00000e+00

           Step           Time
           1573     1573.00000

   Energies (kJ/mol)
           Bond          Angle Ryckaert-Bell.  Improper Dih.          LJ-14
    2.85313e+01    2.04909e+02   -1.51252e+00    2.24684e-03    3.11416e+02
     Coulomb-14        LJ (SR)   Coulomb (SR)      Potential Pressure (bar)
    4.82548e+02   -2.65254e+02   -1.30461e+03   -5.43969e+02    0.00000e+00

           Step           Time
           1574     1574.00000

   Energies (kJ/mol)
           Bond          Angle Ryckaert-Bell.  Improper Dih.          LJ-14
    2.79110e+01    2.05440e+02   -1.51263e+00    2.24754e-03    3.11488e+02
     Coulomb-14        LJ (SR)   Coulomb (SR)      Potential Pressure (bar)
    4.82580e+02   -2.65237e+02   -1.30466e+03   -5.43986e+02    0.00000e+00

           Step           Time
           1575     1575.00000

   Energies (kJ/mol)
           Bond          Angle Ryckaert-Bell.  Improper Dih.          LJ-14
    2.86598e+01    2.04792e+02   -1.51281e+00    2.24771e-03    3.11379e+02
     Coulomb-14        LJ (SR)   Coulomb (SR)      Potential Pressure (bar)
    4.82545e+02   -2.65266e+02   -1.30459e+03   -5.43993e+02    0.00000e+00

           Step           Time
           1576     1576.00000

   Energies (kJ/mol)
           Bond          Angle Ryckaert-Bell.  Improper Dih.          LJ-14
    2.77852e+01    2.05552e+02   -1.51294e+00    2.24900e-03    3.11487e+02
     Coulomb-14        LJ (SR)   Coulomb (SR)      Potential Pressure (bar)
    4.82590e+02   -2.65240e+02   -1.30466e+03   -5.44000e+02    0.00000e+00

           Step           Time
           1577     1577.00000

           Step           Time
           1578     1578.00000

   Energies (kJ/mol)
           Bond          Angle Ryckaert-Bell.  Improper Dih.          LJ-14
    2.82726e+01    2.05071e+02   -1.51299e+00    2.24769e-03    3.11411e+02
     Coulomb-14        LJ (SR)   Coulomb (SR)      Potential Pressure (bar)
    4.82564e+02   -2.65260e+02   -1.30462e+03   -5.44069e+02    0.00000e+00

           Step           Time
           1579     1579.00000

   Energies (kJ/mol)
           Bond          Angle Ryckaert-Bell.  Improper Dih.          LJ-14
    2.77165e+01    2.05563e+02   -1.51376e+00    2.23312e-03    3.11442e+02
     Coulomb-14        LJ (SR)   Coulomb (SR)      Potential Pressure (bar)
    4.82595e+02   -2.65259e+02   -1.30465e+03   -5.44107e+02    0.00000e+00

DD  step 1579 load imb.: force 44.9%

           Step           Time
           1580     1580.00000

   Energies (kJ/mol)
           Bond          Angle Ryckaert-Bell.  Improper Dih.          LJ-14
    2.84623e+01    2.04854e+02   -1.51379e+00    2.22587e-03    3.11327e+02
     Coulomb-14        LJ (SR)   Coulomb (SR)      Potential Pressure (bar)
    4.82555e+02   -2.65288e+02   -1.30458e+03   -5.44186e+02    0.00000e+00

           Step           Time
           1581     1581.00000

           Step           Time
           1582     1582.00000

   Energies (kJ/mol)
           Bond          Angle Ryckaert-Bell.  Improper Dih.          LJ-14
    2.80005e+01    2.05242e+02   -1.51393e+00    2.22622e-03    3.11379e+02
     Coulomb-14        LJ (SR)   Coulomb (SR)      Potential Pressure (bar)
    4.82579e+02   -2.65277e+02   -1.30462e+03   -5.44208e+02    0.00000e+00

           Step           Time
           1583     1583.00000

   Energies (kJ/mol)
           Bond          Angle Ryckaert-Bell.  Improper Dih.          LJ-14
    2.85673e+01    2.04753e+02   -1.51408e+00    2.22482e-03    3.11293e+02
     Coulomb-14        LJ (SR)   Coulomb (SR)      Potential Pressure (bar)
    4.82551e+02   -2.65300e+02   -1.30457e+03   -5.44218e+02    0.00000e+00

           Step           Time
           1584     1584.00000

   Energies (kJ/mol)
           Bond          Angle Ryckaert-Bell.  Improper Dih.          LJ-14
    2.79031e+01    2.05316e+02   -1.51421e+00    2.22611e-03    3.11371e+02
     Coulomb-14        LJ (SR)   Coulomb (SR)      Potential Pressure (bar)
    4.82586e+02   -2.65281e+02   -1.30462e+03   -5.44239e+02    0.00000e+00

           Step           Time
           1585     1585.00000

           Step           Time
           1586     1586.00000

   Energies (kJ/mol)
           Bond          Angle Ryckaert-Bell.  Improper Dih.          LJ-14
    2.82818e+01    2.04958e+02   -1.51422e+00    2.22483e-03    3.11313e+02
     Coulomb-14        LJ (SR)   Coulomb (SR)      Potential Pressure (bar)
    4.82566e+02   -2.65297e+02   -1.30459e+03   -5.44278e+02    0.00000e+00

           Step           Time
           1587     1587.00000

   Energies (kJ/mol)
           Bond          Angle Ryckaert-Bell.  Improper Dih.          LJ-14
    2.78634e+01    2.05317e+02   -1.51472e+00    2.21664e-03    3.11340e+02
     Coulomb-14        LJ (SR)   Coulomb (SR)      Potential Pressure (bar)
    4.82591e+02   -2.65293e+02   -1.30461e+03   -5.44308e+02    0.00000e+00

           Step           Time
           1588     1588.00000

   Energies (kJ/mol)
           Bond          Angle Ryckaert-Bell.  Improper Dih.          LJ-14
    2.84253e+01    2.04802e+02   -1.51479e+00    2.21459e-03    3.11256e+02
     Coulomb-14        LJ (SR)   Coulomb (SR)      Potential Pressure (bar)
    4.82561e+02   -2.65315e+02   -1.30457e+03   -5.44350e+02    0.00000e+00

           Step           Time
           1589     1589.00000

           Step           Time
           1590     1590.00000

   Energies (kJ/mol)
           Bond          Angle Ryckaert-Bell.  Improper Dih.          LJ-14
    2.80817e+01    2.05083e+02   -1.51488e+00    2.21544e-03    3.11294e+02
     Coulomb-14        LJ (SR)   Coulomb (SR)      Potential Pressure (bar)
    4.82579e+02   -2.65307e+02   -1.30459e+03   -5.44374e+02    0.00000e+00

           Step           Time
           1591     1591.00000

   Energies (kJ/mol)
           Bond          Angle Ryckaert-Bell.  Improper Dih.          LJ-14
    2.85033e+01    2.04715e+02   -1.51508e+00    2.21151e-03    3.11225e+02
     Coulomb-14        LJ (SR)   Coulomb (SR)      Potential Pressure (bar)
    4.82559e+02   -2.65326e+02   -1.30455e+03   -5.44389e+02    0.00000e+00

           Step           Time
           1592     1592.00000

   Energies (kJ/mol)
           Bond          Angle Ryckaert-Bell.  Improper Dih.          LJ-14
    2.79938e+01    2.05140e+02   -1.51519e+00    2.21256e-03    3.11283e+02
     Coulomb-14        LJ (SR)   Coulomb (SR)      Potential Pressure (bar)
    4.82585e+02   -2.65313e+02   -1.30459e+03   -5.44416e+02    0.00000e+00

           Step           Time
           1593     1593.00000

   Energies (kJ/mol)
           Bond          Angle Ryckaert-Bell.  Improper Dih.          LJ-14
    2.86173e+01    2.04609e+02   -1.51536e+00    2.21207e-03    3.11190e+02
     Coulomb-14        LJ (SR)   Coulomb (SR)      Potential Pressure (bar)
    4.82555e+02   -2.65338e+02   -1.30454e+03   -5.44419e+02    0.00000e+00

           Step           Time
           1594     1594.00000

   Energies (kJ/mol)
           Bond          Angle Ryckaert-Bell.  Improper Dih.          LJ-14
    2.78784e+01    2.05234e+02   -1.51546e+00    2.21241e-03    3.11277e+02
     Coulomb-14        LJ (SR)   Coulomb (SR)      Potential Pressure (bar)
    4.82592e+02   -2.65317e+02   -1.30460e+03   -5.44444e+02    0.00000e+00

           Step           Time
           1595     1595.00000

           Step           Time
           1596     1596.00000

   Energies (kJ/mol)
           Bond          Angle Ryckaert-Bell.  Improper Dih.          LJ-14
    2.82941e+01    2.04840e+02   -1.51548e+00    2.21119e-03    3.11214e+02
     Coulomb-14        LJ (SR)   Coulomb (SR)      Potential Pressure (bar)
    4.82570e+02   -2.65333e+02   -1.30456e+03   -5.44487e+02    0.00000e+00

           Step           Time
           1597     1597.00000

   Energies (kJ/mol)
           Bond          Angle Ryckaert-Bell.  Improper Dih.          LJ-14
    2.78215e+01    2.05257e+02   -1.51597e+00    2.19704e-03    3.11252e+02
     Coulomb-14        LJ (SR)   Coulomb (SR)      Potential Pressure (bar)
    4.82598e+02   -2.65327e+02   -1.30459e+03   -5.44504e+02    0.00000e+00

           Step           Time
           1598     1598.00000

   Energies (kJ/mol)
           Bond          Angle Ryckaert-Bell.  Improper Dih.          LJ-14
    2.84318e+01    2.04690e+02   -1.51602e+00    2.19673e-03    3.11162e+02
     Coulomb-14        LJ (SR)   Coulomb (SR)      Potential Pressure (bar)
    4.82566e+02   -2.65350e+02   -1.30454e+03   -5.44550e+02    0.00000e+00

           Step           Time
           1599     1599.00000

           Step           Time
           1600     1600.00000

   Energies (kJ/mol)
           Bond          Angle Ryckaert-Bell.  Improper Dih.          LJ-14
    2.80499e+01    2.05007e+02   -1.51609e+00    2.19701e-03    3.11204e+02
     Coulomb-14        LJ (SR)   Coulomb (SR)      Potential Pressure (bar)
    4.82585e+02   -2.65341e+02   -1.30457e+03   -5.44574e+02    0.00000e+00

           Step           Time
           1601     1601.00000

   Energies (kJ/mol)
           Bond          Angle Ryckaert-Bell.  Improper Dih.          LJ-14
    2.85040e+01    2.04611e+02   -1.51627e+00    2.19817e-03    3.11132e+02
     Coulomb-14        LJ (SR)   Coulomb (SR)      Potential Pressure (bar)
    4.82564e+02   -2.65361e+02   -1.30452e+03   -5.44588e+02    0.00000e+00

           Step           Time
           1602     1602.00000

   Energies (kJ/mol)
           Bond          Angle Ryckaert-Bell.  Improper Dih.          LJ-14
    2.79566e+01    2.05073e+02   -1.51638e+00    2.19840e-03    3.11196e+02
     Coulomb-14        LJ (SR)   Coulomb (SR)      Potential Pressure (bar)
    4.82591e+02   -2.65346e+02   -1.30457e+03   -5.44612e+02    0.00000e+00

           Step           Time
           1603     1603.00000

   Energies (kJ/mol)
           Bond          Angle Ryckaert-Bell.  Improper Dih.          LJ-14
    2.86283e+01    2.04498e+02   -1.51656e+00    2.19870e-03    3.11096e+02
     Coulomb-14        LJ (SR)   Coulomb (SR)      Potential Pressure (bar)
    4.82559e+02   -2.65373e+02   -1.30451e+03   -5.44614e+02    0.00000e+00

           Step           Time
           1604     1604.00000

   Energies (kJ/mol)
           Bond          Angle Ryckaert-Bell.  Improper Dih.          LJ-14
    2.78384e+01    2.05172e+02   -1.51667e+00    2.19979e-03    3.11191e+02
     Coulomb-14        LJ (SR)   Coulomb (SR)      Potential Pressure (bar)
    4.82600e+02   -2.65350e+02   -1.30457e+03   -5.44635e+02    0.00000e+00

           Step           Time
           1605     1605.00000

           Step           Time
           1606     1606.00000

   Energies (kJ/mol)
           Bond          Angle Ryckaert-Bell.  Improper Dih.          LJ-14
    2.82845e+01    2.04745e+02   -1.51670e+00    2.19857e-03    3.11123e+02
     Coulomb-14        LJ (SR)   Coulomb (SR)      Potential Pressure (bar)
    4.82575e+02   -2.65368e+02   -1.30453e+03   -5.44685e+02    0.00000e+00

           Step           Time
           1607     1607.00000

   Energies (kJ/mol)
           Bond          Angle Ryckaert-Bell.  Improper Dih.          LJ-14
    2.77614e+01    2.05219e+02   -1.51718e+00    2.20058e-03    3.11163e+02
     Coulomb-14        LJ (SR)   Coulomb (SR)      Potential Pressure (bar)
    4.82608e+02   -2.65359e+02   -1.30457e+03   -5.44694e+02    0.00000e+00

           Step           Time
           1608     1608.00000

   Energies (kJ/mol)
           Bond          Angle Ryckaert-Bell.  Improper Dih.          LJ-14
    2.84169e+01    2.04596e+02   -1.51724e+00    2.19908e-03    3.11068e+02
     Coulomb-14        LJ (SR)   Coulomb (SR)      Potential Pressure (bar)
    4.82573e+02   -2.65385e+02   -1.30451e+03   -5.44756e+02    0.00000e+00

           Step           Time
           1609     1609.00000

           Step           Time
           1610     1610.00000

   Energies (kJ/mol)
           Bond          Angle Ryckaert-Bell.  Improper Dih.          LJ-14
    2.79989e+01    2.04946e+02   -1.51733e+00    2.19830e-03    3.11115e+02
     Coulomb-14        LJ (SR)   Coulomb (SR)      Potential Pressure (bar)
    4.82595e+02   -2.65374e+02   -1.30454e+03   -5.44777e+02    0.00000e+00

           Step           Time
           1611     1611.00000

   Energies (kJ/mol)
           Bond          Angle Ryckaert-Bell.  Improper Dih.          LJ-14
    2.84940e+01    2.04517e+02   -1.51752e+00    2.19983e-03    3.11036e+02
     Coulomb-14        LJ (SR)   Coulomb (SR)      Potential Pressure (bar)
    4.82571e+02   -2.65396e+02   -1.30450e+03   -5.44790e+02    0.00000e+00

           Step           Time
           1612     1612.00000

   Energies (kJ/mol)
           Bond          Angle Ryckaert-Bell.  Improper Dih.          LJ-14
    2.79055e+01    2.05017e+02   -1.51763e+00    2.20090e-03    3.11105e+02
     Coulomb-14        LJ (SR)   Coulomb (SR)      Potential Pressure (bar)
    4.82602e+02   -2.65380e+02   -1.30454e+03   -5.44809e+02    0.00000e+00

           Step           Time
           1613     1613.00000

   Energies (kJ/mol)
           Bond          Angle Ryckaert-Bell.  Improper Dih.          LJ-14
    2.86242e+01    2.04400e+02   -1.51783e+00    2.20090e-03    3.11000e+02
     Coulomb-14        LJ (SR)   Coulomb (SR)      Potential Pressure (bar)
    4.82567e+02   -2.65408e+02   -1.30448e+03   -5.44814e+02    0.00000e+00

           Step           Time
           1614     1614.00000

   Energies (kJ/mol)
           Bond          Angle Ryckaert-Bell.  Improper Dih.          LJ-14
    2.77796e+01    2.05128e+02   -1.51796e+00    2.20211e-03    3.11104e+02
     Coulomb-14        LJ (SR)   Coulomb (SR)      Potential Pressure (bar)
    4.82611e+02   -2.65382e+02   -1.30455e+03   -5.44826e+02    0.00000e+00

           Step           Time
           1615     1615.00000

           Step           Time
           1616     1616.00000

   Energies (kJ/mol)
           Bond          Angle Ryckaert-Bell.  Improper Dih.          LJ-14
    2.82493e+01    2.04669e+02   -1.51801e+00    2.20088e-03    3.11032e+02
     Coulomb-14        LJ (SR)   Coulomb (SR)      Potential Pressure (bar)
    4.82585e+02   -2.65401e+02   -1.30451e+03   -5.44888e+02    0.00000e+00

           Step           Time
           1617     1617.00000

   Energies (kJ/mol)
           Bond          Angle Ryckaert-Bell.  Improper Dih.          LJ-14
    2.77388e+01    2.05124e+02   -1.51857e+00    2.16930e-03    3.11063e+02
     Coulomb-14        LJ (SR)   Coulomb (SR)      Potential Pressure (bar)
    4.82614e+02   -2.65398e+02   -1.30454e+03   -5.44915e+02    0.00000e+00

           Step           Time
           1618     1618.00000

   Energies (kJ/mol)
           Bond          Angle Ryckaert-Bell.  Improper Dih.          LJ-14
    2.84063e+01    2.04491e+02   -1.51864e+00    2.17161e-03    3.10962e+02
     Coulomb-14        LJ (SR)   Coulomb (SR)      Potential Pressure (bar)
    4.82578e+02   -2.65425e+02   -1.30448e+03   -5.44983e+02    0.00000e+00

           Step           Time
           1619     1619.00000

           Step           Time
           1620     1620.00000

   Energies (kJ/mol)
           Bond          Angle Ryckaert-Bell.  Improper Dih.          LJ-14
    2.79704e+01    2.04860e+02   -1.51878e+00    2.17364e-03    3.11010e+02
     Coulomb-14        LJ (SR)   Coulomb (SR)      Potential Pressure (bar)
    4.82602e+02   -2.65414e+02   -1.30451e+03   -5.45002e+02    0.00000e+00

           Step           Time
           1621     1621.00000

   Energies (kJ/mol)
           Bond          Angle Ryckaert-Bell.  Improper Dih.          LJ-14
    2.84893e+01    2.04410e+02   -1.51896e+00    2.17467e-03    3.10930e+02
     Coulomb-14        LJ (SR)   Coulomb (SR)      Potential Pressure (bar)
    4.82575e+02   -2.65436e+02   -1.30447e+03   -5.45016e+02    0.00000e+00

           Step           Time
           1622     1622.00000

   Energies (kJ/mol)
           Bond          Angle Ryckaert-Bell.  Improper Dih.          LJ-14
    2.78737e+01    2.04937e+02   -1.51907e+00    2.17580e-03    3.11004e+02
     Coulomb-14        LJ (SR)   Coulomb (SR)      Potential Pressure (bar)
    4.82607e+02   -2.65418e+02   -1.30452e+03   -5.45031e+02    0.00000e+00

           Step           Time
           1623     1623.00000

   Energies (kJ/mol)
           Bond          Angle Ryckaert-Bell.  Improper Dih.          LJ-14
    2.86265e+01    2.04288e+02   -1.51921e+00    2.17506e-03    3.10894e+02
     Coulomb-14        LJ (SR)   Coulomb (SR)      Potential Pressure (bar)
    4.82569e+02   -2.65448e+02   -1.30445e+03   -5.45039e+02    0.00000e+00

           Step           Time
           1624     1624.00000

   Energies (kJ/mol)
           Bond          Angle Ryckaert-Bell.  Improper Dih.          LJ-14
    2.77412e+01    2.05062e+02   -1.51933e+00    2.17645e-03    3.11003e+02
     Coulomb-14        LJ (SR)   Coulomb (SR)      Potential Pressure (bar)
    4.82618e+02   -2.65421e+02   -1.30453e+03   -5.45041e+02    0.00000e+00

           Step           Time
           1625     1625.00000

           Step           Time
           1626     1626.00000

   Energies (kJ/mol)
           Bond          Angle Ryckaert-Bell.  Improper Dih.          LJ-14
    2.82294e+01    2.04577e+02   -1.51936e+00    2.17510e-03    3.10925e+02
     Coulomb-14        LJ (SR)   Coulomb (SR)      Potential Pressure (bar)
    4.82590e+02   -2.65441e+02   -1.30448e+03   -5.45115e+02    0.00000e+00

           Step           Time
           1627     1627.00000

   Energies (kJ/mol)
           Bond          Angle Ryckaert-Bell.  Improper Dih.          LJ-14
    2.76787e+01    2.05067e+02   -1.52029e+00    2.17407e-03    3.10953e+02
     Coulomb-14        LJ (SR)   Coulomb (SR)      Potential Pressure (bar)
    4.82621e+02   -2.65442e+02   -1.30452e+03   -5.45159e+02    0.00000e+00

           Step           Time
           1628     1628.00000

   Energies (kJ/mol)
           Bond          Angle Ryckaert-Bell.  Improper Dih.          LJ-14
    2.84181e+01    2.04354e+02   -1.52030e+00    2.15913e-03    3.10837e+02
     Coulomb-14        LJ (SR)   Coulomb (SR)      Potential Pressure (bar)
    4.82583e+02   -2.65472e+02   -1.30445e+03   -5.45244e+02    0.00000e+00

           Step           Time
           1629     1629.00000

           Step           Time
           1630     1630.00000

   Energies (kJ/mol)
           Bond          Angle Ryckaert-Bell.  Improper Dih.          LJ-14
    2.79484e+01    2.04753e+02   -1.52036e+00    2.15770e-03    3.10889e+02
     Coulomb-14        LJ (SR)   Coulomb (SR)      Potential Pressure (bar)
    4.82607e+02   -2.65460e+02   -1.30448e+03   -5.45263e+02    0.00000e+00

           Step           Time
           1631     1631.00000

   Energies (kJ/mol)
           Bond          Angle Ryckaert-Bell.  Improper Dih.          LJ-14
    2.85430e+01    2.04242e+02   -1.52056e+00    2.15555e-03    3.10800e+02
     Coulomb-14        LJ (SR)   Coulomb (SR)      Potential Pressure (bar)
    4.82578e+02   -2.65484e+02   -1.30443e+03   -5.45272e+02    0.00000e+00

           Step           Time
           1632     1632.00000

   Energies (kJ/mol)
           Bond          Angle Ryckaert-Bell.  Improper Dih.          LJ-14
    2.78512e+01    2.04831e+02   -1.52066e+00    2.15651e-03    3.10883e+02
     Coulomb-14        LJ (SR)   Coulomb (SR)      Potential Pressure (bar)
    4.82613e+02   -2.65464e+02   -1.30449e+03   -5.45291e+02    0.00000e+00

           Step           Time
           1633     1633.00000

           Step           Time
           1634     1634.00000

   Energies (kJ/mol)
           Bond          Angle Ryckaert-Bell.  Improper Dih.          LJ-14
    2.82523e+01    2.04452e+02   -1.52068e+00    2.15544e-03    3.10821e+02
     Coulomb-14        LJ (SR)   Coulomb (SR)      Potential Pressure (bar)
    4.82592e+02   -2.65481e+02   -1.30445e+03   -5.45334e+02    0.00000e+00

           Step           Time
           1635     1635.00000

   Energies (kJ/mol)
           Bond          Angle Ryckaert-Bell.  Improper Dih.          LJ-14
    2.77963e+01    2.04853e+02   -1.52116e+00    2.14671e-03    3.10855e+02
     Coulomb-14        LJ (SR)   Coulomb (SR)      Potential Pressure (bar)
    4.82616e+02   -2.65476e+02   -1.30448e+03   -5.45357e+02    0.00000e+00

           Step           Time
           1636     1636.00000

   Energies (kJ/mol)
           Bond          Angle Ryckaert-Bell.  Improper Dih.          LJ-14
    2.83735e+01    2.04315e+02   -1.52121e+00    2.14746e-03    3.10767e+02
     Coulomb-14        LJ (SR)   Coulomb (SR)      Potential Pressure (bar)
    4.82585e+02   -2.65500e+02   -1.30443e+03   -5.45407e+02    0.00000e+00

           Step           Time
           1637     1637.00000

           Step           Time
           1638     1638.00000

   Energies (kJ/mol)
           Bond          Angle Ryckaert-Bell.  Improper Dih.          LJ-14
    2.80161e+01    2.04612e+02   -1.52131e+00    2.14687e-03    3.10808e+02
     Coulomb-14        LJ (SR)   Coulomb (SR)      Potential Pressure (bar)
    4.82603e+02   -2.65490e+02   -1.30446e+03   -5.45428e+02    0.00000e+00

           Step           Time
           1639     1639.00000

   Energies (kJ/mol)
           Bond          Angle Ryckaert-Bell.  Improper Dih.          LJ-14
    2.84583e+01    2.04227e+02   -1.52145e+00    2.14714e-03    3.10737e+02
     Coulomb-14        LJ (SR)   Coulomb (SR)      Potential Pressure (bar)
    4.82582e+02   -2.65510e+02   -1.30442e+03   -5.45442e+02    0.00000e+00

DD  step 1639 load imb.: force 55.1%

           Step           Time
           1640     1640.00000

   Energies (kJ/mol)
           Bond          Angle Ryckaert-Bell.  Improper Dih.          LJ-14
    2.79366e+01    2.04666e+02   -1.52156e+00    2.14713e-03    3.10799e+02
     Coulomb-14        LJ (SR)   Coulomb (SR)      Potential Pressure (bar)
    4.82609e+02   -2.65495e+02   -1.30446e+03   -5.45464e+02    0.00000e+00

           Step           Time
           1641     1641.00000

   Energies (kJ/mol)
           Bond          Angle Ryckaert-Bell.  Improper Dih.          LJ-14
    2.85779e+01    2.04119e+02   -1.52174e+00    2.14523e-03    3.10702e+02
     Coulomb-14        LJ (SR)   Coulomb (SR)      Potential Pressure (bar)
    4.82577e+02   -2.65522e+02   -1.30440e+03   -5.45468e+02    0.00000e+00

           Step           Time
           1642     1642.00000

   Energies (kJ/mol)
           Bond          Angle Ryckaert-Bell.  Improper Dih.          LJ-14
    2.78213e+01    2.04764e+02   -1.52185e+00    2.14532e-03    3.10795e+02
     Coulomb-14        LJ (SR)   Coulomb (SR)      Potential Pressure (bar)
    4.82616e+02   -2.65499e+02   -1.30447e+03   -5.45488e+02    0.00000e+00

           Step           Time
           1643     1643.00000

           Step           Time
           1644     1644.00000

   Energies (kJ/mol)
           Bond          Angle Ryckaert-Bell.  Improper Dih.          LJ-14
    2.82495e+01    2.04355e+02   -1.52186e+00    2.14424e-03    3.10729e+02
     Coulomb-14        LJ (SR)   Coulomb (SR)      Potential Pressure (bar)
    4.82593e+02   -2.65517e+02   -1.30443e+03   -5.45535e+02    0.00000e+00

           Step           Time
           1645     1645.00000

   Energies (kJ/mol)
           Bond          Angle Ryckaert-Bell.  Improper Dih.          LJ-14
    2.77520e+01    2.04798e+02   -1.52242e+00    2.12972e-03    3.10765e+02
     Coulomb-14        LJ (SR)   Coulomb (SR)      Potential Pressure (bar)
    4.82623e+02   -2.65512e+02   -1.30446e+03   -5.45553e+02    0.00000e+00

           Step           Time
           1646     1646.00000

   Energies (kJ/mol)
           Bond          Angle Ryckaert-Bell.  Improper Dih.          LJ-14
    2.83991e+01    2.04193e+02   -1.52245e+00    2.12865e-03    3.10671e+02
     Coulomb-14        LJ (SR)   Coulomb (SR)      Potential Pressure (bar)
    4.82588e+02   -2.65537e+02   -1.30440e+03   -5.45608e+02    0.00000e+00

           Step           Time
           1647     1647.00000

           Step           Time
           1648     1648.00000

   Energies (kJ/mol)
           Bond          Angle Ryckaert-Bell.  Improper Dih.          LJ-14
    2.80003e+01    2.04526e+02   -1.52254e+00    2.12886e-03    3.10714e+02
     Coulomb-14        LJ (SR)   Coulomb (SR)      Potential Pressure (bar)
    4.82609e+02   -2.65527e+02   -1.30443e+03   -5.45631e+02    0.00000e+00

           Step           Time
           1649     1649.00000

   Energies (kJ/mol)
           Bond          Angle Ryckaert-Bell.  Improper Dih.          LJ-14
    2.84809e+01    2.04110e+02   -1.52267e+00    2.12828e-03    3.10639e+02
     Coulomb-14        LJ (SR)   Coulomb (SR)      Potential Pressure (bar)
    4.82586e+02   -2.65547e+02   -1.30439e+03   -5.45642e+02    0.00000e+00

DD  step 1649 load imb.: force 48.5%

           Step           Time
           1650     1650.00000

   Energies (kJ/mol)
           Bond          Angle Ryckaert-Bell.  Improper Dih.          LJ-14
    2.79117e+01    2.04588e+02   -1.52278e+00    2.12923e-03    3.10706e+02
     Coulomb-14        LJ (SR)   Coulomb (SR)      Potential Pressure (bar)
    4.82616e+02   -2.65531e+02   -1.30443e+03   -5.45665e+02    0.00000e+00

           Step           Time
           1651     1651.00000

           Step           Time
           1652     1652.00000

   Energies (kJ/mol)
           Bond          Angle Ryckaert-Bell.  Improper Dih.          LJ-14
    2.82463e+01    2.04278e+02   -1.52282e+00    2.12816e-03    3.10654e+02
     Coulomb-14        LJ (SR)   Coulomb (SR)      Potential Pressure (bar)
    4.82597e+02   -2.65545e+02   -1.30440e+03   -5.45695e+02    0.00000e+00

           Step           Time
           1653     1653.00000

   Energies (kJ/mol)
           Bond          Angle Ryckaert-Bell.  Improper Dih.          LJ-14
    2.78774e+01    2.04593e+02   -1.52319e+00    2.12729e-03    3.10681e+02
     Coulomb-14        LJ (SR)   Coulomb (SR)      Potential Pressure (bar)
    4.82618e+02   -2.65541e+02   -1.30443e+03   -5.45721e+02    0.00000e+00

           Step           Time
           1654     1654.00000

   Energies (kJ/mol)
           Bond          Angle Ryckaert-Bell.  Improper Dih.          LJ-14
    2.83407e+01    2.04168e+02   -1.52326e+00    2.12662e-03    3.10612e+02
     Coulomb-14        LJ (SR)   Coulomb (SR)      Potential Pressure (bar)
    4.82594e+02   -2.65559e+02   -1.30439e+03   -5.45752e+02    0.00000e+00

           Step           Time
           1655     1655.00000

           Step           Time
           1656     1656.00000

   Energies (kJ/mol)
           Bond          Angle Ryckaert-Bell.  Improper Dih.          LJ-14
    2.80498e+01    2.04408e+02   -1.52337e+00    2.12849e-03    3.10643e+02
     Coulomb-14        LJ (SR)   Coulomb (SR)      Potential Pressure (bar)
    4.82611e+02   -2.65552e+02   -1.30441e+03   -5.45773e+02    0.00000e+00

           Step           Time
           1657     1657.00000

   Energies (kJ/mol)
           Bond          Angle Ryckaert-Bell.  Improper Dih.          LJ-14
    2.83967e+01    2.04103e+02   -1.52356e+00    2.12743e-03    3.10583e+02
     Coulomb-14        LJ (SR)   Coulomb (SR)      Potential Pressure (bar)
    4.82592e+02   -2.65569e+02   -1.30438e+03   -5.45793e+02    0.00000e+00

           Step           Time
           1658     1658.00000

   Energies (kJ/mol)
           Bond          Angle Ryckaert-Bell.  Improper Dih.          LJ-14
    2.79764e+01    2.04454e+02   -1.52364e+00    2.12815e-03    3.10631e+02
     Coulomb-14        LJ (SR)   Coulomb (SR)      Potential Pressure (bar)
    4.82614e+02   -2.65558e+02   -1.30441e+03   -5.45815e+02    0.00000e+00

           Step           Time
           1659     1659.00000

   Energies (kJ/mol)
           Bond          Angle Ryckaert-Bell.  Improper Dih.          LJ-14
    2.84862e+01    2.04016e+02   -1.52382e+00    2.12113e-03    3.10551e+02
     Coulomb-14        LJ (SR)   Coulomb (SR)      Potential Pressure (bar)
    4.82589e+02   -2.65581e+02   -1.30436e+03   -5.45825e+02    0.00000e+00

DD  step 1659 load imb.: force 50.0%

           Step           Time
           1660     1660.00000

   Energies (kJ/mol)
           Bond          Angle Ryckaert-Bell.  Improper Dih.          LJ-14
    2.78782e+01    2.04530e+02   -1.52391e+00    2.12113e-03    3.10625e+02
     Coulomb-14        LJ (SR)   Coulomb (SR)      Potential Pressure (bar)
    4.82621e+02   -2.65563e+02   -1.30441e+03   -5.45846e+02    0.00000e+00

           Step           Time
           1661     1661.00000

           Step           Time
           1662     1662.00000

   Energies (kJ/mol)
           Bond          Angle Ryckaert-Bell.  Improper Dih.          LJ-14
    2.82236e+01    2.04205e+02   -1.52392e+00    2.12008e-03    3.10571e+02
     Coulomb-14        LJ (SR)   Coulomb (SR)      Potential Pressure (bar)
    4.82602e+02   -2.65577e+02   -1.30438e+03   -5.45880e+02    0.00000e+00

           Step           Time
           1663     1663.00000

   Energies (kJ/mol)
           Bond          Angle Ryckaert-Bell.  Improper Dih.          LJ-14
    2.78223e+01    2.04549e+02   -1.52443e+00    2.12144e-03    3.10595e+02
     Coulomb-14        LJ (SR)   Coulomb (SR)      Potential Pressure (bar)
    4.82626e+02   -2.65575e+02   -1.30441e+03   -5.45913e+02    0.00000e+00

           Step           Time
           1664     1664.00000

   Energies (kJ/mol)
           Bond          Angle Ryckaert-Bell.  Improper Dih.          LJ-14
    2.83330e+01    2.04076e+02   -1.52446e+00    2.12115e-03    3.10520e+02
     Coulomb-14        LJ (SR)   Coulomb (SR)      Potential Pressure (bar)
    4.82599e+02   -2.65595e+02   -1.30436e+03   -5.45953e+02    0.00000e+00

           Step           Time
           1665     1665.00000

           Step           Time
           1666     1666.00000

   Energies (kJ/mol)
           Bond          Angle Ryckaert-Bell.  Improper Dih.          LJ-14
    2.80179e+01    2.04339e+02   -1.52455e+00    2.12066e-03    3.10552e+02
     Coulomb-14        LJ (SR)   Coulomb (SR)      Potential Pressure (bar)
    4.82616e+02   -2.65588e+02   -1.30439e+03   -5.45973e+02    0.00000e+00

           Step           Time
           1667     1667.00000

   Energies (kJ/mol)
           Bond          Angle Ryckaert-Bell.  Improper Dih.          LJ-14
    2.83888e+01    2.04013e+02   -1.52470e+00    2.12074e-03    3.10492e+02
     Coulomb-14        LJ (SR)   Coulomb (SR)      Potential Pressure (bar)
    4.82598e+02   -2.65605e+02   -1.30435e+03   -5.45990e+02    0.00000e+00

           Step           Time
           1668     1668.00000

   Energies (kJ/mol)
           Bond          Angle Ryckaert-Bell.  Improper Dih.          LJ-14
    2.79408e+01    2.04390e+02   -1.52479e+00    2.12179e-03    3.10545e+02
     Coulomb-14        LJ (SR)   Coulomb (SR)      Potential Pressure (bar)
    4.82621e+02   -2.65594e+02   -1.30439e+03   -5.46010e+02    0.00000e+00

           Step           Time
           1669     1669.00000

   Energies (kJ/mol)
           Bond          Angle Ryckaert-Bell.  Improper Dih.          LJ-14
    2.84833e+01    2.03921e+02   -1.52497e+00    2.12204e-03    3.10461e+02
     Coulomb-14        LJ (SR)   Coulomb (SR)      Potential Pressure (bar)
    4.82594e+02   -2.65616e+02   -1.30434e+03   -5.46021e+02    0.00000e+00

DD  step 1669 load imb.: force 44.6%

           Step           Time
           1670     1670.00000

   Energies (kJ/mol)
           Bond          Angle Ryckaert-Bell.  Improper Dih.          LJ-14
    2.78453e+01    2.04465e+02   -1.52506e+00    2.12233e-03    3.10539e+02
     Coulomb-14        LJ (SR)   Coulomb (SR)      Potential Pressure (bar)
    4.82627e+02   -2.65598e+02   -1.30439e+03   -5.46039e+02    0.00000e+00

           Step           Time
           1671     1671.00000

           Step           Time
           1672     1672.00000

   Energies (kJ/mol)
           Bond          Angle Ryckaert-Bell.  Improper Dih.          LJ-14
    2.82097e+01    2.04121e+02   -1.52508e+00    2.12116e-03    3.10482e+02
     Coulomb-14        LJ (SR)   Coulomb (SR)      Potential Pressure (bar)
    4.82606e+02   -2.65614e+02   -1.30436e+03   -5.46078e+02    0.00000e+00

           Step           Time
           1673     1673.00000

   Energies (kJ/mol)
           Bond          Angle Ryckaert-Bell.  Improper Dih.          LJ-14
    2.77982e+01    2.04474e+02   -1.52563e+00    2.10260e-03    3.10509e+02
     Coulomb-14        LJ (SR)   Coulomb (SR)      Potential Pressure (bar)
    4.82631e+02   -2.65611e+02   -1.30439e+03   -5.46113e+02    0.00000e+00

           Step           Time
           1674     1674.00000

   Energies (kJ/mol)
           Bond          Angle Ryckaert-Bell.  Improper Dih.          LJ-14
    2.83201e+01    2.03989e+02   -1.52564e+00    2.10143e-03    3.10428e+02
     Coulomb-14        LJ (SR)   Coulomb (SR)      Potential Pressure (bar)
    4.82601e+02   -2.65633e+02   -1.30434e+03   -5.46159e+02    0.00000e+00

           Step           Time
           1675     1675.00000

           Step           Time
           1676     1676.00000

   Energies (kJ/mol)
           Bond          Angle Ryckaert-Bell.  Improper Dih.          LJ-14
    2.79934e+01    2.04260e+02   -1.52573e+00    2.10178e-03    3.10464e+02
     Coulomb-14        LJ (SR)   Coulomb (SR)      Potential Pressure (bar)
    4.82619e+02   -2.65625e+02   -1.30437e+03   -5.46178e+02    0.00000e+00

           Step           Time
           1677     1677.00000

   Energies (kJ/mol)
           Bond          Angle Ryckaert-Bell.  Improper Dih.          LJ-14
    2.83796e+01    2.03920e+02   -1.52591e+00    2.10196e-03    3.10401e+02
     Coulomb-14        LJ (SR)   Coulomb (SR)      Potential Pressure (bar)
    4.82600e+02   -2.65643e+02   -1.30433e+03   -5.46195e+02    0.00000e+00

           Step           Time
           1678     1678.00000

   Energies (kJ/mol)
           Bond          Angle Ryckaert-Bell.  Improper Dih.          LJ-14
    2.79252e+01    2.04304e+02   -1.52598e+00    2.10237e-03    3.10454e+02
     Coulomb-14        LJ (SR)   Coulomb (SR)      Potential Pressure (bar)
    4.82625e+02   -2.65630e+02   -1.30437e+03   -5.46214e+02    0.00000e+00

           Step           Time
           1679     1679.00000

   Energies (kJ/mol)
           Bond          Angle Ryckaert-Bell.  Improper Dih.          LJ-14
    2.84903e+01    2.03815e+02   -1.52620e+00    2.10341e-03    3.10368e+02
     Coulomb-14        LJ (SR)   Coulomb (SR)      Potential Pressure (bar)
    4.82597e+02   -2.65654e+02   -1.30431e+03   -5.46222e+02    0.00000e+00

DD  step 1679 load imb.: force 44.2%

           Step           Time
           1680     1680.00000

   Energies (kJ/mol)
           Bond          Angle Ryckaert-Bell.  Improper Dih.          LJ-14
    2.78166e+01    2.04390e+02   -1.52628e+00    2.10472e-03    3.10451e+02
     Coulomb-14        LJ (SR)   Coulomb (SR)      Potential Pressure (bar)
    4.82633e+02   -2.65634e+02   -1.30437e+03   -5.46239e+02    0.00000e+00

           Step           Time
           1681     1681.00000

           Step           Time
           1682     1682.00000

   Energies (kJ/mol)
           Bond          Angle Ryckaert-Bell.  Improper Dih.          LJ-14
    2.82004e+01    2.04024e+02   -1.52632e+00    2.10348e-03    3.10391e+02
     Coulomb-14        LJ (SR)   Coulomb (SR)      Potential Pressure (bar)
    4.82611e+02   -2.65650e+02   -1.30434e+03   -5.46282e+02    0.00000e+00

           Step           Time
           1683     1683.00000

   Energies (kJ/mol)
           Bond          Angle Ryckaert-Bell.  Improper Dih.          LJ-14
    2.77415e+01    2.04416e+02   -1.52695e+00    2.09630e-03    3.10422e+02
     Coulomb-14        LJ (SR)   Coulomb (SR)      Potential Pressure (bar)
    4.82639e+02   -2.65648e+02   -1.30436e+03   -5.46319e+02    0.00000e+00

           Step           Time
           1684     1684.00000

   Energies (kJ/mol)
           Bond          Angle Ryckaert-Bell.  Improper Dih.          LJ-14
    2.83315e+01    2.03866e+02   -1.52694e+00    2.09101e-03    3.10330e+02
     Coulomb-14        LJ (SR)   Coulomb (SR)      Potential Pressure (bar)
    4.82607e+02   -2.65671e+02   -1.30431e+03   -5.46372e+02    0.00000e+00

           Step           Time
           1685     1685.00000

           Step           Time
           1686     1686.00000

   Energies (kJ/mol)
           Bond          Angle Ryckaert-Bell.  Improper Dih.          LJ-14
    2.79738e+01    2.04164e+02   -1.52702e+00    2.08627e-03    3.10371e+02
     Coulomb-14        LJ (SR)   Coulomb (SR)      Potential Pressure (bar)
    4.82626e+02   -2.65662e+02   -1.30434e+03   -5.46393e+02    0.00000e+00

           Step           Time
           1687     1687.00000

   Energies (kJ/mol)
           Bond          Angle Ryckaert-Bell.  Improper Dih.          LJ-14
    2.84155e+01    2.03781e+02   -1.52716e+00    2.08587e-03    3.10300e+02
     Coulomb-14        LJ (SR)   Coulomb (SR)      Potential Pressure (bar)
    4.82604e+02   -2.65682e+02   -1.30430e+03   -5.46406e+02    0.00000e+00

           Step           Time
           1688     1688.00000

   Energies (kJ/mol)
           Bond          Angle Ryckaert-Bell.  Improper Dih.          LJ-14
    2.78972e+01    2.04217e+02   -1.52728e+00    2.08623e-03    3.10363e+02
     Coulomb-14        LJ (SR)   Coulomb (SR)      Potential Pressure (bar)
    4.82631e+02   -2.65668e+02   -1.30434e+03   -5.46427e+02    0.00000e+00

           Step           Time
           1689     1689.00000

   Energies (kJ/mol)
           Bond          Angle Ryckaert-Bell.  Improper Dih.          LJ-14
    2.85291e+01    2.03677e+02   -1.52747e+00    2.08709e-03    3.10268e+02
     Coulomb-14        LJ (SR)   Coulomb (SR)      Potential Pressure (bar)
    4.82598e+02   -2.65693e+02   -1.30429e+03   -5.46433e+02    0.00000e+00

DD  step 1689 load imb.: force 48.3%

           Step           Time
           1690     1690.00000

   Energies (kJ/mol)
           Bond          Angle Ryckaert-Bell.  Improper Dih.          LJ-14
    2.77879e+01    2.04308e+02   -1.52755e+00    2.08776e-03    3.10360e+02
     Coulomb-14        LJ (SR)   Coulomb (SR)      Potential Pressure (bar)
    4.82639e+02   -2.65671e+02   -1.30435e+03   -5.46449e+02    0.00000e+00

           Step           Time
           1691     1691.00000

           Step           Time
           1692     1692.00000

   Energies (kJ/mol)
           Bond          Angle Ryckaert-Bell.  Improper Dih.          LJ-14
    2.82028e+01    2.03912e+02   -1.52756e+00    2.08644e-03    3.10295e+02
     Coulomb-14        LJ (SR)   Coulomb (SR)      Potential Pressure (bar)
    4.82615e+02   -2.65689e+02   -1.30431e+03   -5.46497e+02    0.00000e+00

           Step           Time
           1693     1693.00000

   Energies (kJ/mol)
           Bond          Angle Ryckaert-Bell.  Improper Dih.          LJ-14
    2.77379e+01    2.04321e+02   -1.52810e+00    2.06563e-03    3.10331e+02
     Coulomb-14        LJ (SR)   Coulomb (SR)      Potential Pressure (bar)
    4.82644e+02   -2.65684e+02   -1.30434e+03   -5.46519e+02    0.00000e+00

           Step           Time
           1694     1694.00000

   Energies (kJ/mol)
           Bond          Angle Ryckaert-Bell.  Improper Dih.          LJ-14
    2.83317e+01    2.03764e+02   -1.52811e+00    2.06462e-03    3.10239e+02
     Coulomb-14        LJ (SR)   Coulomb (SR)      Potential Pressure (bar)
    4.82612e+02   -2.65708e+02   -1.30428e+03   -5.46573e+02    0.00000e+00

           Step           Time
           1695     1695.00000

           Step           Time
           1696     1696.00000

   Energies (kJ/mol)
           Bond          Angle Ryckaert-Bell.  Improper Dih.          LJ-14
    2.79610e+01    2.04074e+02   -1.52819e+00    2.06357e-03    3.10281e+02
     Coulomb-14        LJ (SR)   Coulomb (SR)      Potential Pressure (bar)
    4.82632e+02   -2.65698e+02   -1.30432e+03   -5.46593e+02    0.00000e+00

           Step           Time
           1697     1697.00000

   Energies (kJ/mol)
           Bond          Angle Ryckaert-Bell.  Improper Dih.          LJ-14
    2.84198e+01    2.03677e+02   -1.52832e+00    2.06241e-03    3.10208e+02
     Coulomb-14        LJ (SR)   Coulomb (SR)      Potential Pressure (bar)
    4.82608e+02   -2.65719e+02   -1.30427e+03   -5.46606e+02    0.00000e+00

           Step           Time
           1698     1698.00000

   Energies (kJ/mol)
           Bond          Angle Ryckaert-Bell.  Improper Dih.          LJ-14
    2.78740e+01    2.04137e+02   -1.52844e+00    2.06356e-03    3.10273e+02
     Coulomb-14        LJ (SR)   Coulomb (SR)      Potential Pressure (bar)
    4.82638e+02   -2.65703e+02   -1.30432e+03   -5.46626e+02    0.00000e+00

           Step           Time
           1699     1699.00000

   Energies (kJ/mol)
           Bond          Angle Ryckaert-Bell.  Improper Dih.          LJ-14
    2.85513e+01    2.03561e+02   -1.52861e+00    2.06355e-03    3.10173e+02
     Coulomb-14        LJ (SR)   Coulomb (SR)      Potential Pressure (bar)
    4.82602e+02   -2.65731e+02   -1.30426e+03   -5.46628e+02    0.00000e+00

DD  step 1699 load imb.: force 50.3%

           Step           Time
           1700     1700.00000

   Energies (kJ/mol)
           Bond          Angle Ryckaert-Bell.  Improper Dih.          LJ-14
    2.77637e+01    2.04229e+02   -1.52870e+00    2.06415e-03    3.10272e+02
     Coulomb-14        LJ (SR)   Coulomb (SR)      Potential Pressure (bar)
    4.82645e+02   -2.65706e+02   -1.30432e+03   -5.46648e+02    0.00000e+00

           Step           Time
           1701     1701.00000

           Step           Time
           1702     1702.00000

   Energies (kJ/mol)
           Bond          Angle Ryckaert-Bell.  Improper Dih.          LJ-14
    2.82099e+01    2.03804e+02   -1.52873e+00    2.06279e-03    3.10202e+02
     Coulomb-14        LJ (SR)   Coulomb (SR)      Potential Pressure (bar)
    4.82619e+02   -2.65725e+02   -1.30428e+03   -5.46698e+02    0.00000e+00

           Step           Time
           1703     1703.00000

   Energies (kJ/mol)
           Bond          Angle Ryckaert-Bell.  Improper Dih.          LJ-14
    2.77143e+01    2.04250e+02   -1.52922e+00    2.05912e-03    3.10244e+02
     Coulomb-14        LJ (SR)   Coulomb (SR)      Potential Pressure (bar)
    4.82651e+02   -2.65718e+02   -1.30432e+03   -5.46707e+02    0.00000e+00

           Step           Time
           1704     1704.00000

   Energies (kJ/mol)
           Bond          Angle Ryckaert-Bell.  Improper Dih.          LJ-14
    2.83716e+01    2.03639e+02   -1.52925e+00    2.05689e-03    3.10144e+02
     Coulomb-14        LJ (SR)   Coulomb (SR)      Potential Pressure (bar)
    4.82614e+02   -2.65745e+02   -1.30426e+03   -5.46762e+02    0.00000e+00

           Step           Time
           1705     1705.00000

           Step           Time
           1706     1706.00000

   Energies (kJ/mol)
           Bond          Angle Ryckaert-Bell.  Improper Dih.          LJ-14
    2.79504e+01    2.03985e+02   -1.52933e+00    2.05790e-03    3.10195e+02
     Coulomb-14        LJ (SR)   Coulomb (SR)      Potential Pressure (bar)
    4.82638e+02   -2.65733e+02   -1.30429e+03   -5.46785e+02    0.00000e+00

           Step           Time
           1707     1707.00000

   Energies (kJ/mol)
           Bond          Angle Ryckaert-Bell.  Improper Dih.          LJ-14
    2.84628e+01    2.03545e+02   -1.52952e+00    2.05756e-03    3.10115e+02
     Coulomb-14        LJ (SR)   Coulomb (SR)      Potential Pressure (bar)
    4.82612e+02   -2.65755e+02   -1.30425e+03   -5.46793e+02    0.00000e+00

           Step           Time
           1708     1708.00000

   Energies (kJ/mol)
           Bond          Angle Ryckaert-Bell.  Improper Dih.          LJ-14
    2.78477e+01    2.04061e+02   -1.52960e+00    2.05901e-03    3.10191e+02
     Coulomb-14        LJ (SR)   Coulomb (SR)      Potential Pressure (bar)
    4.82645e+02   -2.65736e+02   -1.30430e+03   -5.46816e+02    0.00000e+00

           Step           Time
           1709     1709.00000

           Step           Time
           1710     1710.00000

   Energies (kJ/mol)
           Bond          Angle Ryckaert-Bell.  Improper Dih.          LJ-14
    2.81959e+01    2.03738e+02   -1.52961e+00    2.05764e-03    3.10136e+02
     Coulomb-14        LJ (SR)   Coulomb (SR)      Potential Pressure (bar)
    4.82626e+02   -2.65752e+02   -1.30426e+03   -5.46848e+02    0.00000e+00

           Step           Time
           1711     1711.00000

   Energies (kJ/mol)
           Bond          Angle Ryckaert-Bell.  Improper Dih.          LJ-14
    2.78187e+01    2.04061e+02   -1.53003e+00    2.04496e-03    3.10166e+02
     Coulomb-14        LJ (SR)   Coulomb (SR)      Potential Pressure (bar)
    4.82649e+02   -2.65746e+02   -1.30429e+03   -5.46872e+02    0.00000e+00

           Step           Time
           1712     1712.00000

   Energies (kJ/mol)
           Bond          Angle Ryckaert-Bell.  Improper Dih.          LJ-14
    2.83088e+01    2.03614e+02   -1.53007e+00    2.04512e-03    3.10090e+02
     Coulomb-14        LJ (SR)   Coulomb (SR)      Potential Pressure (bar)
    4.82622e+02   -2.65767e+02   -1.30425e+03   -5.46906e+02    0.00000e+00

           Step           Time
           1713     1713.00000

           Step           Time
           1714     1714.00000

   Energies (kJ/mol)
           Bond          Angle Ryckaert-Bell.  Improper Dih.          LJ-14
    2.80083e+01    2.03859e+02   -1.53017e+00    2.04630e-03    3.10125e+02
     Coulomb-14        LJ (SR)   Coulomb (SR)      Potential Pressure (bar)
    4.82639e+02   -2.65759e+02   -1.30427e+03   -5.46927e+02    0.00000e+00

           Step           Time
           1715     1715.00000

   Energies (kJ/mol)
           Bond          Angle Ryckaert-Bell.  Improper Dih.          LJ-14
    2.83668e+01    2.03545e+02   -1.53033e+00    2.04430e-03    3.10064e+02
     Coulomb-14        LJ (SR)   Coulomb (SR)      Potential Pressure (bar)
    4.82620e+02   -2.65777e+02   -1.30424e+03   -5.46944e+02    0.00000e+00

           Step           Time
           1716     1716.00000

   Energies (kJ/mol)
           Bond          Angle Ryckaert-Bell.  Improper Dih.          LJ-14
    2.79266e+01    2.03909e+02   -1.53040e+00    2.04527e-03    3.10116e+02
     Coulomb-14        LJ (SR)   Coulomb (SR)      Potential Pressure (bar)
    4.82645e+02   -2.65764e+02   -1.30427e+03   -5.46967e+02    0.00000e+00

           Step           Time
           1717     1717.00000

   Energies (kJ/mol)
           Bond          Angle Ryckaert-Bell.  Improper Dih.          LJ-14
    2.84635e+01    2.03452e+02   -1.53058e+00    2.04353e-03    3.10033e+02
     Coulomb-14        LJ (SR)   Coulomb (SR)      Potential Pressure (bar)
    4.82618e+02   -2.65788e+02   -1.30422e+03   -5.46974e+02    0.00000e+00

           Step           Time
           1718     1718.00000

   Energies (kJ/mol)
           Bond          Angle Ryckaert-Bell.  Improper Dih.          LJ-14
    2.78256e+01    2.03988e+02   -1.53069e+00    2.04435e-03    3.10111e+02
     Coulomb-14        LJ (SR)   Coulomb (SR)      Potential Pressure (bar)
    4.82653e+02   -2.65769e+02   -1.30428e+03   -5.46997e+02    0.00000e+00

           Step           Time
           1719     1719.00000

           Step           Time
           1720     1720.00000

   Energies (kJ/mol)
           Bond          Angle Ryckaert-Bell.  Improper Dih.          LJ-14
    2.81864e+01    2.03651e+02   -1.53071e+00    2.04298e-03    3.10055e+02
     Coulomb-14        LJ (SR)   Coulomb (SR)      Potential Pressure (bar)
    4.82632e+02   -2.65784e+02   -1.30424e+03   -5.47031e+02    0.00000e+00

           Step           Time
           1721     1721.00000

   Energies (kJ/mol)
           Bond          Angle Ryckaert-Bell.  Improper Dih.          LJ-14
    2.77535e+01    2.04029e+02   -1.53118e+00    2.03143e-03    3.10089e+02
     Coulomb-14        LJ (SR)   Coulomb (SR)      Potential Pressure (bar)
    4.82659e+02   -2.65778e+02   -1.30427e+03   -5.47052e+02    0.00000e+00

           Step           Time
           1722     1722.00000

   Energies (kJ/mol)
           Bond          Angle Ryckaert-Bell.  Improper Dih.          LJ-14
    2.82885e+01    2.03533e+02   -1.53119e+00    2.03069e-03    3.10009e+02
     Coulomb-14        LJ (SR)   Coulomb (SR)      Potential Pressure (bar)
    4.82629e+02   -2.65800e+02   -1.30422e+03   -5.47095e+02    0.00000e+00

           Step           Time
           1723     1723.00000

           Step           Time
           1724     1724.00000

   Energies (kJ/mol)
           Bond          Angle Ryckaert-Bell.  Improper Dih.          LJ-14
    2.79623e+01    2.03801e+02   -1.53127e+00    2.03140e-03    3.10047e+02
     Coulomb-14        LJ (SR)   Coulomb (SR)      Potential Pressure (bar)
    4.82647e+02   -2.65791e+02   -1.30425e+03   -5.47115e+02    0.00000e+00

           Step           Time
           1725     1725.00000

   Energies (kJ/mol)
           Bond          Angle Ryckaert-Bell.  Improper Dih.          LJ-14
    2.83546e+01    2.03459e+02   -1.53145e+00    2.02958e-03    3.09983e+02
     Coulomb-14        LJ (SR)   Coulomb (SR)      Potential Pressure (bar)
    4.82627e+02   -2.65810e+02   -1.30421e+03   -5.47130e+02    0.00000e+00

           Step           Time
           1726     1726.00000

   Energies (kJ/mol)
           Bond          Angle Ryckaert-Bell.  Improper Dih.          LJ-14
    2.78800e+01    2.03857e+02   -1.53155e+00    2.03095e-03    3.10040e+02
     Coulomb-14        LJ (SR)   Coulomb (SR)      Potential Pressure (bar)
    4.82654e+02   -2.65796e+02   -1.30425e+03   -5.47149e+02    0.00000e+00

           Step           Time
           1727     1727.00000

   Energies (kJ/mol)
           Bond          Angle Ryckaert-Bell.  Improper Dih.          LJ-14
    2.84621e+01    2.03355e+02   -1.53168e+00    2.03159e-03    3.09953e+02
     Coulomb-14        LJ (SR)   Coulomb (SR)      Potential Pressure (bar)
    4.82624e+02   -2.65820e+02   -1.30420e+03   -5.47157e+02    0.00000e+00

           Step           Time
           1728     1728.00000

   Energies (kJ/mol)
           Bond          Angle Ryckaert-Bell.  Improper Dih.          LJ-14
    2.77730e+01    2.03943e+02   -1.53177e+00    2.03231e-03    3.10040e+02
     Coulomb-14        LJ (SR)   Coulomb (SR)      Potential Pressure (bar)
    4.82661e+02   -2.65799e+02   -1.30426e+03   -5.47172e+02    0.00000e+00

           Step           Time
           1729     1729.00000

           Step           Time
           1730     1730.00000

   Energies (kJ/mol)
           Bond          Angle Ryckaert-Bell.  Improper Dih.          LJ-14
    2.81649e+01    2.03570e+02   -1.53180e+00    2.03097e-03    3.09977e+02
     Coulomb-14        LJ (SR)   Coulomb (SR)      Potential Pressure (bar)
    4.82639e+02   -2.65816e+02   -1.30422e+03   -5.47217e+02    0.00000e+00

           Step           Time
           1731     1731.00000

   Energies (kJ/mol)
           Bond          Angle Ryckaert-Bell.  Improper Dih.          LJ-14
    2.77258e+01    2.03949e+02   -1.53233e+00    2.02296e-03    3.10011e+02
     Coulomb-14        LJ (SR)   Coulomb (SR)      Potential Pressure (bar)
    4.82665e+02   -2.65812e+02   -1.30425e+03   -5.47245e+02    0.00000e+00

           Step           Time
           1732     1732.00000

   Energies (kJ/mol)
           Bond          Angle Ryckaert-Bell.  Improper Dih.          LJ-14
    2.82895e+01    2.03426e+02   -1.53234e+00    2.02219e-03    3.09924e+02
     Coulomb-14        LJ (SR)   Coulomb (SR)      Potential Pressure (bar)
    4.82634e+02   -2.65836e+02   -1.30420e+03   -5.47295e+02    0.00000e+00

           Step           Time
           1733     1733.00000

           Step           Time
           1734     1734.00000

   Energies (kJ/mol)
           Bond          Angle Ryckaert-Bell.  Improper Dih.          LJ-14
    2.79339e+01    2.03721e+02   -1.53241e+00    2.02254e-03    3.09964e+02
     Coulomb-14        LJ (SR)   Coulomb (SR)      Potential Pressure (bar)
    4.82654e+02   -2.65826e+02   -1.30423e+03   -5.47314e+02    0.00000e+00

           Step           Time
           1735     1735.00000

   Energies (kJ/mol)
           Bond          Angle Ryckaert-Bell.  Improper Dih.          LJ-14
    2.83578e+01    2.03352e+02   -1.53258e+00    2.02178e-03    3.09897e+02
     Coulomb-14        LJ (SR)   Coulomb (SR)      Potential Pressure (bar)
    4.82633e+02   -2.65845e+02   -1.30419e+03   -5.47328e+02    0.00000e+00

           Step           Time
           1736     1736.00000

   Energies (kJ/mol)
           Bond          Angle Ryckaert-Bell.  Improper Dih.          LJ-14
    2.78477e+01    2.03780e+02   -1.53265e+00    2.02313e-03    3.09960e+02
     Coulomb-14        LJ (SR)   Coulomb (SR)      Potential Pressure (bar)
    4.82661e+02   -2.65831e+02   -1.30423e+03   -5.47346e+02    0.00000e+00

           Step           Time
           1737     1737.00000

   Energies (kJ/mol)
           Bond          Angle Ryckaert-Bell.  Improper Dih.          LJ-14
    2.84636e+01    2.03251e+02   -1.53279e+00    2.02351e-03    3.09868e+02
     Coulomb-14        LJ (SR)   Coulomb (SR)      Potential Pressure (bar)
    4.82628e+02   -2.65856e+02   -1.30418e+03   -5.47354e+02    0.00000e+00

           Step           Time
           1738     1738.00000

   Energies (kJ/mol)
           Bond          Angle Ryckaert-Bell.  Improper Dih.          LJ-14
    2.77315e+01    2.03879e+02   -1.53287e+00    2.02513e-03    3.09961e+02
     Coulomb-14        LJ (SR)   Coulomb (SR)      Potential Pressure (bar)
    4.82670e+02   -2.65832e+02   -1.30424e+03   -5.47363e+02    0.00000e+00

           Step           Time
           1739     1739.00000

           Step           Time
           1740     1740.00000

   Energies (kJ/mol)
           Bond          Angle Ryckaert-Bell.  Improper Dih.          LJ-14
    2.81438e+01    2.03481e+02   -1.53293e+00    2.02370e-03    3.09894e+02
     Coulomb-14        LJ (SR)   Coulomb (SR)      Potential Pressure (bar)
    4.82646e+02   -2.65850e+02   -1.30420e+03   -5.47417e+02    0.00000e+00

           Step           Time
           1741     1741.00000

   Energies (kJ/mol)
           Bond          Angle Ryckaert-Bell.  Improper Dih.          LJ-14
    2.76928e+01    2.03863e+02   -1.53352e+00    2.01141e-03    3.09926e+02
     Coulomb-14        LJ (SR)   Coulomb (SR)      Potential Pressure (bar)
    4.82675e+02   -2.65848e+02   -1.30423e+03   -5.47455e+02    0.00000e+00

           Step           Time
           1742     1742.00000

   Energies (kJ/mol)
           Bond          Angle Ryckaert-Bell.  Improper Dih.          LJ-14
    2.82918e+01    2.03307e+02   -1.53357e+00    2.00938e-03    3.09831e+02
     Coulomb-14        LJ (SR)   Coulomb (SR)      Potential Pressure (bar)
    4.82640e+02   -2.65873e+02   -1.30418e+03   -5.47510e+02    0.00000e+00

           Step           Time
           1743     1743.00000

           Step           Time
           1744     1744.00000

   Energies (kJ/mol)
           Bond          Angle Ryckaert-Bell.  Improper Dih.          LJ-14
    2.79177e+01    2.03617e+02   -1.53367e+00    2.00840e-03    3.09874e+02
     Coulomb-14        LJ (SR)   Coulomb (SR)      Potential Pressure (bar)
    4.82661e+02   -2.65863e+02   -1.30421e+03   -5.47530e+02    0.00000e+00

           Step           Time
           1745     1745.00000

   Energies (kJ/mol)
           Bond          Angle Ryckaert-Bell.  Improper Dih.          LJ-14
    2.83686e+01    2.03229e+02   -1.53381e+00    2.00747e-03    3.09802e+02
     Coulomb-14        LJ (SR)   Coulomb (SR)      Potential Pressure (bar)
    4.82637e+02   -2.65883e+02   -1.30416e+03   -5.47542e+02    0.00000e+00

           Step           Time
           1746     1746.00000

   Energies (kJ/mol)
           Bond          Angle Ryckaert-Bell.  Improper Dih.          LJ-14
    2.78212e+01    2.03690e+02   -1.53393e+00    2.00905e-03    3.09870e+02
     Coulomb-14        LJ (SR)   Coulomb (SR)      Potential Pressure (bar)
    4.82669e+02   -2.65867e+02   -1.30421e+03   -5.47559e+02    0.00000e+00

           Step           Time
           1747     1747.00000

   Energies (kJ/mol)
           Bond          Angle Ryckaert-Bell.  Improper Dih.          LJ-14
    2.84807e+01    2.03127e+02   -1.53408e+00    2.00909e-03    3.09771e+02
     Coulomb-14        LJ (SR)   Coulomb (SR)      Potential Pressure (bar)
    4.82634e+02   -2.65893e+02   -1.30415e+03   -5.47565e+02    0.00000e+00

           Step           Time
           1748     1748.00000

   Energies (kJ/mol)
           Bond          Angle Ryckaert-Bell.  Improper Dih.          LJ-14
    2.77066e+01    2.03789e+02   -1.53416e+00    2.01033e-03    3.09872e+02
     Coulomb-14        LJ (SR)   Coulomb (SR)      Potential Pressure (bar)
    4.82678e+02   -2.65869e+02   -1.30422e+03   -5.47573e+02    0.00000e+00

           Step           Time
           1749     1749.00000

           Step           Time
           1750     1750.00000

   Energies (kJ/mol)
           Bond          Angle Ryckaert-Bell.  Improper Dih.          LJ-14
    2.81278e+01    2.03379e+02   -1.53419e+00    2.00873e-03    3.09803e+02
     Coulomb-14        LJ (SR)   Coulomb (SR)      Potential Pressure (bar)
    4.82654e+02   -2.65887e+02   -1.30418e+03   -5.47632e+02    0.00000e+00


Steepest Descents converged to Fmax < 10 in 1751 steps
Potential Energy  = -5.4763190e+02
Maximum force     =  9.5454445e+00 on atom 393
Norm of force     =  4.3838066e+00

    D O M A I N   D E C O M P O S I T I O N   S T A T I S T I C S

 av. #atoms communicated per step for force:  2 x 1003.7

Finished mdrun on rank 0 Fri Feb 25 09:42:23 2022
